Archive member included because of file (symbol)

/home/owen/workspace-redsuite/StdPeriphLib_v100_STM32F4xx/Debug/libStdPeriphLib_v100_STM32F4xx.a(misc.o)
                              ./src/CS4344.o (NVIC_Init)
/home/owen/workspace-redsuite/StdPeriphLib_v100_STM32F4xx/Debug/libStdPeriphLib_v100_STM32F4xx.a(stm32f4xx_adc.o)
                              ./src/pp6.o (ADC_Init)
/home/owen/workspace-redsuite/StdPeriphLib_v100_STM32F4xx/Debug/libStdPeriphLib_v100_STM32F4xx.a(stm32f4xx_gpio.o)
                              ./src/CS4344.o (GPIO_Init)
/home/owen/workspace-redsuite/StdPeriphLib_v100_STM32F4xx/Debug/libStdPeriphLib_v100_STM32F4xx.a(stm32f4xx_rcc.o)
                              ./src/CS4344.o (RCC_AHB1PeriphClockCmd)
/home/owen/workspace-redsuite/StdPeriphLib_v100_STM32F4xx/Debug/libStdPeriphLib_v100_STM32F4xx.a(stm32f4xx_rng.o)
                              ./src/main.o (RNG_Cmd)
/home/owen/workspace-redsuite/StdPeriphLib_v100_STM32F4xx/Debug/libStdPeriphLib_v100_STM32F4xx.a(stm32f4xx_spi.o)
                              ./src/CS4344.o (SPI_I2S_DeInit)
/home/owen/workspace-redsuite/StdPeriphLib_v100_STM32F4xx/Debug/libStdPeriphLib_v100_STM32F4xx.a(stm32f4xx_tim.o)
                              ./src/timer.o (TIM_TimeBaseInit)
/home/owen/workspace-redsuite/StdPeriphLib_v100_STM32F4xx/Debug/libStdPeriphLib_v100_STM32F4xx.a(stm32f4xx_usart.o)
                              ./src/uart.o (USART_Init)
/home/owen/workspace-redsuite/StdPeriphLib_v100_STM32F4xx/Debug/libStdPeriphLib_v100_STM32F4xx.a(stm32f4xx_wwdg.o)
                              ./src/cr_startup_stm32f4xx.o (WWDG_SetPrescaler)
/home/owen/workspace-redsuite/CMSISv2p10_DSPLIB_CM4/lib/libCMSISv2p10_DSPLIB_CM4.a(arm_float_to_q15.o)
                              ./src/main.o (arm_float_to_q15)
/home/owen/workspace-redsuite/CMSISv2p10_DSPLIB_CM4/lib/libCMSISv2p10_DSPLIB_CM4.a(arm_sin_f32.o)
                              ./src/mode_nazareth.o (arm_sin_f32)
/usr/local/redsuite_4.3.0_1025/redsuite/tools/bin/../lib/gcc/arm-none-eabi/4.5.1/../../../../arm-none-eabi/lib/thumb2/libcr_c.a(__weak__main.o)
                              ./src/cr_startup_stm32f4xx.o (__main)
/usr/local/redsuite_4.3.0_1025/redsuite/tools/bin/../lib/gcc/arm-none-eabi/4.5.1/../../../../arm-none-eabi/lib/thumb2/libcr_c.a(floorf.o)
                              ./src/delay.o (floorf)
/usr/local/redsuite_4.3.0_1025/redsuite/tools/bin/../lib/gcc/arm-none-eabi/4.5.1/../../../../arm-none-eabi/lib/thumb2/libcr_c.a(sinf.o)
                              ./src/eq.o (sinf)
/usr/local/redsuite_4.3.0_1025/redsuite/tools/bin/../lib/gcc/arm-none-eabi/4.5.1/../../../../arm-none-eabi/lib/thumb2/libcr_c.a(memset.o)
                              ./src/eq.o (memset)
/usr/local/redsuite_4.3.0_1025/redsuite/tools/bin/../lib/gcc/arm-none-eabi/4.5.1/../../../../arm-none-eabi/lib/thumb2/libcr_c.a(_sincosf.o)
                              /usr/local/redsuite_4.3.0_1025/redsuite/tools/bin/../lib/gcc/arm-none-eabi/4.5.1/../../../../arm-none-eabi/lib/thumb2/libcr_c.a(sinf.o) (_sincosf)
/usr/local/redsuite_4.3.0_1025/redsuite/tools/bin/../lib/gcc/arm-none-eabi/4.5.1/../../../../arm-none-eabi/lib/thumb2/libcr_c.a(fabsf.o)
                              /usr/local/redsuite_4.3.0_1025/redsuite/tools/bin/../lib/gcc/arm-none-eabi/4.5.1/../../../../arm-none-eabi/lib/thumb2/libcr_c.a(_sincosf.o) (fabsf)
/usr/local/redsuite_4.3.0_1025/redsuite/tools/bin/../lib/gcc/arm-none-eabi/4.5.1/../../../../arm-none-eabi/lib/thumb2/libcr_c.a(errno.o)
                              /usr/local/redsuite_4.3.0_1025/redsuite/tools/bin/../lib/gcc/arm-none-eabi/4.5.1/../../../../arm-none-eabi/lib/thumb2/libcr_c.a(_sincosf.o) (errno)
/usr/local/redsuite_4.3.0_1025/redsuite/tools/bin/../lib/gcc/arm-none-eabi/4.5.1/thumb2/libcr_eabihelpers.a(double.o)
                              /usr/local/redsuite_4.3.0_1025/redsuite/tools/bin/../lib/gcc/arm-none-eabi/4.5.1/../../../../arm-none-eabi/lib/thumb2/libcr_c.a(_sincosf.o) (__aeabi_dmul)
/usr/local/redsuite_4.3.0_1025/redsuite/tools/bin/../lib/gcc/arm-none-eabi/4.5.1/thumb2/libcr_eabihelpers.a(float.o)
                              /usr/local/redsuite_4.3.0_1025/redsuite/tools/bin/../lib/gcc/arm-none-eabi/4.5.1/../../../../arm-none-eabi/lib/thumb2/libcr_c.a(_sincosf.o) (__aeabi_fmul)
/usr/local/redsuite_4.3.0_1025/redsuite/tools/bin/../lib/gcc/arm-none-eabi/4.5.1/thumb2/libcr_eabihelpers.a(memcpy.o)
                              /usr/local/redsuite_4.3.0_1025/redsuite/tools/bin/../lib/gcc/arm-none-eabi/4.5.1/../../../../arm-none-eabi/lib/thumb2/libcr_c.a(memset.o) (__aeabi_lowlevel_memset)

Allocating common symbols
Common symbol       size              file

saw4                0xc               ./src/mode_mono_glider.o
cents               0x4               ./src/mode_mono_glider.o
saw1                0xc               ./src/mode_mono_glider.o
f                   0x4               ./src/mode_mono_glider.o
recvArg0_           0x4               ./src/main.o
[...]
Memory Configuration

Name             Origin             Length             Attributes
MFlash512        0x08000000         0x00080000         xr
Ram112           0x20000000         0x0001c000         xrw
PeriphRam16      0x2001c000         0x00004000         xrw
Ram64            0x10000000         0x00010000         xrw
MFlash1024       0x08000000         0x00100000         xr
Ram128           0x20000000         0x00020000         xrw
*default*        0x00000000         0xffffffff

Linker script and memory map

LOAD ./src/CS4344.o
LOAD ./src/audio.o
LOAD ./src/comb.o
LOAD ./src/cr_startup_stm32f4xx.o
LOAD ./src/delay.o
LOAD ./src/eq.o
LOAD ./src/line.o
LOAD ./src/main.o
LOAD ./src/midi.o
LOAD ./src/mode_analog_style.o
LOAD ./src/mode_bass_delay.o
LOAD ./src/mode_drum.o
LOAD ./src/mode_drum_synth.o
LOAD ./src/mode_filter_envelope.o
LOAD ./src/mode_filter_man.o
LOAD ./src/mode_fm_ramp.o
LOAD ./src/mode_mono_glider.o
LOAD ./src/mode_nazareth.o
LOAD ./src/mode_octave_mirror.o
LOAD ./src/mode_plurden.o
LOAD ./src/mode_simple_fm.o
LOAD ./src/mode_simple_sin.o
LOAD ./src/mode_wave_adder.o
LOAD ./src/oscillator.o
LOAD ./src/pp6.o
LOAD ./src/sad.o
LOAD ./src/sadsr.o
LOAD ./src/sequencer.o
LOAD ./src/system_stm32f4xx.o
LOAD ./src/timer.o
LOAD ./src/uart.o
LOAD ./src/vcf.o
LOAD /home/owen/workspace-redsuite/StdPeriphLib_v100_STM32F4xx/Debug/libStdPeriphLib_v100_STM32F4xx.a
LOAD /home/owen/workspace-redsuite/CMSISv2p10_STM32F4xx/Debug/libCMSISv2p10_STM32F4xx.a
LOAD /home/owen/workspace-redsuite/CMSISv2p10_DSPLIB_CM4/lib/libCMSISv2p10_DSPLIB_CM4.a
START GROUP
LOAD /usr/local/redsuite_4.3.0_1025/redsuite/tools/bin/../lib/gcc/arm-none-eabi/4.5.1/../../../../arm-none-eabi/lib/thumb2/libcr_c.a
LOAD /usr/local/redsuite_4.3.0_1025/redsuite/tools/bin/../lib/gcc/arm-none-eabi/4.5.1/thumb2/libcr_eabihelpers.a
END GROUP
                0x08080000                __top_MFlash512 = 0x8080000
                0x2001c000                __top_Ram112 = 0x2001c000
                0x20020000                __top_PeriphRam16 = 0x20020000
                0x10010000                __top_Ram64 = 0x10010000
                0x08100000                __top_MFlash1024 = 0x8100000
                0x20020000                __top_Ram128 = 0x20020000

.text_Flash2    0x08000000        0x0
 FILL mask 0xff
 *(.text_Flash2*)
 *(.text_MFlash1024*)

.text           0x08000000     0x91dc
 FILL mask 0xff
 *(.isr_vector)
 .isr_vector    0x08000000      0x188 ./src/cr_startup_stm32f4xx.o
                0x08000000                g_pfnVectors
                0x08000188                . = ALIGN (0x4)
                0x08000188                __section_table_start = .
                0x08000188                __data_section_table = .
                0x08000188        0x4 LONG 0x80091dc LOADADDR (.data)
                0x0800018c        0x4 LONG 0x20000000 ADDR (.data)
                0x08000190        0x4 LONG 0x204 SIZEOF (.data)
                0x08000194        0x4 LONG 0x80091dc LOADADDR (.data_RAM2)
                0x08000198        0x4 LONG 0x2001c000 ADDR (.data_RAM2)
                0x0800019c        0x4 LONG 0x0 SIZEOF (.data_RAM2)
                0x080001a0        0x4 LONG 0x80091dc LOADADDR (.data_RAM3)
                0x080001a4        0x4 LONG 0x10000000 ADDR (.data_RAM3)
                0x080001a8        0x4 LONG 0x0 SIZEOF (.data_RAM3)
                0x080001ac        0x4 LONG 0x80091dc LOADADDR (.data_RAM4)
                0x080001b0        0x4 LONG 0x20000000 ADDR (.data_RAM4)
                0x080001b4        0x4 LONG 0x0 SIZEOF (.data_RAM4)
                0x080001b8                __data_section_table_end = .
                0x080001b8                __bss_section_table = .
                0x080001b8        0x4 LONG 0x20000204 ADDR (.bss)
                0x080001bc        0x4 LONG 0x170a4 SIZEOF (.bss)
                0x080001c0        0x4 LONG 0x2001c000 ADDR (.bss_RAM2)
                0x080001c4        0x4 LONG 0x0 SIZEOF (.bss_RAM2)
                0x080001c8        0x4 LONG 0x10000000 ADDR (.bss_RAM3)
                0x080001cc        0x4 LONG 0x0 SIZEOF (.bss_RAM3)
                0x080001d0        0x4 LONG 0x20000000 ADDR (.bss_RAM4)
                0x080001d4        0x4 LONG 0x0 SIZEOF (.bss_RAM4)
                0x080001d8                __bss_section_table_end = .
                0x080001d8                __section_table_end = .
 *(.after_vectors*)
 .after_vectors
                0x080001d8      0x17c ./src/cr_startup_stm32f4xx.o
                0x080001d8                data_init
                0x08000228                bss_init
                0x08000268                ResetISR
                0x080002fc                NMI_Handler
                0x08000304                HardFault_Handler
                0x08000310                MemManage_Handler
                0x08000318                BusFault_Handler
                0x08000320                UsageFault_Handler
                0x08000328                SVC_Handler
                0x08000330                DebugMon_Handler
                0x08000338                PendSV_Handler
                0x08000340                SysTick_Handler
                0x08000348                RTC_Alarm_IRQHandler
                0x08000348                HASH_RNG_IRQHandler
                0x08000348                EXTI2_IRQHandler
                0x08000348                TIM8_CC_IRQHandler
                0x08000348                TIM1_CC_IRQHandler
                0x08000348                DMA2_Stream5_IRQHandler
                0x08000348                DMA1_Stream5_IRQHandler
                0x08000348                PVD_IRQHandler
                0x08000348                SDIO_IRQHandler
                0x08000348                TAMP_STAMP_IRQHandler
                0x08000348                CAN2_RX1_IRQHandler
                0x08000348                EXTI3_IRQHandler
                0x08000348                TIM8_TRG_COM_TIM14_IRQHandler
                0x08000348                TIM1_UP_TIM10_IRQHandler
                0x08000348                TIM8_UP_TIM13_IRQHandler
                0x08000348                I2C3_ER_IRQHandler
                0x08000348                EXTI0_IRQHandler
                0x08000348                I2C2_EV_IRQHandler
                0x08000348                DMA1_Stream2_IRQHandler
                0x08000348                CAN1_RX0_IRQHandler
                0x08000348                FPU_IRQHandler
                0x08000348                OTG_HS_WKUP_IRQHandler
                0x08000348                CAN2_SCE_IRQHandler
                0x08000348                DMA2_Stream2_IRQHandler
                0x08000348                SPI1_IRQHandler
                0x08000348                IntDefaultHandler
                0x08000348                TIM6_DAC_IRQHandler
                0x08000348                TIM1_BRK_TIM9_IRQHandler
                0x08000348                DCMI_IRQHandler
                0x08000348                CAN2_RX0_IRQHandler
                0x08000348                DMA2_Stream3_IRQHandler
                0x08000348                USART6_IRQHandler
                0x08000348                USART3_IRQHandler
                0x08000348                CRYP_IRQHandler
                0x08000348                CAN1_RX1_IRQHandler
                0x08000348                UART5_IRQHandler
                0x08000348                DMA2_Stream0_IRQHandler
                0x08000348                TIM4_IRQHandler
                0x08000348                I2C1_EV_IRQHandler
                0x08000348                DMA1_Stream6_IRQHandler
                0x08000348                DMA1_Stream1_IRQHandler
                0x08000348                UART4_IRQHandler
                0x08000348                TIM3_IRQHandler
                0x08000348                RCC_IRQHandler
                0x08000348                TIM8_BRK_TIM12_IRQHandler
                0x08000348                EXTI15_10_IRQHandler
                0x08000348                ADC_IRQHandler
                0x08000348                DMA1_Stream7_IRQHandler
                0x08000348                TIM7_IRQHandler
                0x08000348                CAN2_TX_IRQHandler
                0x08000348                TIM5_IRQHandler
                0x08000348                DMA2_Stream7_IRQHandler
                0x08000348                I2C3_EV_IRQHandler
                0x08000348                EXTI9_5_IRQHandler
                0x08000348                RTC_WKUP_IRQHandler
                0x08000348                ETH_WKUP_IRQHandler
                0x08000348                SPI2_IRQHandler
                0x08000348                OTG_HS_EP1_IN_IRQHandler
                0x08000348                DMA1_Stream0_IRQHandler
                0x08000348                CAN1_TX_IRQHandler
                0x08000348                EXTI4_IRQHandler
                0x08000348                FSMC_IRQHandler
                0x08000348                ETH_IRQHandler
                0x08000348                OTG_HS_EP1_OUT_IRQHandler
                0x08000348                WWDG_IRQHandler
                0x08000348                TIM2_IRQHandler
                0x08000348                OTG_FS_WKUP_IRQHandler
                0x08000348                TIM1_TRG_COM_TIM11_IRQHandler
                0x08000348                OTG_HS_IRQHandler
                0x08000348                EXTI1_IRQHandler
                0x08000348                USART2_IRQHandler
                0x08000348                I2C2_ER_IRQHandler
                0x08000348                DMA2_Stream1_IRQHandler
                0x08000348                CAN1_SCE_IRQHandler
                0x08000348                FLASH_IRQHandler
                0x08000348                DMA2_Stream4_IRQHandler
                0x08000348                USART1_IRQHandler
                0x08000348                OTG_FS_IRQHandler
                0x08000348                DMA1_Stream4_IRQHandler
                0x08000348                I2C1_ER_IRQHandler
                0x08000348                DMA2_Stream6_IRQHandler
                0x08000348                DMA1_Stream3_IRQHandler
 *(.text*)
 .text.CS4344_init
                0x08000354      0x17c ./src/CS4344.o
                0x08000354                CS4344_init
 .text.SPI3_IRQHandler
                0x080004d0       0x94 ./src/CS4344.o
                0x080004d0                SPI3_IRQHandler
 .text.c_to_f   0x08000564       0xf0 ./src/audio.o
                0x08000564                c_to_f
 .text.c_to_f_ratio
                0x08000654       0xe4 ./src/audio.o
                0x08000654                c_to_f_ratio
 .text.comb_init
                0x08000738       0x40 ./src/comb.o
                0x08000738                comb_init
 .text.comb_set_fb
                0x08000778       0x20 ./src/comb.o
                0x08000778                comb_set_fb
 .text.comb_set_dtime
                0x08000798       0xe0 ./src/comb.o
                0x08000798                comb_set_dtime
 .text.comb_process
                0x08000878      0x108 ./src/comb.o
                0x08000878                comb_process
 .text.NVIC_SystemReset
                0x08000980       0x34 ./src/cr_startup_stm32f4xx.o
 .text.init_3band_state
                0x080009b4       0xb0 ./src/eq.o
                0x080009b4                init_3band_state
 .text.do_3band
                0x08000a64      0x21c ./src/eq.o
                0x08000a64                do_3band
 .text.line_set
                0x08000c80       0x1c ./src/line.o
                0x08000c80                line_set
 .text.line_go  0x08000c9c       0x74 ./src/line.o
                0x08000c9c                line_go
 .text.line_process
                0x08000d10       0x54 ./src/line.o
                0x08000d10                line_process
 .text.main     0x08000d64      0x6bc ./src/main.o
                0x08000d64                main
 .text.flash_led_record_enable
                0x08001420       0x40 ./src/main.o
 .text.Delay    0x08001460       0x2c ./src/main.o
 .text.recvByte
                0x0800148c      0x4d0 ./src/midi.o
                0x0800148c                recvByte
 .text.midi_init
                0x0800195c       0x84 ./src/midi.o
                0x0800195c                midi_init
 .text.handleNoteOff
                0x080019e0       0x20 ./src/midi.o
                0x080019e0                handleNoteOff
 .text.handleNoteOn
                0x08001a00       0x20 ./src/midi.o
                0x08001a00                handleNoteOn
 .text.handleSync
                0x08001a20        0xc ./src/midi.o
                0x08001a20                handleSync
 .text.handleStart
                0x08001a2c        0xc ./src/midi.o
                0x08001a2c                handleStart
 .text.handleStop
                0x08001a38        0xc ./src/midi.o
                0x08001a38                handleStop
 .text.handleVelocityChange
                0x08001a44       0x18 ./src/midi.o
                0x08001a44                handleVelocityChange
 .text.handleControlChange
                0x08001a5c       0x18 ./src/midi.o
                0x08001a5c                handleControlChange
 .text.handleProgramChange
                0x08001a74       0x14 ./src/midi.o
                0x08001a74                handleProgramChange
 .text.handleAfterTouch
                0x08001a88       0x14 ./src/midi.o
                0x08001a88                handleAfterTouch
 .text.handlePitchChange
                0x08001a9c       0x14 ./src/midi.o
                0x08001a9c                handlePitchChange
 .text.handleSongPosition
                0x08001ab0       0x14 ./src/midi.o
                0x08001ab0                handleSongPosition
 .text.handleSongSelect
                0x08001ac4       0x14 ./src/midi.o
                0x08001ac4                handleSongSelect
 .text.handleTuneRequest
                0x08001ad8        0xc ./src/midi.o
                0x08001ad8                handleTuneRequest
 .text.handleContinue
                0x08001ae4        0xc ./src/midi.o
                0x08001ae4                handleContinue
 .text.handleActiveSense
                0x08001af0        0xc ./src/midi.o
                0x08001af0                handleActiveSense
 .text.handleReset
                0x08001afc        0xc ./src/midi.o
                0x08001afc                handleReset
 .text.mode_analog_style_init
                0x08001b08       0x30 ./src/mode_analog_style.o
                0x08001b08                mode_analog_style_init
 .text.mode_analog_style_sample_process
                0x08001b38      0x1a8 ./src/mode_analog_style.o
                0x08001b38                mode_analog_style_sample_process
 .text.mode_analog_style_control_process
                0x08001ce0      0x100 ./src/mode_analog_style.o
                0x08001ce0                mode_analog_style_control_process
 .text.mode_bass_delay_init
                0x08001de0       0x44 ./src/mode_bass_delay.o
                0x08001de0                mode_bass_delay_init
 .text.mode_bass_delay_sample_process
                0x08001e24      0x1a8 ./src/mode_bass_delay.o
                0x08001e24                mode_bass_delay_sample_process
 .text.mode_bass_delay_control_process
                0x08001fcc      0x110 ./src/mode_bass_delay.o
                0x08001fcc                mode_bass_delay_control_process
 .text.mode_filter_envelope_init
                0x080020dc       0x64 ./src/mode_filter_envelope.o
                0x080020dc                mode_filter_envelope_init
 .text.mode_filter_envelope_sample_process
                0x08002140      0x1d8 ./src/mode_filter_envelope.o
                0x08002140                mode_filter_envelope_sample_process
 .text.mode_filter_envelope_control_process
                0x08002318      0x138 ./src/mode_filter_envelope.o
                0x08002318                mode_filter_envelope_control_process
 .text.mode_simple_fm_init
                0x08002450       0x30 ./src/mode_simple_fm.o
                0x08002450                mode_simple_fm_init
 .text.mode_simple_fm_sample_process
                0x08002480      0x198 ./src/mode_simple_fm.o
                0x08002480                mode_simple_fm_sample_process
 .text.mode_simple_fm_control_process
                0x08002618      0x12c ./src/mode_simple_fm.o
                0x08002618                mode_simple_fm_control_process
 .text.mode_simple_sin_init
                0x08002744       0x40 ./src/mode_simple_sin.o
                0x08002744                mode_simple_sin_init
 .text.mode_simple_sin_sample_process
                0x08002784      0x12c ./src/mode_simple_sin.o
                0x08002784                mode_simple_sin_sample_process
 .text.mode_simple_sin_control_process
                0x080028b0      0x158 ./src/mode_simple_sin.o
                0x080028b0                mode_simple_sin_control_process
 .text.mode_wave_adder_init
                0x08002a08       0x40 ./src/mode_wave_adder.o
                0x08002a08                mode_wave_adder_init
 .text.mode_wave_adder_sample_process
                0x08002a48      0x158 ./src/mode_wave_adder.o
                0x08002a48                mode_wave_adder_sample_process
 .text.mode_wave_adder_control_process
                0x08002ba0      0x158 ./src/mode_wave_adder.o
                0x08002ba0                mode_wave_adder_control_process
 .text.sin_set  0x08002cf8       0x5c ./src/oscillator.o
                0x08002cf8                sin_set
 .text.sin_process
                0x08002d54       0x74 ./src/oscillator.o
                0x08002d54                sin_process
 .text.FM_oscillator_process
                0x08002dc8      0x1a8 ./src/oscillator.o
                0x08002dc8                FM_oscillator_process
 .text.bl_step_table_read
                0x08002f70       0x7c ./src/oscillator.o
                0x08002f70                bl_step_table_read
 .text.bl_saw_set
                0x08002fec       0x38 ./src/oscillator.o
                0x08002fec                bl_saw_set
 .text.bl_saw_process
                0x08003024       0xfc ./src/oscillator.o
                0x08003024                bl_saw_process
 .text.bl_square_set
                0x08003120       0x38 ./src/oscillator.o
                0x08003120                bl_square_set
 .text.bl_square_init
                0x08003158       0x24 ./src/oscillator.o
                0x08003158                bl_square_init
 .text.pp6_init
                0x0800317c       0xf4 ./src/pp6.o
                0x0800317c                pp6_init
 .text.pp6_midi_clock_tick
                0x08003270       0x90 ./src/pp6.o
                0x08003270                pp6_midi_clock_tick
 .text.pp6_get_midi_clock_tick
                0x08003300       0x18 ./src/pp6.o
                0x08003300                pp6_get_midi_clock_tick
 .text.pp6_clear_midi_clock_tick
                0x08003318       0x1c ./src/pp6.o
                0x08003318                pp6_clear_midi_clock_tick
 .text.pp6_check_for_midi_clock
                0x08003334       0x4c ./src/pp6.o
                0x08003334                pp6_check_for_midi_clock
 .text.pp6_midi_clock_present
                0x08003380       0x18 ./src/pp6.o
                0x08003380                pp6_midi_clock_present
 .text.pp6_get_knob_1
                0x08003398       0x18 ./src/pp6.o
                0x08003398                pp6_get_knob_1
 .text.pp6_get_knob_2
                0x080033b0       0x18 ./src/pp6.o
                0x080033b0                pp6_get_knob_2
 .text.pp6_get_knob_3
                0x080033c8       0x18 ./src/pp6.o
                0x080033c8                pp6_get_knob_3
 .text.pp6_get_knob_array
                0x080033e0       0x14 ./src/pp6.o
                0x080033e0                pp6_get_knob_array
 .text.pp6_set_knob_array
                0x080033f4       0x44 ./src/pp6.o
                0x080033f4                pp6_set_knob_array
 .text.pp6_set_mode_button_pressed
                0x08003438       0x1c ./src/pp6.o
                0x08003438                pp6_set_mode_button_pressed
 .text.pp6_mode_button_pressed
                0x08003454       0x18 ./src/pp6.o
                0x08003454                pp6_mode_button_pressed
 .text.pp6_set_aux_button_pressed
                0x0800346c       0x1c ./src/pp6.o
                0x0800346c                pp6_set_aux_button_pressed
 .text.pp6_set_aux_button_released
                0x08003488       0x1c ./src/pp6.o
                0x08003488                pp6_set_aux_button_released
 .text.pp6_aux_button_pressed
                0x080034a4       0x18 ./src/pp6.o
                0x080034a4                pp6_aux_button_pressed
 .text.pp6_change_mode
                0x080034bc       0x54 ./src/pp6.o
                0x080034bc                pp6_change_mode
 .text.pp6_set_mode
                0x08003510       0x34 ./src/pp6.o
                0x08003510                pp6_set_mode
 .text.pp6_get_mode
                0x08003544       0x18 ./src/pp6.o
                0x08003544                pp6_get_mode
 .text.pp6_set_mode_led
                0x0800355c      0x200 ./src/pp6.o
                0x0800355c                pp6_set_mode_led
 .text.pp6_set_aux_led
                0x0800375c      0x244 ./src/pp6.o
                0x0800375c                pp6_set_aux_led
 .text.pp6_get_aux_led
                0x080039a0       0x18 ./src/pp6.o
                0x080039a0                pp6_get_aux_led
 .text.pp6_flash_mode_led
                0x080039b8       0x24 ./src/pp6.o
                0x080039b8                pp6_flash_mode_led
 .text.pp6_flash_aux_led
                0x080039dc       0x24 ./src/pp6.o
                0x080039dc                pp6_flash_aux_led
 .text.pp6_flash_update
                0x08003a00      0x120 ./src/pp6.o
                0x08003a00                pp6_flash_update
 .text.pp6_get_keys
                0x08003b20       0x18 ./src/pp6.o
                0x08003b20                pp6_get_keys
 .text.pp6_get_key_events
                0x08003b38      0x140 ./src/pp6.o
                0x08003b38                pp6_get_key_events
 .text.pp6_note_on_flag
                0x08003c78       0x18 ./src/pp6.o
                0x08003c78                pp6_note_on_flag
 .text.pp6_note_off_flag
                0x08003c90       0x18 ./src/pp6.o
                0x08003c90                pp6_note_off_flag
 .text.pp6_get_note_on
                0x08003ca8       0x18 ./src/pp6.o
                0x08003ca8                pp6_get_note_on
 .text.pp6_get_note_off
                0x08003cc0       0x18 ./src/pp6.o
                0x08003cc0                pp6_get_note_off
 .text.pp6_set_note_off
                0x08003cd8       0x30 ./src/pp6.o
                0x08003cd8                pp6_set_note_off
 .text.pp6_set_note_on
                0x08003d08       0x30 ./src/pp6.o
                0x08003d08                pp6_set_note_on
 .text.pp6_set_synth_note
                0x08003d38       0x20 ./src/pp6.o
                0x08003d38                pp6_set_synth_note
 .text.pp6_get_synth_note
                0x08003d58       0x18 ./src/pp6.o
                0x08003d58                pp6_get_synth_note
 .text.pp6_set_synth_note_start
                0x08003d70       0x34 ./src/pp6.o
                0x08003d70                pp6_set_synth_note_start
 .text.pp6_get_synth_note_start
                0x08003da4       0x18 ./src/pp6.o
                0x08003da4                pp6_get_synth_note_start
 .text.pp6_set_synth_note_stop
                0x08003dbc       0x28 ./src/pp6.o
                0x08003dbc                pp6_set_synth_note_stop
 .text.pp6_get_synth_note_stop
                0x08003de4       0x18 ./src/pp6.o
                0x08003de4                pp6_get_synth_note_stop
 .text.pp6_set_midi_start
                0x08003dfc       0x2c ./src/pp6.o
                0x08003dfc                pp6_set_midi_start
 .text.pp6_get_midi_start
                0x08003e28       0x18 ./src/pp6.o
                0x08003e28                pp6_get_midi_start
 .text.pp6_set_midi_stop
                0x08003e40       0x1c ./src/pp6.o
                0x08003e40                pp6_set_midi_stop
 .text.pp6_get_midi_stop
                0x08003e5c       0x18 ./src/pp6.o
                0x08003e5c                pp6_get_midi_stop
 .text.pp6_clear_flags
                0x08003e74       0xdc ./src/pp6.o
                0x08003e74                pp6_clear_flags
 .text.pp6_inc_physical_notes_on
                0x08003f50       0x24 ./src/pp6.o
                0x08003f50                pp6_inc_physical_notes_on
 .text.pp6_dec_physical_notes_on
                0x08003f74       0x34 ./src/pp6.o
                0x08003f74                pp6_dec_physical_notes_on
 .text.pp6_get_physical_notes_on
                0x08003fa8       0x18 ./src/pp6.o
                0x08003fa8                pp6_get_physical_notes_on
 .text.pp6_knobs_init
                0x08003fc0       0xd8 ./src/pp6.o
                0x08003fc0                pp6_knobs_init
 .text.pp6_knobs_update
                0x08004098      0x158 ./src/pp6.o
                0x08004098                pp6_knobs_update
 .text.pp6_check_knobs_touched
                0x080041f0      0x23c ./src/pp6.o
                0x080041f0                pp6_check_knobs_touched
 .text.pp6_any_knobs_touched
                0x0800442c       0x40 ./src/pp6.o
                0x0800442c                pp6_any_knobs_touched
 .text.pp6_smooth_knobs
                0x0800446c      0x114 ./src/pp6.o
                0x0800446c                pp6_smooth_knobs
 .text.pp6_leds_init
                0x08004580       0xc8 ./src/pp6.o
                0x08004580                pp6_leds_init
 .text.pp6_keys_init
                0x08004648       0xb0 ./src/pp6.o
                0x08004648                pp6_keys_init
 .text.pp6_keys_update
                0x080046f8      0x2a0 ./src/pp6.o
                0x080046f8                pp6_keys_update
 .text.sadsr_init
                0x08004998       0x3c ./src/sadsr.o
                0x08004998                sadsr_init
 .text.sadsr_process
                0x080049d4      0x14c ./src/sadsr.o
                0x080049d4                sadsr_process
 .text.sadsr_set
                0x08004b20       0x70 ./src/sadsr.o
                0x08004b20                sadsr_set
 .text.sadsr_go
                0x08004b90       0x24 ./src/sadsr.o
                0x08004b90                sadsr_go
 .text.sadsr_release
                0x08004bb4       0x1c ./src/sadsr.o
                0x08004bb4                sadsr_release
 .text.seq_set_status
                0x08004bd0       0x20 ./src/sequencer.o
                0x08004bd0                seq_set_status
 .text.seq_get_status
                0x08004bf0       0x18 ./src/sequencer.o
                0x08004bf0                seq_get_status
 .text.seq_log_first_note
                0x08004c08       0x80 ./src/sequencer.o
                0x08004c08                seq_log_first_note
 .text.seq_log_first_note_null
                0x08004c88       0x78 ./src/sequencer.o
                0x08004c88                seq_log_first_note_null
 .text.seq_log_note_start
                0x08004d00       0xb8 ./src/sequencer.o
                0x08004d00                seq_log_note_start
 .text.seq_log_note_stop
                0x08004db8       0x90 ./src/sequencer.o
                0x08004db8                seq_log_note_stop
 .text.seq_stop_recording
                0x08004e48      0x15c ./src/sequencer.o
                0x08004e48                seq_stop_recording
 .text.seq_rewind
                0x08004fa4       0x28 ./src/sequencer.o
                0x08004fa4                seq_rewind
 .text.seq_play_tick
                0x08004fcc       0xe4 ./src/sequencer.o
                0x08004fcc                seq_play_tick
 .text.seq_tick
                0x080050b0       0x24 ./src/sequencer.o
                0x080050b0                seq_tick
 .text.seq_get_time
                0x080050d4       0x18 ./src/sequencer.o
                0x080050d4                seq_get_time
 .text.seq_get_length
                0x080050ec       0x18 ./src/sequencer.o
                0x080050ec                seq_get_length
 .text.seq_log_knobs
                0x08005104       0xc0 ./src/sequencer.o
                0x08005104                seq_log_knobs
 .text.seq_play_knobs
                0x080051c4       0x60 ./src/sequencer.o
                0x080051c4                seq_play_knobs
 .text.seq_knob_playback_enabled
                0x08005224       0x18 ./src/sequencer.o
                0x08005224                seq_knob_playback_enabled
 .text.seq_disable_knob_playback
                0x0800523c       0x18 ./src/sequencer.o
                0x0800523c                seq_disable_knob_playback
 .text.seq_enable_knob_playback
                0x08005254       0x18 ./src/sequencer.o
                0x08005254                seq_enable_knob_playback
 .text.seq_set_auto_stop
                0x0800526c       0x18 ./src/sequencer.o
                0x0800526c                seq_set_auto_stop
 .text.seq_get_auto_stop
                0x08005284       0x18 ./src/sequencer.o
                0x08005284                seq_get_auto_stop
 .text.seq_clear_auto_stop
                0x0800529c       0x18 ./src/sequencer.o
                0x0800529c                seq_clear_auto_stop
 .text.SystemInit
                0x080052b4       0xb0 ./src/system_stm32f4xx.o
                0x080052b4                SystemInit
 .text.SetSysClock
                0x08005364      0x1e0 ./src/system_stm32f4xx.o
 .text.timer_init
                0x08005544       0x4c ./src/timer.o
                0x08005544                timer_init
 .text.uart_init
                0x08005590       0xc4 ./src/uart.o
                0x08005590                uart_init
 .text.vcf_filter_init
                0x08005654       0x5c ./src/vcf.o
                0x08005654                vcf_filter_init
 .text.vcf_filter_set
                0x080056b0       0xcc ./src/vcf.o
                0x080056b0                vcf_filter_set
 .text.vcf_filter_process
                0x0800577c      0x18c ./src/vcf.o
                0x0800577c                vcf_filter_process
 .text.NVIC_Init
                0x08005908       0xe8 /home/owen/workspace-redsuite/StdPeriphLib_v100_STM32F4xx/Debug/libStdPeriphLib_v100_STM32F4xx.a(misc.o)
                0x08005908                NVIC_Init
 .text.ADC_Init
                0x080059f0       0xc4 /home/owen/workspace-redsuite/StdPeriphLib_v100_STM32F4xx/Debug/libStdPeriphLib_v100_STM32F4xx.a(stm32f4xx_adc.o)
                0x080059f0                ADC_Init
 .text.ADC_CommonInit
                0x08005ab4       0x60 /home/owen/workspace-redsuite/StdPeriphLib_v100_STM32F4xx/Debug/libStdPeriphLib_v100_STM32F4xx.a(stm32f4xx_adc.o)
                0x08005ab4                ADC_CommonInit
 .text.ADC_Cmd  0x08005b14       0x38 /home/owen/workspace-redsuite/StdPeriphLib_v100_STM32F4xx/Debug/libStdPeriphLib_v100_STM32F4xx.a(stm32f4xx_adc.o)
                0x08005b14                ADC_Cmd
 .text.ADC_RegularChannelConfig
                0x08005b4c      0x1d0 /home/owen/workspace-redsuite/StdPeriphLib_v100_STM32F4xx/Debug/libStdPeriphLib_v100_STM32F4xx.a(stm32f4xx_adc.o)
                0x08005b4c                ADC_RegularChannelConfig
 .text.ADC_SoftwareStartConv
                0x08005d1c       0x20 /home/owen/workspace-redsuite/StdPeriphLib_v100_STM32F4xx/Debug/libStdPeriphLib_v100_STM32F4xx.a(stm32f4xx_adc.o)
                0x08005d1c                ADC_SoftwareStartConv
 .text.ADC_GetConversionValue
                0x08005d3c       0x1c /home/owen/workspace-redsuite/StdPeriphLib_v100_STM32F4xx/Debug/libStdPeriphLib_v100_STM32F4xx.a(stm32f4xx_adc.o)
                0x08005d3c                ADC_GetConversionValue
 .text.GPIO_Init
                0x08005d58      0x158 /home/owen/workspace-redsuite/StdPeriphLib_v100_STM32F4xx/Debug/libStdPeriphLib_v100_STM32F4xx.a(stm32f4xx_gpio.o)
                0x08005d58                GPIO_Init
 .text.GPIO_ReadInputDataBit
                0x08005eb0       0x40 /home/owen/workspace-redsuite/StdPeriphLib_v100_STM32F4xx/Debug/libStdPeriphLib_v100_STM32F4xx.a(stm32f4xx_gpio.o)
                0x08005eb0                GPIO_ReadInputDataBit
 .text.GPIO_WriteBit
                0x08005ef0       0x30 /home/owen/workspace-redsuite/StdPeriphLib_v100_STM32F4xx/Debug/libStdPeriphLib_v100_STM32F4xx.a(stm32f4xx_gpio.o)
                0x08005ef0                GPIO_WriteBit
 .text.GPIO_PinAFConfig
                0x08005f20       0xb0 /home/owen/workspace-redsuite/StdPeriphLib_v100_STM32F4xx/Debug/libStdPeriphLib_v100_STM32F4xx.a(stm32f4xx_gpio.o)
                0x08005f20                GPIO_PinAFConfig
 .text.RCC_GetClocksFreq
                0x08005fd0      0x1d4 /home/owen/workspace-redsuite/StdPeriphLib_v100_STM32F4xx/Debug/libStdPeriphLib_v100_STM32F4xx.a(stm32f4xx_rcc.o)
                0x08005fd0                RCC_GetClocksFreq
 .text.RCC_AHB1PeriphClockCmd
                0x080061a4       0x5c /home/owen/workspace-redsuite/StdPeriphLib_v100_STM32F4xx/Debug/libStdPeriphLib_v100_STM32F4xx.a(stm32f4xx_rcc.o)
                0x080061a4                RCC_AHB1PeriphClockCmd
 .text.RCC_AHB2PeriphClockCmd
                0x08006200       0x5c /home/owen/workspace-redsuite/StdPeriphLib_v100_STM32F4xx/Debug/libStdPeriphLib_v100_STM32F4xx.a(stm32f4xx_rcc.o)
                0x08006200                RCC_AHB2PeriphClockCmd
 .text.RCC_APB1PeriphClockCmd
                0x0800625c       0x5c /home/owen/workspace-redsuite/StdPeriphLib_v100_STM32F4xx/Debug/libStdPeriphLib_v100_STM32F4xx.a(stm32f4xx_rcc.o)
                0x0800625c                RCC_APB1PeriphClockCmd
 .text.RCC_APB2PeriphClockCmd
                0x080062b8       0x5c /home/owen/workspace-redsuite/StdPeriphLib_v100_STM32F4xx/Debug/libStdPeriphLib_v100_STM32F4xx.a(stm32f4xx_rcc.o)
                0x080062b8                RCC_APB2PeriphClockCmd
 .text.RCC_APB1PeriphResetCmd
                0x08006314       0x5c /home/owen/workspace-redsuite/StdPeriphLib_v100_STM32F4xx/Debug/libStdPeriphLib_v100_STM32F4xx.a(stm32f4xx_rcc.o)
                0x08006314                RCC_APB1PeriphResetCmd
 .text.RCC_APB2PeriphResetCmd
                0x08006370       0x5c /home/owen/workspace-redsuite/StdPeriphLib_v100_STM32F4xx/Debug/libStdPeriphLib_v100_STM32F4xx.a(stm32f4xx_rcc.o)
                0x08006370                RCC_APB2PeriphResetCmd
 .text.RNG_Cmd  0x080063cc       0x4c /home/owen/workspace-redsuite/StdPeriphLib_v100_STM32F4xx/Debug/libStdPeriphLib_v100_STM32F4xx.a(stm32f4xx_rng.o)
                0x080063cc                RNG_Cmd
 .text.SPI_I2S_DeInit
                0x08006418       0x88 /home/owen/workspace-redsuite/StdPeriphLib_v100_STM32F4xx/Debug/libStdPeriphLib_v100_STM32F4xx.a(stm32f4xx_spi.o)
                0x08006418                SPI_I2S_DeInit
 .text.I2S_Init
                0x080064a0      0x224 /home/owen/workspace-redsuite/StdPeriphLib_v100_STM32F4xx/Debug/libStdPeriphLib_v100_STM32F4xx.a(stm32f4xx_spi.o)
                0x080064a0                I2S_Init
 .text.I2S_Cmd  0x080066c4       0x40 /home/owen/workspace-redsuite/StdPeriphLib_v100_STM32F4xx/Debug/libStdPeriphLib_v100_STM32F4xx.a(stm32f4xx_spi.o)
                0x080066c4                I2S_Cmd
 .text.SPI_I2S_SendData
                0x08006704       0x1c /home/owen/workspace-redsuite/StdPeriphLib_v100_STM32F4xx/Debug/libStdPeriphLib_v100_STM32F4xx.a(stm32f4xx_spi.o)
                0x08006704                SPI_I2S_SendData
 .text.SPI_I2S_ITConfig
                0x08006720       0x70 /home/owen/workspace-redsuite/StdPeriphLib_v100_STM32F4xx/Debug/libStdPeriphLib_v100_STM32F4xx.a(stm32f4xx_spi.o)
                0x08006720                SPI_I2S_ITConfig
 .text.SPI_I2S_GetFlagStatus
                0x08006790       0x40 /home/owen/workspace-redsuite/StdPeriphLib_v100_STM32F4xx/Debug/libStdPeriphLib_v100_STM32F4xx.a(stm32f4xx_spi.o)
                0x08006790                SPI_I2S_GetFlagStatus
 .text.TIM_TimeBaseInit
                0x080067d0       0xf8 /home/owen/workspace-redsuite/StdPeriphLib_v100_STM32F4xx/Debug/libStdPeriphLib_v100_STM32F4xx.a(stm32f4xx_tim.o)
                0x080067d0                TIM_TimeBaseInit
 .text.TIM_Cmd  0x080068c8       0x40 /home/owen/workspace-redsuite/StdPeriphLib_v100_STM32F4xx/Debug/libStdPeriphLib_v100_STM32F4xx.a(stm32f4xx_tim.o)
                0x080068c8                TIM_Cmd
 .text.USART_Init
                0x08006908      0x1bc /home/owen/workspace-redsuite/StdPeriphLib_v100_STM32F4xx/Debug/libStdPeriphLib_v100_STM32F4xx.a(stm32f4xx_usart.o)
                0x08006908                USART_Init
 .text.USART_Cmd
                0x08006ac4       0x40 /home/owen/workspace-redsuite/StdPeriphLib_v100_STM32F4xx/Debug/libStdPeriphLib_v100_STM32F4xx.a(stm32f4xx_usart.o)
                0x08006ac4                USART_Cmd
 .text.USART_ReceiveData
                0x08006b04       0x24 /home/owen/workspace-redsuite/StdPeriphLib_v100_STM32F4xx/Debug/libStdPeriphLib_v100_STM32F4xx.a(stm32f4xx_usart.o)
                0x08006b04                USART_ReceiveData
 .text.USART_GetFlagStatus
                0x08006b28       0x40 /home/owen/workspace-redsuite/StdPeriphLib_v100_STM32F4xx/Debug/libStdPeriphLib_v100_STM32F4xx.a(stm32f4xx_usart.o)
                0x08006b28                USART_GetFlagStatus
 .text.WWDG_SetPrescaler
                0x08006b68       0x40 /home/owen/workspace-redsuite/StdPeriphLib_v100_STM32F4xx/Debug/libStdPeriphLib_v100_STM32F4xx.a(stm32f4xx_wwdg.o)
                0x08006b68                WWDG_SetPrescaler
 .text.WWDG_SetWindowValue
                0x08006ba8       0x44 /home/owen/workspace-redsuite/StdPeriphLib_v100_STM32F4xx/Debug/libStdPeriphLib_v100_STM32F4xx.a(stm32f4xx_wwdg.o)
                0x08006ba8                WWDG_SetWindowValue
 .text.arm_float_to_q15
                0x08006bec      0x2bc /home/owen/workspace-redsuite/CMSISv2p10_DSPLIB_CM4/lib/libCMSISv2p10_DSPLIB_CM4.a(arm_float_to_q15.o)
                0x08006bec                arm_float_to_q15
 .text.arm_sin_f32
                0x08006ea8       0xd8 /home/owen/workspace-redsuite/CMSISv2p10_DSPLIB_CM4/lib/libCMSISv2p10_DSPLIB_CM4.a(arm_sin_f32.o)
                0x08006ea8                arm_sin_f32
 .text.__weak_main
                0x08006f80        0x4 /usr/local/redsuite_4.3.0_1025/redsuite/tools/bin/../lib/gcc/arm-none-eabi/4.5.1/../../../../arm-none-eabi/lib/thumb2/libcr_c.a(__weak__main.o)
                0x08006f80                __main
                0x08006f80                __weak_main
 .text.sinf     0x08006f84       0x28 /usr/local/redsuite_4.3.0_1025/redsuite/tools/bin/../lib/gcc/arm-none-eabi/4.5.1/../../../../arm-none-eabi/lib/thumb2/libcr_c.a(sinf.o)
                0x08006f84                sinf
 .text.memset   0x08006fac        0x4 /usr/local/redsuite_4.3.0_1025/redsuite/tools/bin/../lib/gcc/arm-none-eabi/4.5.1/../../../../arm-none-eabi/lib/thumb2/libcr_c.a(memset.o)
                0x08006fac                memset
 .text._sincosf
                0x08006fb0      0x158 /usr/local/redsuite_4.3.0_1025/redsuite/tools/bin/../lib/gcc/arm-none-eabi/4.5.1/../../../../arm-none-eabi/lib/thumb2/libcr_c.a(_sincosf.o)
                0x08006fb0                _sincosf
 .text.fabsf    0x08007108       0x14 /usr/local/redsuite_4.3.0_1025/redsuite/tools/bin/../lib/gcc/arm-none-eabi/4.5.1/../../../../arm-none-eabi/lib/thumb2/libcr_c.a(fabsf.o)
                0x08007108                fabsf
 .text.__aeabi_dmul
                0x0800711c      0x128 /usr/local/redsuite_4.3.0_1025/redsuite/tools/bin/../lib/gcc/arm-none-eabi/4.5.1/thumb2/libcr_eabihelpers.a(double.o)
                0x0800711c                __aeabi_dmul
 .text.__aeabi_dsub
                0x08007244      0x1d8 /usr/local/redsuite_4.3.0_1025/redsuite/tools/bin/../lib/gcc/arm-none-eabi/4.5.1/thumb2/libcr_eabihelpers.a(double.o)
                0x08007244                __aeabi_dsub
 .text.__aeabi_dadd
                0x0800741c      0x13c /usr/local/redsuite_4.3.0_1025/redsuite/tools/bin/../lib/gcc/arm-none-eabi/4.5.1/thumb2/libcr_eabihelpers.a(double.o)
                0x0800741c                __aeabi_dadd
 .text.__aeabi_d2f
                0x08007558       0x54 /usr/local/redsuite_4.3.0_1025/redsuite/tools/bin/../lib/gcc/arm-none-eabi/4.5.1/thumb2/libcr_eabihelpers.a(double.o)
                0x08007558                __aeabi_d2f
 .text.__aeabi_fmul
                0x080075ac       0xbc /usr/local/redsuite_4.3.0_1025/redsuite/tools/bin/../lib/gcc/arm-none-eabi/4.5.1/thumb2/libcr_eabihelpers.a(float.o)
                0x080075ac                __aeabi_fmul
 .text.__aeabi_fdiv
                0x08007668       0xe8 /usr/local/redsuite_4.3.0_1025/redsuite/tools/bin/../lib/gcc/arm-none-eabi/4.5.1/thumb2/libcr_eabihelpers.a(float.o)
                0x08007668                __aeabi_fdiv
 .text.__aeabi_fsub
                0x08007750       0xe0 /usr/local/redsuite_4.3.0_1025/redsuite/tools/bin/../lib/gcc/arm-none-eabi/4.5.1/thumb2/libcr_eabihelpers.a(float.o)
                0x08007750                __aeabi_fsub
 .text.__aeabi_fadd
                0x08007830       0xa4 /usr/local/redsuite_4.3.0_1025/redsuite/tools/bin/../lib/gcc/arm-none-eabi/4.5.1/thumb2/libcr_eabihelpers.a(float.o)
                0x08007830                __aeabi_fadd
 .text.__aeabi_f2iz
                0x080078d4       0x34 /usr/local/redsuite_4.3.0_1025/redsuite/tools/bin/../lib/gcc/arm-none-eabi/4.5.1/thumb2/libcr_eabihelpers.a(float.o)
                0x080078d4                __aeabi_f2iz
 .text.__bhs_ui2f
                0x08007908       0x26 /usr/local/redsuite_4.3.0_1025/redsuite/tools/bin/../lib/gcc/arm-none-eabi/4.5.1/thumb2/libcr_eabihelpers.a(float.o)
                0x08007908                __bhs_ui2f
 .text.__aeabi_i2f
                0x0800792e       0x10 /usr/local/redsuite_4.3.0_1025/redsuite/tools/bin/../lib/gcc/arm-none-eabi/4.5.1/thumb2/libcr_eabihelpers.a(float.o)
                0x0800792e                __aeabi_i2f
 *fill*         0x0800793e        0x2 00
 .text.__aeabi_f2d
                0x08007940       0x38 /usr/local/redsuite_4.3.0_1025/redsuite/tools/bin/../lib/gcc/arm-none-eabi/4.5.1/thumb2/libcr_eabihelpers.a(float.o)
                0x08007940                __aeabi_f2d
 .text.__aeabi_fcmplt
                0x08007978       0x3a /usr/local/redsuite_4.3.0_1025/redsuite/tools/bin/../lib/gcc/arm-none-eabi/4.5.1/thumb2/libcr_eabihelpers.a(float.o)
                0x08007978                __aeabi_fcmplt
 .text.__aeabi_fcmpge
                0x080079b2       0x40 /usr/local/redsuite_4.3.0_1025/redsuite/tools/bin/../lib/gcc/arm-none-eabi/4.5.1/thumb2/libcr_eabihelpers.a(float.o)
                0x080079b2                __aeabi_fcmpge
 .text.__aeabi_memset_lowlevel
                0x080079f2       0x24 /usr/local/redsuite_4.3.0_1025/redsuite/tools/bin/../lib/gcc/arm-none-eabi/4.5.1/thumb2/libcr_eabihelpers.a(memcpy.o)
                0x080079f2                __aeabi_lowlevel_memset
 *(.rodata .rodata.*)
 *fill*         0x08007a16        0x2 00
 .rodata.transition_table
                0x08007a18      0xfac ./src/oscillator.o
 .rodata.sin_table
                0x080089c4      0x40c ./src/oscillator.o
 .rodata.sinTable
                0x08008dd0      0x40c /home/owen/workspace-redsuite/CMSISv2p10_DSPLIB_CM4/lib/libCMSISv2p10_DSPLIB_CM4.a(arm_sin_f32.o)
                0x080091dc                . = ALIGN (0x4)

.glue_7         0x080091dc        0x0
 .glue_7        0x00000000        0x0 linker stubs

.glue_7t        0x080091dc        0x0
 .glue_7t       0x00000000        0x0 linker stubs

.vfp11_veneer   0x080091dc        0x0
 .vfp11_veneer  0x00000000        0x0 linker stubs

.v4_bx          0x080091dc        0x0
 .v4_bx         0x00000000        0x0 linker stubs

.ARM.extab
 *(.ARM.extab* .gnu.linkonce.armextab.*)
                0x080091dc                __exidx_start = .

.ARM.exidx
 *(.ARM.exidx* .gnu.linkonce.armexidx.*)
                0x080091dc                __exidx_end = .
                0x080091dc                _etext = .

.data_RAM2      0x2001c000        0x0 load address 0x080091dc
 FILL mask 0xff
 *(.data.$RAM2*)
 *(.data.$PeriphRam16*)
                0x2001c000                . = ALIGN (0x4)

.data_RAM3      0x10000000        0x0 load address 0x080091dc
 FILL mask 0xff
 *(.data.$RAM3*)
 *(.data.$Ram64*)
                0x10000000                . = ALIGN (0x4)

.data_RAM4      0x20000000        0x0 load address 0x080091dc
 FILL mask 0xff
 *(.data.$RAM4*)
 *(.data.$Ram128*)
                0x20000000                . = ALIGN (0x4)

.uninit_RESERVED
                0x20000000        0x0
 *(.bss.$RESERVED*)
                0x20000000                . = ALIGN (0x4)
                0x20000000                _end_uninit_RESERVED = .

.data           0x20000000      0x204 load address 0x080091dc
 FILL mask 0xff
                0x20000000                _data = .
 *(vtable)
 *(.data*)
 .data.hardware_index
                0x20000000        0x4 ./src/CS4344.o
                0x20000000                hardware_index
 .data.pitch_class
                0x20000004       0x30 ./src/audio.o
                0x20000004                pitch_class
 .data.semitone
                0x20000034      0x190 ./src/audio.o
                0x20000034                semitone
 .data.delay_time
                0x200001c4        0x4 ./src/comb.o
 .data.delay_fb
                0x200001c8        0x4 ./src/comb.o
 .data.vsa      0x200001cc        0x4 ./src/eq.o
 .data.keys_history
                0x200001d0       0x20 ./src/pp6.o
                0x200001d0                keys_history
 .data.seq_playback_knobs_enabled
                0x200001f0        0x1 ./src/sequencer.o
 *fill*         0x200001f1        0x3 00
 .data.APBAHBPrescTable
                0x200001f4       0x10 /home/owen/workspace-redsuite/StdPeriphLib_v100_STM32F4xx/Debug/libStdPeriphLib_v100_STM32F4xx.a(stm32f4xx_rcc.o)
                0x20000204                . = ALIGN (0x4)
                0x20000204                _edata = .

.bss_RAM2       0x2001c000        0x0
 *(.bss.$RAM2*)
 *(.bss.$PeriphRam16*)
                0x2001c000                . = ALIGN (0x4)

.bss_RAM3       0x10000000        0x0
 *(.bss.$RAM3*)
 *(.bss.$Ram64*)
                0x10000000                . = ALIGN (0x4)

.bss_RAM4       0x20000000        0x0
 *(.bss.$RAM4*)
 *(.bss.$Ram128*)
                0x20000000                . = ALIGN (0x4)

.bss            0x20000204    0x170a4
                0x20000204                _bss = .
 *(.bss*)
 .bss.software_index
                0x20000204        0x4 ./src/CS4344.o
                0x20000204                software_index
 .bss.sample_clock
                0x20000208        0x4 ./src/CS4344.o
                0x20000208                sample_clock
 .bss.delay_buffer
                0x2000020c     0x9c40 ./src/comb.o
 .bss.delay_time_frac
                0x20009e4c        0x4 ./src/comb.o
 .bss.delay_write_index
                0x20009e50        0x4 ./src/comb.o
 .bss.dt.3591   0x20009e54        0x4 ./src/comb.o
 .bss.sample_clock_last
                0x20009e58        0x4 ./src/main.o
 .bss.led_counter
                0x20009e5c        0x4 ./src/main.o
 .bss.aux_led_color
                0x20009e60        0x1 ./src/main.o
 .bss.uart_recv_buf_write
                0x20009e61        0x1 ./src/main.o
                0x20009e61                uart_recv_buf_write
 .bss.uart_recv_buf_read
                0x20009e62        0x1 ./src/main.o
                0x20009e62                uart_recv_buf_read
 *fill*         0x20009e63        0x1 00
 .bss.sig       0x20009e64        0x4 ./src/mode_analog_style.o
 .bss.f         0x20009e68        0x4 ./src/mode_analog_style.o
 .bss.filter_cutoff
                0x20009e6c        0x4 ./src/mode_analog_style.o
 .bss.saw       0x20009e70        0xc ./src/mode_analog_style.o
 .bss.filter    0x20009e7c       0x34 ./src/mode_analog_style.o
 .bss.amp       0x20009eb0        0x4 ./src/mode_analog_style.o
 .bss.amp_env   0x20009eb4       0x1c ./src/mode_analog_style.o
 .bss.framp     0x20009ed0       0x14 ./src/mode_analog_style.o
 .bss.note_dur.6704
                0x20009ee4        0x4 ./src/mode_analog_style.o
 .bss.target_f.6703
                0x20009ee8        0x4 ./src/mode_analog_style.o
 .bss.sig       0x20009eec        0x4 ./src/mode_bass_delay.o
 .bss.f         0x20009ef0        0x4 ./src/mode_bass_delay.o
 .bss.sin1      0x20009ef4       0x14 ./src/mode_bass_delay.o
 .bss.new_note  0x20009f08        0x4 ./src/mode_bass_delay.o
 .bss.amp       0x20009f0c        0x4 ./src/mode_bass_delay.o
 .bss.framp     0x20009f10       0x14 ./src/mode_bass_delay.o
 .bss.amp_env   0x20009f24       0x1c ./src/mode_bass_delay.o
 .bss.cents     0x20009f40        0x4 ./src/mode_bass_delay.o
 .bss.filter    0x20009f44       0x34 ./src/mode_bass_delay.o
 .bss.note_dur.3920
                0x20009f78        0x4 ./src/mode_bass_delay.o
 .bss.sig       0x20009f7c        0x4 ./src/mode_filter_envelope.o
 .bss.f         0x20009f80        0x4 ./src/mode_filter_envelope.o
 .bss.amp       0x20009f84        0x4 ./src/mode_filter_envelope.o
 .bss.cutoff    0x20009f88        0x4 ./src/mode_filter_envelope.o
 .bss.cutoff_scale
                0x20009f8c        0x4 ./src/mode_filter_envelope.o
 .bss.saw       0x20009f90        0xc ./src/mode_filter_envelope.o
 .bss.filter    0x20009f9c       0x34 ./src/mode_filter_envelope.o
 .bss.amp_env   0x20009fd0       0x1c ./src/mode_filter_envelope.o
 .bss.filter_env
                0x20009fec       0x1c ./src/mode_filter_envelope.o
 .bss.note_dur.3910
                0x2000a008        0x4 ./src/mode_filter_envelope.o
 .bss.sig       0x2000a00c        0x4 ./src/mode_simple_fm.o
 .bss.f         0x2000a010        0x4 ./src/mode_simple_fm.o
 .bss.target_f  0x2000a014        0x4 ./src/mode_simple_fm.o
 .bss.new_note  0x2000a018        0x4 ./src/mode_simple_fm.o
 .bss.amp       0x2000a01c        0x4 ./src/mode_simple_fm.o
 .bss.framp     0x2000a020       0x14 ./src/mode_simple_fm.o
 .bss.amp_env   0x2000a034       0x1c ./src/mode_simple_fm.o
 .bss.index_env
                0x2000a050       0x1c ./src/mode_simple_fm.o
 .bss.fm        0x2000a06c       0x18 ./src/mode_simple_fm.o
 .bss.fm2       0x2000a084       0x18 ./src/mode_simple_fm.o
 .bss.note_dur.3919
                0x2000a09c        0x4 ./src/mode_simple_fm.o
 .bss.sig       0x2000a0a0        0x4 ./src/mode_simple_sin.o
 .bss.f         0x2000a0a4        0x4 ./src/mode_simple_sin.o
 .bss.sin1      0x2000a0a8       0x14 ./src/mode_simple_sin.o
 .bss.new_note  0x2000a0bc        0x4 ./src/mode_simple_sin.o
 .bss.amp       0x2000a0c0        0x4 ./src/mode_simple_sin.o
 .bss.framp     0x2000a0c4       0x14 ./src/mode_simple_sin.o
 .bss.amp_env   0x2000a0d8       0x1c ./src/mode_simple_sin.o
 .bss.saw       0x2000a0f4        0xc ./src/mode_simple_sin.o
 .bss.square    0x2000a100       0x10 ./src/mode_simple_sin.o
 .bss.cents     0x2000a110        0x4 ./src/mode_simple_sin.o
 .bss.note_dur.3911
                0x2000a114        0x4 ./src/mode_simple_sin.o
 .bss.sig       0x2000a118        0x4 ./src/mode_wave_adder.o
 .bss.f         0x2000a11c        0x4 ./src/mode_wave_adder.o
 .bss.sin1      0x2000a120       0x14 ./src/mode_wave_adder.o
 .bss.new_note  0x2000a134        0x4 ./src/mode_wave_adder.o
 .bss.amp       0x2000a138        0x4 ./src/mode_wave_adder.o
 .bss.framp     0x2000a13c       0x14 ./src/mode_wave_adder.o
 .bss.amp_env   0x2000a150       0x1c ./src/mode_wave_adder.o
 .bss.saw       0x2000a16c        0xc ./src/mode_wave_adder.o
 .bss.square    0x2000a178       0x10 ./src/mode_wave_adder.o
 .bss.cents     0x2000a188        0x4 ./src/mode_wave_adder.o
 .bss.note_dur.3910
                0x2000a18c        0x4 ./src/mode_wave_adder.o
 .bss.history_index.6710
                0x2000a190        0x1 ./src/pp6.o
 *fill*         0x2000a191        0x3 00
 .bss.knob1.6695
                0x2000a194        0x4 ./src/pp6.o
 .bss.knob2.6696
                0x2000a198        0x4 ./src/pp6.o
 .bss.knob3.6697
                0x2000a19c        0x4 ./src/pp6.o
 .bss.knobs_last.6688
                0x2000a1a0        0xc ./src/pp6.o
 .bss.channel.6683
                0x2000a1ac        0x1 ./src/pp6.o
 *fill*         0x2000a1ad        0x3 00
 .bss.knobs.6684
                0x2000a1b0        0xc ./src/pp6.o
 .bss.seq_deltas
                0x2000a1bc      0x400 ./src/sequencer.o
 .bss.seq_notes
                0x2000a5bc      0x400 ./src/sequencer.o
 .bss.seq_events
                0x2000a9bc      0x400 ./src/sequencer.o
 .bss.seq_index
                0x2000adbc        0x4 ./src/sequencer.o
 .bss.seq_time  0x2000adc0        0x4 ./src/sequencer.o
 .bss.seq_length
                0x2000adc4        0x4 ./src/sequencer.o
 .bss.seq_last_note_start
                0x2000adc8        0x4 ./src/sequencer.o
 .bss.seq_last_note_start_index
                0x2000adcc        0x4 ./src/sequencer.o
 .bss.seq_status
                0x2000add0        0x1 ./src/sequencer.o
 .bss.seq_auto_stop
                0x2000add1        0x1 ./src/sequencer.o
 *fill*         0x2000add2        0x2 00
 .bss.knob_log  0x2000add4     0xc000 ./src/sequencer.o
 .bss.co.3596   0x20016dd4        0x4 ./src/vcf.o
 .bss.errno     0x20016dd8        0x4 /usr/local/redsuite_4.3.0_1025/redsuite/tools/bin/../lib/gcc/arm-none-eabi/4.5.1/../../../../arm-none-eabi/lib/thumb2/libcr_c.a(errno.o)
                0x20016dd8                errno
 *(COMMON)
 COMMON         0x20016ddc      0x400 ./src/CS4344.o
                0x20016ddc                play_buf
 COMMON         0x200171dc       0x84 ./src/main.o
                0x200171dc                recvArg0_
                0x200171e0                eq
                0x20017220                channelIn_
                0x20017224                uart_recv_buf
                0x20017244                recvEvent_
                0x20017248                tmp8
                0x2001724c                recvMode_
                0x20017250                recvByteCount_
                0x20017254                sendFullCommands_
                0x20017258                recvBytesNeeded_
                0x2001725c                lastStatusSent_
 COMMON         0x20017260       0x48 ./src/pp6.o
                0x20017260                pp6
                0x200172a8                . = ALIGN (0x4)
                0x200172a8                _ebss = .
                0x200172a8                PROVIDE (end, .)
                0x200172a8                PROVIDE (_pvHeapStart, .)
                0x2001c000                PROVIDE (_vStackTop, (__top_Ram112 - 0x0))
OUTPUT(BolsaBass.axf elf32-littlearm)

.debug_abbrev   0x00000000     0x2eb6
 .debug_abbrev  0x00000000      0x17e ./src/CS4344.o
 .debug_abbrev  0x0000017e       0xc2 ./src/audio.o
 .debug_abbrev  0x00000240       0xc6 ./src/comb.o
 .debug_abbrev  0x00000306      0x167 ./src/cr_startup_stm32f4xx.o
 .debug_abbrev  0x0000046d       0xc0 ./src/delay.o
 .debug_abbrev  0x0000052d       0xd9 ./src/eq.o
 .debug_abbrev  0x00000606       0xd2 ./src/line.o
 .debug_abbrev  0x000006d8      0x1a5 ./src/main.o
 .debug_abbrev  0x0000087d      0x132 ./src/midi.o
 .debug_abbrev  0x000009af       0xec ./src/mode_analog_style.o
 .debug_abbrev  0x00000a9b       0xe3 ./src/mode_bass_delay.o
 .debug_abbrev  0x00000b7e       0xee ./src/mode_drum.o
 .debug_abbrev  0x00000c6c       0xf4 ./src/mode_drum_synth.o
 .debug_abbrev  0x00000d60       0xd4 ./src/mode_filter_envelope.o
 .debug_abbrev  0x00000e34       0xec ./src/mode_filter_man.o
 .debug_abbrev  0x00000f20       0xe3 ./src/mode_fm_ramp.o
 .debug_abbrev  0x00001003       0xe3 ./src/mode_mono_glider.o
 .debug_abbrev  0x000010e6       0xe7 ./src/mode_nazareth.o
 .debug_abbrev  0x000011cd      0x102 ./src/mode_octave_mirror.o
 .debug_abbrev  0x000012cf       0xd6 ./src/mode_plurden.o
 .debug_abbrev  0x000013a5       0xe3 ./src/mode_simple_fm.o
 .debug_abbrev  0x00001488       0xe3 ./src/mode_simple_sin.o
 .debug_abbrev  0x0000156b       0xd4 ./src/mode_wave_adder.o
 .debug_abbrev  0x0000163f      0x14f ./src/oscillator.o
 .debug_abbrev  0x0000178e      0x21e ./src/pp6.o
 .debug_abbrev  0x000019ac       0xdd ./src/sad.o
 .debug_abbrev  0x00001a89       0xe1 ./src/sadsr.o
 .debug_abbrev  0x00001b6a       0xe6 ./src/sequencer.o
 .debug_abbrev  0x00001c50      0x144 ./src/system_stm32f4xx.o
 .debug_abbrev  0x00001d94      0x109 ./src/timer.o
 .debug_abbrev  0x00001e9d      0x11a ./src/uart.o
 .debug_abbrev  0x00001fb7       0xe6 ./src/vcf.o
 .debug_abbrev  0x0000209d      0x12a /home/owen/workspace-redsuite/StdPeriphLib_v100_STM32F4xx/Debug/libStdPeriphLib_v100_STM32F4xx.a(misc.o)
 .debug_abbrev  0x000021c7      0x18d /home/owen/workspace-redsuite/StdPeriphLib_v100_STM32F4xx/Debug/libStdPeriphLib_v100_STM32F4xx.a(stm32f4xx_adc.o)
 .debug_abbrev  0x00002354      0x186 /home/owen/workspace-redsuite/StdPeriphLib_v100_STM32F4xx/Debug/libStdPeriphLib_v100_STM32F4xx.a(stm32f4xx_gpio.o)
 .debug_abbrev  0x000024da      0x1bb /home/owen/workspace-redsuite/StdPeriphLib_v100_STM32F4xx/Debug/libStdPeriphLib_v100_STM32F4xx.a(stm32f4xx_rcc.o)
 .debug_abbrev  0x00002695      0x13b /home/owen/workspace-redsuite/StdPeriphLib_v100_STM32F4xx/Debug/libStdPeriphLib_v100_STM32F4xx.a(stm32f4xx_rng.o)
 .debug_abbrev  0x000027d0      0x164 /home/owen/workspace-redsuite/StdPeriphLib_v100_STM32F4xx/Debug/libStdPeriphLib_v100_STM32F4xx.a(stm32f4xx_spi.o)
 .debug_abbrev  0x00002934      0x167 /home/owen/workspace-redsuite/StdPeriphLib_v100_STM32F4xx/Debug/libStdPeriphLib_v100_STM32F4xx.a(stm32f4xx_tim.o)
 .debug_abbrev  0x00002a9b      0x152 /home/owen/workspace-redsuite/StdPeriphLib_v100_STM32F4xx/Debug/libStdPeriphLib_v100_STM32F4xx.a(stm32f4xx_usart.o)
 .debug_abbrev  0x00002bed      0x122 /home/owen/workspace-redsuite/StdPeriphLib_v100_STM32F4xx/Debug/libStdPeriphLib_v100_STM32F4xx.a(stm32f4xx_wwdg.o)
 .debug_abbrev  0x00002d0f       0xb0 /home/owen/workspace-redsuite/CMSISv2p10_DSPLIB_CM4/lib/libCMSISv2p10_DSPLIB_CM4.a(arm_float_to_q15.o)
 .debug_abbrev  0x00002dbf       0xf7 /home/owen/workspace-redsuite/CMSISv2p10_DSPLIB_CM4/lib/libCMSISv2p10_DSPLIB_CM4.a(arm_sin_f32.o)

.debug_info     0x00000000     0xe8f2
 .debug_info    0x00000000      0x7cb ./src/CS4344.o
 .debug_info    0x000007cb      0x196 ./src/audio.o
 .debug_info    0x00000961      0x1f1 ./src/comb.o
 .debug_info    0x00000b52      0x58f ./src/cr_startup_stm32f4xx.o
 .debug_info    0x000010e1      0x251 ./src/delay.o
 .debug_info    0x00001332      0x246 ./src/eq.o
 .debug_info    0x00001578      0x1b8 ./src/line.o
 .debug_info    0x00001730      0x5d9 ./src/main.o
 .debug_info    0x00001d09      0x846 ./src/midi.o
 .debug_info    0x0000254f      0x39b ./src/mode_analog_style.o
 .debug_info    0x000028ea      0x450 ./src/mode_bass_delay.o
 .debug_info    0x00002d3a      0x48d ./src/mode_drum.o
 .debug_info    0x000031c7      0x31d ./src/mode_drum_synth.o
 .debug_info    0x000034e4      0x320 ./src/mode_filter_envelope.o
 .debug_info    0x00003804      0x3ef ./src/mode_filter_man.o
 .debug_info    0x00003bf3      0x33c ./src/mode_fm_ramp.o
 .debug_info    0x00003f2f      0x2c0 ./src/mode_mono_glider.o
 .debug_info    0x000041ef      0x2e6 ./src/mode_nazareth.o
 .debug_info    0x000044d5      0x371 ./src/mode_octave_mirror.o
 .debug_info    0x00004846      0x3bd ./src/mode_plurden.o
 .debug_info    0x00004c03      0x32b ./src/mode_simple_fm.o
 .debug_info    0x00004f2e      0x379 ./src/mode_simple_sin.o
 .debug_info    0x000052a7      0x36b ./src/mode_wave_adder.o
 .debug_info    0x00005612      0x956 ./src/oscillator.o
 .debug_info    0x00005f68      0xe6b ./src/pp6.o
 .debug_info    0x00006dd3      0x1c6 ./src/sad.o
 .debug_info    0x00006f99      0x242 ./src/sadsr.o
 .debug_info    0x000071db      0x3eb ./src/sequencer.o
 .debug_info    0x000075c6      0x625 ./src/system_stm32f4xx.o
 .debug_info    0x00007beb      0x3be ./src/timer.o
 .debug_info    0x00007fa9      0x45c ./src/uart.o
 .debug_info    0x00008405      0x212 ./src/vcf.o
 .debug_info    0x00008617      0x59c /home/owen/workspace-redsuite/StdPeriphLib_v100_STM32F4xx/Debug/libStdPeriphLib_v100_STM32F4xx.a(misc.o)
 .debug_info    0x00008bb3      0xcfd /home/owen/workspace-redsuite/StdPeriphLib_v100_STM32F4xx/Debug/libStdPeriphLib_v100_STM32F4xx.a(stm32f4xx_adc.o)
 .debug_info    0x000098b0      0x641 /home/owen/workspace-redsuite/StdPeriphLib_v100_STM32F4xx/Debug/libStdPeriphLib_v100_STM32F4xx.a(stm32f4xx_gpio.o)
 .debug_info    0x00009ef1      0xd2c /home/owen/workspace-redsuite/StdPeriphLib_v100_STM32F4xx/Debug/libStdPeriphLib_v100_STM32F4xx.a(stm32f4xx_rcc.o)
 .debug_info    0x0000ac1d      0x299 /home/owen/workspace-redsuite/StdPeriphLib_v100_STM32F4xx/Debug/libStdPeriphLib_v100_STM32F4xx.a(stm32f4xx_rng.o)
 .debug_info    0x0000aeb6      0xbd4 /home/owen/workspace-redsuite/StdPeriphLib_v100_STM32F4xx/Debug/libStdPeriphLib_v100_STM32F4xx.a(stm32f4xx_spi.o)
 .debug_info    0x0000ba8a     0x1e30 /home/owen/workspace-redsuite/StdPeriphLib_v100_STM32F4xx/Debug/libStdPeriphLib_v100_STM32F4xx.a(stm32f4xx_tim.o)
 .debug_info    0x0000d8ba      0xa57 /home/owen/workspace-redsuite/StdPeriphLib_v100_STM32F4xx/Debug/libStdPeriphLib_v100_STM32F4xx.a(stm32f4xx_usart.o)
 .debug_info    0x0000e311      0x25e /home/owen/workspace-redsuite/StdPeriphLib_v100_STM32F4xx/Debug/libStdPeriphLib_v100_STM32F4xx.a(stm32f4xx_wwdg.o)
 .debug_info    0x0000e56f      0x1dd /home/owen/workspace-redsuite/CMSISv2p10_DSPLIB_CM4/lib/libCMSISv2p10_DSPLIB_CM4.a(arm_float_to_q15.o)
 .debug_info    0x0000e74c      0x1a6 /home/owen/workspace-redsuite/CMSISv2p10_DSPLIB_CM4/lib/libCMSISv2p10_DSPLIB_CM4.a(arm_sin_f32.o)

.debug_line     0x00000000    0x1229f
 .debug_line    0x00000000      0x63c ./src/CS4344.o
 .debug_line    0x0000063c      0x4d0 ./src/audio.o
 .debug_line    0x00000b0c      0x50a ./src/comb.o
 .debug_line    0x00001016      0x6c6 ./src/cr_startup_stm32f4xx.o
 .debug_line    0x000016dc      0x52e ./src/delay.o
 .debug_line    0x00001c0a      0x4d7 ./src/eq.o
 .debug_line    0x000020e1      0x4f0 ./src/line.o
 .debug_line    0x000025d1      0x95b ./src/main.o
 .debug_line    0x00002f2c      0xa4e ./src/midi.o
 .debug_line    0x0000397a      0x7b6 ./src/mode_analog_style.o
 .debug_line    0x00004130      0x551 ./src/mode_bass_delay.o
 .debug_line    0x00004681      0x7b3 ./src/mode_drum.o
 .debug_line    0x00004e34      0x7a4 ./src/mode_drum_synth.o
 .debug_line    0x000055d8      0x557 ./src/mode_filter_envelope.o
 .debug_line    0x00005b2f      0x7be ./src/mode_filter_man.o
 .debug_line    0x000062ed      0x545 ./src/mode_fm_ramp.o
 .debug_line    0x00006832      0x53e ./src/mode_mono_glider.o
 .debug_line    0x00006d70      0x58b ./src/mode_nazareth.o
 .debug_line    0x000072fb      0x7b9 ./src/mode_octave_mirror.o
 .debug_line    0x00007ab4      0x56d ./src/mode_plurden.o
 .debug_line    0x00008021      0x549 ./src/mode_simple_fm.o
 .debug_line    0x0000856a      0x542 ./src/mode_simple_sin.o
 .debug_line    0x00008aac      0x548 ./src/mode_wave_adder.o
 .debug_line    0x00008ff4      0x6b5 ./src/oscillator.o
 .debug_line    0x000096a9      0xd55 ./src/pp6.o
 .debug_line    0x0000a3fe      0x4fc ./src/sad.o
 .debug_line    0x0000a8fa      0x52a ./src/sadsr.o
 .debug_line    0x0000ae24      0x67b ./src/sequencer.o
 .debug_line    0x0000b49f      0x67e ./src/system_stm32f4xx.o
 .debug_line    0x0000bb1d      0x628 ./src/timer.o
 .debug_line    0x0000c145      0x628 ./src/uart.o
 .debug_line    0x0000c76d      0x4ef ./src/vcf.o
 .debug_line    0x0000cc5c      0x64f /home/owen/workspace-redsuite/StdPeriphLib_v100_STM32F4xx/Debug/libStdPeriphLib_v100_STM32F4xx.a(misc.o)
 .debug_line    0x0000d2ab      0x955 /home/owen/workspace-redsuite/StdPeriphLib_v100_STM32F4xx/Debug/libStdPeriphLib_v100_STM32F4xx.a(stm32f4xx_adc.o)
 .debug_line    0x0000dc00      0x73f /home/owen/workspace-redsuite/StdPeriphLib_v100_STM32F4xx/Debug/libStdPeriphLib_v100_STM32F4xx.a(stm32f4xx_gpio.o)
 .debug_line    0x0000e33f      0x9a1 /home/owen/workspace-redsuite/StdPeriphLib_v100_STM32F4xx/Debug/libStdPeriphLib_v100_STM32F4xx.a(stm32f4xx_rcc.o)
 .debug_line    0x0000ece0      0x689 /home/owen/workspace-redsuite/StdPeriphLib_v100_STM32F4xx/Debug/libStdPeriphLib_v100_STM32F4xx.a(stm32f4xx_rng.o)
 .debug_line    0x0000f369      0x855 /home/owen/workspace-redsuite/StdPeriphLib_v100_STM32F4xx/Debug/libStdPeriphLib_v100_STM32F4xx.a(stm32f4xx_spi.o)
 .debug_line    0x0000fbbe      0xe7a /home/owen/workspace-redsuite/StdPeriphLib_v100_STM32F4xx/Debug/libStdPeriphLib_v100_STM32F4xx.a(stm32f4xx_tim.o)
 .debug_line    0x00010a38      0x890 /home/owen/workspace-redsuite/StdPeriphLib_v100_STM32F4xx/Debug/libStdPeriphLib_v100_STM32F4xx.a(stm32f4xx_usart.o)
 .debug_line    0x000112c8      0x688 /home/owen/workspace-redsuite/StdPeriphLib_v100_STM32F4xx/Debug/libStdPeriphLib_v100_STM32F4xx.a(stm32f4xx_wwdg.o)
 .debug_line    0x00011950      0x4c8 /home/owen/workspace-redsuite/CMSISv2p10_DSPLIB_CM4/lib/libCMSISv2p10_DSPLIB_CM4.a(arm_float_to_q15.o)
 .debug_line    0x00011e18      0x487 /home/owen/workspace-redsuite/CMSISv2p10_DSPLIB_CM4/lib/libCMSISv2p10_DSPLIB_CM4.a(arm_sin_f32.o)

.debug_macinfo  0x00000000   0x832837
 .debug_macinfo
                0x00000000    0x5b0df ./src/CS4344.o
 .debug_macinfo
                0x0005b0df     0x4449 ./src/audio.o
 .debug_macinfo
                0x0005f528     0x446a ./src/comb.o
 .debug_macinfo
                0x00063992    0x5aeb9 ./src/cr_startup_stm32f4xx.o
 .debug_macinfo
                0x000be84b     0x446e ./src/delay.o
 .debug_macinfo
                0x000c2cb9     0x43d9 ./src/eq.o
 .debug_macinfo
                0x000c7092     0x4458 ./src/line.o
 .debug_macinfo
                0x000cb4ea    0x5bfd4 ./src/main.o
 .debug_macinfo
                0x001274be    0x5bbea ./src/midi.o
 .debug_macinfo
                0x001830a8    0x5ba13 ./src/mode_analog_style.o
 .debug_macinfo
                0x001deabb     0x47c8 ./src/mode_bass_delay.o
 .debug_macinfo
                0x001e3283    0x5ba0b ./src/mode_drum.o
 .debug_macinfo
                0x0023ec8e    0x5ba11 ./src/mode_drum_synth.o
 .debug_macinfo
                0x0029a69f     0x47ac ./src/mode_filter_envelope.o
 .debug_macinfo
                0x0029ee4b    0x5ba11 ./src/mode_filter_man.o
 .debug_macinfo
                0x002fa85c     0x47b4 ./src/mode_fm_ramp.o
 .debug_macinfo
                0x002ff010     0x47a8 ./src/mode_mono_glider.o
 .debug_macinfo
                0x003037b8     0x47a5 ./src/mode_nazareth.o
 .debug_macinfo
                0x00307f5d    0x5ba14 ./src/mode_octave_mirror.o
 .debug_macinfo
                0x00363971     0x47a4 ./src/mode_plurden.o
 .debug_macinfo
                0x00368115     0x47b6 ./src/mode_simple_fm.o
 .debug_macinfo
                0x0036c8cb     0x47a7 ./src/mode_simple_sin.o
 .debug_macinfo
                0x00371072     0x47a7 ./src/mode_wave_adder.o
 .debug_macinfo
                0x00375819     0x446e ./src/oscillator.o
 .debug_macinfo
                0x00379c87    0x5b945 ./src/pp6.o
 .debug_macinfo
                0x003d55cc     0x4457 ./src/sad.o
 .debug_macinfo
                0x003d9a23     0x4459 ./src/sadsr.o
 .debug_macinfo
                0x003dde7c     0x4763 ./src/sequencer.o
 .debug_macinfo
                0x003e25df    0x5aed1 ./src/system_stm32f4xx.o
 .debug_macinfo
                0x0043d4b0    0x5ae7d ./src/timer.o
 .debug_macinfo
                0x0049832d    0x5ae7c ./src/uart.o
 .debug_macinfo
                0x004f31a9     0x4457 ./src/vcf.o
 .debug_macinfo
                0x004f7600    0x5ae5f /home/owen/workspace-redsuite/StdPeriphLib_v100_STM32F4xx/Debug/libStdPeriphLib_v100_STM32F4xx.a(misc.o)
 .debug_macinfo
                0x0055245f    0x5b14d /home/owen/workspace-redsuite/StdPeriphLib_v100_STM32F4xx/Debug/libStdPeriphLib_v100_STM32F4xx.a(stm32f4xx_adc.o)
 .debug_macinfo
                0x005ad5ac    0x5ae33 /home/owen/workspace-redsuite/StdPeriphLib_v100_STM32F4xx/Debug/libStdPeriphLib_v100_STM32F4xx.a(stm32f4xx_gpio.o)
 .debug_macinfo
                0x006083df    0x5b33f /home/owen/workspace-redsuite/StdPeriphLib_v100_STM32F4xx/Debug/libStdPeriphLib_v100_STM32F4xx.a(stm32f4xx_rcc.o)
 .debug_macinfo
                0x0066371e    0x5ae33 /home/owen/workspace-redsuite/StdPeriphLib_v100_STM32F4xx/Debug/libStdPeriphLib_v100_STM32F4xx.a(stm32f4xx_rng.o)
 .debug_macinfo
                0x006be551    0x5af20 /home/owen/workspace-redsuite/StdPeriphLib_v100_STM32F4xx/Debug/libStdPeriphLib_v100_STM32F4xx.a(stm32f4xx_spi.o)
 .debug_macinfo
                0x00719471    0x5af0c /home/owen/workspace-redsuite/StdPeriphLib_v100_STM32F4xx/Debug/libStdPeriphLib_v100_STM32F4xx.a(stm32f4xx_tim.o)
 .debug_macinfo
                0x0077437d    0x5af5f /home/owen/workspace-redsuite/StdPeriphLib_v100_STM32F4xx/Debug/libStdPeriphLib_v100_STM32F4xx.a(stm32f4xx_usart.o)
 .debug_macinfo
                0x007cf2dc    0x5af41 /home/owen/workspace-redsuite/StdPeriphLib_v100_STM32F4xx/Debug/libStdPeriphLib_v100_STM32F4xx.a(stm32f4xx_wwdg.o)
 .debug_macinfo
                0x0082a21d     0x430d /home/owen/workspace-redsuite/CMSISv2p10_DSPLIB_CM4/lib/libCMSISv2p10_DSPLIB_CM4.a(arm_float_to_q15.o)
 .debug_macinfo
                0x0082e52a     0x430d /home/owen/workspace-redsuite/CMSISv2p10_DSPLIB_CM4/lib/libCMSISv2p10_DSPLIB_CM4.a(arm_sin_f32.o)

.debug_loc      0x00000000     0x69e6
 .debug_loc     0x00000000       0x70 ./src/CS4344.o
 .debug_loc     0x00000070       0x70 ./src/audio.o
 .debug_loc     0x000000e0       0xe0 ./src/comb.o
 .debug_loc     0x000001c0      0x28c ./src/cr_startup_stm32f4xx.o
 .debug_loc     0x0000044c       0xe2 ./src/delay.o
 .debug_loc     0x0000052e       0x70 ./src/eq.o
 .debug_loc     0x0000059e       0xe0 ./src/line.o
 .debug_loc     0x0000067e       0x9c ./src/main.o
 .debug_loc     0x0000071a      0x738 ./src/midi.o
 .debug_loc     0x00000e52       0x9c ./src/mode_analog_style.o
 .debug_loc     0x00000eee       0x9c ./src/mode_bass_delay.o
 .debug_loc     0x00000f8a       0xb4 ./src/mode_drum.o
 .debug_loc     0x0000103e       0x9c ./src/mode_drum_synth.o
 .debug_loc     0x000010da       0x90 ./src/mode_filter_envelope.o
 .debug_loc     0x0000116a       0xa8 ./src/mode_filter_man.o
 .debug_loc     0x00001212       0x9c ./src/mode_fm_ramp.o
 .debug_loc     0x000012ae       0x9c ./src/mode_mono_glider.o
 .debug_loc     0x0000134a       0x9c ./src/mode_nazareth.o
 .debug_loc     0x000013e6       0xa8 ./src/mode_octave_mirror.o
 .debug_loc     0x0000148e       0xa8 ./src/mode_plurden.o
 .debug_loc     0x00001536       0x9c ./src/mode_simple_fm.o
 .debug_loc     0x000015d2       0x90 ./src/mode_simple_sin.o
 .debug_loc     0x00001662       0x90 ./src/mode_wave_adder.o
 .debug_loc     0x000016f2      0x462 ./src/oscillator.o
 .debug_loc     0x00001b54      0xb24 ./src/pp6.o
 .debug_loc     0x00002678       0xe0 ./src/sad.o
 .debug_loc     0x00002758      0x150 ./src/sadsr.o
 .debug_loc     0x000028a8      0x3e4 ./src/sequencer.o
 .debug_loc     0x00002c8c       0x9c ./src/system_stm32f4xx.o
 .debug_loc     0x00002d28       0x90 ./src/timer.o
 .debug_loc     0x00002db8       0x70 ./src/uart.o
 .debug_loc     0x00002e28       0xa8 ./src/vcf.o
 .debug_loc     0x00002ed0      0x118 /home/owen/workspace-redsuite/StdPeriphLib_v100_STM32F4xx/Debug/libStdPeriphLib_v100_STM32F4xx.a(misc.o)
 .debug_loc     0x00002fe8      0x838 /home/owen/workspace-redsuite/StdPeriphLib_v100_STM32F4xx/Debug/libStdPeriphLib_v100_STM32F4xx.a(stm32f4xx_adc.o)
 .debug_loc     0x00003820      0x310 /home/owen/workspace-redsuite/StdPeriphLib_v100_STM32F4xx/Debug/libStdPeriphLib_v100_STM32F4xx.a(stm32f4xx_gpio.o)
 .debug_loc     0x00003b30      0x97c /home/owen/workspace-redsuite/StdPeriphLib_v100_STM32F4xx/Debug/libStdPeriphLib_v100_STM32F4xx.a(stm32f4xx_rcc.o)
 .debug_loc     0x000044ac      0x1a8 /home/owen/workspace-redsuite/StdPeriphLib_v100_STM32F4xx/Debug/libStdPeriphLib_v100_STM32F4xx.a(stm32f4xx_rng.o)
 .debug_loc     0x00004654      0x578 /home/owen/workspace-redsuite/StdPeriphLib_v100_STM32F4xx/Debug/libStdPeriphLib_v100_STM32F4xx.a(stm32f4xx_spi.o)
 .debug_loc     0x00004bcc     0x1420 /home/owen/workspace-redsuite/StdPeriphLib_v100_STM32F4xx/Debug/libStdPeriphLib_v100_STM32F4xx.a(stm32f4xx_tim.o)
 .debug_loc     0x00005fec      0x658 /home/owen/workspace-redsuite/StdPeriphLib_v100_STM32F4xx/Debug/libStdPeriphLib_v100_STM32F4xx.a(stm32f4xx_usart.o)
 .debug_loc     0x00006644      0x19c /home/owen/workspace-redsuite/StdPeriphLib_v100_STM32F4xx/Debug/libStdPeriphLib_v100_STM32F4xx.a(stm32f4xx_wwdg.o)
 .debug_loc     0x000067e0      0x178 /home/owen/workspace-redsuite/CMSISv2p10_DSPLIB_CM4/lib/libCMSISv2p10_DSPLIB_CM4.a(arm_float_to_q15.o)
 .debug_loc     0x00006958       0x8e /home/owen/workspace-redsuite/CMSISv2p10_DSPLIB_CM4/lib/libCMSISv2p10_DSPLIB_CM4.a(arm_sin_f32.o)

.debug_pubnames
                0x00000000     0x3100
 .debug_pubnames
                0x00000000       0x80 ./src/CS4344.o
 .debug_pubnames
                0x00000080       0x4b ./src/audio.o
 .debug_pubnames
                0x000000cb       0x54 ./src/comb.o
 .debug_pubnames
                0x0000011f      0x115 ./src/cr_startup_stm32f4xx.o
 .debug_pubnames
                0x00000234       0x58 ./src/delay.o
 .debug_pubnames
                0x0000028c       0x34 ./src/eq.o
 .debug_pubnames
                0x000002c0       0x53 ./src/line.o
 .debug_pubnames
                0x00000313      0x104 ./src/main.o
 .debug_pubnames
                0x00000417      0x333 ./src/midi.o
 .debug_pubnames
                0x0000074a       0x78 ./src/mode_analog_style.o
 .debug_pubnames
                0x000007c2       0x72 ./src/mode_bass_delay.o
 .debug_pubnames
                0x00000834       0x60 ./src/mode_drum.o
 .debug_pubnames
                0x00000894       0x72 ./src/mode_drum_synth.o
 .debug_pubnames
                0x00000906       0x81 ./src/mode_filter_envelope.o
 .debug_pubnames
                0x00000987       0x72 ./src/mode_filter_man.o
 .debug_pubnames
                0x000009f9       0x69 ./src/mode_fm_ramp.o
 .debug_pubnames
                0x00000a62       0xc5 ./src/mode_mono_glider.o
 .debug_pubnames
                0x00000b27       0x6c ./src/mode_nazareth.o
 .debug_pubnames
                0x00000b93       0x7b ./src/mode_octave_mirror.o
 .debug_pubnames
                0x00000c0e       0x69 ./src/mode_plurden.o
 .debug_pubnames
                0x00000c77       0x6f ./src/mode_simple_fm.o
 .debug_pubnames
                0x00000ce6       0x72 ./src/mode_simple_sin.o
 .debug_pubnames
                0x00000d58       0x72 ./src/mode_wave_adder.o
 .debug_pubnames
                0x00000dca      0x177 ./src/oscillator.o
 .debug_pubnames
                0x00000f41      0x5d3 ./src/pp6.o
 .debug_pubnames
                0x00001514       0x46 ./src/sad.o
 .debug_pubnames
                0x0000155a       0x74 ./src/sadsr.o
 .debug_pubnames
                0x000015ce      0x1df ./src/sequencer.o
 .debug_pubnames
                0x000017ad       0x61 ./src/system_stm32f4xx.o
 .debug_pubnames
                0x0000180e       0x44 ./src/timer.o
 .debug_pubnames
                0x00001852       0x2d ./src/uart.o
 .debug_pubnames
                0x0000187f       0x50 ./src/vcf.o
 .debug_pubnames
                0x000018cf       0x89 /home/owen/workspace-redsuite/StdPeriphLib_v100_STM32F4xx/Debug/libStdPeriphLib_v100_STM32F4xx.a(misc.o)
 .debug_pubnames
                0x00001958      0x446 /home/owen/workspace-redsuite/StdPeriphLib_v100_STM32F4xx/Debug/libStdPeriphLib_v100_STM32F4xx.a(stm32f4xx_adc.o)
 .debug_pubnames
                0x00001d9e      0x12d /home/owen/workspace-redsuite/StdPeriphLib_v100_STM32F4xx/Debug/libStdPeriphLib_v100_STM32F4xx.a(stm32f4xx_gpio.o)
 .debug_pubnames
                0x00001ecb      0x417 /home/owen/workspace-redsuite/StdPeriphLib_v100_STM32F4xx/Debug/libStdPeriphLib_v100_STM32F4xx.a(stm32f4xx_rcc.o)
 .debug_pubnames
                0x000022e2       0xac /home/owen/workspace-redsuite/StdPeriphLib_v100_STM32F4xx/Debug/libStdPeriphLib_v100_STM32F4xx.a(stm32f4xx_rng.o)
 .debug_pubnames
                0x0000238e      0x221 /home/owen/workspace-redsuite/StdPeriphLib_v100_STM32F4xx/Debug/libStdPeriphLib_v100_STM32F4xx.a(stm32f4xx_spi.o)
 .debug_pubnames
                0x000025af      0x7c4 /home/owen/workspace-redsuite/StdPeriphLib_v100_STM32F4xx/Debug/libStdPeriphLib_v100_STM32F4xx.a(stm32f4xx_tim.o)
 .debug_pubnames
                0x00002d73      0x294 /home/owen/workspace-redsuite/StdPeriphLib_v100_STM32F4xx/Debug/libStdPeriphLib_v100_STM32F4xx.a(stm32f4xx_usart.o)
 .debug_pubnames
                0x00003007       0xb0 /home/owen/workspace-redsuite/StdPeriphLib_v100_STM32F4xx/Debug/libStdPeriphLib_v100_STM32F4xx.a(stm32f4xx_wwdg.o)
 .debug_pubnames
                0x000030b7       0x27 /home/owen/workspace-redsuite/CMSISv2p10_DSPLIB_CM4/lib/libCMSISv2p10_DSPLIB_CM4.a(arm_float_to_q15.o)
 .debug_pubnames
                0x000030de       0x22 /home/owen/workspace-redsuite/CMSISv2p10_DSPLIB_CM4/lib/libCMSISv2p10_DSPLIB_CM4.a(arm_sin_f32.o)

.debug_pubtypes
                0x00000000     0x146d
 .debug_pubtypes
                0x00000000      0x116 ./src/CS4344.o
 .debug_pubtypes
                0x00000116       0x2d ./src/audio.o
 .debug_pubtypes
                0x00000143       0x2d ./src/comb.o
 .debug_pubtypes
                0x00000170       0x44 ./src/cr_startup_stm32f4xx.o
 .debug_pubtypes
                0x000001b4       0x20 ./src/delay.o
 .debug_pubtypes
                0x000001d4       0x38 ./src/eq.o
 .debug_pubtypes
                0x0000020c       0x36 ./src/line.o
 .debug_pubtypes
                0x00000242       0x86 ./src/main.o
 .debug_pubtypes
                0x000002c8       0x2a ./src/midi.o
 .debug_pubtypes
                0x000002f2       0x72 ./src/mode_analog_style.o
 .debug_pubtypes
                0x00000364       0x93 ./src/mode_bass_delay.o
 .debug_pubtypes
                0x000003f7       0x85 ./src/mode_drum.o
 .debug_pubtypes
                0x0000047c       0x69 ./src/mode_drum_synth.o
 .debug_pubtypes
                0x000004e5       0x69 ./src/mode_filter_envelope.o
 .debug_pubtypes
                0x0000054e       0x72 ./src/mode_filter_man.o
 .debug_pubtypes
                0x000005c0       0x6a ./src/mode_fm_ramp.o
 .debug_pubtypes
                0x0000062a       0x5a ./src/mode_mono_glider.o
 .debug_pubtypes
                0x00000684       0x62 ./src/mode_nazareth.o
 .debug_pubtypes
                0x000006e6       0x69 ./src/mode_octave_mirror.o
 .debug_pubtypes
                0x0000074f       0x84 ./src/mode_plurden.o
 .debug_pubtypes
                0x000007d3       0x6a ./src/mode_simple_fm.o
 .debug_pubtypes
                0x0000083d       0x84 ./src/mode_simple_sin.o
 .debug_pubtypes
                0x000008c1       0x84 ./src/mode_wave_adder.o
 .debug_pubtypes
                0x00000945       0xb0 ./src/oscillator.o
 .debug_pubtypes
                0x000009f5      0x131 ./src/pp6.o
 .debug_pubtypes
                0x00000b26       0x34 ./src/sad.o
 .debug_pubtypes
                0x00000b5a       0x36 ./src/sadsr.o
 .debug_pubtypes
                0x00000b90       0x39 ./src/sequencer.o
 .debug_pubtypes
                0x00000bc9       0x83 ./src/system_stm32f4xx.o
 .debug_pubtypes
                0x00000c4c       0x70 ./src/timer.o
 .debug_pubtypes
                0x00000cbc       0xe8 ./src/uart.o
 .debug_pubtypes
                0x00000da4       0x2f ./src/vcf.o
 .debug_pubtypes
                0x00000dd3       0x8c /home/owen/workspace-redsuite/StdPeriphLib_v100_STM32F4xx/Debug/libStdPeriphLib_v100_STM32F4xx.a(misc.o)
 .debug_pubtypes
                0x00000e5f       0xc9 /home/owen/workspace-redsuite/StdPeriphLib_v100_STM32F4xx/Debug/libStdPeriphLib_v100_STM32F4xx.a(stm32f4xx_adc.o)
 .debug_pubtypes
                0x00000f28       0xce /home/owen/workspace-redsuite/StdPeriphLib_v100_STM32F4xx/Debug/libStdPeriphLib_v100_STM32F4xx.a(stm32f4xx_gpio.o)
 .debug_pubtypes
                0x00000ff6       0xaa /home/owen/workspace-redsuite/StdPeriphLib_v100_STM32F4xx/Debug/libStdPeriphLib_v100_STM32F4xx.a(stm32f4xx_rcc.o)
 .debug_pubtypes
                0x000010a0       0x77 /home/owen/workspace-redsuite/StdPeriphLib_v100_STM32F4xx/Debug/libStdPeriphLib_v100_STM32F4xx.a(stm32f4xx_rng.o)
 .debug_pubtypes
                0x00001117       0xbc /home/owen/workspace-redsuite/StdPeriphLib_v100_STM32F4xx/Debug/libStdPeriphLib_v100_STM32F4xx.a(stm32f4xx_spi.o)
 .debug_pubtypes
                0x000011d3       0xe4 /home/owen/workspace-redsuite/StdPeriphLib_v100_STM32F4xx/Debug/libStdPeriphLib_v100_STM32F4xx.a(stm32f4xx_tim.o)
 .debug_pubtypes
                0x000012b7       0xcd /home/owen/workspace-redsuite/StdPeriphLib_v100_STM32F4xx/Debug/libStdPeriphLib_v100_STM32F4xx.a(stm32f4xx_usart.o)
 .debug_pubtypes
                0x00001384       0x57 /home/owen/workspace-redsuite/StdPeriphLib_v100_STM32F4xx/Debug/libStdPeriphLib_v100_STM32F4xx.a(stm32f4xx_wwdg.o)
 .debug_pubtypes
                0x000013db       0x59 /home/owen/workspace-redsuite/CMSISv2p10_DSPLIB_CM4/lib/libCMSISv2p10_DSPLIB_CM4.a(arm_float_to_q15.o)
 .debug_pubtypes
                0x00001434       0x39 /home/owen/workspace-redsuite/CMSISv2p10_DSPLIB_CM4/lib/libCMSISv2p10_DSPLIB_CM4.a(arm_sin_f32.o)

.debug_aranges  0x00000000     0x13b0
 .debug_aranges
                0x00000000       0x28 ./src/CS4344.o
 .debug_aranges
                0x00000028       0x28 ./src/audio.o
 .debug_aranges
                0x00000050       0x38 ./src/comb.o
 .debug_aranges
                0x00000088       0x88 ./src/cr_startup_stm32f4xx.o
 .debug_aranges
                0x00000110       0x38 ./src/delay.o
 .debug_aranges
                0x00000148       0x28 ./src/eq.o
 .debug_aranges
                0x00000170       0x38 ./src/line.o
 .debug_aranges
                0x000001a8       0x30 ./src/main.o
 .debug_aranges
                0x000001d8      0x138 ./src/midi.o
 .debug_aranges
                0x00000310       0x30 ./src/mode_analog_style.o
 .debug_aranges
                0x00000340       0x30 ./src/mode_bass_delay.o
 .debug_aranges
                0x00000370       0x30 ./src/mode_drum.o
 .debug_aranges
                0x000003a0       0x30 ./src/mode_drum_synth.o
 .debug_aranges
                0x000003d0       0x30 ./src/mode_filter_envelope.o
 .debug_aranges
                0x00000400       0x30 ./src/mode_filter_man.o
 .debug_aranges
                0x00000430       0x30 ./src/mode_fm_ramp.o
 .debug_aranges
                0x00000460       0x30 ./src/mode_mono_glider.o
 .debug_aranges
                0x00000490       0x30 ./src/mode_nazareth.o
 .debug_aranges
                0x000004c0       0x30 ./src/mode_octave_mirror.o
 .debug_aranges
                0x000004f0       0x30 ./src/mode_plurden.o
 .debug_aranges
                0x00000520       0x30 ./src/mode_simple_fm.o
 .debug_aranges
                0x00000550       0x30 ./src/mode_simple_sin.o
 .debug_aranges
                0x00000580       0x30 ./src/mode_wave_adder.o
 .debug_aranges
                0x000005b0       0xb8 ./src/oscillator.o
 .debug_aranges
                0x00000668      0x200 ./src/pp6.o
 .debug_aranges
                0x00000868       0x38 ./src/sad.o
 .debug_aranges
                0x000008a0       0x48 ./src/sadsr.o
 .debug_aranges
                0x000008e8       0xc0 ./src/sequencer.o
 .debug_aranges
                0x000009a8       0x30 ./src/system_stm32f4xx.o
 .debug_aranges
                0x000009d8       0x30 ./src/timer.o
 .debug_aranges
                0x00000a08       0x28 ./src/uart.o
 .debug_aranges
                0x00000a30       0x30 ./src/vcf.o
 .debug_aranges
                0x00000a60       0x40 /home/owen/workspace-redsuite/StdPeriphLib_v100_STM32F4xx/Debug/libStdPeriphLib_v100_STM32F4xx.a(misc.o)
 .debug_aranges
                0x00000aa0      0x148 /home/owen/workspace-redsuite/StdPeriphLib_v100_STM32F4xx/Debug/libStdPeriphLib_v100_STM32F4xx.a(stm32f4xx_adc.o)
 .debug_aranges
                0x00000be8       0x88 /home/owen/workspace-redsuite/StdPeriphLib_v100_STM32F4xx/Debug/libStdPeriphLib_v100_STM32F4xx.a(stm32f4xx_gpio.o)
 .debug_aranges
                0x00000c70      0x178 /home/owen/workspace-redsuite/StdPeriphLib_v100_STM32F4xx/Debug/libStdPeriphLib_v100_STM32F4xx.a(stm32f4xx_rcc.o)
 .debug_aranges
                0x00000de8       0x58 /home/owen/workspace-redsuite/StdPeriphLib_v100_STM32F4xx/Debug/libStdPeriphLib_v100_STM32F4xx.a(stm32f4xx_rng.o)
 .debug_aranges
                0x00000e40       0xe0 /home/owen/workspace-redsuite/StdPeriphLib_v100_STM32F4xx/Debug/libStdPeriphLib_v100_STM32F4xx.a(stm32f4xx_spi.o)
 .debug_aranges
                0x00000f20      0x2f8 /home/owen/workspace-redsuite/StdPeriphLib_v100_STM32F4xx/Debug/libStdPeriphLib_v100_STM32F4xx.a(stm32f4xx_tim.o)
 .debug_aranges
                0x00001218      0x100 /home/owen/workspace-redsuite/StdPeriphLib_v100_STM32F4xx/Debug/libStdPeriphLib_v100_STM32F4xx.a(stm32f4xx_usart.o)
 .debug_aranges
                0x00001318       0x58 /home/owen/workspace-redsuite/StdPeriphLib_v100_STM32F4xx/Debug/libStdPeriphLib_v100_STM32F4xx.a(stm32f4xx_wwdg.o)
 .debug_aranges
                0x00001370       0x20 /home/owen/workspace-redsuite/CMSISv2p10_DSPLIB_CM4/lib/libCMSISv2p10_DSPLIB_CM4.a(arm_float_to_q15.o)
 .debug_aranges
                0x00001390       0x20 /home/owen/workspace-redsuite/CMSISv2p10_DSPLIB_CM4/lib/libCMSISv2p10_DSPLIB_CM4.a(arm_sin_f32.o)

.debug_ranges   0x00000000     0x1258
 .debug_ranges  0x00000000       0x18 ./src/CS4344.o
 .debug_ranges  0x00000018       0x18 ./src/audio.o
 .debug_ranges  0x00000030       0x28 ./src/comb.o
 .debug_ranges  0x00000058       0x78 ./src/cr_startup_stm32f4xx.o
 .debug_ranges  0x000000d0       0x28 ./src/delay.o
 .debug_ranges  0x000000f8       0x18 ./src/eq.o
 .debug_ranges  0x00000110       0x28 ./src/line.o
 .debug_ranges  0x00000138       0x20 ./src/main.o
 .debug_ranges  0x00000158      0x128 ./src/midi.o
 .debug_ranges  0x00000280       0x20 ./src/mode_analog_style.o
 .debug_ranges  0x000002a0       0x20 ./src/mode_bass_delay.o
 .debug_ranges  0x000002c0       0x20 ./src/mode_drum.o
 .debug_ranges  0x000002e0       0x20 ./src/mode_drum_synth.o
 .debug_ranges  0x00000300       0x20 ./src/mode_filter_envelope.o
 .debug_ranges  0x00000320       0x20 ./src/mode_filter_man.o
 .debug_ranges  0x00000340       0x20 ./src/mode_fm_ramp.o
 .debug_ranges  0x00000360       0x20 ./src/mode_mono_glider.o
 .debug_ranges  0x00000380       0x20 ./src/mode_nazareth.o
 .debug_ranges  0x000003a0       0x20 ./src/mode_octave_mirror.o
 .debug_ranges  0x000003c0       0x20 ./src/mode_plurden.o
 .debug_ranges  0x000003e0       0x20 ./src/mode_simple_fm.o
 .debug_ranges  0x00000400       0x20 ./src/mode_simple_sin.o
 .debug_ranges  0x00000420       0x20 ./src/mode_wave_adder.o
 .debug_ranges  0x00000440       0xa8 ./src/oscillator.o
 .debug_ranges  0x000004e8      0x1f0 ./src/pp6.o
 .debug_ranges  0x000006d8       0x28 ./src/sad.o
 .debug_ranges  0x00000700       0x38 ./src/sadsr.o
 .debug_ranges  0x00000738       0xb0 ./src/sequencer.o
 .debug_ranges  0x000007e8       0x20 ./src/system_stm32f4xx.o
 .debug_ranges  0x00000808       0x20 ./src/timer.o
 .debug_ranges  0x00000828       0x18 ./src/uart.o
 .debug_ranges  0x00000840       0x20 ./src/vcf.o
 .debug_ranges  0x00000860       0x30 /home/owen/workspace-redsuite/StdPeriphLib_v100_STM32F4xx/Debug/libStdPeriphLib_v100_STM32F4xx.a(misc.o)
 .debug_ranges  0x00000890      0x138 /home/owen/workspace-redsuite/StdPeriphLib_v100_STM32F4xx/Debug/libStdPeriphLib_v100_STM32F4xx.a(stm32f4xx_adc.o)
 .debug_ranges  0x000009c8       0x78 /home/owen/workspace-redsuite/StdPeriphLib_v100_STM32F4xx/Debug/libStdPeriphLib_v100_STM32F4xx.a(stm32f4xx_gpio.o)
 .debug_ranges  0x00000a40      0x168 /home/owen/workspace-redsuite/StdPeriphLib_v100_STM32F4xx/Debug/libStdPeriphLib_v100_STM32F4xx.a(stm32f4xx_rcc.o)
 .debug_ranges  0x00000ba8       0x48 /home/owen/workspace-redsuite/StdPeriphLib_v100_STM32F4xx/Debug/libStdPeriphLib_v100_STM32F4xx.a(stm32f4xx_rng.o)
 .debug_ranges  0x00000bf0       0xd0 /home/owen/workspace-redsuite/StdPeriphLib_v100_STM32F4xx/Debug/libStdPeriphLib_v100_STM32F4xx.a(stm32f4xx_spi.o)
 .debug_ranges  0x00000cc0      0x2e8 /home/owen/workspace-redsuite/StdPeriphLib_v100_STM32F4xx/Debug/libStdPeriphLib_v100_STM32F4xx.a(stm32f4xx_tim.o)
 .debug_ranges  0x00000fa8       0xf0 /home/owen/workspace-redsuite/StdPeriphLib_v100_STM32F4xx/Debug/libStdPeriphLib_v100_STM32F4xx.a(stm32f4xx_usart.o)
 .debug_ranges  0x00001098       0x48 /home/owen/workspace-redsuite/StdPeriphLib_v100_STM32F4xx/Debug/libStdPeriphLib_v100_STM32F4xx.a(stm32f4xx_wwdg.o)
 .debug_ranges  0x000010e0      0x168 /home/owen/workspace-redsuite/CMSISv2p10_DSPLIB_CM4/lib/libCMSISv2p10_DSPLIB_CM4.a(arm_float_to_q15.o)
 .debug_ranges  0x00001248       0x10 /home/owen/workspace-redsuite/CMSISv2p10_DSPLIB_CM4/lib/libCMSISv2p10_DSPLIB_CM4.a(arm_sin_f32.o)

.debug_str      0x00000000     0x48d6
 .debug_str     0x00000000      0x93d ./src/CS4344.o
                                0x97a (size before relaxing)
 .debug_str     0x0000093d       0x4f ./src/audio.o
                                0x110 (size before relaxing)
 .debug_str     0x0000098c       0xc5 ./src/comb.o
                                0x197 (size before relaxing)
 .debug_str     0x00000a51      0x1b4 ./src/cr_startup_stm32f4xx.o
                                0x2ac (size before relaxing)
 .debug_str     0x00000c05       0x6d ./src/delay.o
                                0x155 (size before relaxing)
 .debug_str     0x00000c72       0x85 ./src/eq.o
                                0x150 (size before relaxing)
 .debug_str     0x00000cf7       0x6c ./src/line.o
                                0x13f (size before relaxing)
 .debug_str     0x00000d63      0x162 ./src/main.o
                                0x340 (size before relaxing)
 .debug_str     0x00000ec5      0x25d ./src/midi.o
                                0x3db (size before relaxing)
 .debug_str     0x00001122      0x115 ./src/mode_analog_style.o
                                0x261 (size before relaxing)
 .debug_str     0x00001237       0xc5 ./src/mode_bass_delay.o
                                0x294 (size before relaxing)
 .debug_str     0x000012fc       0xa3 ./src/mode_drum.o
                                0x2ab (size before relaxing)
 .debug_str     0x0000139f       0x6d ./src/mode_drum_synth.o
                                0x207 (size before relaxing)
 .debug_str     0x0000140c       0x8e ./src/mode_filter_envelope.o
                                0x22e (size before relaxing)
 .debug_str     0x0000149a       0x8e ./src/mode_filter_man.o
                                0x27a (size before relaxing)
 .debug_str     0x00001528       0xe9 ./src/mode_fm_ramp.o
                                0x280 (size before relaxing)
 .debug_str     0x00001611       0x80 ./src/mode_mono_glider.o
                                0x1e4 (size before relaxing)
 .debug_str     0x00001691       0x8a ./src/mode_nazareth.o
                                0x21c (size before relaxing)
 .debug_str     0x0000171b       0x85 ./src/mode_octave_mirror.o
                                0x246 (size before relaxing)
 .debug_str     0x000017a0       0x75 ./src/mode_plurden.o
                                0x270 (size before relaxing)
 .debug_str     0x00001815       0x69 ./src/mode_simple_fm.o
                                0x282 (size before relaxing)
 .debug_str     0x0000187e       0x6d ./src/mode_simple_sin.o
                                0x268 (size before relaxing)
 .debug_str     0x000018eb       0x6d ./src/mode_wave_adder.o
                                0x268 (size before relaxing)
 .debug_str     0x00001958      0x1cb ./src/oscillator.o
                                0x3b1 (size before relaxing)
 .debug_str     0x00001b23      0x71d ./src/pp6.o
                                0xb06 (size before relaxing)
 .debug_str     0x00002240       0x48 ./src/sad.o
                                0x13f (size before relaxing)
 .debug_str     0x00002288       0x63 ./src/sadsr.o
                                0x186 (size before relaxing)
 .debug_str     0x000022eb      0x248 ./src/sequencer.o
                                0x326 (size before relaxing)
 .debug_str     0x00002533      0x164 ./src/system_stm32f4xx.o
                                0x2fe (size before relaxing)
 .debug_str     0x00002697      0x13a ./src/timer.o
                                0x285 (size before relaxing)
 .debug_str     0x000027d1       0xa8 ./src/uart.o
                                0x395 (size before relaxing)
 .debug_str     0x00002879       0x49 ./src/vcf.o
                                0x149 (size before relaxing)
 .debug_str     0x000028c2      0x171 /home/owen/workspace-redsuite/StdPeriphLib_v100_STM32F4xx/Debug/libStdPeriphLib_v100_STM32F4xx.a(misc.o)
                                0x339 (size before relaxing)
 .debug_str     0x00002a33      0x4d6 /home/owen/workspace-redsuite/StdPeriphLib_v100_STM32F4xx/Debug/libStdPeriphLib_v100_STM32F4xx.a(stm32f4xx_adc.o)
                                0x764 (size before relaxing)
 .debug_str     0x00002f09      0x171 /home/owen/workspace-redsuite/StdPeriphLib_v100_STM32F4xx/Debug/libStdPeriphLib_v100_STM32F4xx.a(stm32f4xx_gpio.o)
                                0x403 (size before relaxing)
 .debug_str     0x0000307a      0x537 /home/owen/workspace-redsuite/StdPeriphLib_v100_STM32F4xx/Debug/libStdPeriphLib_v100_STM32F4xx.a(stm32f4xx_rcc.o)
                                0x7b0 (size before relaxing)
 .debug_str     0x000035b1       0xad /home/owen/workspace-redsuite/StdPeriphLib_v100_STM32F4xx/Debug/libStdPeriphLib_v100_STM32F4xx.a(stm32f4xx_rng.o)
                                0x1e4 (size before relaxing)
 .debug_str     0x0000365e      0x2e6 /home/owen/workspace-redsuite/StdPeriphLib_v100_STM32F4xx/Debug/libStdPeriphLib_v100_STM32F4xx.a(stm32f4xx_spi.o)
                                0x5ea (size before relaxing)
 .debug_str     0x00003944      0xa54 /home/owen/workspace-redsuite/StdPeriphLib_v100_STM32F4xx/Debug/libStdPeriphLib_v100_STM32F4xx.a(stm32f4xx_tim.o)
                                0xd30 (size before relaxing)
 .debug_str     0x00004398      0x378 /home/owen/workspace-redsuite/StdPeriphLib_v100_STM32F4xx/Debug/libStdPeriphLib_v100_STM32F4xx.a(stm32f4xx_usart.o)
                                0x5ef (size before relaxing)