Archive member included because of file (symbol)

/home/owen/workspace-redsuite/StdPeriphLib_v100_STM32F4xx/Debug/libStdPeriphLib_v100_STM32F4xx.a(misc.o)
                              ./src/CS4344.o (NVIC_Init)
/home/owen/workspace-redsuite/StdPeriphLib_v100_STM32F4xx/Debug/libStdPeriphLib_v100_STM32F4xx.a(stm32f4xx_adc.o)
                              ./src/pp6.o (ADC_Init)
/home/owen/workspace-redsuite/StdPeriphLib_v100_STM32F4xx/Debug/libStdPeriphLib_v100_STM32F4xx.a(stm32f4xx_gpio.o)
                              ./src/CS4344.o (GPIO_Init)
/home/owen/workspace-redsuite/StdPeriphLib_v100_STM32F4xx/Debug/libStdPeriphLib_v100_STM32F4xx.a(stm32f4xx_rcc.o)
                              ./src/CS4344.o (RCC_AHB1PeriphClockCmd)
/home/owen/workspace-redsuite/StdPeriphLib_v100_STM32F4xx/Debug/libStdPeriphLib_v100_STM32F4xx.a(stm32f4xx_rng.o)
                              ./src/main.o (RNG_Cmd)
/home/owen/workspace-redsuite/StdPeriphLib_v100_STM32F4xx/Debug/libStdPeriphLib_v100_STM32F4xx.a(stm32f4xx_spi.o)
                              ./src/CS4344.o (SPI_I2S_DeInit)
/home/owen/workspace-redsuite/StdPeriphLib_v100_STM32F4xx/Debug/libStdPeriphLib_v100_STM32F4xx.a(stm32f4xx_tim.o)
                              ./src/timer.o (TIM_TimeBaseInit)
/home/owen/workspace-redsuite/StdPeriphLib_v100_STM32F4xx/Debug/libStdPeriphLib_v100_STM32F4xx.a(stm32f4xx_usart.o)
                              ./src/uart.o (USART_Init)
/home/owen/workspace-redsuite/StdPeriphLib_v100_STM32F4xx/Debug/libStdPeriphLib_v100_STM32F4xx.a(stm32f4xx_wwdg.o)
                              ./src/cr_startup_stm32f4xx.o (WWDG_SetPrescaler)
/home/owen/workspace-redsuite/CMSISv2p10_DSPLIB_CM4/lib/libCMSISv2p10_DSPLIB_CM4.a(arm_float_to_q15.o)
                              ./src/main.o (arm_float_to_q15)
/home/owen/workspace-redsuite/CMSISv2p10_DSPLIB_CM4/lib/libCMSISv2p10_DSPLIB_CM4.a(arm_sin_f32.o)
                              ./src/oscillator.o (arm_sin_f32)
/usr/local/redsuite_4.2.3_255/redsuite/tools/bin/../lib/gcc/arm-none-eabi/4.5.1/../../../../arm-none-eabi/lib/thumb2/libcr_c.a(__weak__main.o)
                              ./src/cr_startup_stm32f4xx.o (__main)
/usr/local/redsuite_4.2.3_255/redsuite/tools/bin/../lib/gcc/arm-none-eabi/4.5.1/../../../../arm-none-eabi/lib/thumb2/libcr_c.a(sinf.o)
                              ./src/eq.o (sinf)
/usr/local/redsuite_4.2.3_255/redsuite/tools/bin/../lib/gcc/arm-none-eabi/4.5.1/../../../../arm-none-eabi/lib/thumb2/libcr_c.a(memset.o)
                              ./src/eq.o (memset)
/usr/local/redsuite_4.2.3_255/redsuite/tools/bin/../lib/gcc/arm-none-eabi/4.5.1/../../../../arm-none-eabi/lib/thumb2/libcr_c.a(_sincosf.o)
                              /usr/local/redsuite_4.2.3_255/redsuite/tools/bin/../lib/gcc/arm-none-eabi/4.5.1/../../../../arm-none-eabi/lib/thumb2/libcr_c.a(sinf.o) (_sincosf)
/usr/local/redsuite_4.2.3_255/redsuite/tools/bin/../lib/gcc/arm-none-eabi/4.5.1/../../../../arm-none-eabi/lib/thumb2/libcr_c.a(fabsf.o)
                              /usr/local/redsuite_4.2.3_255/redsuite/tools/bin/../lib/gcc/arm-none-eabi/4.5.1/../../../../arm-none-eabi/lib/thumb2/libcr_c.a(_sincosf.o) (fabsf)
/usr/local/redsuite_4.2.3_255/redsuite/tools/bin/../lib/gcc/arm-none-eabi/4.5.1/../../../../arm-none-eabi/lib/thumb2/libcr_c.a(errno.o)
                              /usr/local/redsuite_4.2.3_255/redsuite/tools/bin/../lib/gcc/arm-none-eabi/4.5.1/../../../../arm-none-eabi/lib/thumb2/libcr_c.a(_sincosf.o) (errno)
/usr/local/redsuite_4.2.3_255/redsuite/tools/bin/../lib/gcc/arm-none-eabi/4.5.1/thumb2/libcr_eabihelpers.a(double.o)
                              /usr/local/redsuite_4.2.3_255/redsuite/tools/bin/../lib/gcc/arm-none-eabi/4.5.1/../../../../arm-none-eabi/lib/thumb2/libcr_c.a(_sincosf.o) (__aeabi_dmul)
/usr/local/redsuite_4.2.3_255/redsuite/tools/bin/../lib/gcc/arm-none-eabi/4.5.1/thumb2/libcr_eabihelpers.a(float.o)
                              /usr/local/redsuite_4.2.3_255/redsuite/tools/bin/../lib/gcc/arm-none-eabi/4.5.1/../../../../arm-none-eabi/lib/thumb2/libcr_c.a(_sincosf.o) (__aeabi_fmul)
/usr/local/redsuite_4.2.3_255/redsuite/tools/bin/../lib/gcc/arm-none-eabi/4.5.1/thumb2/libcr_eabihelpers.a(memcpy.o)
                              /usr/local/redsuite_4.2.3_255/redsuite/tools/bin/../lib/gcc/arm-none-eabi/4.5.1/../../../../arm-none-eabi/lib/thumb2/libcr_c.a(memset.o) (__aeabi_lowlevel_memset)

Allocating common symbols
Common symbol       size              file

saw4                0xc               ./src/mode_mono_glider.o
saw1                0xc               ./src/mode_mono_glider.o
f                   0x4               ./src/mode_mono_glider.o
recvArg0_           0x4               ./src/main.o
eq                  0x40              ./src/main.o
channelIn_          0x4               ./src/main.o
amp                 0x4               ./src/mode_mono_glider.o
uart_recv_buf       0x20              ./src/main.o
amp_env             0x1c              ./src/mode_mono_glider.o
[...]
Memory Configuration

Name             Origin             Length             Attributes
MFlash1024       0x08000000         0x00100000         xr
Ram112           0x20000000         0x0001c000         xrw
PeriphRam16      0x2001c000         0x00004000         xrw
Ram64            0x10000000         0x00010000         xrw
*default*        0x00000000         0xffffffff

Linker script and memory map

LOAD ./src/CS4344.o
LOAD ./src/audio.o
LOAD ./src/comb.o
LOAD ./src/cr_startup_stm32f4xx.o
LOAD ./src/eq.o
LOAD ./src/line.o
LOAD ./src/main.o
LOAD ./src/midi.o
LOAD ./src/mode_analog_style.o
LOAD ./src/mode_drum.o
LOAD ./src/mode_drum_synth.o
LOAD ./src/mode_filter_envelope.o
LOAD ./src/mode_filter_man.o
LOAD ./src/mode_mono_glider.o
LOAD ./src/mode_nazareth.o
LOAD ./src/mode_octave_mirror.o
LOAD ./src/mode_simple_fm.o
LOAD ./src/mode_simple_sin.o
LOAD ./src/mode_wave_adder.o
LOAD ./src/oscillator.o
LOAD ./src/pp6.o
LOAD ./src/sad.o
LOAD ./src/sadsr.o
LOAD ./src/sequencer.o
LOAD ./src/system_stm32f4xx.o
LOAD ./src/timer.o
LOAD ./src/uart.o
LOAD ./src/vcf.o
LOAD /home/owen/workspace-redsuite/StdPeriphLib_v100_STM32F4xx/Debug/libStdPeriphLib_v100_STM32F4xx.a
LOAD /home/owen/workspace-redsuite/CMSISv2p10_STM32F4xx/Debug/libCMSISv2p10_STM32F4xx.a
LOAD /home/owen/workspace-redsuite/CMSISv2p10_DSPLIB_CM4/lib/libCMSISv2p10_DSPLIB_CM4.a
START GROUP
LOAD /usr/local/redsuite_4.2.3_255/redsuite/tools/bin/../lib/gcc/arm-none-eabi/4.5.1/../../../../arm-none-eabi/lib/thumb2/libcr_c.a
LOAD /usr/local/redsuite_4.2.3_255/redsuite/tools/bin/../lib/gcc/arm-none-eabi/4.5.1/thumb2/libcr_eabihelpers.a
END GROUP
                0x08100000                __top_MFlash1024 = 0x8100000
                0x2001c000                __top_Ram112 = 0x2001c000
                0x20020000                __top_PeriphRam16 = 0x20020000
                0x10010000                __top_Ram64 = 0x10010000

.text           0x08000000     0x7bc4
 FILL mask 0xff
 *(.isr_vector)
 .isr_vector    0x08000000      0x188 ./src/cr_startup_stm32f4xx.o
                0x08000000                g_pfnVectors
                0x08000188                . = ALIGN (0x4)
                0x08000188                __section_table_start = .
                0x08000188                __data_section_table = .
                0x08000188        0x4 LONG 0x8007bc4 LOADADDR (.data)
                0x0800018c        0x4 LONG 0x20000000 ADDR (.data)
                0x08000190        0x4 LONG 0x26c SIZEOF (.data)
                0x08000194        0x4 LONG 0x8007bc4 LOADADDR (.data_RAM2)
                0x08000198        0x4 LONG 0x2001c000 ADDR (.data_RAM2)
                0x0800019c        0x4 LONG 0x0 SIZEOF (.data_RAM2)
                0x080001a0        0x4 LONG 0x8007bc4 LOADADDR (.data_RAM3)
                0x080001a4        0x4 LONG 0x10000000 ADDR (.data_RAM3)
                0x080001a8        0x4 LONG 0x0 SIZEOF (.data_RAM3)
                0x080001ac                __data_section_table_end = .
                0x080001ac                __bss_section_table = .
                0x080001ac        0x4 LONG 0x2000026c ADDR (.bss)
                0x080001b0        0x4 LONG 0x15c4 SIZEOF (.bss)
                0x080001b4        0x4 LONG 0x2001c000 ADDR (.bss_RAM2)
                0x080001b8        0x4 LONG 0x0 SIZEOF (.bss_RAM2)
                0x080001bc        0x4 LONG 0x10000000 ADDR (.bss_RAM3)
                0x080001c0        0x4 LONG 0x0 SIZEOF (.bss_RAM3)
                0x080001c4                __bss_section_table_end = .
                0x080001c4                __section_table_end = .
 *(.after_vectors*)
 .after_vectors
                0x080001c4      0x17c ./src/cr_startup_stm32f4xx.o
                0x080001c4                data_init
                0x08000214                bss_init
                0x08000254                ResetISR
                0x080002e8                NMI_Handler
                0x080002f0                HardFault_Handler
                0x080002fc                MemManage_Handler
                0x08000304                BusFault_Handler
                0x0800030c                UsageFault_Handler
                0x08000314                SVC_Handler
                0x0800031c                DebugMon_Handler
                0x08000324                PendSV_Handler
                0x0800032c                SysTick_Handler
                0x08000334                RTC_Alarm_IRQHandler
                0x08000334                HASH_RNG_IRQHandler
                0x08000334                EXTI2_IRQHandler
                0x08000334                TIM8_CC_IRQHandler
                0x08000334                TIM1_CC_IRQHandler
                0x08000334                DMA2_Stream5_IRQHandler
                0x08000334                DMA1_Stream5_IRQHandler
                0x08000334                PVD_IRQHandler
                0x08000334                SDIO_IRQHandler
                0x08000334                TAMP_STAMP_IRQHandler
                0x08000334                CAN2_RX1_IRQHandler
                0x08000334                EXTI3_IRQHandler
                0x08000334                TIM8_TRG_COM_TIM14_IRQHandler
                0x08000334                TIM1_UP_TIM10_IRQHandler
                0x08000334                TIM8_UP_TIM13_IRQHandler
                0x08000334                I2C3_ER_IRQHandler
                0x08000334                EXTI0_IRQHandler
                0x08000334                I2C2_EV_IRQHandler
                0x08000334                DMA1_Stream2_IRQHandler
                0x08000334                CAN1_RX0_IRQHandler
                0x08000334                FPU_IRQHandler
                0x08000334                OTG_HS_WKUP_IRQHandler
                0x08000334                CAN2_SCE_IRQHandler
                0x08000334                DMA2_Stream2_IRQHandler
                0x08000334                SPI1_IRQHandler
                0x08000334                IntDefaultHandler
                0x08000334                TIM6_DAC_IRQHandler
                0x08000334                TIM1_BRK_TIM9_IRQHandler
                0x08000334                DCMI_IRQHandler
                0x08000334                CAN2_RX0_IRQHandler
                0x08000334                DMA2_Stream3_IRQHandler
                0x08000334                USART6_IRQHandler
                0x08000334                USART3_IRQHandler
                0x08000334                CRYP_IRQHandler
                0x08000334                CAN1_RX1_IRQHandler
                0x08000334                UART5_IRQHandler
                0x08000334                DMA2_Stream0_IRQHandler
                0x08000334                TIM4_IRQHandler
                0x08000334                I2C1_EV_IRQHandler
                0x08000334                DMA1_Stream6_IRQHandler
                0x08000334                DMA1_Stream1_IRQHandler
                0x08000334                UART4_IRQHandler
                0x08000334                TIM3_IRQHandler
                0x08000334                RCC_IRQHandler
                0x08000334                TIM8_BRK_TIM12_IRQHandler
                0x08000334                EXTI15_10_IRQHandler
                0x08000334                ADC_IRQHandler
                0x08000334                DMA1_Stream7_IRQHandler
                0x08000334                TIM7_IRQHandler
                0x08000334                CAN2_TX_IRQHandler
                0x08000334                TIM5_IRQHandler
                0x08000334                DMA2_Stream7_IRQHandler
                0x08000334                I2C3_EV_IRQHandler
                0x08000334                EXTI9_5_IRQHandler
                0x08000334                RTC_WKUP_IRQHandler
                0x08000334                ETH_WKUP_IRQHandler
                0x08000334                SPI2_IRQHandler
                0x08000334                OTG_HS_EP1_IN_IRQHandler
                0x08000334                DMA1_Stream0_IRQHandler
                0x08000334                CAN1_TX_IRQHandler
                0x08000334                EXTI4_IRQHandler
                0x08000334                FSMC_IRQHandler
                0x08000334                ETH_IRQHandler
                0x08000334                OTG_HS_EP1_OUT_IRQHandler
                0x08000334                WWDG_IRQHandler
                0x08000334                TIM2_IRQHandler
                0x08000334                OTG_FS_WKUP_IRQHandler
                0x08000334                TIM1_TRG_COM_TIM11_IRQHandler
                0x08000334                OTG_HS_IRQHandler
                0x08000334                EXTI1_IRQHandler
                0x08000334                USART2_IRQHandler
                0x08000334                I2C2_ER_IRQHandler
                0x08000334                DMA2_Stream1_IRQHandler
                0x08000334                CAN1_SCE_IRQHandler
                0x08000334                FLASH_IRQHandler
                0x08000334                DMA2_Stream4_IRQHandler
                0x08000334                USART1_IRQHandler
                0x08000334                OTG_FS_IRQHandler
                0x08000334                DMA1_Stream4_IRQHandler
                0x08000334                I2C1_ER_IRQHandler
                0x08000334                DMA2_Stream6_IRQHandler
                0x08000334                DMA1_Stream3_IRQHandler
 *(.text*)
 .text.CS4344_init
                0x08000340      0x17c ./src/CS4344.o
                0x08000340                CS4344_init
 .text.SPI3_IRQHandler
                0x080004bc       0x94 ./src/CS4344.o
                0x080004bc                SPI3_IRQHandler
 .text.c_to_f   0x08000550       0xf0 ./src/audio.o
                0x08000550                c_to_f
 .text.c_to_f_ratio
                0x08000640       0xe4 ./src/audio.o
                0x08000640                c_to_f_ratio
 .text.NVIC_SystemReset
                0x08000724       0x34 ./src/cr_startup_stm32f4xx.o
 .text.init_3band_state
                0x08000758       0xb0 ./src/eq.o
                0x08000758                init_3band_state
 .text.do_3band
                0x08000808      0x21c ./src/eq.o
                0x08000808                do_3band
 .text.line_set
                0x08000a24       0x1c ./src/line.o
                0x08000a24                line_set
 .text.line_go  0x08000a40       0x74 ./src/line.o
                0x08000a40                line_go
 .text.line_process
                0x08000ab4       0x54 ./src/line.o
                0x08000ab4                line_process
 .text.main     0x08000b08      0x5a0 ./src/main.o
                0x08000b08                main
 .text.flash_led_record_enable
                0x080010a8       0x40 ./src/main.o
 .text.Delay    0x080010e8       0x2c ./src/main.o
                0x080010e8                Delay
 .text.midi_init
                0x08001114       0x7c ./src/midi.o
                0x08001114                midi_init
 .text.mode_analog_style_init
                0x08001190       0x30 ./src/mode_analog_style.o
                0x08001190                mode_analog_style_init
 .text.mode_analog_style_sample_process
                0x080011c0      0x1a8 ./src/mode_analog_style.o
                0x080011c0                mode_analog_style_sample_process
 .text.mode_analog_style_control_process
                0x08001368      0x100 ./src/mode_analog_style.o
                0x08001368                mode_analog_style_control_process
 .text.mode_filter_envelope_init
                0x08001468       0x64 ./src/mode_filter_envelope.o
                0x08001468                mode_filter_envelope_init
 .text.mode_filter_envelope_sample_process
                0x080014cc      0x198 ./src/mode_filter_envelope.o
                0x080014cc                mode_filter_envelope_sample_process
 .text.mode_filter_envelope_control_process
                0x08001664      0x138 ./src/mode_filter_envelope.o
                0x08001664                mode_filter_envelope_control_process
 .text.mode_filter_man_init
                0x0800179c       0x30 ./src/mode_filter_man.o
                0x0800179c                mode_filter_man_init
 .text.mode_nazareth_sample_process
                0x080017cc      0x208 ./src/mode_nazareth.o
                0x080017cc                mode_nazareth_sample_process
 .text.mode_nazareth_control_process
                0x080019d4      0x1e8 ./src/mode_nazareth.o
                0x080019d4                mode_nazareth_control_process
 .text.mode_octave_mirror_init
                0x08001bbc       0x30 ./src/mode_octave_mirror.o
                0x08001bbc                mode_octave_mirror_init
 .text.mode_simple_fm_init
                0x08001bec       0x30 ./src/mode_simple_fm.o
                0x08001bec                mode_simple_fm_init
 .text.mode_simple_fm_sample_process
                0x08001c1c      0x160 ./src/mode_simple_fm.o
                0x08001c1c                mode_simple_fm_sample_process
 .text.mode_simple_fm_control_process
                0x08001d7c      0x128 ./src/mode_simple_fm.o
                0x08001d7c                mode_simple_fm_control_process
 .text.mode_simple_sin_init
                0x08001ea4       0x40 ./src/mode_simple_sin.o
                0x08001ea4                mode_simple_sin_init
 .text.mode_simple_sin_sample_process
                0x08001ee4      0x12c ./src/mode_simple_sin.o
                0x08001ee4                mode_simple_sin_sample_process
 .text.mode_simple_sin_control_process
                0x08002010      0x158 ./src/mode_simple_sin.o
                0x08002010                mode_simple_sin_control_process
 .text.mode_wave_adder_init
                0x08002168       0x40 ./src/mode_wave_adder.o
                0x08002168                mode_wave_adder_init
 .text.mode_wave_adder_sample_process
                0x080021a8      0x134 ./src/mode_wave_adder.o
                0x080021a8                mode_wave_adder_sample_process
 .text.mode_wave_adder_control_process
                0x080022dc      0x158 ./src/mode_wave_adder.o
                0x080022dc                mode_wave_adder_control_process
 .text.sin_set  0x08002434       0x5c ./src/oscillator.o
                0x08002434                sin_set
 .text.sin_process
                0x08002490       0x74 ./src/oscillator.o
                0x08002490                sin_process
 .text.FM_oscillator_process
                0x08002504      0x1a8 ./src/oscillator.o
                0x08002504                FM_oscillator_process
 .text.bl_step_table_read
                0x080026ac       0x7c ./src/oscillator.o
                0x080026ac                bl_step_table_read
 .text.bl_saw_set
                0x08002728       0x38 ./src/oscillator.o
                0x08002728                bl_saw_set
 .text.bl_saw_process
                0x08002760       0xfc ./src/oscillator.o
                0x08002760                bl_saw_process
 .text.bl_square_set
                0x0800285c       0x38 ./src/oscillator.o
                0x0800285c                bl_square_set
 .text.bl_square_init
                0x08002894       0x24 ./src/oscillator.o
                0x08002894                bl_square_init
 .text.pp6_get_knob_1
                0x080028b8       0x18 ./src/pp6.o
                0x080028b8                pp6_get_knob_1
 .text.pp6_get_knob_2
                0x080028d0       0x18 ./src/pp6.o
                0x080028d0                pp6_get_knob_2
 .text.pp6_get_knob_3
                0x080028e8       0x18 ./src/pp6.o
                0x080028e8                pp6_get_knob_3
 .text.pp6_set_mode_button_pressed
                0x08002900       0x18 ./src/pp6.o
                0x08002900                pp6_set_mode_button_pressed
 .text.pp6_mode_button_pressed
                0x08002918       0x18 ./src/pp6.o
                0x08002918                pp6_mode_button_pressed
 .text.pp6_set_aux_button_pressed
                0x08002930       0x1c ./src/pp6.o
                0x08002930                pp6_set_aux_button_pressed
 .text.pp6_set_aux_button_released
                0x0800294c       0x1c ./src/pp6.o
                0x0800294c                pp6_set_aux_button_released
 .text.pp6_aux_button_pressed
                0x08002968       0x18 ./src/pp6.o
                0x08002968                pp6_aux_button_pressed
 .text.pp6_change_mode
                0x08002980       0x54 ./src/pp6.o
                0x08002980                pp6_change_mode
 .text.pp6_set_mode
                0x080029d4       0x34 ./src/pp6.o
                0x080029d4                pp6_set_mode
 .text.pp6_get_mode
                0x08002a08       0x18 ./src/pp6.o
                0x08002a08                pp6_get_mode
 .text.pp6_set_mode_led
                0x08002a20      0x1f0 ./src/pp6.o
                0x08002a20                pp6_set_mode_led
 .text.pp6_set_aux
                0x08002c10       0x34 ./src/pp6.o
                0x08002c10                pp6_set_aux
 .text.pp6_set_aux_led
                0x08002c44      0x230 ./src/pp6.o
                0x08002c44                pp6_set_aux_led
 .text.pp6_get_aux_led
                0x08002e74       0x18 ./src/pp6.o
                0x08002e74                pp6_get_aux_led
 .text.pp6_get_keys
                0x08002e8c       0x18 ./src/pp6.o
                0x08002e8c                pp6_get_keys
 .text.pp6_set_note
                0x08002ea4       0x20 ./src/pp6.o
                0x08002ea4                pp6_set_note
 .text.pp6_get_note
                0x08002ec4       0x18 ./src/pp6.o
                0x08002ec4                pp6_get_note
 .text.pp6_set_note_start
                0x08002edc       0x34 ./src/pp6.o
                0x08002edc                pp6_set_note_start
 .text.pp6_get_note_start
                0x08002f10       0x18 ./src/pp6.o
                0x08002f10                pp6_get_note_start
 .text.pp6_set_note_stop
                0x08002f28       0x28 ./src/pp6.o
                0x08002f28                pp6_set_note_stop
 .text.pp6_get_note_stop
                0x08002f50       0x18 ./src/pp6.o
                0x08002f50                pp6_get_note_stop
 .text.pp6_clear_flags
                0x08002f68       0x64 ./src/pp6.o
                0x08002f68                pp6_clear_flags
 .text.pp6_knobs_init
                0x08002fcc       0xd8 ./src/pp6.o
                0x08002fcc                pp6_knobs_init
 .text.pp6_knobs_update
                0x080030a4      0x158 ./src/pp6.o
                0x080030a4                pp6_knobs_update
 .text.pp6_smooth_knobs
                0x080031fc      0x114 ./src/pp6.o
                0x080031fc                pp6_smooth_knobs
 .text.pp6_leds_init
                0x08003310       0xc8 ./src/pp6.o
                0x08003310                pp6_leds_init
 .text.pp6_keys_init
                0x080033d8       0xb0 ./src/pp6.o
                0x080033d8                pp6_keys_init
 .text.pp6_keys_update
                0x08003488      0x2a0 ./src/pp6.o
                0x08003488                pp6_keys_update
 .text.sadsr_init
                0x08003728       0x3c ./src/sadsr.o
                0x08003728                sadsr_init
 .text.sadsr_process
                0x08003764      0x14c ./src/sadsr.o
                0x08003764                sadsr_process
 .text.sadsr_set
                0x080038b0       0x70 ./src/sadsr.o
                0x080038b0                sadsr_set
 .text.sadsr_go
                0x08003920       0x24 ./src/sadsr.o
                0x08003920                sadsr_go
 .text.sadsr_release
                0x08003944       0x1c ./src/sadsr.o
                0x08003944                sadsr_release
 .text.seq_set_status
                0x08003960       0x20 ./src/sequencer.o
                0x08003960                seq_set_status
 .text.seq_get_status
                0x08003980       0x18 ./src/sequencer.o
                0x08003980                seq_get_status
 .text.seq_log_first_note
                0x08003998       0x80 ./src/sequencer.o
                0x08003998                seq_log_first_note
 .text.seq_log_note_start
                0x08003a18       0xa8 ./src/sequencer.o
                0x08003a18                seq_log_note_start
 .text.seq_log_note_stop
                0x08003ac0       0x80 ./src/sequencer.o
                0x08003ac0                seq_log_note_stop
 .text.seq_stop_recording
                0x08003b40       0x94 ./src/sequencer.o
                0x08003b40                seq_stop_recording
 .text.seq_rewind
                0x08003bd4       0x28 ./src/sequencer.o
                0x08003bd4                seq_rewind
 .text.seq_play_tick
                0x08003bfc       0xd0 ./src/sequencer.o
                0x08003bfc                seq_play_tick
 .text.seq_tick
                0x08003ccc       0x24 ./src/sequencer.o
                0x08003ccc                seq_tick
 .text.seq_get_time
                0x08003cf0       0x18 ./src/sequencer.o
                0x08003cf0                seq_get_time
 .text.seq_get_length
                0x08003d08       0x18 ./src/sequencer.o
                0x08003d08                seq_get_length
 .text.SystemInit
                0x08003d20       0xb0 ./src/system_stm32f4xx.o
                0x08003d20                SystemInit
 .text.SetSysClock
                0x08003dd0      0x1e0 ./src/system_stm32f4xx.o
 .text.timer_init
                0x08003fb0       0x4c ./src/timer.o
                0x08003fb0                timer_init
 .text.timer_get_time
                0x08003ffc       0x14 ./src/timer.o
                0x08003ffc                timer_get_time
 .text.uart_init
                0x08004010       0xc4 ./src/uart.o
                0x08004010                uart_init
 .text.vcf_filter_init
                0x080040d4       0x5c ./src/vcf.o
                0x080040d4                vcf_filter_init
 .text.vcf_filter_set
                0x08004130       0x80 ./src/vcf.o
                0x08004130                vcf_filter_set
 .text.vcf_filter_process
                0x080041b0      0x18c ./src/vcf.o
                0x080041b0                vcf_filter_process
 .text.NVIC_Init
                0x0800433c       0xe8 /home/owen/workspace-redsuite/StdPeriphLib_v100_STM32F4xx/Debug/libStdPeriphLib_v100_STM32F4xx.a(misc.o)
                0x0800433c                NVIC_Init
 .text.ADC_Init
                0x08004424       0xc4 /home/owen/workspace-redsuite/StdPeriphLib_v100_STM32F4xx/Debug/libStdPeriphLib_v100_STM32F4xx.a(stm32f4xx_adc.o)
                0x08004424                ADC_Init
 .text.ADC_CommonInit
                0x080044e8       0x60 /home/owen/workspace-redsuite/StdPeriphLib_v100_STM32F4xx/Debug/libStdPeriphLib_v100_STM32F4xx.a(stm32f4xx_adc.o)
                0x080044e8                ADC_CommonInit
 .text.ADC_Cmd  0x08004548       0x38 /home/owen/workspace-redsuite/StdPeriphLib_v100_STM32F4xx/Debug/libStdPeriphLib_v100_STM32F4xx.a(stm32f4xx_adc.o)
                0x08004548                ADC_Cmd
 .text.ADC_RegularChannelConfig
                0x08004580      0x1d0 /home/owen/workspace-redsuite/StdPeriphLib_v100_STM32F4xx/Debug/libStdPeriphLib_v100_STM32F4xx.a(stm32f4xx_adc.o)
                0x08004580                ADC_RegularChannelConfig
 .text.ADC_SoftwareStartConv
                0x08004750       0x20 /home/owen/workspace-redsuite/StdPeriphLib_v100_STM32F4xx/Debug/libStdPeriphLib_v100_STM32F4xx.a(stm32f4xx_adc.o)
                0x08004750                ADC_SoftwareStartConv
 .text.ADC_GetConversionValue
                0x08004770       0x1c /home/owen/workspace-redsuite/StdPeriphLib_v100_STM32F4xx/Debug/libStdPeriphLib_v100_STM32F4xx.a(stm32f4xx_adc.o)
                0x08004770                ADC_GetConversionValue
 .text.GPIO_Init
                0x0800478c      0x158 /home/owen/workspace-redsuite/StdPeriphLib_v100_STM32F4xx/Debug/libStdPeriphLib_v100_STM32F4xx.a(stm32f4xx_gpio.o)
                0x0800478c                GPIO_Init
 .text.GPIO_ReadInputDataBit
                0x080048e4       0x40 /home/owen/workspace-redsuite/StdPeriphLib_v100_STM32F4xx/Debug/libStdPeriphLib_v100_STM32F4xx.a(stm32f4xx_gpio.o)
                0x080048e4                GPIO_ReadInputDataBit
 .text.GPIO_WriteBit
                0x08004924       0x30 /home/owen/workspace-redsuite/StdPeriphLib_v100_STM32F4xx/Debug/libStdPeriphLib_v100_STM32F4xx.a(stm32f4xx_gpio.o)
                0x08004924                GPIO_WriteBit
 .text.GPIO_PinAFConfig
                0x08004954       0xb0 /home/owen/workspace-redsuite/StdPeriphLib_v100_STM32F4xx/Debug/libStdPeriphLib_v100_STM32F4xx.a(stm32f4xx_gpio.o)
                0x08004954                GPIO_PinAFConfig
 .text.RCC_GetClocksFreq
                0x08004a04      0x1d4 /home/owen/workspace-redsuite/StdPeriphLib_v100_STM32F4xx/Debug/libStdPeriphLib_v100_STM32F4xx.a(stm32f4xx_rcc.o)
                0x08004a04                RCC_GetClocksFreq
 .text.RCC_AHB1PeriphClockCmd
                0x08004bd8       0x5c /home/owen/workspace-redsuite/StdPeriphLib_v100_STM32F4xx/Debug/libStdPeriphLib_v100_STM32F4xx.a(stm32f4xx_rcc.o)
                0x08004bd8                RCC_AHB1PeriphClockCmd
 .text.RCC_AHB2PeriphClockCmd
                0x08004c34       0x5c /home/owen/workspace-redsuite/StdPeriphLib_v100_STM32F4xx/Debug/libStdPeriphLib_v100_STM32F4xx.a(stm32f4xx_rcc.o)
                0x08004c34                RCC_AHB2PeriphClockCmd
 .text.RCC_APB1PeriphClockCmd
                0x08004c90       0x5c /home/owen/workspace-redsuite/StdPeriphLib_v100_STM32F4xx/Debug/libStdPeriphLib_v100_STM32F4xx.a(stm32f4xx_rcc.o)
                0x08004c90                RCC_APB1PeriphClockCmd
 .text.RCC_APB2PeriphClockCmd
                0x08004cec       0x5c /home/owen/workspace-redsuite/StdPeriphLib_v100_STM32F4xx/Debug/libStdPeriphLib_v100_STM32F4xx.a(stm32f4xx_rcc.o)
                0x08004cec                RCC_APB2PeriphClockCmd
 .text.RCC_APB1PeriphResetCmd
                0x08004d48       0x5c /home/owen/workspace-redsuite/StdPeriphLib_v100_STM32F4xx/Debug/libStdPeriphLib_v100_STM32F4xx.a(stm32f4xx_rcc.o)
                0x08004d48                RCC_APB1PeriphResetCmd
 .text.RCC_APB2PeriphResetCmd
                0x08004da4       0x5c /home/owen/workspace-redsuite/StdPeriphLib_v100_STM32F4xx/Debug/libStdPeriphLib_v100_STM32F4xx.a(stm32f4xx_rcc.o)
                0x08004da4                RCC_APB2PeriphResetCmd
 .text.RNG_Cmd  0x08004e00       0x4c /home/owen/workspace-redsuite/StdPeriphLib_v100_STM32F4xx/Debug/libStdPeriphLib_v100_STM32F4xx.a(stm32f4xx_rng.o)
                0x08004e00                RNG_Cmd
 .text.SPI_I2S_DeInit
                0x08004e4c       0x88 /home/owen/workspace-redsuite/StdPeriphLib_v100_STM32F4xx/Debug/libStdPeriphLib_v100_STM32F4xx.a(stm32f4xx_spi.o)
                0x08004e4c                SPI_I2S_DeInit
 .text.I2S_Init
                0x08004ed4      0x224 /home/owen/workspace-redsuite/StdPeriphLib_v100_STM32F4xx/Debug/libStdPeriphLib_v100_STM32F4xx.a(stm32f4xx_spi.o)
                0x08004ed4                I2S_Init
 .text.I2S_Cmd  0x080050f8       0x40 /home/owen/workspace-redsuite/StdPeriphLib_v100_STM32F4xx/Debug/libStdPeriphLib_v100_STM32F4xx.a(stm32f4xx_spi.o)
                0x080050f8                I2S_Cmd
 .text.SPI_I2S_SendData
                0x08005138       0x1c /home/owen/workspace-redsuite/StdPeriphLib_v100_STM32F4xx/Debug/libStdPeriphLib_v100_STM32F4xx.a(stm32f4xx_spi.o)
                0x08005138                SPI_I2S_SendData
 .text.SPI_I2S_ITConfig
                0x08005154       0x70 /home/owen/workspace-redsuite/StdPeriphLib_v100_STM32F4xx/Debug/libStdPeriphLib_v100_STM32F4xx.a(stm32f4xx_spi.o)
                0x08005154                SPI_I2S_ITConfig
 .text.SPI_I2S_GetFlagStatus
                0x080051c4       0x40 /home/owen/workspace-redsuite/StdPeriphLib_v100_STM32F4xx/Debug/libStdPeriphLib_v100_STM32F4xx.a(stm32f4xx_spi.o)
                0x080051c4                SPI_I2S_GetFlagStatus
 .text.TIM_TimeBaseInit
                0x08005204       0xf8 /home/owen/workspace-redsuite/StdPeriphLib_v100_STM32F4xx/Debug/libStdPeriphLib_v100_STM32F4xx.a(stm32f4xx_tim.o)
                0x08005204                TIM_TimeBaseInit
 .text.TIM_GetCounter
                0x080052fc       0x18 /home/owen/workspace-redsuite/StdPeriphLib_v100_STM32F4xx/Debug/libStdPeriphLib_v100_STM32F4xx.a(stm32f4xx_tim.o)
                0x080052fc                TIM_GetCounter
 .text.TIM_Cmd  0x08005314       0x40 /home/owen/workspace-redsuite/StdPeriphLib_v100_STM32F4xx/Debug/libStdPeriphLib_v100_STM32F4xx.a(stm32f4xx_tim.o)
                0x08005314                TIM_Cmd
 .text.USART_Init
                0x08005354      0x1bc /home/owen/workspace-redsuite/StdPeriphLib_v100_STM32F4xx/Debug/libStdPeriphLib_v100_STM32F4xx.a(stm32f4xx_usart.o)
                0x08005354                USART_Init
 .text.USART_Cmd
                0x08005510       0x40 /home/owen/workspace-redsuite/StdPeriphLib_v100_STM32F4xx/Debug/libStdPeriphLib_v100_STM32F4xx.a(stm32f4xx_usart.o)
                0x08005510                USART_Cmd
 .text.WWDG_SetPrescaler
                0x08005550       0x40 /home/owen/workspace-redsuite/StdPeriphLib_v100_STM32F4xx/Debug/libStdPeriphLib_v100_STM32F4xx.a(stm32f4xx_wwdg.o)
                0x08005550                WWDG_SetPrescaler
 .text.WWDG_SetWindowValue
                0x08005590       0x44 /home/owen/workspace-redsuite/StdPeriphLib_v100_STM32F4xx/Debug/libStdPeriphLib_v100_STM32F4xx.a(stm32f4xx_wwdg.o)
                0x08005590                WWDG_SetWindowValue
 .text.arm_float_to_q15
                0x080055d4      0x2bc /home/owen/workspace-redsuite/CMSISv2p10_DSPLIB_CM4/lib/libCMSISv2p10_DSPLIB_CM4.a(arm_float_to_q15.o)
                0x080055d4                arm_float_to_q15
 .text.arm_sin_f32
                0x08005890       0xd8 /home/owen/workspace-redsuite/CMSISv2p10_DSPLIB_CM4/lib/libCMSISv2p10_DSPLIB_CM4.a(arm_sin_f32.o)
                0x08005890                arm_sin_f32
 .text.__weak_main
                0x08005968        0x4 /usr/local/redsuite_4.2.3_255/redsuite/tools/bin/../lib/gcc/arm-none-eabi/4.5.1/../../../../arm-none-eabi/lib/thumb2/libcr_c.a(__weak__main.o)
                0x08005968                __main
                0x08005968                __weak_main
 .text.sinf     0x0800596c       0x28 /usr/local/redsuite_4.2.3_255/redsuite/tools/bin/../lib/gcc/arm-none-eabi/4.5.1/../../../../arm-none-eabi/lib/thumb2/libcr_c.a(sinf.o)
                0x0800596c                sinf
 .text.memset   0x08005994        0x4 /usr/local/redsuite_4.2.3_255/redsuite/tools/bin/../lib/gcc/arm-none-eabi/4.5.1/../../../../arm-none-eabi/lib/thumb2/libcr_c.a(memset.o)
                0x08005994                memset
 .text._sincosf
                0x08005998      0x158 /usr/local/redsuite_4.2.3_255/redsuite/tools/bin/../lib/gcc/arm-none-eabi/4.5.1/../../../../arm-none-eabi/lib/thumb2/libcr_c.a(_sincosf.o)
                0x08005998                _sincosf
 .text.fabsf    0x08005af0       0x14 /usr/local/redsuite_4.2.3_255/redsuite/tools/bin/../lib/gcc/arm-none-eabi/4.5.1/../../../../arm-none-eabi/lib/thumb2/libcr_c.a(fabsf.o)
                0x08005af0                fabsf
 .text.__aeabi_dmul
                0x08005b04      0x128 /usr/local/redsuite_4.2.3_255/redsuite/tools/bin/../lib/gcc/arm-none-eabi/4.5.1/thumb2/libcr_eabihelpers.a(double.o)
                0x08005b04                __aeabi_dmul
 .text.__aeabi_dsub
                0x08005c2c      0x1d8 /usr/local/redsuite_4.2.3_255/redsuite/tools/bin/../lib/gcc/arm-none-eabi/4.5.1/thumb2/libcr_eabihelpers.a(double.o)
                0x08005c2c                __aeabi_dsub
 .text.__aeabi_dadd
                0x08005e04      0x13c /usr/local/redsuite_4.2.3_255/redsuite/tools/bin/../lib/gcc/arm-none-eabi/4.5.1/thumb2/libcr_eabihelpers.a(double.o)
                0x08005e04                __aeabi_dadd
 .text.__aeabi_d2f
                0x08005f40       0x54 /usr/local/redsuite_4.2.3_255/redsuite/tools/bin/../lib/gcc/arm-none-eabi/4.5.1/thumb2/libcr_eabihelpers.a(double.o)
                0x08005f40                __aeabi_d2f
 .text.__aeabi_fmul
                0x08005f94       0xbc /usr/local/redsuite_4.2.3_255/redsuite/tools/bin/../lib/gcc/arm-none-eabi/4.5.1/thumb2/libcr_eabihelpers.a(float.o)
                0x08005f94                __aeabi_fmul
 .text.__aeabi_fdiv
                0x08006050       0xe8 /usr/local/redsuite_4.2.3_255/redsuite/tools/bin/../lib/gcc/arm-none-eabi/4.5.1/thumb2/libcr_eabihelpers.a(float.o)
                0x08006050                __aeabi_fdiv
 .text.__aeabi_fsub
                0x08006138       0xe0 /usr/local/redsuite_4.2.3_255/redsuite/tools/bin/../lib/gcc/arm-none-eabi/4.5.1/thumb2/libcr_eabihelpers.a(float.o)
                0x08006138                __aeabi_fsub
 .text.__aeabi_fadd
                0x08006218       0xa4 /usr/local/redsuite_4.2.3_255/redsuite/tools/bin/../lib/gcc/arm-none-eabi/4.5.1/thumb2/libcr_eabihelpers.a(float.o)
                0x08006218                __aeabi_fadd
 .text.__aeabi_f2iz
                0x080062bc       0x34 /usr/local/redsuite_4.2.3_255/redsuite/tools/bin/../lib/gcc/arm-none-eabi/4.5.1/thumb2/libcr_eabihelpers.a(float.o)
                0x080062bc                __aeabi_f2iz
 .text.__bhs_ui2f
                0x080062f0       0x26 /usr/local/redsuite_4.2.3_255/redsuite/tools/bin/../lib/gcc/arm-none-eabi/4.5.1/thumb2/libcr_eabihelpers.a(float.o)
                0x080062f0                __bhs_ui2f
 .text.__aeabi_i2f
                0x08006316       0x10 /usr/local/redsuite_4.2.3_255/redsuite/tools/bin/../lib/gcc/arm-none-eabi/4.5.1/thumb2/libcr_eabihelpers.a(float.o)
                0x08006316                __aeabi_i2f
 *fill*         0x08006326        0x2 00
 .text.__aeabi_f2d
                0x08006328       0x38 /usr/local/redsuite_4.2.3_255/redsuite/tools/bin/../lib/gcc/arm-none-eabi/4.5.1/thumb2/libcr_eabihelpers.a(float.o)
                0x08006328                __aeabi_f2d
 .text.__aeabi_fcmplt
                0x08006360       0x3a /usr/local/redsuite_4.2.3_255/redsuite/tools/bin/../lib/gcc/arm-none-eabi/4.5.1/thumb2/libcr_eabihelpers.a(float.o)
                0x08006360                __aeabi_fcmplt
 .text.__aeabi_fcmpge
                0x0800639a       0x40 /usr/local/redsuite_4.2.3_255/redsuite/tools/bin/../lib/gcc/arm-none-eabi/4.5.1/thumb2/libcr_eabihelpers.a(float.o)
                0x0800639a                __aeabi_fcmpge
 .text.__aeabi_memset_lowlevel
                0x080063da       0x24 /usr/local/redsuite_4.2.3_255/redsuite/tools/bin/../lib/gcc/arm-none-eabi/4.5.1/thumb2/libcr_eabihelpers.a(memcpy.o)
                0x080063da                __aeabi_lowlevel_memset
 *(.rodata .rodata.*)
 *fill*         0x080063fe        0x2 00
 .rodata.transition_table
                0x08006400      0xfac ./src/oscillator.o
 .rodata.sin_table
                0x080073ac      0x40c ./src/oscillator.o
 .rodata.sinTable
                0x080077b8      0x40c /home/owen/workspace-redsuite/CMSISv2p10_DSPLIB_CM4/lib/libCMSISv2p10_DSPLIB_CM4.a(arm_sin_f32.o)
                0x08007bc4                . = ALIGN (0x4)

.glue_7         0x08007bc4        0x0
 .glue_7        0x00000000        0x0 linker stubs

.glue_7t        0x08007bc4        0x0
 .glue_7t       0x00000000        0x0 linker stubs

.vfp11_veneer   0x08007bc4        0x0
 .vfp11_veneer  0x00000000        0x0 linker stubs

.v4_bx          0x08007bc4        0x0
 .v4_bx         0x00000000        0x0 linker stubs

.ARM.extab
 *(.ARM.extab* .gnu.linkonce.armextab.*)
                0x08007bc4                __exidx_start = .

.ARM.exidx
 *(.ARM.exidx* .gnu.linkonce.armexidx.*)
                0x08007bc4                __exidx_end = .
                0x08007bc4                _etext = .

.data_RAM2      0x2001c000        0x0 load address 0x08007bc4
 FILL mask 0xff
 *(.data.$RAM2*)
 *(.data.$PeriphRam16*)
                0x2001c000                . = ALIGN (0x4)

.data_RAM3      0x10000000        0x0 load address 0x08007bc4
 FILL mask 0xff
 *(.data.$RAM3*)
 *(.data.$Ram64*)
                0x10000000                . = ALIGN (0x4)

.uninit_RESERVED
 *(.bss.$RESERVED*)

.data           0x20000000      0x26c load address 0x08007bc4
 FILL mask 0xff
                0x20000000                _data = .
 *(vtable)
 *(.data*)
 .data.hardware_index
                0x20000000        0x4 ./src/CS4344.o
                0x20000000                hardware_index
 .data.pitch_class
                0x20000004       0x30 ./src/audio.o
                0x20000004                pitch_class
 .data.semitone
                0x20000034      0x190 ./src/audio.o
                0x20000034                semitone
 .data.vsa      0x200001c4        0x4 ./src/eq.o
 .data.miditof  0x200001c8       0x54 ./src/main.o
                0x200001c8                miditof
 .data.harmonic_levels
                0x2000021c       0x20 ./src/mode_nazareth.o
 .data.keys_history
                0x2000023c       0x20 ./src/pp6.o
                0x2000023c                keys_history
 .data.APBAHBPrescTable
                0x2000025c       0x10 /home/owen/workspace-redsuite/StdPeriphLib_v100_STM32F4xx/Debug/libStdPeriphLib_v100_STM32F4xx.a(stm32f4xx_rcc.o)
                0x2000026c                . = ALIGN (0x4)
                0x2000026c                _edata = .

.bss_RAM2       0x2001c000        0x0
 *(.bss.$RAM2*)
 *(.bss.$PeriphRam16*)
                0x2001c000                . = ALIGN (0x4)

.bss_RAM3       0x10000000        0x0
 *(.bss.$RAM3*)
 *(.bss.$Ram64*)
                0x10000000                . = ALIGN (0x4)

.bss            0x2000026c     0x15c4
                0x2000026c                _bss = .
 *(.bss*)
 .bss.software_index
                0x2000026c        0x4 ./src/CS4344.o
                0x2000026c                software_index
 .bss.sample_clock
                0x20000270        0x4 ./src/CS4344.o
                0x20000270                sample_clock
 .bss.led_counter
                0x20000274        0x4 ./src/main.o
                0x20000274                led_counter
 .bss.sig       0x20000278        0x4 ./src/mode_analog_style.o
 .bss.f         0x2000027c        0x4 ./src/mode_analog_style.o
 .bss.filter_cutoff
                0x20000280        0x4 ./src/mode_analog_style.o
 .bss.saw       0x20000284        0xc ./src/mode_analog_style.o
 .bss.filter    0x20000290       0x34 ./src/mode_analog_style.o
 .bss.amp       0x200002c4        0x4 ./src/mode_analog_style.o
 .bss.amp_env   0x200002c8       0x1c ./src/mode_analog_style.o
 .bss.framp     0x200002e4       0x14 ./src/mode_analog_style.o
 .bss.note_dur.6958
                0x200002f8        0x4 ./src/mode_analog_style.o
 .bss.target_f.6957
                0x200002fc        0x4 ./src/mode_analog_style.o
 .bss.sig       0x20000300        0x4 ./src/mode_filter_envelope.o
 .bss.f         0x20000304        0x4 ./src/mode_filter_envelope.o
 .bss.amp       0x20000308        0x4 ./src/mode_filter_envelope.o
 .bss.cutoff    0x2000030c        0x4 ./src/mode_filter_envelope.o
 .bss.cutoff_scale
                0x20000310        0x4 ./src/mode_filter_envelope.o
 .bss.saw       0x20000314        0xc ./src/mode_filter_envelope.o
 .bss.filter    0x20000320       0x34 ./src/mode_filter_envelope.o
 .bss.amp_env   0x20000354       0x1c ./src/mode_filter_envelope.o
 .bss.filter_env
                0x20000370       0x1c ./src/mode_filter_envelope.o
 .bss.note_dur.4159
                0x2000038c        0x4 ./src/mode_filter_envelope.o
 .bss.f         0x20000390        0x4 ./src/mode_filter_man.o
 .bss.filter    0x20000394       0x34 ./src/mode_filter_man.o
 .bss.amp_env   0x200003c8       0x1c ./src/mode_filter_man.o
 .bss.sig       0x200003e4        0x4 ./src/mode_nazareth.o
 .bss.f         0x200003e8        0x4 ./src/mode_nazareth.o
 .bss.sins      0x200003ec       0xa0 ./src/mode_nazareth.o
 .bss.new_note  0x2000048c        0x4 ./src/mode_nazareth.o
 .bss.i         0x20000490        0x4 ./src/mode_nazareth.o
 .bss.amp       0x20000494        0x4 ./src/mode_nazareth.o
 .bss.amp_env   0x20000498       0x1c ./src/mode_nazareth.o
 .bss.h         0x200004b4       0xe0 ./src/mode_nazareth.o
 .bss.f         0x20000594        0x4 ./src/mode_octave_mirror.o
 .bss.filter    0x20000598       0x34 ./src/mode_octave_mirror.o
 .bss.amp_env   0x200005cc       0x1c ./src/mode_octave_mirror.o
 .bss.sig       0x200005e8        0x4 ./src/mode_simple_fm.o
 .bss.f         0x200005ec        0x4 ./src/mode_simple_fm.o
 .bss.new_note  0x200005f0        0x4 ./src/mode_simple_fm.o
 .bss.amp       0x200005f4        0x4 ./src/mode_simple_fm.o
 .bss.amp_env   0x200005f8       0x1c ./src/mode_simple_fm.o
 .bss.index_env
                0x20000614       0x1c ./src/mode_simple_fm.o
 .bss.fm        0x20000630       0x18 ./src/mode_simple_fm.o
 .bss.fm2       0x20000648       0x18 ./src/mode_simple_fm.o
 .bss.note_dur.4167
                0x20000660        0x4 ./src/mode_simple_fm.o
 .bss.sig       0x20000664        0x4 ./src/mode_simple_sin.o
 .bss.f         0x20000668        0x4 ./src/mode_simple_sin.o
 .bss.sin1      0x2000066c       0x14 ./src/mode_simple_sin.o
 .bss.new_note  0x20000680        0x4 ./src/mode_simple_sin.o
 .bss.amp       0x20000684        0x4 ./src/mode_simple_sin.o
 .bss.framp     0x20000688       0x14 ./src/mode_simple_sin.o
 .bss.amp_env   0x2000069c       0x1c ./src/mode_simple_sin.o
 .bss.saw       0x200006b8        0xc ./src/mode_simple_sin.o
 .bss.square    0x200006c4       0x10 ./src/mode_simple_sin.o
 .bss.cents     0x200006d4        0x4 ./src/mode_simple_sin.o
                0x200006d4                cents
 .bss.note_dur.4159
                0x200006d8        0x4 ./src/mode_simple_sin.o
 .bss.sig       0x200006dc        0x4 ./src/mode_wave_adder.o
 .bss.f         0x200006e0        0x4 ./src/mode_wave_adder.o
 .bss.sin1      0x200006e4       0x14 ./src/mode_wave_adder.o
 .bss.new_note  0x200006f8        0x4 ./src/mode_wave_adder.o
 .bss.amp       0x200006fc        0x4 ./src/mode_wave_adder.o
 .bss.framp     0x20000700       0x14 ./src/mode_wave_adder.o
 .bss.amp_env   0x20000714       0x1c ./src/mode_wave_adder.o
 .bss.saw       0x20000730        0xc ./src/mode_wave_adder.o
 .bss.square    0x2000073c       0x10 ./src/mode_wave_adder.o
 .bss.cents     0x2000074c        0x4 ./src/mode_wave_adder.o
 .bss.note_dur.4159
                0x20000750        0x4 ./src/mode_wave_adder.o
 .bss.history_index.6881
                0x20000754        0x1 ./src/pp6.o
 *fill*         0x20000755        0x3 00
 .bss.knob1.6866
                0x20000758        0x4 ./src/pp6.o
 .bss.knob2.6867
                0x2000075c        0x4 ./src/pp6.o
 .bss.knob3.6868
                0x20000760        0x4 ./src/pp6.o
 .bss.channel.6861
                0x20000764        0x1 ./src/pp6.o
 *fill*         0x20000765        0x3 00
 .bss.knobs.6862
                0x20000768        0xc ./src/pp6.o
 .bss.seq_index
                0x20000774        0x4 ./src/sequencer.o
                0x20000774                seq_index
 .bss.seq_time  0x20000778        0x4 ./src/sequencer.o
                0x20000778                seq_time
 .bss.seq_length
                0x2000077c        0x4 ./src/sequencer.o
                0x2000077c                seq_length
 .bss.seq_last_note_start
                0x20000780        0x4 ./src/sequencer.o
                0x20000780                seq_last_note_start
 .bss.seq_last_note_start_index
                0x20000784        0x4 ./src/sequencer.o
                0x20000784                seq_last_note_start_index
 .bss.seq_status
                0x20000788        0x1 ./src/sequencer.o
                0x20000788                seq_status
 *fill*         0x20000789        0x3 00
 .bss.errno     0x2000078c        0x4 /usr/local/redsuite_4.2.3_255/redsuite/tools/bin/../lib/gcc/arm-none-eabi/4.5.1/../../../../arm-none-eabi/lib/thumb2/libcr_c.a(errno.o)
                0x2000078c                errno
 *(COMMON)
 COMMON         0x20000790      0x400 ./src/CS4344.o
                0x20000790                play_buf
 COMMON         0x20000b90       0x84 ./src/main.o
                0x20000b90                recvArg0_
                0x20000b94                eq
                0x20000bd4                channelIn_
                0x20000bd8                uart_recv_buf
                0x20000bf8                recvEvent_
                0x20000bfc                tmp8
                0x20000c00                recvMode_
                0x20000c04                recvByteCount_
                0x20000c08                sendFullCommands_
                0x20000c0c                recvBytesNeeded_
                0x20000c10                lastStatusSent_
 COMMON         0x20000c14       0x28 ./src/pp6.o
                0x20000c14                pp6
 COMMON         0x20000c3c      0xbf4 ./src/sequencer.o
                0x20000c3c                seq_notes
                0x20001038                seq_deltas
                0x20001434                seq_events
                0x20001830                . = ALIGN (0x4)
                0x20001830                _ebss = .
                0x20001830                PROVIDE (end, .)
                0x20001830                PROVIDE (_pvHeapStart, .)
                0x2001c000                PROVIDE (_vStackTop, (__top_Ram112 - 0x0))
OUTPUT(BolsaBass.axf elf32-littlearm)

.debug_abbrev   0x00000000     0x2b04
 .debug_abbrev  0x00000000      0x17e ./src/CS4344.o
 .debug_abbrev  0x0000017e       0xc2 ./src/audio.o
 .debug_abbrev  0x00000240       0xd9 ./src/comb.o
 .debug_abbrev  0x00000319      0x167 ./src/cr_startup_stm32f4xx.o
 .debug_abbrev  0x00000480       0xd9 ./src/eq.o
 .debug_abbrev  0x00000559       0xd2 ./src/line.o
 .debug_abbrev  0x0000062b      0x19e ./src/main.o
 .debug_abbrev  0x000007c9      0x162 ./src/midi.o
 .debug_abbrev  0x0000092b       0xec ./src/mode_analog_style.o
 .debug_abbrev  0x00000a17      0x10d ./src/mode_drum.o
 .debug_abbrev  0x00000b24       0xf4 ./src/mode_drum_synth.o
 .debug_abbrev  0x00000c18       0xd4 ./src/mode_filter_envelope.o
 .debug_abbrev  0x00000cec       0xec ./src/mode_filter_man.o
 .debug_abbrev  0x00000dd8       0xe3 ./src/mode_mono_glider.o
 .debug_abbrev  0x00000ebb       0xe5 ./src/mode_nazareth.o
 .debug_abbrev  0x00000fa0       0xd5 ./src/mode_octave_mirror.o
 .debug_abbrev  0x00001075      0x102 ./src/mode_simple_fm.o
 .debug_abbrev  0x00001177       0xf6 ./src/mode_simple_sin.o
 .debug_abbrev  0x0000126d       0xd4 ./src/mode_wave_adder.o
 .debug_abbrev  0x00001341      0x14f ./src/oscillator.o
 .debug_abbrev  0x00001490      0x1c5 ./src/pp6.o
 .debug_abbrev  0x00001655       0xdd ./src/sad.o
 .debug_abbrev  0x00001732       0xe1 ./src/sadsr.o
 .debug_abbrev  0x00001813       0xc1 ./src/sequencer.o
 .debug_abbrev  0x000018d4      0x144 ./src/system_stm32f4xx.o
 .debug_abbrev  0x00001a18      0x109 ./src/timer.o
 .debug_abbrev  0x00001b21      0x102 ./src/uart.o
 .debug_abbrev  0x00001c23       0xc8 ./src/vcf.o
 .debug_abbrev  0x00001ceb      0x12a /home/owen/workspace-redsuite/StdPeriphLib_v100_STM32F4xx/Debug/libStdPeriphLib_v100_STM32F4xx.a(misc.o)
 .debug_abbrev  0x00001e15      0x18d /home/owen/workspace-redsuite/StdPeriphLib_v100_STM32F4xx/Debug/libStdPeriphLib_v100_STM32F4xx.a(stm32f4xx_adc.o)
 .debug_abbrev  0x00001fa2      0x186 /home/owen/workspace-redsuite/StdPeriphLib_v100_STM32F4xx/Debug/libStdPeriphLib_v100_STM32F4xx.a(stm32f4xx_gpio.o)
 .debug_abbrev  0x00002128      0x1bb /home/owen/workspace-redsuite/StdPeriphLib_v100_STM32F4xx/Debug/libStdPeriphLib_v100_STM32F4xx.a(stm32f4xx_rcc.o)
 .debug_abbrev  0x000022e3      0x13b /home/owen/workspace-redsuite/StdPeriphLib_v100_STM32F4xx/Debug/libStdPeriphLib_v100_STM32F4xx.a(stm32f4xx_rng.o)
 .debug_abbrev  0x0000241e      0x164 /home/owen/workspace-redsuite/StdPeriphLib_v100_STM32F4xx/Debug/libStdPeriphLib_v100_STM32F4xx.a(stm32f4xx_spi.o)
 .debug_abbrev  0x00002582      0x167 /home/owen/workspace-redsuite/StdPeriphLib_v100_STM32F4xx/Debug/libStdPeriphLib_v100_STM32F4xx.a(stm32f4xx_tim.o)
 .debug_abbrev  0x000026e9      0x152 /home/owen/workspace-redsuite/StdPeriphLib_v100_STM32F4xx/Debug/libStdPeriphLib_v100_STM32F4xx.a(stm32f4xx_usart.o)
 .debug_abbrev  0x0000283b      0x122 /home/owen/workspace-redsuite/StdPeriphLib_v100_STM32F4xx/Debug/libStdPeriphLib_v100_STM32F4xx.a(stm32f4xx_wwdg.o)
 .debug_abbrev  0x0000295d       0xb0 /home/owen/workspace-redsuite/CMSISv2p10_DSPLIB_CM4/lib/libCMSISv2p10_DSPLIB_CM4.a(arm_float_to_q15.o)
 .debug_abbrev  0x00002a0d       0xf7 /home/owen/workspace-redsuite/CMSISv2p10_DSPLIB_CM4/lib/libCMSISv2p10_DSPLIB_CM4.a(arm_sin_f32.o)

.debug_info     0x00000000     0xd77f
 .debug_info    0x00000000      0x7cb ./src/CS4344.o
 .debug_info    0x000007cb      0x196 ./src/audio.o
 .debug_info    0x00000961      0x191 ./src/comb.o
 .debug_info    0x00000af2      0x58f ./src/cr_startup_stm32f4xx.o
 .debug_info    0x00001081      0x246 ./src/eq.o
 .debug_info    0x000012c7      0x1b8 ./src/line.o
 .debug_info    0x0000147f      0x6bc ./src/main.o
 .debug_info    0x00001b3b      0x870 ./src/midi.o
 .debug_info    0x000023ab      0x3ef ./src/mode_analog_style.o
 .debug_info    0x0000279a      0x4b2 ./src/mode_drum.o
 .debug_info    0x00002c4c      0x31d ./src/mode_drum_synth.o
 .debug_info    0x00002f69      0x320 ./src/mode_filter_envelope.o
 .debug_info    0x00003289      0x3ef ./src/mode_filter_man.o
 .debug_info    0x00003678      0x2c0 ./src/mode_mono_glider.o
 .debug_info    0x00003938      0x2b1 ./src/mode_nazareth.o
 .debug_info    0x00003be9      0x35d ./src/mode_octave_mirror.o
 .debug_info    0x00003f46      0x33f ./src/mode_simple_fm.o
 .debug_info    0x00004285      0x379 ./src/mode_simple_sin.o
 .debug_info    0x000045fe      0x36b ./src/mode_wave_adder.o
 .debug_info    0x00004969      0x956 ./src/oscillator.o
 .debug_info    0x000052bf      0xaa2 ./src/pp6.o
 .debug_info    0x00005d61      0x1c6 ./src/sad.o
 .debug_info    0x00005f27      0x242 ./src/sadsr.o
 .debug_info    0x00006169      0x346 ./src/sequencer.o
 .debug_info    0x000064af      0x625 ./src/system_stm32f4xx.o
 .debug_info    0x00006ad4      0x3be ./src/timer.o
 .debug_info    0x00006e92      0x41e ./src/uart.o
 .debug_info    0x000072b0      0x1f4 ./src/vcf.o
 .debug_info    0x000074a4      0x59c /home/owen/workspace-redsuite/StdPeriphLib_v100_STM32F4xx/Debug/libStdPeriphLib_v100_STM32F4xx.a(misc.o)
 .debug_info    0x00007a40      0xcfd /home/owen/workspace-redsuite/StdPeriphLib_v100_STM32F4xx/Debug/libStdPeriphLib_v100_STM32F4xx.a(stm32f4xx_adc.o)
 .debug_info    0x0000873d      0x641 /home/owen/workspace-redsuite/StdPeriphLib_v100_STM32F4xx/Debug/libStdPeriphLib_v100_STM32F4xx.a(stm32f4xx_gpio.o)
 .debug_info    0x00008d7e      0xd2c /home/owen/workspace-redsuite/StdPeriphLib_v100_STM32F4xx/Debug/libStdPeriphLib_v100_STM32F4xx.a(stm32f4xx_rcc.o)
 .debug_info    0x00009aaa      0x299 /home/owen/workspace-redsuite/StdPeriphLib_v100_STM32F4xx/Debug/libStdPeriphLib_v100_STM32F4xx.a(stm32f4xx_rng.o)
 .debug_info    0x00009d43      0xbd4 /home/owen/workspace-redsuite/StdPeriphLib_v100_STM32F4xx/Debug/libStdPeriphLib_v100_STM32F4xx.a(stm32f4xx_spi.o)
 .debug_info    0x0000a917     0x1e30 /home/owen/workspace-redsuite/StdPeriphLib_v100_STM32F4xx/Debug/libStdPeriphLib_v100_STM32F4xx.a(stm32f4xx_tim.o)
 .debug_info    0x0000c747      0xa57 /home/owen/workspace-redsuite/StdPeriphLib_v100_STM32F4xx/Debug/libStdPeriphLib_v100_STM32F4xx.a(stm32f4xx_usart.o)
 .debug_info    0x0000d19e      0x25e /home/owen/workspace-redsuite/StdPeriphLib_v100_STM32F4xx/Debug/libStdPeriphLib_v100_STM32F4xx.a(stm32f4xx_wwdg.o)
 .debug_info    0x0000d3fc      0x1dd /home/owen/workspace-redsuite/CMSISv2p10_DSPLIB_CM4/lib/libCMSISv2p10_DSPLIB_CM4.a(arm_float_to_q15.o)
 .debug_info    0x0000d5d9      0x1a6 /home/owen/workspace-redsuite/CMSISv2p10_DSPLIB_CM4/lib/libCMSISv2p10_DSPLIB_CM4.a(arm_sin_f32.o)

.debug_line     0x00000000    0x10917
 .debug_line    0x00000000      0x637 ./src/CS4344.o
 .debug_line    0x00000637      0x4ca ./src/audio.o
 .debug_line    0x00000b01      0x4d4 ./src/comb.o
 .debug_line    0x00000fd5      0x6c1 ./src/cr_startup_stm32f4xx.o
 .debug_line    0x00001696      0x4d1 ./src/eq.o
 .debug_line    0x00001b67      0x4ea ./src/line.o
 .debug_line    0x00002051      0x9a5 ./src/main.o
 .debug_line    0x000029f6      0xa32 ./src/midi.o
 .debug_line    0x00003428      0x7b0 ./src/mode_analog_style.o
 .debug_line    0x00003bd8      0x7af ./src/mode_drum.o
 .debug_line    0x00004387      0x79e ./src/mode_drum_synth.o
 .debug_line    0x00004b25      0x54b ./src/mode_filter_envelope.o
 .debug_line    0x00005070      0x7b8 ./src/mode_filter_man.o
 .debug_line    0x00005828      0x538 ./src/mode_mono_glider.o
 .debug_line    0x00005d60      0x579 ./src/mode_nazareth.o
 .debug_line    0x000062d9      0x7b3 ./src/mode_octave_mirror.o
 .debug_line    0x00006a8c      0x53f ./src/mode_simple_fm.o
 .debug_line    0x00006fcb      0x53e ./src/mode_simple_sin.o
 .debug_line    0x00007509      0x540 ./src/mode_wave_adder.o
 .debug_line    0x00007a49      0x6af ./src/oscillator.o
 .debug_line    0x000080f8      0xac4 ./src/pp6.o
 .debug_line    0x00008bbc      0x4f6 ./src/sad.o
 .debug_line    0x000090b2      0x524 ./src/sadsr.o
 .debug_line    0x000095d6      0x5a0 ./src/sequencer.o
 .debug_line    0x00009b76      0x679 ./src/system_stm32f4xx.o
 .debug_line    0x0000a1ef      0x623 ./src/timer.o
 .debug_line    0x0000a812      0x60a ./src/uart.o
 .debug_line    0x0000ae1c      0x4e5 ./src/vcf.o
 .debug_line    0x0000b301      0x64a /home/owen/workspace-redsuite/StdPeriphLib_v100_STM32F4xx/Debug/libStdPeriphLib_v100_STM32F4xx.a(misc.o)
 .debug_line    0x0000b94b      0x950 /home/owen/workspace-redsuite/StdPeriphLib_v100_STM32F4xx/Debug/libStdPeriphLib_v100_STM32F4xx.a(stm32f4xx_adc.o)
 .debug_line    0x0000c29b      0x73a /home/owen/workspace-redsuite/StdPeriphLib_v100_STM32F4xx/Debug/libStdPeriphLib_v100_STM32F4xx.a(stm32f4xx_gpio.o)
 .debug_line    0x0000c9d5      0x99c /home/owen/workspace-redsuite/StdPeriphLib_v100_STM32F4xx/Debug/libStdPeriphLib_v100_STM32F4xx.a(stm32f4xx_rcc.o)
 .debug_line    0x0000d371      0x684 /home/owen/workspace-redsuite/StdPeriphLib_v100_STM32F4xx/Debug/libStdPeriphLib_v100_STM32F4xx.a(stm32f4xx_rng.o)
 .debug_line    0x0000d9f5      0x850 /home/owen/workspace-redsuite/StdPeriphLib_v100_STM32F4xx/Debug/libStdPeriphLib_v100_STM32F4xx.a(stm32f4xx_spi.o)
 .debug_line    0x0000e245      0xe75 /home/owen/workspace-redsuite/StdPeriphLib_v100_STM32F4xx/Debug/libStdPeriphLib_v100_STM32F4xx.a(stm32f4xx_tim.o)
 .debug_line    0x0000f0ba      0x88b /home/owen/workspace-redsuite/StdPeriphLib_v100_STM32F4xx/Debug/libStdPeriphLib_v100_STM32F4xx.a(stm32f4xx_usart.o)
 .debug_line    0x0000f945      0x683 /home/owen/workspace-redsuite/StdPeriphLib_v100_STM32F4xx/Debug/libStdPeriphLib_v100_STM32F4xx.a(stm32f4xx_wwdg.o)
 .debug_line    0x0000ffc8      0x4c8 /home/owen/workspace-redsuite/CMSISv2p10_DSPLIB_CM4/lib/libCMSISv2p10_DSPLIB_CM4.a(arm_float_to_q15.o)
 .debug_line    0x00010490      0x487 /home/owen/workspace-redsuite/CMSISv2p10_DSPLIB_CM4/lib/libCMSISv2p10_DSPLIB_CM4.a(arm_sin_f32.o)

.debug_macinfo  0x00000000   0x820710
 .debug_macinfo
                0x00000000    0x5b0df ./src/CS4344.o
 .debug_macinfo
                0x0005b0df     0x441f ./src/audio.o
 .debug_macinfo
                0x0005f4fe     0x442e ./src/comb.o
 .debug_macinfo
                0x0006392c    0x5aeb9 ./src/cr_startup_stm32f4xx.o
 .debug_macinfo
                0x000be7e5     0x43d9 ./src/eq.o
 .debug_macinfo
                0x000c2bbe     0x442e ./src/line.o
 .debug_macinfo
                0x000c6fec    0x5bfbf ./src/main.o
 .debug_macinfo
                0x00122fab    0x5bb16 ./src/midi.o
 .debug_macinfo
                0x0017eac1    0x5b9ce ./src/mode_analog_style.o
 .debug_macinfo
                0x001da48f    0x5b9c6 ./src/mode_drum.o
 .debug_macinfo
                0x00235e55    0x5b9cc ./src/mode_drum_synth.o
 .debug_macinfo
                0x00291821     0x4767 ./src/mode_filter_envelope.o
 .debug_macinfo
                0x00295f88    0x5b9cc ./src/mode_filter_man.o
 .debug_macinfo
                0x002f1954     0x4763 ./src/mode_mono_glider.o
 .debug_macinfo
                0x002f60b7     0x4760 ./src/mode_nazareth.o
 .debug_macinfo
                0x002fa817    0x5b9cf ./src/mode_octave_mirror.o
 .debug_macinfo
                0x003561e6     0x4771 ./src/mode_simple_fm.o
 .debug_macinfo
                0x0035a957     0x4762 ./src/mode_simple_sin.o
 .debug_macinfo
                0x0035f0b9     0x4762 ./src/mode_wave_adder.o
 .debug_macinfo
                0x0036381b     0x4444 ./src/oscillator.o
 .debug_macinfo
                0x00367c5f    0x5b908 ./src/pp6.o
 .debug_macinfo
                0x003c3567     0x442d ./src/sad.o
 .debug_macinfo
                0x003c7994     0x442f ./src/sadsr.o
 .debug_macinfo
                0x003cbdc3     0x471f ./src/sequencer.o
 .debug_macinfo
                0x003d04e2    0x5aed1 ./src/system_stm32f4xx.o
 .debug_macinfo
                0x0042b3b3    0x5ae7d ./src/timer.o
 .debug_macinfo
                0x00486230    0x5ae7c ./src/uart.o
 .debug_macinfo
                0x004e10ac     0x442d ./src/vcf.o
 .debug_macinfo
                0x004e54d9    0x5ae5f /home/owen/workspace-redsuite/StdPeriphLib_v100_STM32F4xx/Debug/libStdPeriphLib_v100_STM32F4xx.a(misc.o)
 .debug_macinfo
                0x00540338    0x5b14d /home/owen/workspace-redsuite/StdPeriphLib_v100_STM32F4xx/Debug/libStdPeriphLib_v100_STM32F4xx.a(stm32f4xx_adc.o)
 .debug_macinfo
                0x0059b485    0x5ae33 /home/owen/workspace-redsuite/StdPeriphLib_v100_STM32F4xx/Debug/libStdPeriphLib_v100_STM32F4xx.a(stm32f4xx_gpio.o)
 .debug_macinfo
                0x005f62b8    0x5b33f /home/owen/workspace-redsuite/StdPeriphLib_v100_STM32F4xx/Debug/libStdPeriphLib_v100_STM32F4xx.a(stm32f4xx_rcc.o)
 .debug_macinfo
                0x006515f7    0x5ae33 /home/owen/workspace-redsuite/StdPeriphLib_v100_STM32F4xx/Debug/libStdPeriphLib_v100_STM32F4xx.a(stm32f4xx_rng.o)
 .debug_macinfo
                0x006ac42a    0x5af20 /home/owen/workspace-redsuite/StdPeriphLib_v100_STM32F4xx/Debug/libStdPeriphLib_v100_STM32F4xx.a(stm32f4xx_spi.o)
 .debug_macinfo
                0x0070734a    0x5af0c /home/owen/workspace-redsuite/StdPeriphLib_v100_STM32F4xx/Debug/libStdPeriphLib_v100_STM32F4xx.a(stm32f4xx_tim.o)
 .debug_macinfo
                0x00762256    0x5af5f /home/owen/workspace-redsuite/StdPeriphLib_v100_STM32F4xx/Debug/libStdPeriphLib_v100_STM32F4xx.a(stm32f4xx_usart.o)
 .debug_macinfo
                0x007bd1b5    0x5af41 /home/owen/workspace-redsuite/StdPeriphLib_v100_STM32F4xx/Debug/libStdPeriphLib_v100_STM32F4xx.a(stm32f4xx_wwdg.o)
 .debug_macinfo
                0x008180f6     0x430d /home/owen/workspace-redsuite/CMSISv2p10_DSPLIB_CM4/lib/libCMSISv2p10_DSPLIB_CM4.a(arm_float_to_q15.o)
 .debug_macinfo
                0x0081c403     0x430d /home/owen/workspace-redsuite/CMSISv2p10_DSPLIB_CM4/lib/libCMSISv2p10_DSPLIB_CM4.a(arm_sin_f32.o)

.debug_loc      0x00000000     0x6050
 .debug_loc     0x00000000       0x70 ./src/CS4344.o
 .debug_loc     0x00000070       0x70 ./src/audio.o
 .debug_loc     0x000000e0       0x70 ./src/comb.o
 .debug_loc     0x00000150      0x28c ./src/cr_startup_stm32f4xx.o
 .debug_loc     0x000003dc       0x70 ./src/eq.o
 .debug_loc     0x0000044c       0xe0 ./src/line.o
 .debug_loc     0x0000052c       0x9c ./src/main.o
 .debug_loc     0x000005c8      0x72c ./src/midi.o
 .debug_loc     0x00000cf4       0x9c ./src/mode_analog_style.o
 .debug_loc     0x00000d90       0xb4 ./src/mode_drum.o
 .debug_loc     0x00000e44       0x9c ./src/mode_drum_synth.o
 .debug_loc     0x00000ee0       0x9c ./src/mode_filter_envelope.o
 .debug_loc     0x00000f7c       0xa8 ./src/mode_filter_man.o
 .debug_loc     0x00001024       0x9c ./src/mode_mono_glider.o
 .debug_loc     0x000010c0       0x90 ./src/mode_nazareth.o
 .debug_loc     0x00001150       0xa8 ./src/mode_octave_mirror.o
 .debug_loc     0x000011f8       0xa8 ./src/mode_simple_fm.o
 .debug_loc     0x000012a0       0x90 ./src/mode_simple_sin.o
 .debug_loc     0x00001330       0x90 ./src/mode_wave_adder.o
 .debug_loc     0x000013c0      0x462 ./src/oscillator.o
 .debug_loc     0x00001822      0x69c ./src/pp6.o
 .debug_loc     0x00001ebe       0xe0 ./src/sad.o
 .debug_loc     0x00001f9e      0x150 ./src/sadsr.o
 .debug_loc     0x000020ee      0x240 ./src/sequencer.o
 .debug_loc     0x0000232e       0x9c ./src/system_stm32f4xx.o
 .debug_loc     0x000023ca       0x90 ./src/timer.o
 .debug_loc     0x0000245a       0x38 ./src/uart.o
 .debug_loc     0x00002492       0xa8 ./src/vcf.o
 .debug_loc     0x0000253a      0x118 /home/owen/workspace-redsuite/StdPeriphLib_v100_STM32F4xx/Debug/libStdPeriphLib_v100_STM32F4xx.a(misc.o)
 .debug_loc     0x00002652      0x838 /home/owen/workspace-redsuite/StdPeriphLib_v100_STM32F4xx/Debug/libStdPeriphLib_v100_STM32F4xx.a(stm32f4xx_adc.o)
 .debug_loc     0x00002e8a      0x310 /home/owen/workspace-redsuite/StdPeriphLib_v100_STM32F4xx/Debug/libStdPeriphLib_v100_STM32F4xx.a(stm32f4xx_gpio.o)
 .debug_loc     0x0000319a      0x97c /home/owen/workspace-redsuite/StdPeriphLib_v100_STM32F4xx/Debug/libStdPeriphLib_v100_STM32F4xx.a(stm32f4xx_rcc.o)
 .debug_loc     0x00003b16      0x1a8 /home/owen/workspace-redsuite/StdPeriphLib_v100_STM32F4xx/Debug/libStdPeriphLib_v100_STM32F4xx.a(stm32f4xx_rng.o)
 .debug_loc     0x00003cbe      0x578 /home/owen/workspace-redsuite/StdPeriphLib_v100_STM32F4xx/Debug/libStdPeriphLib_v100_STM32F4xx.a(stm32f4xx_spi.o)
 .debug_loc     0x00004236     0x1420 /home/owen/workspace-redsuite/StdPeriphLib_v100_STM32F4xx/Debug/libStdPeriphLib_v100_STM32F4xx.a(stm32f4xx_tim.o)
 .debug_loc     0x00005656      0x658 /home/owen/workspace-redsuite/StdPeriphLib_v100_STM32F4xx/Debug/libStdPeriphLib_v100_STM32F4xx.a(stm32f4xx_usart.o)
 .debug_loc     0x00005cae      0x19c /home/owen/workspace-redsuite/StdPeriphLib_v100_STM32F4xx/Debug/libStdPeriphLib_v100_STM32F4xx.a(stm32f4xx_wwdg.o)
 .debug_loc     0x00005e4a      0x178 /home/owen/workspace-redsuite/CMSISv2p10_DSPLIB_CM4/lib/libCMSISv2p10_DSPLIB_CM4.a(arm_float_to_q15.o)
 .debug_loc     0x00005fc2       0x8e /home/owen/workspace-redsuite/CMSISv2p10_DSPLIB_CM4/lib/libCMSISv2p10_DSPLIB_CM4.a(arm_sin_f32.o)

.debug_pubnames
                0x00000000     0x2d2c
 .debug_pubnames
                0x00000000       0x80 ./src/CS4344.o
 .debug_pubnames
                0x00000080       0x4b ./src/audio.o
 .debug_pubnames
                0x000000cb       0x89 ./src/comb.o
 .debug_pubnames
                0x00000154      0x115 ./src/cr_startup_stm32f4xx.o
 .debug_pubnames
                0x00000269       0x34 ./src/eq.o
 .debug_pubnames
                0x0000029d       0x53 ./src/line.o
 .debug_pubnames
                0x000002f0      0x11e ./src/main.o
 .debug_pubnames
                0x0000040e      0x33f ./src/midi.o
 .debug_pubnames
                0x0000074d       0x78 ./src/mode_analog_style.o
 .debug_pubnames
                0x000007c5       0x60 ./src/mode_drum.o
 .debug_pubnames
                0x00000825       0x72 ./src/mode_drum_synth.o
 .debug_pubnames
                0x00000897       0x81 ./src/mode_filter_envelope.o
 .debug_pubnames
                0x00000918       0x72 ./src/mode_filter_man.o
 .debug_pubnames
                0x0000098a       0xc5 ./src/mode_mono_glider.o
 .debug_pubnames
                0x00000a4f       0x6c ./src/mode_nazareth.o
 .debug_pubnames
                0x00000abb       0x7b ./src/mode_octave_mirror.o
 .debug_pubnames
                0x00000b36       0x6f ./src/mode_simple_fm.o
 .debug_pubnames
                0x00000ba5       0x7c ./src/mode_simple_sin.o
 .debug_pubnames
                0x00000c21       0x72 ./src/mode_wave_adder.o
 .debug_pubnames
                0x00000c93      0x177 ./src/oscillator.o
 .debug_pubnames
                0x00000e0a      0x348 ./src/pp6.o
 .debug_pubnames
                0x00001152       0x46 ./src/sad.o
 .debug_pubnames
                0x00001198       0x74 ./src/sadsr.o
 .debug_pubnames
                0x0000120c      0x1da ./src/sequencer.o
 .debug_pubnames
                0x000013e6       0x61 ./src/system_stm32f4xx.o
 .debug_pubnames
                0x00001447       0x44 ./src/timer.o
 .debug_pubnames
                0x0000148b       0x20 ./src/uart.o
 .debug_pubnames
                0x000014ab       0x50 ./src/vcf.o
 .debug_pubnames
                0x000014fb       0x89 /home/owen/workspace-redsuite/StdPeriphLib_v100_STM32F4xx/Debug/libStdPeriphLib_v100_STM32F4xx.a(misc.o)
 .debug_pubnames
                0x00001584      0x446 /home/owen/workspace-redsuite/StdPeriphLib_v100_STM32F4xx/Debug/libStdPeriphLib_v100_STM32F4xx.a(stm32f4xx_adc.o)
 .debug_pubnames
                0x000019ca      0x12d /home/owen/workspace-redsuite/StdPeriphLib_v100_STM32F4xx/Debug/libStdPeriphLib_v100_STM32F4xx.a(stm32f4xx_gpio.o)
 .debug_pubnames
                0x00001af7      0x417 /home/owen/workspace-redsuite/StdPeriphLib_v100_STM32F4xx/Debug/libStdPeriphLib_v100_STM32F4xx.a(stm32f4xx_rcc.o)
 .debug_pubnames
                0x00001f0e       0xac /home/owen/workspace-redsuite/StdPeriphLib_v100_STM32F4xx/Debug/libStdPeriphLib_v100_STM32F4xx.a(stm32f4xx_rng.o)
 .debug_pubnames
                0x00001fba      0x221 /home/owen/workspace-redsuite/StdPeriphLib_v100_STM32F4xx/Debug/libStdPeriphLib_v100_STM32F4xx.a(stm32f4xx_spi.o)
 .debug_pubnames
                0x000021db      0x7c4 /home/owen/workspace-redsuite/StdPeriphLib_v100_STM32F4xx/Debug/libStdPeriphLib_v100_STM32F4xx.a(stm32f4xx_tim.o)
 .debug_pubnames
                0x0000299f      0x294 /home/owen/workspace-redsuite/StdPeriphLib_v100_STM32F4xx/Debug/libStdPeriphLib_v100_STM32F4xx.a(stm32f4xx_usart.o)
 .debug_pubnames
                0x00002c33       0xb0 /home/owen/workspace-redsuite/StdPeriphLib_v100_STM32F4xx/Debug/libStdPeriphLib_v100_STM32F4xx.a(stm32f4xx_wwdg.o)
 .debug_pubnames
                0x00002ce3       0x27 /home/owen/workspace-redsuite/CMSISv2p10_DSPLIB_CM4/lib/libCMSISv2p10_DSPLIB_CM4.a(arm_float_to_q15.o)
 .debug_pubnames
                0x00002d0a       0x22 /home/owen/workspace-redsuite/CMSISv2p10_DSPLIB_CM4/lib/libCMSISv2p10_DSPLIB_CM4.a(arm_sin_f32.o)

.debug_pubtypes
                0x00000000     0x12dc
 .debug_pubtypes
                0x00000000      0x116 ./src/CS4344.o
 .debug_pubtypes
                0x00000116       0x2d ./src/audio.o
 .debug_pubtypes
                0x00000143       0x2d ./src/comb.o
 .debug_pubtypes
                0x00000170       0x44 ./src/cr_startup_stm32f4xx.o
 .debug_pubtypes
                0x000001b4       0x38 ./src/eq.o
 .debug_pubtypes
                0x000001ec       0x36 ./src/line.o
 .debug_pubtypes
                0x00000222       0x96 ./src/main.o
 .debug_pubtypes
                0x000002b8       0x38 ./src/midi.o
 .debug_pubtypes
                0x000002f0       0x72 ./src/mode_analog_style.o
 .debug_pubtypes
                0x00000362       0x85 ./src/mode_drum.o
 .debug_pubtypes
                0x000003e7       0x69 ./src/mode_drum_synth.o
 .debug_pubtypes
                0x00000450       0x69 ./src/mode_filter_envelope.o
 .debug_pubtypes
                0x000004b9       0x72 ./src/mode_filter_man.o
 .debug_pubtypes
                0x0000052b       0x5a ./src/mode_mono_glider.o
 .debug_pubtypes
                0x00000585       0x62 ./src/mode_nazareth.o
 .debug_pubtypes
                0x000005e7       0x69 ./src/mode_octave_mirror.o
 .debug_pubtypes
                0x00000650       0x6a ./src/mode_simple_fm.o
 .debug_pubtypes
                0x000006ba       0x84 ./src/mode_simple_sin.o
 .debug_pubtypes
                0x0000073e       0x84 ./src/mode_wave_adder.o
 .debug_pubtypes
                0x000007c2       0xb0 ./src/oscillator.o
 .debug_pubtypes
                0x00000872      0x131 ./src/pp6.o
 .debug_pubtypes
                0x000009a3       0x34 ./src/sad.o
 .debug_pubtypes
                0x000009d7       0x36 ./src/sadsr.o
 .debug_pubtypes
                0x00000a0d       0x2b ./src/sequencer.o
 .debug_pubtypes
                0x00000a38       0x83 ./src/system_stm32f4xx.o
 .debug_pubtypes
                0x00000abb       0x70 ./src/timer.o
 .debug_pubtypes
                0x00000b2b       0xe8 ./src/uart.o
 .debug_pubtypes
                0x00000c13       0x2f ./src/vcf.o
 .debug_pubtypes
                0x00000c42       0x8c /home/owen/workspace-redsuite/StdPeriphLib_v100_STM32F4xx/Debug/libStdPeriphLib_v100_STM32F4xx.a(misc.o)
 .debug_pubtypes
                0x00000cce       0xc9 /home/owen/workspace-redsuite/StdPeriphLib_v100_STM32F4xx/Debug/libStdPeriphLib_v100_STM32F4xx.a(stm32f4xx_adc.o)
 .debug_pubtypes
                0x00000d97       0xce /home/owen/workspace-redsuite/StdPeriphLib_v100_STM32F4xx/Debug/libStdPeriphLib_v100_STM32F4xx.a(stm32f4xx_gpio.o)
 .debug_pubtypes
                0x00000e65       0xaa /home/owen/workspace-redsuite/StdPeriphLib_v100_STM32F4xx/Debug/libStdPeriphLib_v100_STM32F4xx.a(stm32f4xx_rcc.o)
 .debug_pubtypes
                0x00000f0f       0x77 /home/owen/workspace-redsuite/StdPeriphLib_v100_STM32F4xx/Debug/libStdPeriphLib_v100_STM32F4xx.a(stm32f4xx_rng.o)
 .debug_pubtypes
                0x00000f86       0xbc /home/owen/workspace-redsuite/StdPeriphLib_v100_STM32F4xx/Debug/libStdPeriphLib_v100_STM32F4xx.a(stm32f4xx_spi.o)
 .debug_pubtypes
                0x00001042       0xe4 /home/owen/workspace-redsuite/StdPeriphLib_v100_STM32F4xx/Debug/libStdPeriphLib_v100_STM32F4xx.a(stm32f4xx_tim.o)
 .debug_pubtypes
                0x00001126       0xcd /home/owen/workspace-redsuite/StdPeriphLib_v100_STM32F4xx/Debug/libStdPeriphLib_v100_STM32F4xx.a(stm32f4xx_usart.o)
 .debug_pubtypes
                0x000011f3       0x57 /home/owen/workspace-redsuite/StdPeriphLib_v100_STM32F4xx/Debug/libStdPeriphLib_v100_STM32F4xx.a(stm32f4xx_wwdg.o)
 .debug_pubtypes
                0x0000124a       0x59 /home/owen/workspace-redsuite/CMSISv2p10_DSPLIB_CM4/lib/libCMSISv2p10_DSPLIB_CM4.a(arm_float_to_q15.o)
 .debug_pubtypes
                0x000012a3       0x39 /home/owen/workspace-redsuite/CMSISv2p10_DSPLIB_CM4/lib/libCMSISv2p10_DSPLIB_CM4.a(arm_sin_f32.o)

.debug_aranges  0x00000000     0x11c0
 .debug_aranges
                0x00000000       0x28 ./src/CS4344.o
 .debug_aranges
                0x00000028       0x28 ./src/audio.o
 .debug_aranges
                0x00000050       0x28 ./src/comb.o
 .debug_aranges
                0x00000078       0x88 ./src/cr_startup_stm32f4xx.o
 .debug_aranges
                0x00000100       0x28 ./src/eq.o
 .debug_aranges
                0x00000128       0x38 ./src/line.o
 .debug_aranges
                0x00000160       0x30 ./src/main.o
 .debug_aranges
                0x00000190      0x138 ./src/midi.o
 .debug_aranges
                0x000002c8       0x30 ./src/mode_analog_style.o
 .debug_aranges
                0x000002f8       0x30 ./src/mode_drum.o
 .debug_aranges
                0x00000328       0x30 ./src/mode_drum_synth.o
 .debug_aranges
                0x00000358       0x30 ./src/mode_filter_envelope.o
 .debug_aranges
                0x00000388       0x30 ./src/mode_filter_man.o
 .debug_aranges
                0x000003b8       0x30 ./src/mode_mono_glider.o
 .debug_aranges
                0x000003e8       0x30 ./src/mode_nazareth.o
 .debug_aranges
                0x00000418       0x30 ./src/mode_octave_mirror.o
 .debug_aranges
                0x00000448       0x30 ./src/mode_simple_fm.o
 .debug_aranges
                0x00000478       0x30 ./src/mode_simple_sin.o
 .debug_aranges
                0x000004a8       0x30 ./src/mode_wave_adder.o
 .debug_aranges
                0x000004d8       0xb8 ./src/oscillator.o
 .debug_aranges
                0x00000590      0x138 ./src/pp6.o
 .debug_aranges
                0x000006c8       0x38 ./src/sad.o
 .debug_aranges
                0x00000700       0x48 ./src/sadsr.o
 .debug_aranges
                0x00000748       0x78 ./src/sequencer.o
 .debug_aranges
                0x000007c0       0x30 ./src/system_stm32f4xx.o
 .debug_aranges
                0x000007f0       0x30 ./src/timer.o
 .debug_aranges
                0x00000820       0x20 ./src/uart.o
 .debug_aranges
                0x00000840       0x30 ./src/vcf.o
 .debug_aranges
                0x00000870       0x40 /home/owen/workspace-redsuite/StdPeriphLib_v100_STM32F4xx/Debug/libStdPeriphLib_v100_STM32F4xx.a(misc.o)
 .debug_aranges
                0x000008b0      0x148 /home/owen/workspace-redsuite/StdPeriphLib_v100_STM32F4xx/Debug/libStdPeriphLib_v100_STM32F4xx.a(stm32f4xx_adc.o)
 .debug_aranges
                0x000009f8       0x88 /home/owen/workspace-redsuite/StdPeriphLib_v100_STM32F4xx/Debug/libStdPeriphLib_v100_STM32F4xx.a(stm32f4xx_gpio.o)
 .debug_aranges
                0x00000a80      0x178 /home/owen/workspace-redsuite/StdPeriphLib_v100_STM32F4xx/Debug/libStdPeriphLib_v100_STM32F4xx.a(stm32f4xx_rcc.o)
 .debug_aranges
                0x00000bf8       0x58 /home/owen/workspace-redsuite/StdPeriphLib_v100_STM32F4xx/Debug/libStdPeriphLib_v100_STM32F4xx.a(stm32f4xx_rng.o)
 .debug_aranges
                0x00000c50       0xe0 /home/owen/workspace-redsuite/StdPeriphLib_v100_STM32F4xx/Debug/libStdPeriphLib_v100_STM32F4xx.a(stm32f4xx_spi.o)
 .debug_aranges
                0x00000d30      0x2f8 /home/owen/workspace-redsuite/StdPeriphLib_v100_STM32F4xx/Debug/libStdPeriphLib_v100_STM32F4xx.a(stm32f4xx_tim.o)
 .debug_aranges
                0x00001028      0x100 /home/owen/workspace-redsuite/StdPeriphLib_v100_STM32F4xx/Debug/libStdPeriphLib_v100_STM32F4xx.a(stm32f4xx_usart.o)
 .debug_aranges
                0x00001128       0x58 /home/owen/workspace-redsuite/StdPeriphLib_v100_STM32F4xx/Debug/libStdPeriphLib_v100_STM32F4xx.a(stm32f4xx_wwdg.o)
 .debug_aranges
                0x00001180       0x20 /home/owen/workspace-redsuite/CMSISv2p10_DSPLIB_CM4/lib/libCMSISv2p10_DSPLIB_CM4.a(arm_float_to_q15.o)
 .debug_aranges
                0x000011a0       0x20 /home/owen/workspace-redsuite/CMSISv2p10_DSPLIB_CM4/lib/libCMSISv2p10_DSPLIB_CM4.a(arm_sin_f32.o)

.debug_ranges   0x00000000     0x10a8
 .debug_ranges  0x00000000       0x18 ./src/CS4344.o
 .debug_ranges  0x00000018       0x18 ./src/audio.o
 .debug_ranges  0x00000030       0x18 ./src/comb.o
 .debug_ranges  0x00000048       0x78 ./src/cr_startup_stm32f4xx.o
 .debug_ranges  0x000000c0       0x18 ./src/eq.o
 .debug_ranges  0x000000d8       0x28 ./src/line.o
 .debug_ranges  0x00000100       0x20 ./src/main.o
 .debug_ranges  0x00000120      0x128 ./src/midi.o
 .debug_ranges  0x00000248       0x20 ./src/mode_analog_style.o
 .debug_ranges  0x00000268       0x20 ./src/mode_drum.o
 .debug_ranges  0x00000288       0x20 ./src/mode_drum_synth.o
 .debug_ranges  0x000002a8       0x20 ./src/mode_filter_envelope.o
 .debug_ranges  0x000002c8       0x20 ./src/mode_filter_man.o
 .debug_ranges  0x000002e8       0x20 ./src/mode_mono_glider.o
 .debug_ranges  0x00000308       0x20 ./src/mode_nazareth.o
 .debug_ranges  0x00000328       0x20 ./src/mode_octave_mirror.o
 .debug_ranges  0x00000348       0x20 ./src/mode_simple_fm.o
 .debug_ranges  0x00000368       0x20 ./src/mode_simple_sin.o
 .debug_ranges  0x00000388       0x20 ./src/mode_wave_adder.o
 .debug_ranges  0x000003a8       0xa8 ./src/oscillator.o
 .debug_ranges  0x00000450      0x128 ./src/pp6.o
 .debug_ranges  0x00000578       0x28 ./src/sad.o
 .debug_ranges  0x000005a0       0x38 ./src/sadsr.o
 .debug_ranges  0x000005d8       0x68 ./src/sequencer.o
 .debug_ranges  0x00000640       0x20 ./src/system_stm32f4xx.o
 .debug_ranges  0x00000660       0x20 ./src/timer.o
 .debug_ranges  0x00000680       0x10 ./src/uart.o
 .debug_ranges  0x00000690       0x20 ./src/vcf.o
 .debug_ranges  0x000006b0       0x30 /home/owen/workspace-redsuite/StdPeriphLib_v100_STM32F4xx/Debug/libStdPeriphLib_v100_STM32F4xx.a(misc.o)
 .debug_ranges  0x000006e0      0x138 /home/owen/workspace-redsuite/StdPeriphLib_v100_STM32F4xx/Debug/libStdPeriphLib_v100_STM32F4xx.a(stm32f4xx_adc.o)
 .debug_ranges  0x00000818       0x78 /home/owen/workspace-redsuite/StdPeriphLib_v100_STM32F4xx/Debug/libStdPeriphLib_v100_STM32F4xx.a(stm32f4xx_gpio.o)
 .debug_ranges  0x00000890      0x168 /home/owen/workspace-redsuite/StdPeriphLib_v100_STM32F4xx/Debug/libStdPeriphLib_v100_STM32F4xx.a(stm32f4xx_rcc.o)
 .debug_ranges  0x000009f8       0x48 /home/owen/workspace-redsuite/StdPeriphLib_v100_STM32F4xx/Debug/libStdPeriphLib_v100_STM32F4xx.a(stm32f4xx_rng.o)
 .debug_ranges  0x00000a40       0xd0 /home/owen/workspace-redsuite/StdPeriphLib_v100_STM32F4xx/Debug/libStdPeriphLib_v100_STM32F4xx.a(stm32f4xx_spi.o)
 .debug_ranges  0x00000b10      0x2e8 /home/owen/workspace-redsuite/StdPeriphLib_v100_STM32F4xx/Debug/libStdPeriphLib_v100_STM32F4xx.a(stm32f4xx_tim.o)
 .debug_ranges  0x00000df8       0xf0 /home/owen/workspace-redsuite/StdPeriphLib_v100_STM32F4xx/Debug/libStdPeriphLib_v100_STM32F4xx.a(stm32f4xx_usart.o)
 .debug_ranges  0x00000ee8       0x48 /home/owen/workspace-redsuite/StdPeriphLib_v100_STM32F4xx/Debug/libStdPeriphLib_v100_STM32F4xx.a(stm32f4xx_wwdg.o)
 .debug_ranges  0x00000f30      0x168 /home/owen/workspace-redsuite/CMSISv2p10_DSPLIB_CM4/lib/libCMSISv2p10_DSPLIB_CM4.a(arm_float_to_q15.o)
 .debug_ranges  0x00001098       0x10 /home/owen/workspace-redsuite/CMSISv2p10_DSPLIB_CM4/lib/libCMSISv2p10_DSPLIB_CM4.a(arm_sin_f32.o)

.debug_str      0x00000000     0x4320
 .debug_str     0x00000000      0x93d ./src/CS4344.o
                                0x97a (size before relaxing)
 .debug_str     0x0000093d       0x54 ./src/audio.o
                                0x110 (size before relaxing)
 .debug_str     0x00000991       0x7c ./src/comb.o
                                0x148 (size before relaxing)
 .debug_str     0x00000a0d      0x1b4 ./src/cr_startup_stm32f4xx.o
                                0x2ac (size before relaxing)
 .debug_str     0x00000bc1       0x85 ./src/eq.o
                                0x150 (size before relaxing)
 .debug_str     0x00000c46       0x6c ./src/line.o
                                0x13f (size before relaxing)
 .debug_str     0x00000cb2      0x14d ./src/main.o
                                0x3c2 (size before relaxing)
 .debug_str     0x00000dff      0x265 ./src/midi.o
                                0x3ed (size before relaxing)
 .debug_str     0x00001064      0x136 ./src/mode_analog_style.o
                                0x282 (size before relaxing)
 .debug_str     0x0000119a       0xd8 ./src/mode_drum.o
                                0x2b3 (size before relaxing)
 .debug_str     0x00001272       0x6d ./src/mode_drum_synth.o
                                0x207 (size before relaxing)
 .debug_str     0x000012df       0x8e ./src/mode_filter_envelope.o
                                0x22e (size before relaxing)
 .debug_str     0x0000136d       0x6d ./src/mode_filter_man.o
                                0x27a (size before relaxing)
 .debug_str     0x000013da       0x86 ./src/mode_mono_glider.o
                                0x1e4 (size before relaxing)
 .debug_str     0x00001460       0x83 ./src/mode_nazareth.o
                                0x207 (size before relaxing)
 .debug_str     0x000014e3       0x79 ./src/mode_octave_mirror.o
                                0x23a (size before relaxing)
 .debug_str     0x0000155c       0xf1 ./src/mode_simple_fm.o
                                0x281 (size before relaxing)
 .debug_str     0x0000164d       0x87 ./src/mode_simple_sin.o
                                0x268 (size before relaxing)
 .debug_str     0x000016d4       0x6d ./src/mode_wave_adder.o
                                0x268 (size before relaxing)
 .debug_str     0x00001741      0x1cb ./src/oscillator.o
                                0x3b1 (size before relaxing)
 .debug_str     0x0000190c      0x43c ./src/pp6.o
                                0x7b0 (size before relaxing)
 .debug_str     0x00001d48       0x48 ./src/sad.o
                                0x13f (size before relaxing)
 .debug_str     0x00001d90       0x63 ./src/sadsr.o
                                0x186 (size before relaxing)
 .debug_str     0x00001df3      0x180 ./src/sequencer.o
                                0x24f (size before relaxing)
 .debug_str     0x00001f73      0x164 ./src/system_stm32f4xx.o
                                0x2fe (size before relaxing)
 .debug_str     0x000020d7      0x13a ./src/timer.o
                                0x285 (size before relaxing)
 .debug_str     0x00002211       0xb2 ./src/uart.o
                                0x381 (size before relaxing)
 .debug_str     0x000022c3       0x49 ./src/vcf.o
                                0x138 (size before relaxing)
 .debug_str     0x0000230c      0x171 /home/owen/workspace-redsuite/StdPeriphLib_v100_STM32F4xx/Debug/libStdPeriphLib_v100_STM32F4xx.a(misc.o)
                                0x339 (size before relaxing)
 .debug_str     0x0000247d      0x4d6 /home/owen/workspace-redsuite/StdPeriphLib_v100_STM32F4xx/Debug/libStdPeriphLib_v100_STM32F4xx.a(stm32f4xx_adc.o)
                                0x764 (size before relaxing)
 .debug_str     0x00002953      0x171 /home/owen/workspace-redsuite/StdPeriphLib_v100_STM32F4xx/Debug/libStdPeriphLib_v100_STM32F4xx.a(stm32f4xx_gpio.o)
                                0x403 (size before relaxing)
 .debug_str     0x00002ac4      0x537 /home/owen/workspace-redsuite/StdPeriphLib_v100_STM32F4xx/Debug/libStdPeriphLib_v100_STM32F4xx.a(stm32f4xx_rcc.o)
                                0x7b0 (size before relaxing)
 .debug_str     0x00002ffb       0xad /home/owen/workspace-redsuite/StdPeriphLib_v100_STM32F4xx/Debug/libStdPeriphLib_v100_STM32F4xx.a(stm32f4xx_rng.o)
                                0x1e4 (size before relaxing)
 .debug_str     0x000030a8      0x2e6 /home/owen/workspace-redsuite/StdPeriphLib_v100_STM32F4xx/Debug/libStdPeriphLib_v100_STM32F4xx.a(stm32f4xx_spi.o)
                                0x5ea (size before relaxing)
 .debug_str     0x0000338e      0xa54 /home/owen/workspace-redsuite/StdPeriphLib_v100_STM32F4xx/Debug/libStdPeriphLib_v100_STM32F4xx.a(stm32f4xx_tim.o)
                                0xd30 (size before relaxing)
 .debug_str     0x00003de2      0x378 /home/owen/workspace-redsuite/StdPeriphLib_v100_STM32F4xx/Debug/libStdPeriphLib_v100_STM32F4xx.a(stm32f4xx_usart.o)
                                0x5ef (size before relaxing)
 .debug_str     0x0000415a       0xb2 /home/owen/workspace-redsuite/StdPeriphLib_v100_STM32F4xx/Debug/libStdPeriphLib_v100_STM32F4xx.a(stm32f4xx_wwdg.o)
                                0x1e2 (size before relaxing)
 .debug_str     0x0000420c       0xb0 /home/owen/workspace-redsuite/CMSISv2p10_DSPLIB_CM4/lib/libCMSISv2p10_DSPLIB_CM4.a(arm_float_to_q15.o)
                                0x164 (size before relaxing)
 .debug_str     0x000042bc       0x64 /home/owen/workspace-redsuite/CMSISv2p10_DSPLIB_CM4/lib/libCMSISv2p10_DSPLIB_CM4.a(arm_sin_f32.o)
                                0x14e (size before relaxing)

.comment        0x00000000       0x2a
 .comment       0x00000000       0x2a ./src/CS4344.o
                                 0x2b (size before relaxing)
 .comment       0x00000000       0x2b ./src/audio.o
 .comment       0x00000000       0x2b ./src/comb.o
 .comment       0x00000000       0x2b ./src/cr_startup_stm32f4xx.o
 .comment       0x00000000       0x2b ./src/eq.o
 .comment       0x00000000       0x2b ./src/line.o
 .comment       0x00000000       0x2b ./src/main.o
 .comment       0x00000000       0x2b ./src/midi.o
 .comment       0x00000000       0x2b ./src/mode_analog_style.o
 .comment       0x00000000       0x2b ./src/mode_drum.o
 .comment       0x00000000       0x2b ./src/mode_drum_synth.o
 .comment       0x00000000       0x2b ./src/mode_filter_envelope.o
 .comment       0x00000000       0x2b ./src/mode_filter_man.o
 .comment       0x00000000       0x2b ./src/mode_mono_glider.o
 .comment       0x00000000       0x2b ./src/mode_nazareth.o
 .comment       0x00000000       0x2b ./src/mode_octave_mirror.o
 .comment       0x00000000       0x2b ./src/mode_simple_fm.o
 .comment       0x00000000       0x2b ./src/mode_simple_sin.o
 .comment       0x00000000       0x2b ./src/mode_wave_adder.o
 .comment       0x00000000       0x2b ./src/oscillator.o
 .comment       0x00000000       0x2b ./src/pp6.o
 .comment       0x00000000       0x2b ./src/sad.o
 .comment       0x00000000       0x2b ./src/sadsr.o
 .comment       0x00000000       0x2b ./src/sequencer.o
 .comment       0x00000000       0x2b ./src/system_stm32f4xx.o
 .comment       0x00000000       0x2b ./src/timer.o
 .comment       0x00000000       0x2b ./src/uart.o
 .comment       0x00000000       0x2b ./src/vcf.o
 .comment       0x00000000       0x2b /home/owen/workspace-redsuite/StdPeriphLib_v100_STM32F4xx/Debug/libStdPeriphLib_v100_STM32F4xx.a(misc.o)
 .comment       0x00000000       0x2b /home/owen/workspace-redsuite/StdPeriphLib_v100_STM32F4xx/Debug/libStdPeriphLib_v100_STM32F4xx.a(stm32f4xx_adc.o)
 .comment       0x00000000       0x2b /home/owen/workspace-redsuite/StdPeriphLib_v100_STM32F4xx/Debug/libStdPeriphLib_v100_STM32F4xx.a(stm32f4xx_gpio.o)
 .comment       0x00000000       0x2b /home/owen/workspace-redsuite/StdPeriphLib_v100_STM32F4xx/Debug/libStdPeriphLib_v100_STM32F4xx.a(stm32f4xx_rcc.o)
 .comment       0x00000000       0x2b /home/owen/workspace-redsuite/StdPeriphLib_v100_STM32F4xx/Debug/libStdPeriphLib_v100_STM32F4xx.a(stm32f4xx_rng.o)
 .comment       0x00000000       0x2b /home/owen/workspace-redsuite/StdPeriphLib_v100_STM32F4xx/Debug/libStdPeriphLib_v100_STM32F4xx.a(stm32f4xx_spi.o)
 .comment       0x00000000       0x2b /home/owen/workspace-redsuite/StdPeriphLib_v100_STM32F4xx/Debug/libStdPeriphLib_v100_STM32F4xx.a(stm32f4xx_tim.o)
 .comment       0x00000000       0x2b /home/owen/workspace-redsuite/StdPeriphLib_v100_STM32F4xx/Debug/libStdPeriphLib_v100_STM32F4xx.a(stm32f4xx_usart.o)
 .comment       0x00000000       0x2b /home/owen/workspace-redsuite/StdPeriphLib_v100_STM32F4xx/Debug/libStdPeriphLib_v100_STM32F4xx.a(stm32f4xx_wwdg.o)
 .comment       0x00000000       0x2b /home/owen/workspace-redsuite/CMSISv2p10_DSPLIB_CM4/lib/libCMSISv2p10_DSPLIB_CM4.a(arm_float_to_q15.o)
 .comment       0x00000000       0x2b /home/owen/workspace-redsuite/CMSISv2p10_DSPLIB_CM4/lib/libCMSISv2p10_DSPLIB_CM4.a(arm_sin_f32.o)
 .comment       0x00000000       0x2b /usr/local/redsuite_4.2.3_255/redsuite/tools/bin/../lib/gcc/arm-none-eabi/4.5.1/../../../../arm-none-eabi/lib/thumb2/libcr_c.a(__weak__main.o)
 .comment       0x00000000       0x2b /usr/local/redsuite_4.2.3_255/redsuite/tools/bin/../lib/gcc/arm-none-eabi/4.5.1/../../../../arm-none-eabi/lib/thumb2/libcr_c.a(sinf.o)
 .comment       0x00000000       0x2b /usr/local/redsuite_4.2.3_255/redsuite/tools/bin/../lib/gcc/arm-none-eabi/4.5.1/../../../../arm-none-eabi/lib/thumb2/libcr_c.a(memset.o)
 .comment       0x00000000       0x2b /usr/local/redsuite_4.2.3_255/redsuite/tools/bin/../lib/gcc/arm-none-eabi/4.5.1/../../../../arm-none-eabi/lib/thumb2/libcr_c.a(_sincosf.o)
 .comment       0x00000000       0x2b /usr/local/redsuite_4.2.3_255/redsuite/tools/bin/../lib/gcc/arm-none-eabi/4.5.1/../../../../arm-none-eabi/lib/thumb2/libcr_c.a(fabsf.o)
 .comment       0x00000000       0x2b /usr/local/redsuite_4.2.3_255/redsuite/tools/bin/../lib/gcc/arm-none-eabi/4.5.1/../../../../arm-none-eabi/lib/thumb2/libcr_c.a(errno.o)
 .comment       0x00000000       0x2b /usr/local/redsuite_4.2.3_255/redsuite/tools/bin/../lib/gcc/arm-none-eabi/4.5.1/thumb2/libcr_eabihelpers.a(double.o)
 .comment       0x00000000       0x2b /usr/local/redsuite_4.2.3_255/redsuite/tools/bin/../lib/gcc/arm-none-eabi/4.5.1/thumb2/libcr_eabihelpers.a(float.o)

.ARM.attributes
                0x00000000       0x35
 .ARM.attributes
                0x00000000       0x37 ./src/CS4344.o
 .ARM.attributes
                0x00000037       0x37 ./src/audio.o
 .ARM.attributes
                0x0000006e       0x37 ./src/comb.o
 .ARM.attributes
                0x000000a5       0x37 ./src/cr_startup_stm32f4xx.o
 .ARM.attributes
                0x000000dc       0x37 ./src/eq.o
 .ARM.attributes
                0x00000113       0x37 ./src/line.o
 .ARM.attributes
                0x0000014a       0x37 ./src/main.o
 .ARM.attributes
                0x00000181       0x37 ./src/midi.o
 .ARM.attributes
                0x000001b8       0x37 ./src/mode_analog_style.o
 .ARM.attributes
                0x000001ef       0x37 ./src/mode_drum.o
 .ARM.attributes
                0x00000226       0x37 ./src/mode_drum_synth.o
 .ARM.attributes
                0x0000025d       0x37 ./src/mode_filter_envelope.o
 .ARM.attributes
                0x00000294       0x37 ./src/mode_filter_man.o
 .ARM.attributes
                0x000002cb       0x37 ./src/mode_mono_glider.o
 .ARM.attributes
                0x00000302       0x37 ./src/mode_nazareth.o
 .ARM.attributes
                0x00000339       0x37 ./src/mode_octave_mirror.o
 .ARM.attributes
                0x00000370       0x37 ./src/mode_simple_fm.o
 .ARM.attributes
                0x000003a7       0x37 ./src/mode_simple_sin.o
 .ARM.attributes
                0x000003de       0x37 ./src/mode_wave_adder.o
 .ARM.attributes
                0x00000415       0x37 ./src/oscillator.o
 .ARM.attributes
                0x0000044c       0x37 ./src/pp6.o
 .ARM.attributes
                0x00000483       0x37 ./src/sad.o
 .ARM.attributes
                0x000004ba       0x37 ./src/sadsr.o
 .ARM.attributes
                0x000004f1       0x37 ./src/sequencer.o
 .ARM.attributes
                0x00000528       0x37 ./src/system_stm32f4xx.o
 .ARM.attributes
                0x0000055f       0x37 ./src/timer.o
 .ARM.attributes
                0x00000596       0x37 ./src/uart.o
 .ARM.attributes
                0x000005cd       0x37 ./src/vcf.o
 .ARM.attributes
                0x00000604       0x37 /home/owen/workspace-redsuite/StdPeriphLib_v100_STM32F4xx/Debug/libStdPeriphLib_v100_STM32F4xx.a(misc.o)
 .ARM.attributes
                0x0000063b       0x37 /home/owen/workspace-redsuite/StdPeriphLib_v100_STM32F4xx/Debug/libStdPeriphLib_v100_STM32F4xx.a(stm32f4xx_adc.o)
 .ARM.attributes
                0x00000672       0x37 /home/owen/workspace-redsuite/StdPeriphLib_v100_STM32F4xx/Debug/libStdPeriphLib_v100_STM32F4xx.a(stm32f4xx_gpio.o)
 .ARM.attributes
                0x000006a9       0x37 /home/owen/workspace-redsuite/StdPeriphLib_v100_STM32F4xx/Debug/libStdPeriphLib_v100_STM32F4xx.a(stm32f4xx_rcc.o)
 .ARM.attributes
                0x000006e0       0x37 /home/owen/workspace-redsuite/StdPeriphLib_v100_STM32F4xx/Debug/libStdPeriphLib_v100_STM32F4xx.a(stm32f4xx_rng.o)
 .ARM.attributes
                0x00000717       0x37 /home/owen/workspace-redsuite/StdPeriphLib_v100_STM32F4xx/Debug/libStdPeriphLib_v100_STM32F4xx.a(stm32f4xx_spi.o)
 .ARM.attributes
                0x0000074e       0x37 /home/owen/workspace-redsuite/StdPeriphLib_v100_STM32F4xx/Debug/libStdPeriphLib_v100_STM32F4xx.a(stm32f4xx_tim.o)
 .ARM.attributes
                0x00000785       0x37 /home/owen/workspace-redsuite/StdPeriphLib_v100_STM32F4xx/Debug/libStdPeriphLib_v100_STM32F4xx.a(stm32f4xx_usart.o)
 .ARM.attributes
                0x000007bc       0x37 /home/owen/workspace-redsuite/StdPeriphLib_v100_STM32F4xx/Debug/libStdPeriphLib_v100_STM32F4xx.a(stm32f4xx_wwdg.o)
 .ARM.attributes
                0x000007f3       0x37 /home/owen/workspace-redsuite/CMSISv2p10_DSPLIB_CM4/lib/libCMSISv2p10_DSPLIB_CM4.a(arm_float_to_q15.o)
 .ARM.attributes
                0x0000082a       0x37 /home/owen/workspace-redsuite/CMSISv2p10_DSPLIB_CM4/lib/libCMSISv2p10_DSPLIB_CM4.a(arm_sin_f32.o)
 .ARM.attributes
                0x00000861       0x31 /usr/local/redsuite_4.2.3_255/redsuite/tools/bin/../lib/gcc/arm-none-eabi/4.5.1/../../../../arm-none-eabi/lib/thumb2/libcr_c.a(__weak__main.o)
 .ARM.attributes
                0x00000892       0x31 /usr/local/redsuite_4.2.3_255/redsuite/tools/bin/../lib/gcc/arm-none-eabi/4.5.1/../../../../arm-none-eabi/lib/thumb2/libcr_c.a(sinf.o)
 .ARM.attributes
                0x000008c3       0x31 /usr/local/redsuite_4.2.3_255/redsuite/tools/bin/../lib/gcc/arm-none-eabi/4.5.1/../../../../arm-none-eabi/lib/thumb2/libcr_c.a(memset.o)
 .ARM.attributes
                0x000008f4       0x31 /usr/local/redsuite_4.2.3_255/redsuite/tools/bin/../lib/gcc/arm-none-eabi/4.5.1/../../../../arm-none-eabi/lib/thumb2/libcr_c.a(_sincosf.o)
 .ARM.attributes
                0x00000925       0x31 /usr/local/redsuite_4.2.3_255/redsuite/tools/bin/../lib/gcc/arm-none-eabi/4.5.1/../../../../arm-none-eabi/lib/thumb2/libcr_c.a(fabsf.o)
 .ARM.attributes
                0x00000956       0x31 /usr/local/redsuite_4.2.3_255/redsuite/tools/bin/../lib/gcc/arm-none-eabi/4.5.1/../../../../arm-none-eabi/lib/thumb2/libcr_c.a(errno.o)
 .ARM.attributes
                0x00000987       0x31 /usr/local/redsuite_4.2.3_255/redsuite/tools/bin/../lib/gcc/arm-none-eabi/4.5.1/thumb2/libcr_eabihelpers.a(double.o)
 .ARM.attributes
                0x000009b8       0x31 /usr/local/redsuite_4.2.3_255/redsuite/tools/bin/../lib/gcc/arm-none-eabi/4.5.1/thumb2/libcr_eabihelpers.a(float.o)
 .ARM.attributes
                0x000009e9       0x21 /usr/local/redsuite_4.2.3_255/redsuite/tools/bin/../lib/gcc/arm-none-eabi/4.5.1/thumb2/libcr_eabihelpers.a(memcpy.o)

.debug_frame    0x00000000     0x3408
 .debug_frame   0x00000000       0x50 ./src/CS4344.o
 .debug_frame   0x00000050       0x48 ./src/audio.o
 .debug_frame   0x00000098       0x48 ./src/comb.o
 .debug_frame   0x000000e0      0x174 ./src/cr_startup_stm32f4xx.o
 .debug_frame   0x00000254       0x4c ./src/eq.o
 .debug_frame   0x000002a0       0x80 ./src/line.o
 .debug_frame   0x00000320       0x68 ./src/main.o
 .debug_frame   0x00000388      0x410 ./src/midi.o
 .debug_frame   0x00000798       0x70 ./src/mode_analog_style.o
 .debug_frame   0x00000808       0x78 ./src/mode_drum.o
 .debug_frame   0x00000880       0x6c ./src/mode_drum_synth.o
 .debug_frame   0x000008ec       0x6c ./src/mode_filter_envelope.o
 .debug_frame   0x00000958       0x74 ./src/mode_filter_man.o
 .debug_frame   0x000009cc       0x6c ./src/mode_mono_glider.o
 .debug_frame   0x00000a38       0x6c ./src/mode_nazareth.o
 .debug_frame   0x00000aa4       0x70 ./src/mode_octave_mirror.o
 .debug_frame   0x00000b14       0x74 ./src/mode_simple_fm.o
 .debug_frame   0x00000b88       0x68 ./src/mode_simple_sin.o
 .debug_frame   0x00000bf0       0x68 ./src/mode_wave_adder.o
 .debug_frame   0x00000c58      0x24c ./src/oscillator.o
 .debug_frame   0x00000ea4      0x3cc ./src/pp6.o
 .debug_frame   0x00001270       0x80 ./src/sad.o
 .debug_frame   0x000012f0       0xb8 ./src/sadsr.o
 .debug_frame   0x000013a8      0x148 ./src/sequencer.o
 .debug_frame   0x000014f0       0x64 ./src/system_stm32f4xx.o