Archive member included because of file (symbol)

/home/owen/workspace-redsuite/StdPeriphLib_v100_STM32F4xx/Debug/libStdPeriphLib_v100_STM32F4xx.a(misc.o)
                              ./src/CS4344.o (NVIC_Init)
/home/owen/workspace-redsuite/StdPeriphLib_v100_STM32F4xx/Debug/libStdPeriphLib_v100_STM32F4xx.a(stm32f4xx_adc.o)
                              ./src/pp6.o (ADC_Init)
/home/owen/workspace-redsuite/StdPeriphLib_v100_STM32F4xx/Debug/libStdPeriphLib_v100_STM32F4xx.a(stm32f4xx_gpio.o)
                              ./src/CS4344.o (GPIO_Init)
/home/owen/workspace-redsuite/StdPeriphLib_v100_STM32F4xx/Debug/libStdPeriphLib_v100_STM32F4xx.a(stm32f4xx_rcc.o)
                              ./src/CS4344.o (RCC_AHB1PeriphClockCmd)
/home/owen/workspace-redsuite/StdPeriphLib_v100_STM32F4xx/Debug/libStdPeriphLib_v100_STM32F4xx.a(stm32f4xx_rng.o)
                              ./src/main.o (RNG_Cmd)
/home/owen/workspace-redsuite/StdPeriphLib_v100_STM32F4xx/Debug/libStdPeriphLib_v100_STM32F4xx.a(stm32f4xx_spi.o)
                              ./src/CS4344.o (SPI_I2S_DeInit)
/home/owen/workspace-redsuite/StdPeriphLib_v100_STM32F4xx/Debug/libStdPeriphLib_v100_STM32F4xx.a(stm32f4xx_tim.o)
                              ./src/timer.o (TIM_TimeBaseInit)
/home/owen/workspace-redsuite/StdPeriphLib_v100_STM32F4xx/Debug/libStdPeriphLib_v100_STM32F4xx.a(stm32f4xx_usart.o)
                              ./src/uart.o (USART_Init)
/home/owen/workspace-redsuite/StdPeriphLib_v100_STM32F4xx/Debug/libStdPeriphLib_v100_STM32F4xx.a(stm32f4xx_wwdg.o)
                              ./src/cr_startup_stm32f4xx.o (WWDG_SetPrescaler)
/home/owen/workspace-redsuite/CMSISv2p10_DSPLIB_CM4/lib/libCMSISv2p10_DSPLIB_CM4.a(arm_float_to_q15.o)
                              ./src/main.o (arm_float_to_q15)
/home/owen/workspace-redsuite/CMSISv2p10_DSPLIB_CM4/lib/libCMSISv2p10_DSPLIB_CM4.a(arm_sin_f32.o)
                              ./src/mode_nazareth.o (arm_sin_f32)
/usr/local/redsuite_4.3.0_1025/redsuite/tools/bin/../lib/gcc/arm-none-eabi/4.5.1/../../../../arm-none-eabi/lib/thumb2/libcr_c.a(__weak__main.o)
                              ./src/cr_startup_stm32f4xx.o (__main)
/usr/local/redsuite_4.3.0_1025/redsuite/tools/bin/../lib/gcc/arm-none-eabi/4.5.1/../../../../arm-none-eabi/lib/thumb2/libcr_c.a(floorf.o)
                              ./src/delay.o (floorf)
/usr/local/redsuite_4.3.0_1025/redsuite/tools/bin/../lib/gcc/arm-none-eabi/4.5.1/../../../../arm-none-eabi/lib/thumb2/libcr_c.a(sinf.o)
                              ./src/eq.o (sinf)
/usr/local/redsuite_4.3.0_1025/redsuite/tools/bin/../lib/gcc/arm-none-eabi/4.5.1/../../../../arm-none-eabi/lib/thumb2/libcr_c.a(memset.o)
                              ./src/eq.o (memset)
/usr/local/redsuite_4.3.0_1025/redsuite/tools/bin/../lib/gcc/arm-none-eabi/4.5.1/../../../../arm-none-eabi/lib/thumb2/libcr_c.a(_sincosf.o)
                              /usr/local/redsuite_4.3.0_1025/redsuite/tools/bin/../lib/gcc/arm-none-eabi/4.5.1/../../../../arm-none-eabi/lib/thumb2/libcr_c.a(sinf.o) (_sincosf)
/usr/local/redsuite_4.3.0_1025/redsuite/tools/bin/../lib/gcc/arm-none-eabi/4.5.1/../../../../arm-none-eabi/lib/thumb2/libcr_c.a(fabsf.o)
                              /usr/local/redsuite_4.3.0_1025/redsuite/tools/bin/../lib/gcc/arm-none-eabi/4.5.1/../../../../arm-none-eabi/lib/thumb2/libcr_c.a(_sincosf.o) (fabsf)
/usr/local/redsuite_4.3.0_1025/redsuite/tools/bin/../lib/gcc/arm-none-eabi/4.5.1/../../../../arm-none-eabi/lib/thumb2/libcr_c.a(errno.o)
                              /usr/local/redsuite_4.3.0_1025/redsuite/tools/bin/../lib/gcc/arm-none-eabi/4.5.1/../../../../arm-none-eabi/lib/thumb2/libcr_c.a(_sincosf.o) (errno)
/usr/local/redsuite_4.3.0_1025/redsuite/tools/bin/../lib/gcc/arm-none-eabi/4.5.1/thumb2/libcr_eabihelpers.a(double.o)
                              /usr/local/redsuite_4.3.0_1025/redsuite/tools/bin/../lib/gcc/arm-none-eabi/4.5.1/../../../../arm-none-eabi/lib/thumb2/libcr_c.a(_sincosf.o) (__aeabi_dmul)
/usr/local/redsuite_4.3.0_1025/redsuite/tools/bin/../lib/gcc/arm-none-eabi/4.5.1/thumb2/libcr_eabihelpers.a(float.o)
                              /usr/local/redsuite_4.3.0_1025/redsuite/tools/bin/../lib/gcc/arm-none-eabi/4.5.1/../../../../arm-none-eabi/lib/thumb2/libcr_c.a(_sincosf.o) (__aeabi_fmul)
/usr/local/redsuite_4.3.0_1025/redsuite/tools/bin/../lib/gcc/arm-none-eabi/4.5.1/thumb2/libcr_eabihelpers.a(memcpy.o)
                              /usr/local/redsuite_4.3.0_1025/redsuite/tools/bin/../lib/gcc/arm-none-eabi/4.5.1/../../../../arm-none-eabi/lib/thumb2/libcr_c.a(memset.o) (__aeabi_lowlevel_memset)

Allocating common symbols
Common symbol       size              file

saw4                0xc               ./src/mode_mono_glider.o
cents               0x4               ./src/mode_mono_glider.o
saw1                0xc               ./src/mode_mono_glider.o
f                   0x4               ./src/mode_mono_glider.o
recvArg0_           0x4               ./src/main.o
[...]
Memory Configuration

Name             Origin             Length             Attributes
MFlash512        0x08000000         0x00080000         xr
Ram112           0x20000000         0x0001c000         xrw
PeriphRam16      0x2001c000         0x00004000         xrw
Ram64            0x10000000         0x00010000         xrw
MFlash1024       0x08000000         0x00100000         xr
Ram128           0x20000000         0x00020000         xrw
*default*        0x00000000         0xffffffff

Linker script and memory map

LOAD ./src/CS4344.o
LOAD ./src/audio.o
LOAD ./src/comb.o
LOAD ./src/cr_startup_stm32f4xx.o
LOAD ./src/delay.o
LOAD ./src/eq.o
LOAD ./src/line.o
LOAD ./src/main.o
LOAD ./src/midi.o
LOAD ./src/mode_analog_style.o
LOAD ./src/mode_bass_delay.o
LOAD ./src/mode_drum.o
LOAD ./src/mode_drum_synth.o
LOAD ./src/mode_filter_envelope.o
LOAD ./src/mode_filter_man.o
LOAD ./src/mode_fm_ramp.o
LOAD ./src/mode_mono_glider.o
LOAD ./src/mode_nazareth.o
LOAD ./src/mode_octave_mirror.o
LOAD ./src/mode_plurden.o
LOAD ./src/mode_simple_fm.o
LOAD ./src/mode_simple_sin.o
LOAD ./src/mode_wave_adder.o
LOAD ./src/oscillator.o
LOAD ./src/pp6.o
LOAD ./src/sad.o
LOAD ./src/sadsr.o
LOAD ./src/sequencer.o
LOAD ./src/system_stm32f4xx.o
LOAD ./src/timer.o
LOAD ./src/uart.o
LOAD ./src/vcf.o
LOAD /home/owen/workspace-redsuite/StdPeriphLib_v100_STM32F4xx/Debug/libStdPeriphLib_v100_STM32F4xx.a
LOAD /home/owen/workspace-redsuite/CMSISv2p10_STM32F4xx/Debug/libCMSISv2p10_STM32F4xx.a
LOAD /home/owen/workspace-redsuite/CMSISv2p10_DSPLIB_CM4/lib/libCMSISv2p10_DSPLIB_CM4.a
START GROUP
LOAD /usr/local/redsuite_4.3.0_1025/redsuite/tools/bin/../lib/gcc/arm-none-eabi/4.5.1/../../../../arm-none-eabi/lib/thumb2/libcr_c.a
LOAD /usr/local/redsuite_4.3.0_1025/redsuite/tools/bin/../lib/gcc/arm-none-eabi/4.5.1/thumb2/libcr_eabihelpers.a
END GROUP
                0x08080000                __top_MFlash512 = 0x8080000
                0x2001c000                __top_Ram112 = 0x2001c000
                0x20020000                __top_PeriphRam16 = 0x20020000
                0x10010000                __top_Ram64 = 0x10010000
                0x08100000                __top_MFlash1024 = 0x8100000
                0x20020000                __top_Ram128 = 0x20020000

.text_Flash2    0x08000000        0x0
 FILL mask 0xff
 *(.text_Flash2*)
 *(.text_MFlash1024*)

.text           0x08000000     0x8c44
 FILL mask 0xff
 *(.isr_vector)
 .isr_vector    0x08000000      0x188 ./src/cr_startup_stm32f4xx.o
                0x08000000                g_pfnVectors
                0x08000188                . = ALIGN (0x4)
                0x08000188                __section_table_start = .
                0x08000188                __data_section_table = .
                0x08000188        0x4 LONG 0x8008c44 LOADADDR (.data)
                0x0800018c        0x4 LONG 0x20000000 ADDR (.data)
                0x08000190        0x4 LONG 0x204 SIZEOF (.data)
                0x08000194        0x4 LONG 0x8008c44 LOADADDR (.data_RAM2)
                0x08000198        0x4 LONG 0x2001c000 ADDR (.data_RAM2)
                0x0800019c        0x4 LONG 0x0 SIZEOF (.data_RAM2)
                0x080001a0        0x4 LONG 0x8008c44 LOADADDR (.data_RAM3)
                0x080001a4        0x4 LONG 0x10000000 ADDR (.data_RAM3)
                0x080001a8        0x4 LONG 0x0 SIZEOF (.data_RAM3)
                0x080001ac        0x4 LONG 0x8008c44 LOADADDR (.data_RAM4)
                0x080001b0        0x4 LONG 0x20000000 ADDR (.data_RAM4)
                0x080001b4        0x4 LONG 0x0 SIZEOF (.data_RAM4)
                0x080001b8                __data_section_table_end = .
                0x080001b8                __bss_section_table = .
                0x080001b8        0x4 LONG 0x20000204 ADDR (.bss)
                0x080001bc        0x4 LONG 0x1735c SIZEOF (.bss)
                0x080001c0        0x4 LONG 0x2001c000 ADDR (.bss_RAM2)
                0x080001c4        0x4 LONG 0x0 SIZEOF (.bss_RAM2)
                0x080001c8        0x4 LONG 0x10000000 ADDR (.bss_RAM3)
                0x080001cc        0x4 LONG 0x0 SIZEOF (.bss_RAM3)
                0x080001d0        0x4 LONG 0x20000000 ADDR (.bss_RAM4)
                0x080001d4        0x4 LONG 0x0 SIZEOF (.bss_RAM4)
                0x080001d8                __bss_section_table_end = .
                0x080001d8                __section_table_end = .
 *(.after_vectors*)
 .after_vectors
                0x080001d8      0x17c ./src/cr_startup_stm32f4xx.o
                0x080001d8                data_init
                0x08000228                bss_init
                0x08000268                ResetISR
                0x080002fc                NMI_Handler
                0x08000304                HardFault_Handler
                0x08000310                MemManage_Handler
                0x08000318                BusFault_Handler
                0x08000320                UsageFault_Handler
                0x08000328                SVC_Handler
                0x08000330                DebugMon_Handler
                0x08000338                PendSV_Handler
                0x08000340                SysTick_Handler
                0x08000348                RTC_Alarm_IRQHandler
                0x08000348                HASH_RNG_IRQHandler
                0x08000348                EXTI2_IRQHandler
                0x08000348                TIM8_CC_IRQHandler
                0x08000348                TIM1_CC_IRQHandler
                0x08000348                DMA2_Stream5_IRQHandler
                0x08000348                DMA1_Stream5_IRQHandler
                0x08000348                PVD_IRQHandler
                0x08000348                SDIO_IRQHandler
                0x08000348                TAMP_STAMP_IRQHandler
                0x08000348                CAN2_RX1_IRQHandler
                0x08000348                EXTI3_IRQHandler
                0x08000348                TIM8_TRG_COM_TIM14_IRQHandler
                0x08000348                TIM1_UP_TIM10_IRQHandler
                0x08000348                TIM8_UP_TIM13_IRQHandler
                0x08000348                I2C3_ER_IRQHandler
                0x08000348                EXTI0_IRQHandler
                0x08000348                I2C2_EV_IRQHandler
                0x08000348                DMA1_Stream2_IRQHandler
                0x08000348                CAN1_RX0_IRQHandler
                0x08000348                FPU_IRQHandler
                0x08000348                OTG_HS_WKUP_IRQHandler
                0x08000348                CAN2_SCE_IRQHandler
                0x08000348                DMA2_Stream2_IRQHandler
                0x08000348                SPI1_IRQHandler
                0x08000348                IntDefaultHandler
                0x08000348                TIM6_DAC_IRQHandler
                0x08000348                TIM1_BRK_TIM9_IRQHandler
                0x08000348                DCMI_IRQHandler
                0x08000348                CAN2_RX0_IRQHandler
                0x08000348                DMA2_Stream3_IRQHandler
                0x08000348                USART6_IRQHandler
                0x08000348                USART3_IRQHandler
                0x08000348                CRYP_IRQHandler
                0x08000348                CAN1_RX1_IRQHandler
                0x08000348                UART5_IRQHandler
                0x08000348                DMA2_Stream0_IRQHandler
                0x08000348                TIM4_IRQHandler
                0x08000348                I2C1_EV_IRQHandler
                0x08000348                DMA1_Stream6_IRQHandler
                0x08000348                DMA1_Stream1_IRQHandler
                0x08000348                UART4_IRQHandler
                0x08000348                TIM3_IRQHandler
                0x08000348                RCC_IRQHandler
                0x08000348                TIM8_BRK_TIM12_IRQHandler
                0x08000348                EXTI15_10_IRQHandler
                0x08000348                ADC_IRQHandler
                0x08000348                DMA1_Stream7_IRQHandler
                0x08000348                TIM7_IRQHandler
                0x08000348                CAN2_TX_IRQHandler
                0x08000348                TIM5_IRQHandler
                0x08000348                DMA2_Stream7_IRQHandler
                0x08000348                I2C3_EV_IRQHandler
                0x08000348                EXTI9_5_IRQHandler
                0x08000348                RTC_WKUP_IRQHandler
                0x08000348                ETH_WKUP_IRQHandler
                0x08000348                SPI2_IRQHandler
                0x08000348                OTG_HS_EP1_IN_IRQHandler
                0x08000348                DMA1_Stream0_IRQHandler
                0x08000348                CAN1_TX_IRQHandler
                0x08000348                EXTI4_IRQHandler
                0x08000348                FSMC_IRQHandler
                0x08000348                ETH_IRQHandler
                0x08000348                OTG_HS_EP1_OUT_IRQHandler
                0x08000348                WWDG_IRQHandler
                0x08000348                TIM2_IRQHandler
                0x08000348                OTG_FS_WKUP_IRQHandler
                0x08000348                TIM1_TRG_COM_TIM11_IRQHandler
                0x08000348                OTG_HS_IRQHandler
                0x08000348                EXTI1_IRQHandler
                0x08000348                USART2_IRQHandler
                0x08000348                I2C2_ER_IRQHandler
                0x08000348                DMA2_Stream1_IRQHandler
                0x08000348                CAN1_SCE_IRQHandler
                0x08000348                FLASH_IRQHandler
                0x08000348                DMA2_Stream4_IRQHandler
                0x08000348                USART1_IRQHandler
                0x08000348                OTG_FS_IRQHandler
                0x08000348                DMA1_Stream4_IRQHandler
                0x08000348                I2C1_ER_IRQHandler
                0x08000348                DMA2_Stream6_IRQHandler
                0x08000348                DMA1_Stream3_IRQHandler
 *(.text*)
 .text.CS4344_init
                0x08000354      0x17c ./src/CS4344.o
                0x08000354                CS4344_init
 .text.SPI3_IRQHandler
                0x080004d0       0x94 ./src/CS4344.o
                0x080004d0                SPI3_IRQHandler
 .text.c_to_f   0x08000564       0xf0 ./src/audio.o
                0x08000564                c_to_f
 .text.c_to_f_ratio
                0x08000654       0xe4 ./src/audio.o
                0x08000654                c_to_f_ratio
 .text.comb_init
                0x08000738       0x40 ./src/comb.o
                0x08000738                comb_init
 .text.comb_set_fb
                0x08000778       0x20 ./src/comb.o
                0x08000778                comb_set_fb
 .text.comb_set_dtime
                0x08000798       0xe0 ./src/comb.o
                0x08000798                comb_set_dtime
 .text.comb_process
                0x08000878      0x108 ./src/comb.o
                0x08000878                comb_process
 .text.NVIC_SystemReset
                0x08000980       0x34 ./src/cr_startup_stm32f4xx.o
 .text.init_3band_state
                0x080009b4       0xb0 ./src/eq.o
                0x080009b4                init_3band_state
 .text.do_3band
                0x08000a64      0x21c ./src/eq.o
                0x08000a64                do_3band
 .text.line_set
                0x08000c80       0x1c ./src/line.o
                0x08000c80                line_set
 .text.line_go  0x08000c9c       0x74 ./src/line.o
                0x08000c9c                line_go
 .text.line_process
                0x08000d10       0x54 ./src/line.o
                0x08000d10                line_process
 .text.main     0x08000d64      0x72c ./src/main.o
                0x08000d64                main
 .text.flash_led_record_enable
                0x08001490       0x40 ./src/main.o
 .text.Delay    0x080014d0       0x2c ./src/main.o
                0x080014d0                Delay
 .text.recvByte
                0x080014fc      0x4d0 ./src/midi.o
                0x080014fc                recvByte
 .text.midi_init
                0x080019cc       0x7c ./src/midi.o
                0x080019cc                midi_init
 .text.handleNoteOff
                0x08001a48       0x2c ./src/midi.o
                0x08001a48                handleNoteOff
 .text.handleNoteOn
                0x08001a74       0x28 ./src/midi.o
                0x08001a74                handleNoteOn
 .text.handleSync
                0x08001a9c        0xc ./src/midi.o
                0x08001a9c                handleSync
 .text.handleStart
                0x08001aa8        0xc ./src/midi.o
                0x08001aa8                handleStart
 .text.handleVelocityChange
                0x08001ab4       0x18 ./src/midi.o
                0x08001ab4                handleVelocityChange
 .text.handleControlChange
                0x08001acc       0x18 ./src/midi.o
                0x08001acc                handleControlChange
 .text.handleProgramChange
                0x08001ae4       0x14 ./src/midi.o
                0x08001ae4                handleProgramChange
 .text.handleAfterTouch
                0x08001af8       0x14 ./src/midi.o
                0x08001af8                handleAfterTouch
 .text.handlePitchChange
                0x08001b0c       0x14 ./src/midi.o
                0x08001b0c                handlePitchChange
 .text.handleSongPosition
                0x08001b20       0x14 ./src/midi.o
                0x08001b20                handleSongPosition
 .text.handleSongSelect
                0x08001b34       0x14 ./src/midi.o
                0x08001b34                handleSongSelect
 .text.handleTuneRequest
                0x08001b48        0xc ./src/midi.o
                0x08001b48                handleTuneRequest
 .text.handleContinue
                0x08001b54        0xc ./src/midi.o
                0x08001b54                handleContinue
 .text.handleStop
                0x08001b60        0xc ./src/midi.o
                0x08001b60                handleStop
 .text.handleActiveSense
                0x08001b6c        0xc ./src/midi.o
                0x08001b6c                handleActiveSense
 .text.handleReset
                0x08001b78        0xc ./src/midi.o
                0x08001b78                handleReset
 .text.mode_analog_style_init
                0x08001b84       0x30 ./src/mode_analog_style.o
                0x08001b84                mode_analog_style_init
 .text.mode_analog_style_sample_process
                0x08001bb4      0x1a8 ./src/mode_analog_style.o
                0x08001bb4                mode_analog_style_sample_process
 .text.mode_analog_style_control_process
                0x08001d5c      0x100 ./src/mode_analog_style.o
                0x08001d5c                mode_analog_style_control_process
 .text.mode_bass_delay_init
                0x08001e5c       0x44 ./src/mode_bass_delay.o
                0x08001e5c                mode_bass_delay_init
 .text.mode_bass_delay_sample_process
                0x08001ea0      0x1a8 ./src/mode_bass_delay.o
                0x08001ea0                mode_bass_delay_sample_process
 .text.mode_bass_delay_control_process
                0x08002048      0x110 ./src/mode_bass_delay.o
                0x08002048                mode_bass_delay_control_process
 .text.mode_drum_init
                0x08002158       0x48 ./src/mode_drum.o
                0x08002158                mode_drum_init
 .text.mode_drum_synth_init
                0x080021a0       0x30 ./src/mode_drum_synth.o
                0x080021a0                mode_drum_synth_init
 .text.mode_filter_envelope_init
                0x080021d0       0x64 ./src/mode_filter_envelope.o
                0x080021d0                mode_filter_envelope_init
 .text.mode_filter_envelope_sample_process
                0x08002234      0x1d8 ./src/mode_filter_envelope.o
                0x08002234                mode_filter_envelope_sample_process
 .text.mode_filter_envelope_control_process
                0x0800240c      0x138 ./src/mode_filter_envelope.o
                0x0800240c                mode_filter_envelope_control_process
 .text.mode_filter_man_init
                0x08002544       0x30 ./src/mode_filter_man.o
                0x08002544                mode_filter_man_init
 .text.mode_fm_ramp_init
                0x08002574       0x30 ./src/mode_fm_ramp.o
                0x08002574                mode_fm_ramp_init
 .text.mode_nazareth_init
                0x080025a4       0x84 ./src/mode_nazareth.o
                0x080025a4                mode_nazareth_init
 .text.mode_octave_mirror_init
                0x08002628       0x30 ./src/mode_octave_mirror.o
                0x08002628                mode_octave_mirror_init
 .text.mode_plurden_init
                0x08002658       0x34 ./src/mode_plurden.o
                0x08002658                mode_plurden_init
 .text.mode_simple_fm_init
                0x0800268c       0x30 ./src/mode_simple_fm.o
                0x0800268c                mode_simple_fm_init
 .text.mode_simple_fm_sample_process
                0x080026bc      0x198 ./src/mode_simple_fm.o
                0x080026bc                mode_simple_fm_sample_process
 .text.mode_simple_fm_control_process
                0x08002854      0x12c ./src/mode_simple_fm.o
                0x08002854                mode_simple_fm_control_process
 .text.mode_simple_sin_init
                0x08002980       0x40 ./src/mode_simple_sin.o
                0x08002980                mode_simple_sin_init
 .text.mode_simple_sin_sample_process
                0x080029c0      0x12c ./src/mode_simple_sin.o
                0x080029c0                mode_simple_sin_sample_process
 .text.mode_simple_sin_control_process
                0x08002aec      0x158 ./src/mode_simple_sin.o
                0x08002aec                mode_simple_sin_control_process
 .text.mode_wave_adder_init
                0x08002c44       0x40 ./src/mode_wave_adder.o
                0x08002c44                mode_wave_adder_init
 .text.mode_wave_adder_sample_process
                0x08002c84      0x158 ./src/mode_wave_adder.o
                0x08002c84                mode_wave_adder_sample_process
 .text.mode_wave_adder_control_process
                0x08002ddc      0x158 ./src/mode_wave_adder.o
                0x08002ddc                mode_wave_adder_control_process
 .text.sin_set  0x08002f34       0x5c ./src/oscillator.o
                0x08002f34                sin_set
 .text.sin_process
                0x08002f90       0x74 ./src/oscillator.o
                0x08002f90                sin_process
 .text.FM_oscillator_process
                0x08003004      0x1a8 ./src/oscillator.o
                0x08003004                FM_oscillator_process
 .text.bl_step_table_read
                0x080031ac       0x7c ./src/oscillator.o
                0x080031ac                bl_step_table_read
 .text.bl_saw_set
                0x08003228       0x38 ./src/oscillator.o
                0x08003228                bl_saw_set
 .text.bl_saw_process
                0x08003260       0xfc ./src/oscillator.o
                0x08003260                bl_saw_process
 .text.bl_square_set
                0x0800335c       0x38 ./src/oscillator.o
                0x0800335c                bl_square_set
 .text.bl_square_init
                0x08003394       0x24 ./src/oscillator.o
                0x08003394                bl_square_init
 .text.pp6_get_knob_1
                0x080033b8       0x18 ./src/pp6.o
                0x080033b8                pp6_get_knob_1
 .text.pp6_get_knob_2
                0x080033d0       0x18 ./src/pp6.o
                0x080033d0                pp6_get_knob_2
 .text.pp6_get_knob_3
                0x080033e8       0x18 ./src/pp6.o
                0x080033e8                pp6_get_knob_3
 .text.pp6_get_knob_array
                0x08003400       0x14 ./src/pp6.o
                0x08003400                pp6_get_knob_array
 .text.pp6_set_knob_array
                0x08003414       0x44 ./src/pp6.o
                0x08003414                pp6_set_knob_array
 .text.pp6_set_mode_button_pressed
                0x08003458       0x18 ./src/pp6.o
                0x08003458                pp6_set_mode_button_pressed
 .text.pp6_mode_button_pressed
                0x08003470       0x18 ./src/pp6.o
                0x08003470                pp6_mode_button_pressed
 .text.pp6_set_aux_button_pressed
                0x08003488       0x18 ./src/pp6.o
                0x08003488                pp6_set_aux_button_pressed
 .text.pp6_set_aux_button_released
                0x080034a0       0x18 ./src/pp6.o
                0x080034a0                pp6_set_aux_button_released
 .text.pp6_aux_button_pressed
                0x080034b8       0x18 ./src/pp6.o
                0x080034b8                pp6_aux_button_pressed
 .text.pp6_change_mode
                0x080034d0       0x54 ./src/pp6.o
                0x080034d0                pp6_change_mode
 .text.pp6_set_mode
                0x08003524       0x34 ./src/pp6.o
                0x08003524                pp6_set_mode
 .text.pp6_get_mode
                0x08003558       0x18 ./src/pp6.o
                0x08003558                pp6_get_mode
 .text.pp6_set_mode_led
                0x08003570      0x1f0 ./src/pp6.o
                0x08003570                pp6_set_mode_led
 .text.pp6_set_aux_led
                0x08003760      0x230 ./src/pp6.o
                0x08003760                pp6_set_aux_led
 .text.pp6_get_aux_led
                0x08003990       0x18 ./src/pp6.o
                0x08003990                pp6_get_aux_led
 .text.pp6_get_keys
                0x080039a8       0x18 ./src/pp6.o
                0x080039a8                pp6_get_keys
 .text.pp6_set_note
                0x080039c0       0x20 ./src/pp6.o
                0x080039c0                pp6_set_note
 .text.pp6_get_note
                0x080039e0       0x18 ./src/pp6.o
                0x080039e0                pp6_get_note
 .text.pp6_set_note_start
                0x080039f8       0x34 ./src/pp6.o
                0x080039f8                pp6_set_note_start
 .text.pp6_get_note_start
                0x08003a2c       0x18 ./src/pp6.o
                0x08003a2c                pp6_get_note_start
 .text.pp6_set_note_stop
                0x08003a44       0x28 ./src/pp6.o
                0x08003a44                pp6_set_note_stop
 .text.pp6_get_note_stop
                0x08003a6c       0x18 ./src/pp6.o
                0x08003a6c                pp6_get_note_stop
 .text.pp6_clear_flags
                0x08003a84       0x88 ./src/pp6.o
                0x08003a84                pp6_clear_flags
 .text.pp6_inc_physical_notes_on
                0x08003b0c       0x28 ./src/pp6.o
                0x08003b0c                pp6_inc_physical_notes_on
 .text.pp6_dec_physical_notes_on
                0x08003b34       0x38 ./src/pp6.o
                0x08003b34                pp6_dec_physical_notes_on
 .text.pp6_get_physical_notes_on
                0x08003b6c       0x18 ./src/pp6.o
                0x08003b6c                pp6_get_physical_notes_on
 .text.pp6_knobs_init
                0x08003b84       0xd8 ./src/pp6.o
                0x08003b84                pp6_knobs_init
 .text.pp6_knobs_update
                0x08003c5c      0x158 ./src/pp6.o
                0x08003c5c                pp6_knobs_update
 .text.pp6_check_knobs_touched
                0x08003db4      0x23c ./src/pp6.o
                0x08003db4                pp6_check_knobs_touched
 .text.pp6_any_knobs_touched
                0x08003ff0       0x40 ./src/pp6.o
                0x08003ff0                pp6_any_knobs_touched
 .text.pp6_smooth_knobs
                0x08004030      0x114 ./src/pp6.o
                0x08004030                pp6_smooth_knobs
 .text.pp6_leds_init
                0x08004144       0xc8 ./src/pp6.o
                0x08004144                pp6_leds_init
 .text.pp6_keys_init
                0x0800420c       0xb0 ./src/pp6.o
                0x0800420c                pp6_keys_init
 .text.pp6_keys_update
                0x080042bc      0x2a0 ./src/pp6.o
                0x080042bc                pp6_keys_update
 .text.sadsr_init
                0x0800455c       0x3c ./src/sadsr.o
                0x0800455c                sadsr_init
 .text.sadsr_process
                0x08004598      0x14c ./src/sadsr.o
                0x08004598                sadsr_process
 .text.sadsr_set
                0x080046e4       0x70 ./src/sadsr.o
                0x080046e4                sadsr_set
 .text.sadsr_go
                0x08004754       0x24 ./src/sadsr.o
                0x08004754                sadsr_go
 .text.sadsr_release
                0x08004778       0x1c ./src/sadsr.o
                0x08004778                sadsr_release
 .text.seq_set_status
                0x08004794       0x20 ./src/sequencer.o
                0x08004794                seq_set_status
 .text.seq_get_status
                0x080047b4       0x18 ./src/sequencer.o
                0x080047b4                seq_get_status
 .text.seq_log_first_note
                0x080047cc       0x80 ./src/sequencer.o
                0x080047cc                seq_log_first_note
 .text.seq_log_note_start
                0x0800484c       0xa8 ./src/sequencer.o
                0x0800484c                seq_log_note_start
 .text.seq_log_note_stop
                0x080048f4       0x80 ./src/sequencer.o
                0x080048f4                seq_log_note_stop
 .text.seq_stop_recording
                0x08004974       0xa4 ./src/sequencer.o
                0x08004974                seq_stop_recording
 .text.seq_rewind
                0x08004a18       0x28 ./src/sequencer.o
                0x08004a18                seq_rewind
 .text.seq_play_tick
                0x08004a40       0xe4 ./src/sequencer.o
                0x08004a40                seq_play_tick
 .text.seq_tick
                0x08004b24       0x24 ./src/sequencer.o
                0x08004b24                seq_tick
 .text.seq_get_time
                0x08004b48       0x18 ./src/sequencer.o
                0x08004b48                seq_get_time
 .text.seq_get_length
                0x08004b60       0x18 ./src/sequencer.o
                0x08004b60                seq_get_length
 .text.seq_log_knobs
                0x08004b78       0xa0 ./src/sequencer.o
                0x08004b78                seq_log_knobs
 .text.seq_play_knobs
                0x08004c18       0x44 ./src/sequencer.o
                0x08004c18                seq_play_knobs
 .text.seq_knob_playback_enabled
                0x08004c5c       0x18 ./src/sequencer.o
                0x08004c5c                seq_knob_playback_enabled
 .text.seq_disable_knob_playback
                0x08004c74       0x18 ./src/sequencer.o
                0x08004c74                seq_disable_knob_playback
 .text.seq_enable_knob_playback
                0x08004c8c       0x18 ./src/sequencer.o
                0x08004c8c                seq_enable_knob_playback
 .text.seq_set_auto_stop
                0x08004ca4       0x18 ./src/sequencer.o
                0x08004ca4                seq_set_auto_stop
 .text.seq_get_auto_stop
                0x08004cbc       0x18 ./src/sequencer.o
                0x08004cbc                seq_get_auto_stop
 .text.seq_clear_auto_stop
                0x08004cd4       0x18 ./src/sequencer.o
                0x08004cd4                seq_clear_auto_stop
 .text.SystemInit
                0x08004cec       0xb0 ./src/system_stm32f4xx.o
                0x08004cec                SystemInit
 .text.SetSysClock
                0x08004d9c      0x1e0 ./src/system_stm32f4xx.o
 .text.timer_init
                0x08004f7c       0x4c ./src/timer.o
                0x08004f7c                timer_init
 .text.timer_get_time
                0x08004fc8       0x14 ./src/timer.o
                0x08004fc8                timer_get_time
 .text.uart_init
                0x08004fdc       0xc4 ./src/uart.o
                0x08004fdc                uart_init
 .text.vcf_filter_init
                0x080050a0       0x5c ./src/vcf.o
                0x080050a0                vcf_filter_init
 .text.vcf_filter_set
                0x080050fc       0xcc ./src/vcf.o
                0x080050fc                vcf_filter_set
 .text.vcf_filter_process
                0x080051c8      0x18c ./src/vcf.o
                0x080051c8                vcf_filter_process
 .text.NVIC_Init
                0x08005354       0xe8 /home/owen/workspace-redsuite/StdPeriphLib_v100_STM32F4xx/Debug/libStdPeriphLib_v100_STM32F4xx.a(misc.o)
                0x08005354                NVIC_Init
 .text.ADC_Init
                0x0800543c       0xc4 /home/owen/workspace-redsuite/StdPeriphLib_v100_STM32F4xx/Debug/libStdPeriphLib_v100_STM32F4xx.a(stm32f4xx_adc.o)
                0x0800543c                ADC_Init
 .text.ADC_CommonInit
                0x08005500       0x60 /home/owen/workspace-redsuite/StdPeriphLib_v100_STM32F4xx/Debug/libStdPeriphLib_v100_STM32F4xx.a(stm32f4xx_adc.o)
                0x08005500                ADC_CommonInit
 .text.ADC_Cmd  0x08005560       0x38 /home/owen/workspace-redsuite/StdPeriphLib_v100_STM32F4xx/Debug/libStdPeriphLib_v100_STM32F4xx.a(stm32f4xx_adc.o)
                0x08005560                ADC_Cmd
 .text.ADC_RegularChannelConfig
                0x08005598      0x1d0 /home/owen/workspace-redsuite/StdPeriphLib_v100_STM32F4xx/Debug/libStdPeriphLib_v100_STM32F4xx.a(stm32f4xx_adc.o)
                0x08005598                ADC_RegularChannelConfig
 .text.ADC_SoftwareStartConv
                0x08005768       0x20 /home/owen/workspace-redsuite/StdPeriphLib_v100_STM32F4xx/Debug/libStdPeriphLib_v100_STM32F4xx.a(stm32f4xx_adc.o)
                0x08005768                ADC_SoftwareStartConv
 .text.ADC_GetConversionValue
                0x08005788       0x1c /home/owen/workspace-redsuite/StdPeriphLib_v100_STM32F4xx/Debug/libStdPeriphLib_v100_STM32F4xx.a(stm32f4xx_adc.o)
                0x08005788                ADC_GetConversionValue
 .text.GPIO_Init
                0x080057a4      0x158 /home/owen/workspace-redsuite/StdPeriphLib_v100_STM32F4xx/Debug/libStdPeriphLib_v100_STM32F4xx.a(stm32f4xx_gpio.o)
                0x080057a4                GPIO_Init
 .text.GPIO_ReadInputDataBit
                0x080058fc       0x40 /home/owen/workspace-redsuite/StdPeriphLib_v100_STM32F4xx/Debug/libStdPeriphLib_v100_STM32F4xx.a(stm32f4xx_gpio.o)
                0x080058fc                GPIO_ReadInputDataBit
 .text.GPIO_WriteBit
                0x0800593c       0x30 /home/owen/workspace-redsuite/StdPeriphLib_v100_STM32F4xx/Debug/libStdPeriphLib_v100_STM32F4xx.a(stm32f4xx_gpio.o)
                0x0800593c                GPIO_WriteBit
 .text.GPIO_PinAFConfig
                0x0800596c       0xb0 /home/owen/workspace-redsuite/StdPeriphLib_v100_STM32F4xx/Debug/libStdPeriphLib_v100_STM32F4xx.a(stm32f4xx_gpio.o)
                0x0800596c                GPIO_PinAFConfig
 .text.RCC_GetClocksFreq
                0x08005a1c      0x1d4 /home/owen/workspace-redsuite/StdPeriphLib_v100_STM32F4xx/Debug/libStdPeriphLib_v100_STM32F4xx.a(stm32f4xx_rcc.o)
                0x08005a1c                RCC_GetClocksFreq
 .text.RCC_AHB1PeriphClockCmd
                0x08005bf0       0x5c /home/owen/workspace-redsuite/StdPeriphLib_v100_STM32F4xx/Debug/libStdPeriphLib_v100_STM32F4xx.a(stm32f4xx_rcc.o)
                0x08005bf0                RCC_AHB1PeriphClockCmd
 .text.RCC_AHB2PeriphClockCmd
                0x08005c4c       0x5c /home/owen/workspace-redsuite/StdPeriphLib_v100_STM32F4xx/Debug/libStdPeriphLib_v100_STM32F4xx.a(stm32f4xx_rcc.o)
                0x08005c4c                RCC_AHB2PeriphClockCmd
 .text.RCC_APB1PeriphClockCmd
                0x08005ca8       0x5c /home/owen/workspace-redsuite/StdPeriphLib_v100_STM32F4xx/Debug/libStdPeriphLib_v100_STM32F4xx.a(stm32f4xx_rcc.o)
                0x08005ca8                RCC_APB1PeriphClockCmd
 .text.RCC_APB2PeriphClockCmd
                0x08005d04       0x5c /home/owen/workspace-redsuite/StdPeriphLib_v100_STM32F4xx/Debug/libStdPeriphLib_v100_STM32F4xx.a(stm32f4xx_rcc.o)
                0x08005d04                RCC_APB2PeriphClockCmd
 .text.RCC_APB1PeriphResetCmd
                0x08005d60       0x5c /home/owen/workspace-redsuite/StdPeriphLib_v100_STM32F4xx/Debug/libStdPeriphLib_v100_STM32F4xx.a(stm32f4xx_rcc.o)
                0x08005d60                RCC_APB1PeriphResetCmd
 .text.RCC_APB2PeriphResetCmd
                0x08005dbc       0x5c /home/owen/workspace-redsuite/StdPeriphLib_v100_STM32F4xx/Debug/libStdPeriphLib_v100_STM32F4xx.a(stm32f4xx_rcc.o)
                0x08005dbc                RCC_APB2PeriphResetCmd
 .text.RNG_Cmd  0x08005e18       0x4c /home/owen/workspace-redsuite/StdPeriphLib_v100_STM32F4xx/Debug/libStdPeriphLib_v100_STM32F4xx.a(stm32f4xx_rng.o)
                0x08005e18                RNG_Cmd
 .text.SPI_I2S_DeInit
                0x08005e64       0x88 /home/owen/workspace-redsuite/StdPeriphLib_v100_STM32F4xx/Debug/libStdPeriphLib_v100_STM32F4xx.a(stm32f4xx_spi.o)
                0x08005e64                SPI_I2S_DeInit
 .text.I2S_Init
                0x08005eec      0x224 /home/owen/workspace-redsuite/StdPeriphLib_v100_STM32F4xx/Debug/libStdPeriphLib_v100_STM32F4xx.a(stm32f4xx_spi.o)
                0x08005eec                I2S_Init
 .text.I2S_Cmd  0x08006110       0x40 /home/owen/workspace-redsuite/StdPeriphLib_v100_STM32F4xx/Debug/libStdPeriphLib_v100_STM32F4xx.a(stm32f4xx_spi.o)
                0x08006110                I2S_Cmd
 .text.SPI_I2S_SendData
                0x08006150       0x1c /home/owen/workspace-redsuite/StdPeriphLib_v100_STM32F4xx/Debug/libStdPeriphLib_v100_STM32F4xx.a(stm32f4xx_spi.o)
                0x08006150                SPI_I2S_SendData
 .text.SPI_I2S_ITConfig
                0x0800616c       0x70 /home/owen/workspace-redsuite/StdPeriphLib_v100_STM32F4xx/Debug/libStdPeriphLib_v100_STM32F4xx.a(stm32f4xx_spi.o)
                0x0800616c                SPI_I2S_ITConfig
 .text.SPI_I2S_GetFlagStatus
                0x080061dc       0x40 /home/owen/workspace-redsuite/StdPeriphLib_v100_STM32F4xx/Debug/libStdPeriphLib_v100_STM32F4xx.a(stm32f4xx_spi.o)
                0x080061dc                SPI_I2S_GetFlagStatus
 .text.TIM_TimeBaseInit
                0x0800621c       0xf8 /home/owen/workspace-redsuite/StdPeriphLib_v100_STM32F4xx/Debug/libStdPeriphLib_v100_STM32F4xx.a(stm32f4xx_tim.o)
                0x0800621c                TIM_TimeBaseInit
 .text.TIM_GetCounter
                0x08006314       0x18 /home/owen/workspace-redsuite/StdPeriphLib_v100_STM32F4xx/Debug/libStdPeriphLib_v100_STM32F4xx.a(stm32f4xx_tim.o)
                0x08006314                TIM_GetCounter
 .text.TIM_Cmd  0x0800632c       0x40 /home/owen/workspace-redsuite/StdPeriphLib_v100_STM32F4xx/Debug/libStdPeriphLib_v100_STM32F4xx.a(stm32f4xx_tim.o)
                0x0800632c                TIM_Cmd
 .text.USART_Init
                0x0800636c      0x1bc /home/owen/workspace-redsuite/StdPeriphLib_v100_STM32F4xx/Debug/libStdPeriphLib_v100_STM32F4xx.a(stm32f4xx_usart.o)
                0x0800636c                USART_Init
 .text.USART_Cmd
                0x08006528       0x40 /home/owen/workspace-redsuite/StdPeriphLib_v100_STM32F4xx/Debug/libStdPeriphLib_v100_STM32F4xx.a(stm32f4xx_usart.o)
                0x08006528                USART_Cmd
 .text.USART_ReceiveData
                0x08006568       0x24 /home/owen/workspace-redsuite/StdPeriphLib_v100_STM32F4xx/Debug/libStdPeriphLib_v100_STM32F4xx.a(stm32f4xx_usart.o)
                0x08006568                USART_ReceiveData
 .text.USART_GetFlagStatus
                0x0800658c       0x40 /home/owen/workspace-redsuite/StdPeriphLib_v100_STM32F4xx/Debug/libStdPeriphLib_v100_STM32F4xx.a(stm32f4xx_usart.o)
                0x0800658c                USART_GetFlagStatus
 .text.WWDG_SetPrescaler
                0x080065cc       0x40 /home/owen/workspace-redsuite/StdPeriphLib_v100_STM32F4xx/Debug/libStdPeriphLib_v100_STM32F4xx.a(stm32f4xx_wwdg.o)
                0x080065cc                WWDG_SetPrescaler
 .text.WWDG_SetWindowValue
                0x0800660c       0x44 /home/owen/workspace-redsuite/StdPeriphLib_v100_STM32F4xx/Debug/libStdPeriphLib_v100_STM32F4xx.a(stm32f4xx_wwdg.o)
                0x0800660c                WWDG_SetWindowValue
 .text.arm_float_to_q15
                0x08006650      0x2bc /home/owen/workspace-redsuite/CMSISv2p10_DSPLIB_CM4/lib/libCMSISv2p10_DSPLIB_CM4.a(arm_float_to_q15.o)
                0x08006650                arm_float_to_q15
 .text.arm_sin_f32
                0x0800690c       0xd8 /home/owen/workspace-redsuite/CMSISv2p10_DSPLIB_CM4/lib/libCMSISv2p10_DSPLIB_CM4.a(arm_sin_f32.o)
                0x0800690c                arm_sin_f32
 .text.__weak_main
                0x080069e4        0x4 /usr/local/redsuite_4.3.0_1025/redsuite/tools/bin/../lib/gcc/arm-none-eabi/4.5.1/../../../../arm-none-eabi/lib/thumb2/libcr_c.a(__weak__main.o)
                0x080069e4                __main
                0x080069e4                __weak_main
 .text.sinf     0x080069e8       0x28 /usr/local/redsuite_4.3.0_1025/redsuite/tools/bin/../lib/gcc/arm-none-eabi/4.5.1/../../../../arm-none-eabi/lib/thumb2/libcr_c.a(sinf.o)
                0x080069e8                sinf
 .text.memset   0x08006a10        0x4 /usr/local/redsuite_4.3.0_1025/redsuite/tools/bin/../lib/gcc/arm-none-eabi/4.5.1/../../../../arm-none-eabi/lib/thumb2/libcr_c.a(memset.o)
                0x08006a10                memset
 *fill*         0x08006a14        0x4 00
 .text._sincosf
                0x08006a18      0x158 /usr/local/redsuite_4.3.0_1025/redsuite/tools/bin/../lib/gcc/arm-none-eabi/4.5.1/../../../../arm-none-eabi/lib/thumb2/libcr_c.a(_sincosf.o)
                0x08006a18                _sincosf
 .text.fabsf    0x08006b70       0x14 /usr/local/redsuite_4.3.0_1025/redsuite/tools/bin/../lib/gcc/arm-none-eabi/4.5.1/../../../../arm-none-eabi/lib/thumb2/libcr_c.a(fabsf.o)
                0x08006b70                fabsf
 .text.__aeabi_dmul
                0x08006b84      0x128 /usr/local/redsuite_4.3.0_1025/redsuite/tools/bin/../lib/gcc/arm-none-eabi/4.5.1/thumb2/libcr_eabihelpers.a(double.o)
                0x08006b84                __aeabi_dmul
 .text.__aeabi_dsub
                0x08006cac      0x1d8 /usr/local/redsuite_4.3.0_1025/redsuite/tools/bin/../lib/gcc/arm-none-eabi/4.5.1/thumb2/libcr_eabihelpers.a(double.o)
                0x08006cac                __aeabi_dsub
 .text.__aeabi_dadd
                0x08006e84      0x13c /usr/local/redsuite_4.3.0_1025/redsuite/tools/bin/../lib/gcc/arm-none-eabi/4.5.1/thumb2/libcr_eabihelpers.a(double.o)
                0x08006e84                __aeabi_dadd
 .text.__aeabi_d2f
                0x08006fc0       0x54 /usr/local/redsuite_4.3.0_1025/redsuite/tools/bin/../lib/gcc/arm-none-eabi/4.5.1/thumb2/libcr_eabihelpers.a(double.o)
                0x08006fc0                __aeabi_d2f
 .text.__aeabi_fmul
                0x08007014       0xbc /usr/local/redsuite_4.3.0_1025/redsuite/tools/bin/../lib/gcc/arm-none-eabi/4.5.1/thumb2/libcr_eabihelpers.a(float.o)
                0x08007014                __aeabi_fmul
 .text.__aeabi_fdiv
                0x080070d0       0xe8 /usr/local/redsuite_4.3.0_1025/redsuite/tools/bin/../lib/gcc/arm-none-eabi/4.5.1/thumb2/libcr_eabihelpers.a(float.o)
                0x080070d0                __aeabi_fdiv
 .text.__aeabi_fsub
                0x080071b8       0xe0 /usr/local/redsuite_4.3.0_1025/redsuite/tools/bin/../lib/gcc/arm-none-eabi/4.5.1/thumb2/libcr_eabihelpers.a(float.o)
                0x080071b8                __aeabi_fsub
 .text.__aeabi_fadd
                0x08007298       0xa4 /usr/local/redsuite_4.3.0_1025/redsuite/tools/bin/../lib/gcc/arm-none-eabi/4.5.1/thumb2/libcr_eabihelpers.a(float.o)
                0x08007298                __aeabi_fadd
 .text.__aeabi_f2iz
                0x0800733c       0x34 /usr/local/redsuite_4.3.0_1025/redsuite/tools/bin/../lib/gcc/arm-none-eabi/4.5.1/thumb2/libcr_eabihelpers.a(float.o)
                0x0800733c                __aeabi_f2iz
 .text.__bhs_ui2f
                0x08007370       0x26 /usr/local/redsuite_4.3.0_1025/redsuite/tools/bin/../lib/gcc/arm-none-eabi/4.5.1/thumb2/libcr_eabihelpers.a(float.o)
                0x08007370                __bhs_ui2f
 .text.__aeabi_i2f
                0x08007396       0x10 /usr/local/redsuite_4.3.0_1025/redsuite/tools/bin/../lib/gcc/arm-none-eabi/4.5.1/thumb2/libcr_eabihelpers.a(float.o)
                0x08007396                __aeabi_i2f
 *fill*         0x080073a6        0x2 00
 .text.__aeabi_f2d
                0x080073a8       0x38 /usr/local/redsuite_4.3.0_1025/redsuite/tools/bin/../lib/gcc/arm-none-eabi/4.5.1/thumb2/libcr_eabihelpers.a(float.o)
                0x080073a8                __aeabi_f2d
 .text.__aeabi_fcmplt
                0x080073e0       0x3a /usr/local/redsuite_4.3.0_1025/redsuite/tools/bin/../lib/gcc/arm-none-eabi/4.5.1/thumb2/libcr_eabihelpers.a(float.o)
                0x080073e0                __aeabi_fcmplt
 .text.__aeabi_fcmpge
                0x0800741a       0x40 /usr/local/redsuite_4.3.0_1025/redsuite/tools/bin/../lib/gcc/arm-none-eabi/4.5.1/thumb2/libcr_eabihelpers.a(float.o)
                0x0800741a                __aeabi_fcmpge
 .text.__aeabi_memset_lowlevel
                0x0800745a       0x24 /usr/local/redsuite_4.3.0_1025/redsuite/tools/bin/../lib/gcc/arm-none-eabi/4.5.1/thumb2/libcr_eabihelpers.a(memcpy.o)
                0x0800745a                __aeabi_lowlevel_memset
 *(.rodata .rodata.*)
 *fill*         0x0800747e        0x2 00
 .rodata.transition_table
                0x08007480      0xfac ./src/oscillator.o
 .rodata.sin_table
                0x0800842c      0x40c ./src/oscillator.o
 .rodata.sinTable
                0x08008838      0x40c /home/owen/workspace-redsuite/CMSISv2p10_DSPLIB_CM4/lib/libCMSISv2p10_DSPLIB_CM4.a(arm_sin_f32.o)
                0x08008c44                . = ALIGN (0x4)

.glue_7         0x08008c44        0x0
 .glue_7        0x00000000        0x0 linker stubs

.glue_7t        0x08008c44        0x0
 .glue_7t       0x00000000        0x0 linker stubs

.vfp11_veneer   0x08008c44        0x0
 .vfp11_veneer  0x00000000        0x0 linker stubs

.v4_bx          0x08008c44        0x0
 .v4_bx         0x00000000        0x0 linker stubs

.ARM.extab
 *(.ARM.extab* .gnu.linkonce.armextab.*)
                0x08008c44                __exidx_start = .

.ARM.exidx
 *(.ARM.exidx* .gnu.linkonce.armexidx.*)
                0x08008c44                __exidx_end = .
                0x08008c44                _etext = .

.data_RAM2      0x2001c000        0x0 load address 0x08008c44
 FILL mask 0xff
 *(.data.$RAM2*)
 *(.data.$PeriphRam16*)
                0x2001c000                . = ALIGN (0x4)

.data_RAM3      0x10000000        0x0 load address 0x08008c44
 FILL mask 0xff
 *(.data.$RAM3*)
 *(.data.$Ram64*)
                0x10000000                . = ALIGN (0x4)

.data_RAM4      0x20000000        0x0 load address 0x08008c44
 FILL mask 0xff
 *(.data.$RAM4*)
 *(.data.$Ram128*)
                0x20000000                . = ALIGN (0x4)

.uninit_RESERVED
                0x20000000        0x0
 *(.bss.$RESERVED*)
                0x20000000                . = ALIGN (0x4)
                0x20000000                _end_uninit_RESERVED = .

.data           0x20000000      0x204 load address 0x08008c44
 FILL mask 0xff
                0x20000000                _data = .
 *(vtable)
 *(.data*)
 .data.hardware_index
                0x20000000        0x4 ./src/CS4344.o
                0x20000000                hardware_index
 .data.pitch_class
                0x20000004       0x30 ./src/audio.o
                0x20000004                pitch_class
 .data.semitone
                0x20000034      0x190 ./src/audio.o
                0x20000034                semitone
 .data.delay_time
                0x200001c4        0x4 ./src/comb.o
 .data.delay_fb
                0x200001c8        0x4 ./src/comb.o
 .data.vsa      0x200001cc        0x4 ./src/eq.o
 .data.keys_history
                0x200001d0       0x20 ./src/pp6.o
                0x200001d0                keys_history
 .data.seq_playback_knobs_enabled
                0x200001f0        0x1 ./src/sequencer.o
                0x200001f0                seq_playback_knobs_enabled
 *fill*         0x200001f1        0x3 00
 .data.APBAHBPrescTable
                0x200001f4       0x10 /home/owen/workspace-redsuite/StdPeriphLib_v100_STM32F4xx/Debug/libStdPeriphLib_v100_STM32F4xx.a(stm32f4xx_rcc.o)
                0x20000204                . = ALIGN (0x4)
                0x20000204                _edata = .

.bss_RAM2       0x2001c000        0x0
 *(.bss.$RAM2*)
 *(.bss.$PeriphRam16*)
                0x2001c000                . = ALIGN (0x4)

.bss_RAM3       0x10000000        0x0
 *(.bss.$RAM3*)
 *(.bss.$Ram64*)
                0x10000000                . = ALIGN (0x4)

.bss_RAM4       0x20000000        0x0
 *(.bss.$RAM4*)
 *(.bss.$Ram128*)
                0x20000000                . = ALIGN (0x4)

.bss            0x20000204    0x1735c
                0x20000204                _bss = .
 *(.bss*)
 .bss.software_index
                0x20000204        0x4 ./src/CS4344.o
                0x20000204                software_index
 .bss.sample_clock
                0x20000208        0x4 ./src/CS4344.o
                0x20000208                sample_clock
 .bss.delay_buffer
                0x2000020c     0x9c40 ./src/comb.o
 .bss.delay_time_frac
                0x20009e4c        0x4 ./src/comb.o
 .bss.delay_write_index
                0x20009e50        0x4 ./src/comb.o
 .bss.dt.3591   0x20009e54        0x4 ./src/comb.o
 .bss.led_counter
                0x20009e58        0x4 ./src/main.o
                0x20009e58                led_counter
 .bss.aux_led_color
                0x20009e5c        0x1 ./src/main.o
                0x20009e5c                aux_led_color
 .bss.uart_recv_buf_write
                0x20009e5d        0x1 ./src/main.o
                0x20009e5d                uart_recv_buf_write
 .bss.uart_recv_buf_read
                0x20009e5e        0x1 ./src/main.o
                0x20009e5e                uart_recv_buf_read
 *fill*         0x20009e5f        0x1 00
 .bss.sig       0x20009e60        0x4 ./src/mode_analog_style.o
 .bss.f         0x20009e64        0x4 ./src/mode_analog_style.o
 .bss.filter_cutoff
                0x20009e68        0x4 ./src/mode_analog_style.o
 .bss.saw       0x20009e6c        0xc ./src/mode_analog_style.o
 .bss.filter    0x20009e78       0x34 ./src/mode_analog_style.o
 .bss.amp       0x20009eac        0x4 ./src/mode_analog_style.o
 .bss.amp_env   0x20009eb0       0x1c ./src/mode_analog_style.o
 .bss.framp     0x20009ecc       0x14 ./src/mode_analog_style.o
 .bss.note_dur.6659
                0x20009ee0        0x4 ./src/mode_analog_style.o
 .bss.target_f.6658
                0x20009ee4        0x4 ./src/mode_analog_style.o
 .bss.sig       0x20009ee8        0x4 ./src/mode_bass_delay.o
 .bss.f         0x20009eec        0x4 ./src/mode_bass_delay.o
 .bss.sin1      0x20009ef0       0x14 ./src/mode_bass_delay.o
 .bss.new_note  0x20009f04        0x4 ./src/mode_bass_delay.o
 .bss.amp       0x20009f08        0x4 ./src/mode_bass_delay.o
 .bss.framp     0x20009f0c       0x14 ./src/mode_bass_delay.o
 .bss.amp_env   0x20009f20       0x1c ./src/mode_bass_delay.o
 .bss.cents     0x20009f3c        0x4 ./src/mode_bass_delay.o
 .bss.filter    0x20009f40       0x34 ./src/mode_bass_delay.o
 .bss.note_dur.3870
                0x20009f74        0x4 ./src/mode_bass_delay.o
 .bss.f         0x20009f78        0x4 ./src/mode_drum.o
 .bss.filter    0x20009f7c       0x34 ./src/mode_drum.o
 .bss.amp_env   0x20009fb0       0x1c ./src/mode_drum.o
 .bss.filter_env
                0x20009fcc       0x1c ./src/mode_drum.o
 .bss.sin_amp_env
                0x20009fe8       0x1c ./src/mode_drum.o
 .bss.f         0x2000a004        0x4 ./src/mode_drum_synth.o
 .bss.filter    0x2000a008       0x34 ./src/mode_drum_synth.o
 .bss.amp_env   0x2000a03c       0x1c ./src/mode_drum_synth.o
 .bss.sig       0x2000a058        0x4 ./src/mode_filter_envelope.o
 .bss.f         0x2000a05c        0x4 ./src/mode_filter_envelope.o
 .bss.amp       0x2000a060        0x4 ./src/mode_filter_envelope.o
 .bss.cutoff    0x2000a064        0x4 ./src/mode_filter_envelope.o
 .bss.cutoff_scale
                0x2000a068        0x4 ./src/mode_filter_envelope.o
 .bss.saw       0x2000a06c        0xc ./src/mode_filter_envelope.o
 .bss.filter    0x2000a078       0x34 ./src/mode_filter_envelope.o
 .bss.amp_env   0x2000a0ac       0x1c ./src/mode_filter_envelope.o
 .bss.filter_env
                0x2000a0c8       0x1c ./src/mode_filter_envelope.o
 .bss.note_dur.3860
                0x2000a0e4        0x4 ./src/mode_filter_envelope.o
 .bss.f         0x2000a0e8        0x4 ./src/mode_filter_man.o
 .bss.filter    0x2000a0ec       0x34 ./src/mode_filter_man.o
 .bss.amp_env   0x2000a120       0x1c ./src/mode_filter_man.o
 .bss.amp       0x2000a13c        0x4 ./src/mode_fm_ramp.o
 .bss.amp_env   0x2000a140       0x1c ./src/mode_fm_ramp.o
 .bss.index_env
                0x2000a15c       0x1c ./src/mode_fm_ramp.o
 .bss.f         0x2000a178        0x4 ./src/mode_nazareth.o
 .bss.amp       0x2000a17c        0x4 ./src/mode_nazareth.o
 .bss.amp_env   0x2000a180       0x1c ./src/mode_nazareth.o
 .bss.h         0x2000a19c       0xe0 ./src/mode_nazareth.o
 .bss.f         0x2000a27c        0x4 ./src/mode_octave_mirror.o
 .bss.filter    0x2000a280       0x34 ./src/mode_octave_mirror.o
 .bss.amp_env   0x2000a2b4       0x1c ./src/mode_octave_mirror.o
 .bss.f         0x2000a2d0        0x4 ./src/mode_plurden.o
 .bss.amp       0x2000a2d4        0x4 ./src/mode_plurden.o
 .bss.amp_env   0x2000a2d8       0x1c ./src/mode_plurden.o
 .bss.sig       0x2000a2f4        0x4 ./src/mode_simple_fm.o
 .bss.f         0x2000a2f8        0x4 ./src/mode_simple_fm.o
 .bss.target_f  0x2000a2fc        0x4 ./src/mode_simple_fm.o
 .bss.new_note  0x2000a300        0x4 ./src/mode_simple_fm.o
 .bss.amp       0x2000a304        0x4 ./src/mode_simple_fm.o
 .bss.framp     0x2000a308       0x14 ./src/mode_simple_fm.o
 .bss.amp_env   0x2000a31c       0x1c ./src/mode_simple_fm.o
 .bss.index_env
                0x2000a338       0x1c ./src/mode_simple_fm.o
 .bss.fm        0x2000a354       0x18 ./src/mode_simple_fm.o
 .bss.fm2       0x2000a36c       0x18 ./src/mode_simple_fm.o
 .bss.note_dur.3869
                0x2000a384        0x4 ./src/mode_simple_fm.o
 .bss.sig       0x2000a388        0x4 ./src/mode_simple_sin.o
 .bss.f         0x2000a38c        0x4 ./src/mode_simple_sin.o
 .bss.sin1      0x2000a390       0x14 ./src/mode_simple_sin.o
 .bss.new_note  0x2000a3a4        0x4 ./src/mode_simple_sin.o
 .bss.amp       0x2000a3a8        0x4 ./src/mode_simple_sin.o
 .bss.framp     0x2000a3ac       0x14 ./src/mode_simple_sin.o
 .bss.amp_env   0x2000a3c0       0x1c ./src/mode_simple_sin.o
 .bss.saw       0x2000a3dc        0xc ./src/mode_simple_sin.o
 .bss.square    0x2000a3e8       0x10 ./src/mode_simple_sin.o
 .bss.cents     0x2000a3f8        0x4 ./src/mode_simple_sin.o
 .bss.note_dur.3861
                0x2000a3fc        0x4 ./src/mode_simple_sin.o
 .bss.sig       0x2000a400        0x4 ./src/mode_wave_adder.o
 .bss.f         0x2000a404        0x4 ./src/mode_wave_adder.o
 .bss.sin1      0x2000a408       0x14 ./src/mode_wave_adder.o
 .bss.new_note  0x2000a41c        0x4 ./src/mode_wave_adder.o
 .bss.amp       0x2000a420        0x4 ./src/mode_wave_adder.o
 .bss.framp     0x2000a424       0x14 ./src/mode_wave_adder.o
 .bss.amp_env   0x2000a438       0x1c ./src/mode_wave_adder.o
 .bss.saw       0x2000a454        0xc ./src/mode_wave_adder.o
 .bss.square    0x2000a460       0x10 ./src/mode_wave_adder.o
 .bss.cents     0x2000a470        0x4 ./src/mode_wave_adder.o
 .bss.note_dur.3860
                0x2000a474        0x4 ./src/mode_wave_adder.o
 .bss.history_index.6598
                0x2000a478        0x1 ./src/pp6.o
 *fill*         0x2000a479        0x3 00
 .bss.knob1.6583
                0x2000a47c        0x4 ./src/pp6.o
 .bss.knob2.6584
                0x2000a480        0x4 ./src/pp6.o
 .bss.knob3.6585
                0x2000a484        0x4 ./src/pp6.o
 .bss.knobs_last.6576
                0x2000a488        0xc ./src/pp6.o
 .bss.channel.6571
                0x2000a494        0x1 ./src/pp6.o
 *fill*         0x2000a495        0x3 00
 .bss.knobs.6572
                0x2000a498        0xc ./src/pp6.o
 .bss.seq_index
                0x2000a4a4        0x4 ./src/sequencer.o
                0x2000a4a4                seq_index
 .bss.seq_time  0x2000a4a8        0x4 ./src/sequencer.o
                0x2000a4a8                seq_time
 .bss.seq_length
                0x2000a4ac        0x4 ./src/sequencer.o
                0x2000a4ac                seq_length
 .bss.seq_last_note_start
                0x2000a4b0        0x4 ./src/sequencer.o
                0x2000a4b0                seq_last_note_start
 .bss.seq_last_note_start_index
                0x2000a4b4        0x4 ./src/sequencer.o
                0x2000a4b4                seq_last_note_start_index
 .bss.seq_status
                0x2000a4b8        0x1 ./src/sequencer.o
                0x2000a4b8                seq_status
 .bss.seq_auto_stop
                0x2000a4b9        0x1 ./src/sequencer.o
                0x2000a4b9                seq_auto_stop
 *fill*         0x2000a4ba        0x2 00
 .bss.co.3596   0x2000a4bc        0x4 ./src/vcf.o
 .bss.errno     0x2000a4c0        0x4 /usr/local/redsuite_4.3.0_1025/redsuite/tools/bin/../lib/gcc/arm-none-eabi/4.5.1/../../../../arm-none-eabi/lib/thumb2/libcr_c.a(errno.o)
                0x2000a4c0                errno
 *(COMMON)
 COMMON         0x2000a4c4      0x400 ./src/CS4344.o
                0x2000a4c4                play_buf
 COMMON         0x2000a8c4       0x84 ./src/main.o
                0x2000a8c4                recvArg0_
                0x2000a8c8                eq
                0x2000a908                channelIn_
                0x2000a90c                uart_recv_buf
                0x2000a92c                recvEvent_
                0x2000a930                tmp8
                0x2000a934                recvMode_
                0x2000a938                recvByteCount_
                0x2000a93c                sendFullCommands_
                0x2000a940                recvBytesNeeded_
                0x2000a944                lastStatusSent_
 COMMON         0x2000a948       0x24 ./src/pp6.o
                0x2000a948                pp6
 COMMON         0x2000a96c     0xcbf4 ./src/sequencer.o
                0x2000a96c                seq_notes
                0x2000ad68                seq_deltas
                0x2000b164                seq_events
                0x2000b560                knob_log
                0x20017560                . = ALIGN (0x4)
                0x20017560                _ebss = .
                0x20017560                PROVIDE (end, .)
                0x20017560                PROVIDE (_pvHeapStart, .)
                0x2001c000                PROVIDE (_vStackTop, (__top_Ram112 - 0x0))
OUTPUT(BolsaBass.axf elf32-littlearm)

.debug_abbrev   0x00000000     0x2eac
 .debug_abbrev  0x00000000      0x17e ./src/CS4344.o
 .debug_abbrev  0x0000017e       0xc2 ./src/audio.o
 .debug_abbrev  0x00000240       0xd3 ./src/comb.o
 .debug_abbrev  0x00000313      0x167 ./src/cr_startup_stm32f4xx.o
 .debug_abbrev  0x0000047a       0xc0 ./src/delay.o
 .debug_abbrev  0x0000053a       0xd9 ./src/eq.o
 .debug_abbrev  0x00000613       0xd2 ./src/line.o
 .debug_abbrev  0x000006e5      0x1b4 ./src/main.o
 .debug_abbrev  0x00000899      0x132 ./src/midi.o
 .debug_abbrev  0x000009cb       0xec ./src/mode_analog_style.o
 .debug_abbrev  0x00000ab7       0xe3 ./src/mode_bass_delay.o
 .debug_abbrev  0x00000b9a       0xee ./src/mode_drum.o
 .debug_abbrev  0x00000c88       0xf4 ./src/mode_drum_synth.o
 .debug_abbrev  0x00000d7c       0xd4 ./src/mode_filter_envelope.o
 .debug_abbrev  0x00000e50       0xec ./src/mode_filter_man.o
 .debug_abbrev  0x00000f3c       0xe3 ./src/mode_fm_ramp.o
 .debug_abbrev  0x0000101f       0xe3 ./src/mode_mono_glider.o
 .debug_abbrev  0x00001102       0xe7 ./src/mode_nazareth.o
 .debug_abbrev  0x000011e9      0x102 ./src/mode_octave_mirror.o
 .debug_abbrev  0x000012eb       0xd6 ./src/mode_plurden.o
 .debug_abbrev  0x000013c1       0xe3 ./src/mode_simple_fm.o
 .debug_abbrev  0x000014a4       0xe3 ./src/mode_simple_sin.o
 .debug_abbrev  0x00001587       0xd4 ./src/mode_wave_adder.o
 .debug_abbrev  0x0000165b      0x14f ./src/oscillator.o
 .debug_abbrev  0x000017aa      0x1d6 ./src/pp6.o
 .debug_abbrev  0x00001980       0xdd ./src/sad.o
 .debug_abbrev  0x00001a5d       0xe1 ./src/sadsr.o
 .debug_abbrev  0x00001b3e      0x108 ./src/sequencer.o
 .debug_abbrev  0x00001c46      0x144 ./src/system_stm32f4xx.o
 .debug_abbrev  0x00001d8a      0x109 ./src/timer.o
 .debug_abbrev  0x00001e93      0x11a ./src/uart.o
 .debug_abbrev  0x00001fad       0xe6 ./src/vcf.o
 .debug_abbrev  0x00002093      0x12a /home/owen/workspace-redsuite/StdPeriphLib_v100_STM32F4xx/Debug/libStdPeriphLib_v100_STM32F4xx.a(misc.o)
 .debug_abbrev  0x000021bd      0x18d /home/owen/workspace-redsuite/StdPeriphLib_v100_STM32F4xx/Debug/libStdPeriphLib_v100_STM32F4xx.a(stm32f4xx_adc.o)
 .debug_abbrev  0x0000234a      0x186 /home/owen/workspace-redsuite/StdPeriphLib_v100_STM32F4xx/Debug/libStdPeriphLib_v100_STM32F4xx.a(stm32f4xx_gpio.o)
 .debug_abbrev  0x000024d0      0x1bb /home/owen/workspace-redsuite/StdPeriphLib_v100_STM32F4xx/Debug/libStdPeriphLib_v100_STM32F4xx.a(stm32f4xx_rcc.o)
 .debug_abbrev  0x0000268b      0x13b /home/owen/workspace-redsuite/StdPeriphLib_v100_STM32F4xx/Debug/libStdPeriphLib_v100_STM32F4xx.a(stm32f4xx_rng.o)
 .debug_abbrev  0x000027c6      0x164 /home/owen/workspace-redsuite/StdPeriphLib_v100_STM32F4xx/Debug/libStdPeriphLib_v100_STM32F4xx.a(stm32f4xx_spi.o)
 .debug_abbrev  0x0000292a      0x167 /home/owen/workspace-redsuite/StdPeriphLib_v100_STM32F4xx/Debug/libStdPeriphLib_v100_STM32F4xx.a(stm32f4xx_tim.o)
 .debug_abbrev  0x00002a91      0x152 /home/owen/workspace-redsuite/StdPeriphLib_v100_STM32F4xx/Debug/libStdPeriphLib_v100_STM32F4xx.a(stm32f4xx_usart.o)
 .debug_abbrev  0x00002be3      0x122 /home/owen/workspace-redsuite/StdPeriphLib_v100_STM32F4xx/Debug/libStdPeriphLib_v100_STM32F4xx.a(stm32f4xx_wwdg.o)
 .debug_abbrev  0x00002d05       0xb0 /home/owen/workspace-redsuite/CMSISv2p10_DSPLIB_CM4/lib/libCMSISv2p10_DSPLIB_CM4.a(arm_float_to_q15.o)
 .debug_abbrev  0x00002db5       0xf7 /home/owen/workspace-redsuite/CMSISv2p10_DSPLIB_CM4/lib/libCMSISv2p10_DSPLIB_CM4.a(arm_sin_f32.o)

.debug_info     0x00000000     0xe941
 .debug_info    0x00000000      0x7cb ./src/CS4344.o
 .debug_info    0x000007cb      0x196 ./src/audio.o
 .debug_info    0x00000961      0x1fa ./src/comb.o
 .debug_info    0x00000b5b      0x58f ./src/cr_startup_stm32f4xx.o
 .debug_info    0x000010ea      0x251 ./src/delay.o
 .debug_info    0x0000133b      0x246 ./src/eq.o
 .debug_info    0x00001581      0x1b8 ./src/line.o
 .debug_info    0x00001739      0x83b ./src/main.o
 .debug_info    0x00001f74      0x833 ./src/midi.o
 .debug_info    0x000027a7      0x3ef ./src/mode_analog_style.o
 .debug_info    0x00002b96      0x450 ./src/mode_bass_delay.o
 .debug_info    0x00002fe6      0x48d ./src/mode_drum.o
 .debug_info    0x00003473      0x31d ./src/mode_drum_synth.o
 .debug_info    0x00003790      0x320 ./src/mode_filter_envelope.o
 .debug_info    0x00003ab0      0x3ef ./src/mode_filter_man.o
 .debug_info    0x00003e9f      0x33c ./src/mode_fm_ramp.o
 .debug_info    0x000041db      0x2c0 ./src/mode_mono_glider.o
 .debug_info    0x0000449b      0x2e6 ./src/mode_nazareth.o
 .debug_info    0x00004781      0x371 ./src/mode_octave_mirror.o
 .debug_info    0x00004af2      0x3bd ./src/mode_plurden.o
 .debug_info    0x00004eaf      0x32b ./src/mode_simple_fm.o
 .debug_info    0x000051da      0x379 ./src/mode_simple_sin.o
 .debug_info    0x00005553      0x36b ./src/mode_wave_adder.o
 .debug_info    0x000058be      0x956 ./src/oscillator.o
 .debug_info    0x00006214      0xb45 ./src/pp6.o
 .debug_info    0x00006d59      0x1c6 ./src/sad.o
 .debug_info    0x00006f1f      0x242 ./src/sadsr.o
 .debug_info    0x00007161      0x4b4 ./src/sequencer.o
 .debug_info    0x00007615      0x625 ./src/system_stm32f4xx.o
 .debug_info    0x00007c3a      0x3be ./src/timer.o
 .debug_info    0x00007ff8      0x45c ./src/uart.o
 .debug_info    0x00008454      0x212 ./src/vcf.o
 .debug_info    0x00008666      0x59c /home/owen/workspace-redsuite/StdPeriphLib_v100_STM32F4xx/Debug/libStdPeriphLib_v100_STM32F4xx.a(misc.o)
 .debug_info    0x00008c02      0xcfd /home/owen/workspace-redsuite/StdPeriphLib_v100_STM32F4xx/Debug/libStdPeriphLib_v100_STM32F4xx.a(stm32f4xx_adc.o)
 .debug_info    0x000098ff      0x641 /home/owen/workspace-redsuite/StdPeriphLib_v100_STM32F4xx/Debug/libStdPeriphLib_v100_STM32F4xx.a(stm32f4xx_gpio.o)
 .debug_info    0x00009f40      0xd2c /home/owen/workspace-redsuite/StdPeriphLib_v100_STM32F4xx/Debug/libStdPeriphLib_v100_STM32F4xx.a(stm32f4xx_rcc.o)
 .debug_info    0x0000ac6c      0x299 /home/owen/workspace-redsuite/StdPeriphLib_v100_STM32F4xx/Debug/libStdPeriphLib_v100_STM32F4xx.a(stm32f4xx_rng.o)
 .debug_info    0x0000af05      0xbd4 /home/owen/workspace-redsuite/StdPeriphLib_v100_STM32F4xx/Debug/libStdPeriphLib_v100_STM32F4xx.a(stm32f4xx_spi.o)
 .debug_info    0x0000bad9     0x1e30 /home/owen/workspace-redsuite/StdPeriphLib_v100_STM32F4xx/Debug/libStdPeriphLib_v100_STM32F4xx.a(stm32f4xx_tim.o)
 .debug_info    0x0000d909      0xa57 /home/owen/workspace-redsuite/StdPeriphLib_v100_STM32F4xx/Debug/libStdPeriphLib_v100_STM32F4xx.a(stm32f4xx_usart.o)
 .debug_info    0x0000e360      0x25e /home/owen/workspace-redsuite/StdPeriphLib_v100_STM32F4xx/Debug/libStdPeriphLib_v100_STM32F4xx.a(stm32f4xx_wwdg.o)
 .debug_info    0x0000e5be      0x1dd /home/owen/workspace-redsuite/CMSISv2p10_DSPLIB_CM4/lib/libCMSISv2p10_DSPLIB_CM4.a(arm_float_to_q15.o)
 .debug_info    0x0000e79b      0x1a6 /home/owen/workspace-redsuite/CMSISv2p10_DSPLIB_CM4/lib/libCMSISv2p10_DSPLIB_CM4.a(arm_sin_f32.o)

.debug_line     0x00000000    0x12122
 .debug_line    0x00000000      0x63c ./src/CS4344.o
 .debug_line    0x0000063c      0x4d0 ./src/audio.o
 .debug_line    0x00000b0c      0x50a ./src/comb.o
 .debug_line    0x00001016      0x6c6 ./src/cr_startup_stm32f4xx.o
 .debug_line    0x000016dc      0x52e ./src/delay.o
 .debug_line    0x00001c0a      0x4d7 ./src/eq.o
 .debug_line    0x000020e1      0x4f0 ./src/line.o
 .debug_line    0x000025d1      0x9fe ./src/main.o
 .debug_line    0x00002fcf      0xa3e ./src/midi.o
 .debug_line    0x00003a0d      0x7b6 ./src/mode_analog_style.o
 .debug_line    0x000041c3      0x551 ./src/mode_bass_delay.o
 .debug_line    0x00004714      0x7b3 ./src/mode_drum.o
 .debug_line    0x00004ec7      0x7a4 ./src/mode_drum_synth.o
 .debug_line    0x0000566b      0x557 ./src/mode_filter_envelope.o
 .debug_line    0x00005bc2      0x7be ./src/mode_filter_man.o
 .debug_line    0x00006380      0x545 ./src/mode_fm_ramp.o
 .debug_line    0x000068c5      0x53e ./src/mode_mono_glider.o
 .debug_line    0x00006e03      0x58b ./src/mode_nazareth.o
 .debug_line    0x0000738e      0x7b9 ./src/mode_octave_mirror.o
 .debug_line    0x00007b47      0x56d ./src/mode_plurden.o
 .debug_line    0x000080b4      0x549 ./src/mode_simple_fm.o
 .debug_line    0x000085fd      0x542 ./src/mode_simple_sin.o
 .debug_line    0x00008b3f      0x548 ./src/mode_wave_adder.o
 .debug_line    0x00009087      0x6b5 ./src/oscillator.o
 .debug_line    0x0000973c      0xb78 ./src/pp6.o
 .debug_line    0x0000a2b4      0x4fc ./src/sad.o
 .debug_line    0x0000a7b0      0x52a ./src/sadsr.o
 .debug_line    0x0000acda      0x648 ./src/sequencer.o
 .debug_line    0x0000b322      0x67e ./src/system_stm32f4xx.o
 .debug_line    0x0000b9a0      0x628 ./src/timer.o
 .debug_line    0x0000bfc8      0x628 ./src/uart.o
 .debug_line    0x0000c5f0      0x4ef ./src/vcf.o
 .debug_line    0x0000cadf      0x64f /home/owen/workspace-redsuite/StdPeriphLib_v100_STM32F4xx/Debug/libStdPeriphLib_v100_STM32F4xx.a(misc.o)
 .debug_line    0x0000d12e      0x955 /home/owen/workspace-redsuite/StdPeriphLib_v100_STM32F4xx/Debug/libStdPeriphLib_v100_STM32F4xx.a(stm32f4xx_adc.o)
 .debug_line    0x0000da83      0x73f /home/owen/workspace-redsuite/StdPeriphLib_v100_STM32F4xx/Debug/libStdPeriphLib_v100_STM32F4xx.a(stm32f4xx_gpio.o)
 .debug_line    0x0000e1c2      0x9a1 /home/owen/workspace-redsuite/StdPeriphLib_v100_STM32F4xx/Debug/libStdPeriphLib_v100_STM32F4xx.a(stm32f4xx_rcc.o)
 .debug_line    0x0000eb63      0x689 /home/owen/workspace-redsuite/StdPeriphLib_v100_STM32F4xx/Debug/libStdPeriphLib_v100_STM32F4xx.a(stm32f4xx_rng.o)
 .debug_line    0x0000f1ec      0x855 /home/owen/workspace-redsuite/StdPeriphLib_v100_STM32F4xx/Debug/libStdPeriphLib_v100_STM32F4xx.a(stm32f4xx_spi.o)
 .debug_line    0x0000fa41      0xe7a /home/owen/workspace-redsuite/StdPeriphLib_v100_STM32F4xx/Debug/libStdPeriphLib_v100_STM32F4xx.a(stm32f4xx_tim.o)
 .debug_line    0x000108bb      0x890 /home/owen/workspace-redsuite/StdPeriphLib_v100_STM32F4xx/Debug/libStdPeriphLib_v100_STM32F4xx.a(stm32f4xx_usart.o)
 .debug_line    0x0001114b      0x688 /home/owen/workspace-redsuite/StdPeriphLib_v100_STM32F4xx/Debug/libStdPeriphLib_v100_STM32F4xx.a(stm32f4xx_wwdg.o)
 .debug_line    0x000117d3      0x4c8 /home/owen/workspace-redsuite/CMSISv2p10_DSPLIB_CM4/lib/libCMSISv2p10_DSPLIB_CM4.a(arm_float_to_q15.o)
 .debug_line    0x00011c9b      0x487 /home/owen/workspace-redsuite/CMSISv2p10_DSPLIB_CM4/lib/libCMSISv2p10_DSPLIB_CM4.a(arm_sin_f32.o)

.debug_macinfo  0x00000000   0x83253e
 .debug_macinfo
                0x00000000    0x5b0df ./src/CS4344.o
 .debug_macinfo
                0x0005b0df     0x4441 ./src/audio.o
 .debug_macinfo
                0x0005f520     0x4462 ./src/comb.o
 .debug_macinfo
                0x00063982    0x5aeb9 ./src/cr_startup_stm32f4xx.o
 .debug_macinfo
                0x000be83b     0x4466 ./src/delay.o
 .debug_macinfo
                0x000c2ca1     0x43d9 ./src/eq.o
 .debug_macinfo
                0x000c707a     0x4450 ./src/line.o
 .debug_macinfo
                0x000cb4ca    0x5c029 ./src/main.o
 .debug_macinfo
                0x001274f3    0x5bb25 ./src/midi.o
 .debug_macinfo
                0x00183018    0x5b9f0 ./src/mode_analog_style.o
 .debug_macinfo
                0x001dea08     0x47a5 ./src/mode_bass_delay.o
 .debug_macinfo
                0x001e31ad    0x5b9e8 ./src/mode_drum.o
 .debug_macinfo
                0x0023eb95    0x5b9ee ./src/mode_drum_synth.o
 .debug_macinfo
                0x0029a583     0x4789 ./src/mode_filter_envelope.o
 .debug_macinfo
                0x0029ed0c    0x5b9ee ./src/mode_filter_man.o
 .debug_macinfo
                0x002fa6fa     0x4791 ./src/mode_fm_ramp.o
 .debug_macinfo
                0x002fee8b     0x4785 ./src/mode_mono_glider.o
 .debug_macinfo
                0x00303610     0x4782 ./src/mode_nazareth.o
 .debug_macinfo
                0x00307d92    0x5b9f1 ./src/mode_octave_mirror.o
 .debug_macinfo
                0x00363783     0x4781 ./src/mode_plurden.o
 .debug_macinfo
                0x00367f04     0x4793 ./src/mode_simple_fm.o
 .debug_macinfo
                0x0036c697     0x4784 ./src/mode_simple_sin.o
 .debug_macinfo
                0x00370e1b     0x4784 ./src/mode_wave_adder.o
 .debug_macinfo
                0x0037559f     0x4466 ./src/oscillator.o
 .debug_macinfo
                0x00379a05    0x5b92a ./src/pp6.o
 .debug_macinfo
                0x003d532f     0x444f ./src/sad.o
 .debug_macinfo
                0x003d977e     0x4451 ./src/sadsr.o
 .debug_macinfo
                0x003ddbcf     0x471f ./src/sequencer.o
 .debug_macinfo
                0x003e22ee    0x5aed1 ./src/system_stm32f4xx.o
 .debug_macinfo
                0x0043d1bf    0x5ae7d ./src/timer.o
 .debug_macinfo
                0x0049803c    0x5ae7c ./src/uart.o
 .debug_macinfo
                0x004f2eb8     0x444f ./src/vcf.o
 .debug_macinfo
                0x004f7307    0x5ae5f /home/owen/workspace-redsuite/StdPeriphLib_v100_STM32F4xx/Debug/libStdPeriphLib_v100_STM32F4xx.a(misc.o)
 .debug_macinfo
                0x00552166    0x5b14d /home/owen/workspace-redsuite/StdPeriphLib_v100_STM32F4xx/Debug/libStdPeriphLib_v100_STM32F4xx.a(stm32f4xx_adc.o)
 .debug_macinfo
                0x005ad2b3    0x5ae33 /home/owen/workspace-redsuite/StdPeriphLib_v100_STM32F4xx/Debug/libStdPeriphLib_v100_STM32F4xx.a(stm32f4xx_gpio.o)
 .debug_macinfo
                0x006080e6    0x5b33f /home/owen/workspace-redsuite/StdPeriphLib_v100_STM32F4xx/Debug/libStdPeriphLib_v100_STM32F4xx.a(stm32f4xx_rcc.o)
 .debug_macinfo
                0x00663425    0x5ae33 /home/owen/workspace-redsuite/StdPeriphLib_v100_STM32F4xx/Debug/libStdPeriphLib_v100_STM32F4xx.a(stm32f4xx_rng.o)
 .debug_macinfo
                0x006be258    0x5af20 /home/owen/workspace-redsuite/StdPeriphLib_v100_STM32F4xx/Debug/libStdPeriphLib_v100_STM32F4xx.a(stm32f4xx_spi.o)
 .debug_macinfo
                0x00719178    0x5af0c /home/owen/workspace-redsuite/StdPeriphLib_v100_STM32F4xx/Debug/libStdPeriphLib_v100_STM32F4xx.a(stm32f4xx_tim.o)
 .debug_macinfo
                0x00774084    0x5af5f /home/owen/workspace-redsuite/StdPeriphLib_v100_STM32F4xx/Debug/libStdPeriphLib_v100_STM32F4xx.a(stm32f4xx_usart.o)
 .debug_macinfo
                0x007cefe3    0x5af41 /home/owen/workspace-redsuite/StdPeriphLib_v100_STM32F4xx/Debug/libStdPeriphLib_v100_STM32F4xx.a(stm32f4xx_wwdg.o)
 .debug_macinfo
                0x00829f24     0x430d /home/owen/workspace-redsuite/CMSISv2p10_DSPLIB_CM4/lib/libCMSISv2p10_DSPLIB_CM4.a(arm_float_to_q15.o)
 .debug_macinfo
                0x0082e231     0x430d /home/owen/workspace-redsuite/CMSISv2p10_DSPLIB_CM4/lib/libCMSISv2p10_DSPLIB_CM4.a(arm_sin_f32.o)

.debug_loc      0x00000000     0x6604
 .debug_loc     0x00000000       0x70 ./src/CS4344.o
 .debug_loc     0x00000070       0x70 ./src/audio.o
 .debug_loc     0x000000e0       0xe0 ./src/comb.o
 .debug_loc     0x000001c0      0x28c ./src/cr_startup_stm32f4xx.o
 .debug_loc     0x0000044c       0xe2 ./src/delay.o
 .debug_loc     0x0000052e       0x70 ./src/eq.o
 .debug_loc     0x0000059e       0xe0 ./src/line.o
 .debug_loc     0x0000067e       0x9e ./src/main.o
 .debug_loc     0x0000071c      0x72c ./src/midi.o
 .debug_loc     0x00000e48       0x9c ./src/mode_analog_style.o
 .debug_loc     0x00000ee4       0x9c ./src/mode_bass_delay.o
 .debug_loc     0x00000f80       0xb4 ./src/mode_drum.o
 .debug_loc     0x00001034       0x9c ./src/mode_drum_synth.o
 .debug_loc     0x000010d0       0x90 ./src/mode_filter_envelope.o
 .debug_loc     0x00001160       0xa8 ./src/mode_filter_man.o
 .debug_loc     0x00001208       0x9c ./src/mode_fm_ramp.o
 .debug_loc     0x000012a4       0x9c ./src/mode_mono_glider.o
 .debug_loc     0x00001340       0x9c ./src/mode_nazareth.o
 .debug_loc     0x000013dc       0xa8 ./src/mode_octave_mirror.o
 .debug_loc     0x00001484       0xa8 ./src/mode_plurden.o
 .debug_loc     0x0000152c       0x9c ./src/mode_simple_fm.o
 .debug_loc     0x000015c8       0x90 ./src/mode_simple_sin.o
 .debug_loc     0x00001658       0x90 ./src/mode_wave_adder.o
 .debug_loc     0x000016e8      0x462 ./src/oscillator.o
 .debug_loc     0x00001b4a      0x778 ./src/pp6.o
 .debug_loc     0x000022c2       0xe0 ./src/sad.o
 .debug_loc     0x000023a2      0x150 ./src/sadsr.o
 .debug_loc     0x000024f2      0x3b8 ./src/sequencer.o
 .debug_loc     0x000028aa       0x9c ./src/system_stm32f4xx.o
 .debug_loc     0x00002946       0x90 ./src/timer.o
 .debug_loc     0x000029d6       0x70 ./src/uart.o
 .debug_loc     0x00002a46       0xa8 ./src/vcf.o
 .debug_loc     0x00002aee      0x118 /home/owen/workspace-redsuite/StdPeriphLib_v100_STM32F4xx/Debug/libStdPeriphLib_v100_STM32F4xx.a(misc.o)
 .debug_loc     0x00002c06      0x838 /home/owen/workspace-redsuite/StdPeriphLib_v100_STM32F4xx/Debug/libStdPeriphLib_v100_STM32F4xx.a(stm32f4xx_adc.o)
 .debug_loc     0x0000343e      0x310 /home/owen/workspace-redsuite/StdPeriphLib_v100_STM32F4xx/Debug/libStdPeriphLib_v100_STM32F4xx.a(stm32f4xx_gpio.o)
 .debug_loc     0x0000374e      0x97c /home/owen/workspace-redsuite/StdPeriphLib_v100_STM32F4xx/Debug/libStdPeriphLib_v100_STM32F4xx.a(stm32f4xx_rcc.o)
 .debug_loc     0x000040ca      0x1a8 /home/owen/workspace-redsuite/StdPeriphLib_v100_STM32F4xx/Debug/libStdPeriphLib_v100_STM32F4xx.a(stm32f4xx_rng.o)
 .debug_loc     0x00004272      0x578 /home/owen/workspace-redsuite/StdPeriphLib_v100_STM32F4xx/Debug/libStdPeriphLib_v100_STM32F4xx.a(stm32f4xx_spi.o)
 .debug_loc     0x000047ea     0x1420 /home/owen/workspace-redsuite/StdPeriphLib_v100_STM32F4xx/Debug/libStdPeriphLib_v100_STM32F4xx.a(stm32f4xx_tim.o)
 .debug_loc     0x00005c0a      0x658 /home/owen/workspace-redsuite/StdPeriphLib_v100_STM32F4xx/Debug/libStdPeriphLib_v100_STM32F4xx.a(stm32f4xx_usart.o)
 .debug_loc     0x00006262      0x19c /home/owen/workspace-redsuite/StdPeriphLib_v100_STM32F4xx/Debug/libStdPeriphLib_v100_STM32F4xx.a(stm32f4xx_wwdg.o)
 .debug_loc     0x000063fe      0x178 /home/owen/workspace-redsuite/CMSISv2p10_DSPLIB_CM4/lib/libCMSISv2p10_DSPLIB_CM4.a(arm_float_to_q15.o)
 .debug_loc     0x00006576       0x8e /home/owen/workspace-redsuite/CMSISv2p10_DSPLIB_CM4/lib/libCMSISv2p10_DSPLIB_CM4.a(arm_sin_f32.o)

.debug_pubnames
                0x00000000     0x3034
 .debug_pubnames
                0x00000000       0x80 ./src/CS4344.o
 .debug_pubnames
                0x00000080       0x4b ./src/audio.o
 .debug_pubnames
                0x000000cb       0x54 ./src/comb.o
 .debug_pubnames
                0x0000011f      0x115 ./src/cr_startup_stm32f4xx.o
 .debug_pubnames
                0x00000234       0x58 ./src/delay.o
 .debug_pubnames
                0x0000028c       0x34 ./src/eq.o
 .debug_pubnames
                0x000002c0       0x53 ./src/line.o
 .debug_pubnames
                0x00000313      0x130 ./src/main.o
 .debug_pubnames
                0x00000443      0x333 ./src/midi.o
 .debug_pubnames
                0x00000776       0x78 ./src/mode_analog_style.o
 .debug_pubnames
                0x000007ee       0x72 ./src/mode_bass_delay.o
 .debug_pubnames
                0x00000860       0x60 ./src/mode_drum.o
 .debug_pubnames
                0x000008c0       0x72 ./src/mode_drum_synth.o
 .debug_pubnames
                0x00000932       0x81 ./src/mode_filter_envelope.o
 .debug_pubnames
                0x000009b3       0x72 ./src/mode_filter_man.o
 .debug_pubnames
                0x00000a25       0x69 ./src/mode_fm_ramp.o
 .debug_pubnames
                0x00000a8e       0xc5 ./src/mode_mono_glider.o
 .debug_pubnames
                0x00000b53       0x6c ./src/mode_nazareth.o
 .debug_pubnames
                0x00000bbf       0x7b ./src/mode_octave_mirror.o
 .debug_pubnames
                0x00000c3a       0x69 ./src/mode_plurden.o
 .debug_pubnames
                0x00000ca3       0x6f ./src/mode_simple_fm.o
 .debug_pubnames
                0x00000d12       0x72 ./src/mode_simple_sin.o
 .debug_pubnames
                0x00000d84       0x72 ./src/mode_wave_adder.o
 .debug_pubnames
                0x00000df6      0x177 ./src/oscillator.o
 .debug_pubnames
                0x00000f6d      0x3e0 ./src/pp6.o
 .debug_pubnames
                0x0000134d       0x46 ./src/sad.o
 .debug_pubnames
                0x00001393       0x74 ./src/sadsr.o
 .debug_pubnames
                0x00001407      0x2da ./src/sequencer.o
 .debug_pubnames
                0x000016e1       0x61 ./src/system_stm32f4xx.o
 .debug_pubnames
                0x00001742       0x44 ./src/timer.o
 .debug_pubnames
                0x00001786       0x2d ./src/uart.o
 .debug_pubnames
                0x000017b3       0x50 ./src/vcf.o
 .debug_pubnames
                0x00001803       0x89 /home/owen/workspace-redsuite/StdPeriphLib_v100_STM32F4xx/Debug/libStdPeriphLib_v100_STM32F4xx.a(misc.o)
 .debug_pubnames
                0x0000188c      0x446 /home/owen/workspace-redsuite/StdPeriphLib_v100_STM32F4xx/Debug/libStdPeriphLib_v100_STM32F4xx.a(stm32f4xx_adc.o)
 .debug_pubnames
                0x00001cd2      0x12d /home/owen/workspace-redsuite/StdPeriphLib_v100_STM32F4xx/Debug/libStdPeriphLib_v100_STM32F4xx.a(stm32f4xx_gpio.o)
 .debug_pubnames
                0x00001dff      0x417 /home/owen/workspace-redsuite/StdPeriphLib_v100_STM32F4xx/Debug/libStdPeriphLib_v100_STM32F4xx.a(stm32f4xx_rcc.o)
 .debug_pubnames
                0x00002216       0xac /home/owen/workspace-redsuite/StdPeriphLib_v100_STM32F4xx/Debug/libStdPeriphLib_v100_STM32F4xx.a(stm32f4xx_rng.o)
 .debug_pubnames
                0x000022c2      0x221 /home/owen/workspace-redsuite/StdPeriphLib_v100_STM32F4xx/Debug/libStdPeriphLib_v100_STM32F4xx.a(stm32f4xx_spi.o)
 .debug_pubnames
                0x000024e3      0x7c4 /home/owen/workspace-redsuite/StdPeriphLib_v100_STM32F4xx/Debug/libStdPeriphLib_v100_STM32F4xx.a(stm32f4xx_tim.o)
 .debug_pubnames
                0x00002ca7      0x294 /home/owen/workspace-redsuite/StdPeriphLib_v100_STM32F4xx/Debug/libStdPeriphLib_v100_STM32F4xx.a(stm32f4xx_usart.o)
 .debug_pubnames
                0x00002f3b       0xb0 /home/owen/workspace-redsuite/StdPeriphLib_v100_STM32F4xx/Debug/libStdPeriphLib_v100_STM32F4xx.a(stm32f4xx_wwdg.o)
 .debug_pubnames
                0x00002feb       0x27 /home/owen/workspace-redsuite/CMSISv2p10_DSPLIB_CM4/lib/libCMSISv2p10_DSPLIB_CM4.a(arm_float_to_q15.o)
 .debug_pubnames
                0x00003012       0x22 /home/owen/workspace-redsuite/CMSISv2p10_DSPLIB_CM4/lib/libCMSISv2p10_DSPLIB_CM4.a(arm_sin_f32.o)

.debug_pubtypes
                0x00000000     0x148f
 .debug_pubtypes
                0x00000000      0x116 ./src/CS4344.o
 .debug_pubtypes
                0x00000116       0x2d ./src/audio.o
 .debug_pubtypes
                0x00000143       0x2d ./src/comb.o
 .debug_pubtypes
                0x00000170       0x44 ./src/cr_startup_stm32f4xx.o
 .debug_pubtypes
                0x000001b4       0x20 ./src/delay.o
 .debug_pubtypes
                0x000001d4       0x38 ./src/eq.o
 .debug_pubtypes
                0x0000020c       0x36 ./src/line.o
 .debug_pubtypes
                0x00000242       0xa8 ./src/main.o
 .debug_pubtypes
                0x000002ea       0x2a ./src/midi.o
 .debug_pubtypes
                0x00000314       0x72 ./src/mode_analog_style.o
 .debug_pubtypes
                0x00000386       0x93 ./src/mode_bass_delay.o
 .debug_pubtypes
                0x00000419       0x85 ./src/mode_drum.o
 .debug_pubtypes
                0x0000049e       0x69 ./src/mode_drum_synth.o
 .debug_pubtypes
                0x00000507       0x69 ./src/mode_filter_envelope.o
 .debug_pubtypes
                0x00000570       0x72 ./src/mode_filter_man.o
 .debug_pubtypes
                0x000005e2       0x6a ./src/mode_fm_ramp.o
 .debug_pubtypes
                0x0000064c       0x5a ./src/mode_mono_glider.o
 .debug_pubtypes
                0x000006a6       0x62 ./src/mode_nazareth.o
 .debug_pubtypes
                0x00000708       0x69 ./src/mode_octave_mirror.o
 .debug_pubtypes
                0x00000771       0x84 ./src/mode_plurden.o
 .debug_pubtypes
                0x000007f5       0x6a ./src/mode_simple_fm.o
 .debug_pubtypes
                0x0000085f       0x84 ./src/mode_simple_sin.o
 .debug_pubtypes
                0x000008e3       0x84 ./src/mode_wave_adder.o
 .debug_pubtypes
                0x00000967       0xb0 ./src/oscillator.o
 .debug_pubtypes
                0x00000a17      0x131 ./src/pp6.o
 .debug_pubtypes
                0x00000b48       0x34 ./src/sad.o
 .debug_pubtypes
                0x00000b7c       0x36 ./src/sadsr.o
 .debug_pubtypes
                0x00000bb2       0x39 ./src/sequencer.o
 .debug_pubtypes
                0x00000beb       0x83 ./src/system_stm32f4xx.o
 .debug_pubtypes
                0x00000c6e       0x70 ./src/timer.o
 .debug_pubtypes
                0x00000cde       0xe8 ./src/uart.o
 .debug_pubtypes
                0x00000dc6       0x2f ./src/vcf.o
 .debug_pubtypes
                0x00000df5       0x8c /home/owen/workspace-redsuite/StdPeriphLib_v100_STM32F4xx/Debug/libStdPeriphLib_v100_STM32F4xx.a(misc.o)
 .debug_pubtypes
                0x00000e81       0xc9 /home/owen/workspace-redsuite/StdPeriphLib_v100_STM32F4xx/Debug/libStdPeriphLib_v100_STM32F4xx.a(stm32f4xx_adc.o)
 .debug_pubtypes
                0x00000f4a       0xce /home/owen/workspace-redsuite/StdPeriphLib_v100_STM32F4xx/Debug/libStdPeriphLib_v100_STM32F4xx.a(stm32f4xx_gpio.o)
 .debug_pubtypes
                0x00001018       0xaa /home/owen/workspace-redsuite/StdPeriphLib_v100_STM32F4xx/Debug/libStdPeriphLib_v100_STM32F4xx.a(stm32f4xx_rcc.o)
 .debug_pubtypes
                0x000010c2       0x77 /home/owen/workspace-redsuite/StdPeriphLib_v100_STM32F4xx/Debug/libStdPeriphLib_v100_STM32F4xx.a(stm32f4xx_rng.o)
 .debug_pubtypes
                0x00001139       0xbc /home/owen/workspace-redsuite/StdPeriphLib_v100_STM32F4xx/Debug/libStdPeriphLib_v100_STM32F4xx.a(stm32f4xx_spi.o)
 .debug_pubtypes
                0x000011f5       0xe4 /home/owen/workspace-redsuite/StdPeriphLib_v100_STM32F4xx/Debug/libStdPeriphLib_v100_STM32F4xx.a(stm32f4xx_tim.o)
 .debug_pubtypes
                0x000012d9       0xcd /home/owen/workspace-redsuite/StdPeriphLib_v100_STM32F4xx/Debug/libStdPeriphLib_v100_STM32F4xx.a(stm32f4xx_usart.o)
 .debug_pubtypes
                0x000013a6       0x57 /home/owen/workspace-redsuite/StdPeriphLib_v100_STM32F4xx/Debug/libStdPeriphLib_v100_STM32F4xx.a(stm32f4xx_wwdg.o)
 .debug_pubtypes
                0x000013fd       0x59 /home/owen/workspace-redsuite/CMSISv2p10_DSPLIB_CM4/lib/libCMSISv2p10_DSPLIB_CM4.a(arm_float_to_q15.o)
 .debug_pubtypes
                0x00001456       0x39 /home/owen/workspace-redsuite/CMSISv2p10_DSPLIB_CM4/lib/libCMSISv2p10_DSPLIB_CM4.a(arm_sin_f32.o)

.debug_aranges  0x00000000     0x1308
 .debug_aranges
                0x00000000       0x28 ./src/CS4344.o
 .debug_aranges
                0x00000028       0x28 ./src/audio.o
 .debug_aranges
                0x00000050       0x38 ./src/comb.o
 .debug_aranges
                0x00000088       0x88 ./src/cr_startup_stm32f4xx.o
 .debug_aranges
                0x00000110       0x38 ./src/delay.o
 .debug_aranges
                0x00000148       0x28 ./src/eq.o
 .debug_aranges
                0x00000170       0x38 ./src/line.o
 .debug_aranges
                0x000001a8       0x30 ./src/main.o
 .debug_aranges
                0x000001d8      0x138 ./src/midi.o
 .debug_aranges
                0x00000310       0x30 ./src/mode_analog_style.o
 .debug_aranges
                0x00000340       0x30 ./src/mode_bass_delay.o
 .debug_aranges
                0x00000370       0x30 ./src/mode_drum.o
 .debug_aranges
                0x000003a0       0x30 ./src/mode_drum_synth.o
 .debug_aranges
                0x000003d0       0x30 ./src/mode_filter_envelope.o
 .debug_aranges
                0x00000400       0x30 ./src/mode_filter_man.o
 .debug_aranges
                0x00000430       0x30 ./src/mode_fm_ramp.o
 .debug_aranges
                0x00000460       0x30 ./src/mode_mono_glider.o
 .debug_aranges
                0x00000490       0x30 ./src/mode_nazareth.o
 .debug_aranges
                0x000004c0       0x30 ./src/mode_octave_mirror.o
 .debug_aranges
                0x000004f0       0x30 ./src/mode_plurden.o
 .debug_aranges
                0x00000520       0x30 ./src/mode_simple_fm.o
 .debug_aranges
                0x00000550       0x30 ./src/mode_simple_sin.o
 .debug_aranges
                0x00000580       0x30 ./src/mode_wave_adder.o
 .debug_aranges
                0x000005b0       0xb8 ./src/oscillator.o
 .debug_aranges
                0x00000668      0x160 ./src/pp6.o
 .debug_aranges
                0x000007c8       0x38 ./src/sad.o
 .debug_aranges
                0x00000800       0x48 ./src/sadsr.o
 .debug_aranges
                0x00000848       0xb8 ./src/sequencer.o
 .debug_aranges
                0x00000900       0x30 ./src/system_stm32f4xx.o
 .debug_aranges
                0x00000930       0x30 ./src/timer.o
 .debug_aranges
                0x00000960       0x28 ./src/uart.o
 .debug_aranges
                0x00000988       0x30 ./src/vcf.o
 .debug_aranges
                0x000009b8       0x40 /home/owen/workspace-redsuite/StdPeriphLib_v100_STM32F4xx/Debug/libStdPeriphLib_v100_STM32F4xx.a(misc.o)
 .debug_aranges
                0x000009f8      0x148 /home/owen/workspace-redsuite/StdPeriphLib_v100_STM32F4xx/Debug/libStdPeriphLib_v100_STM32F4xx.a(stm32f4xx_adc.o)
 .debug_aranges
                0x00000b40       0x88 /home/owen/workspace-redsuite/StdPeriphLib_v100_STM32F4xx/Debug/libStdPeriphLib_v100_STM32F4xx.a(stm32f4xx_gpio.o)
 .debug_aranges
                0x00000bc8      0x178 /home/owen/workspace-redsuite/StdPeriphLib_v100_STM32F4xx/Debug/libStdPeriphLib_v100_STM32F4xx.a(stm32f4xx_rcc.o)
 .debug_aranges
                0x00000d40       0x58 /home/owen/workspace-redsuite/StdPeriphLib_v100_STM32F4xx/Debug/libStdPeriphLib_v100_STM32F4xx.a(stm32f4xx_rng.o)
 .debug_aranges
                0x00000d98       0xe0 /home/owen/workspace-redsuite/StdPeriphLib_v100_STM32F4xx/Debug/libStdPeriphLib_v100_STM32F4xx.a(stm32f4xx_spi.o)
 .debug_aranges
                0x00000e78      0x2f8 /home/owen/workspace-redsuite/StdPeriphLib_v100_STM32F4xx/Debug/libStdPeriphLib_v100_STM32F4xx.a(stm32f4xx_tim.o)
 .debug_aranges
                0x00001170      0x100 /home/owen/workspace-redsuite/StdPeriphLib_v100_STM32F4xx/Debug/libStdPeriphLib_v100_STM32F4xx.a(stm32f4xx_usart.o)
 .debug_aranges
                0x00001270       0x58 /home/owen/workspace-redsuite/StdPeriphLib_v100_STM32F4xx/Debug/libStdPeriphLib_v100_STM32F4xx.a(stm32f4xx_wwdg.o)
 .debug_aranges
                0x000012c8       0x20 /home/owen/workspace-redsuite/CMSISv2p10_DSPLIB_CM4/lib/libCMSISv2p10_DSPLIB_CM4.a(arm_float_to_q15.o)
 .debug_aranges
                0x000012e8       0x20 /home/owen/workspace-redsuite/CMSISv2p10_DSPLIB_CM4/lib/libCMSISv2p10_DSPLIB_CM4.a(arm_sin_f32.o)

.debug_ranges   0x00000000     0x11b0
 .debug_ranges  0x00000000       0x18 ./src/CS4344.o
 .debug_ranges  0x00000018       0x18 ./src/audio.o
 .debug_ranges  0x00000030       0x28 ./src/comb.o
 .debug_ranges  0x00000058       0x78 ./src/cr_startup_stm32f4xx.o
 .debug_ranges  0x000000d0       0x28 ./src/delay.o
 .debug_ranges  0x000000f8       0x18 ./src/eq.o
 .debug_ranges  0x00000110       0x28 ./src/line.o
 .debug_ranges  0x00000138       0x20 ./src/main.o
 .debug_ranges  0x00000158      0x128 ./src/midi.o
 .debug_ranges  0x00000280       0x20 ./src/mode_analog_style.o
 .debug_ranges  0x000002a0       0x20 ./src/mode_bass_delay.o
 .debug_ranges  0x000002c0       0x20 ./src/mode_drum.o
 .debug_ranges  0x000002e0       0x20 ./src/mode_drum_synth.o
 .debug_ranges  0x00000300       0x20 ./src/mode_filter_envelope.o
 .debug_ranges  0x00000320       0x20 ./src/mode_filter_man.o
 .debug_ranges  0x00000340       0x20 ./src/mode_fm_ramp.o
 .debug_ranges  0x00000360       0x20 ./src/mode_mono_glider.o
 .debug_ranges  0x00000380       0x20 ./src/mode_nazareth.o
 .debug_ranges  0x000003a0       0x20 ./src/mode_octave_mirror.o
 .debug_ranges  0x000003c0       0x20 ./src/mode_plurden.o
 .debug_ranges  0x000003e0       0x20 ./src/mode_simple_fm.o
 .debug_ranges  0x00000400       0x20 ./src/mode_simple_sin.o
 .debug_ranges  0x00000420       0x20 ./src/mode_wave_adder.o
 .debug_ranges  0x00000440       0xa8 ./src/oscillator.o
 .debug_ranges  0x000004e8      0x150 ./src/pp6.o
 .debug_ranges  0x00000638       0x28 ./src/sad.o
 .debug_ranges  0x00000660       0x38 ./src/sadsr.o
 .debug_ranges  0x00000698       0xa8 ./src/sequencer.o
 .debug_ranges  0x00000740       0x20 ./src/system_stm32f4xx.o
 .debug_ranges  0x00000760       0x20 ./src/timer.o
 .debug_ranges  0x00000780       0x18 ./src/uart.o
 .debug_ranges  0x00000798       0x20 ./src/vcf.o
 .debug_ranges  0x000007b8       0x30 /home/owen/workspace-redsuite/StdPeriphLib_v100_STM32F4xx/Debug/libStdPeriphLib_v100_STM32F4xx.a(misc.o)
 .debug_ranges  0x000007e8      0x138 /home/owen/workspace-redsuite/StdPeriphLib_v100_STM32F4xx/Debug/libStdPeriphLib_v100_STM32F4xx.a(stm32f4xx_adc.o)
 .debug_ranges  0x00000920       0x78 /home/owen/workspace-redsuite/StdPeriphLib_v100_STM32F4xx/Debug/libStdPeriphLib_v100_STM32F4xx.a(stm32f4xx_gpio.o)
 .debug_ranges  0x00000998      0x168 /home/owen/workspace-redsuite/StdPeriphLib_v100_STM32F4xx/Debug/libStdPeriphLib_v100_STM32F4xx.a(stm32f4xx_rcc.o)
 .debug_ranges  0x00000b00       0x48 /home/owen/workspace-redsuite/StdPeriphLib_v100_STM32F4xx/Debug/libStdPeriphLib_v100_STM32F4xx.a(stm32f4xx_rng.o)
 .debug_ranges  0x00000b48       0xd0 /home/owen/workspace-redsuite/StdPeriphLib_v100_STM32F4xx/Debug/libStdPeriphLib_v100_STM32F4xx.a(stm32f4xx_spi.o)
 .debug_ranges  0x00000c18      0x2e8 /home/owen/workspace-redsuite/StdPeriphLib_v100_STM32F4xx/Debug/libStdPeriphLib_v100_STM32F4xx.a(stm32f4xx_tim.o)
 .debug_ranges  0x00000f00       0xf0 /home/owen/workspace-redsuite/StdPeriphLib_v100_STM32F4xx/Debug/libStdPeriphLib_v100_STM32F4xx.a(stm32f4xx_usart.o)
 .debug_ranges  0x00000ff0       0x48 /home/owen/workspace-redsuite/StdPeriphLib_v100_STM32F4xx/Debug/libStdPeriphLib_v100_STM32F4xx.a(stm32f4xx_wwdg.o)
 .debug_ranges  0x00001038      0x168 /home/owen/workspace-redsuite/CMSISv2p10_DSPLIB_CM4/lib/libCMSISv2p10_DSPLIB_CM4.a(arm_float_to_q15.o)
 .debug_ranges  0x000011a0       0x10 /home/owen/workspace-redsuite/CMSISv2p10_DSPLIB_CM4/lib/libCMSISv2p10_DSPLIB_CM4.a(arm_sin_f32.o)

.debug_str      0x00000000     0x46b1
 .debug_str     0x00000000      0x93d ./src/CS4344.o
                                0x97a (size before relaxing)
 .debug_str     0x0000093d       0x4f ./src/audio.o
                                0x110 (size before relaxing)
 .debug_str     0x0000098c       0xc5 ./src/comb.o
                                0x197 (size before relaxing)
 .debug_str     0x00000a51      0x1b4 ./src/cr_startup_stm32f4xx.o
                                0x2ac (size before relaxing)
 .debug_str     0x00000c05       0x6d ./src/delay.o
                                0x155 (size before relaxing)
 .debug_str     0x00000c72       0x85 ./src/eq.o
                                0x150 (size before relaxing)
 .debug_str     0x00000cf7       0x6c ./src/line.o
                                0x13f (size before relaxing)
 .debug_str     0x00000d63      0x186 ./src/main.o
                                0x444 (size before relaxing)
 .debug_str     0x00000ee9      0x25d ./src/midi.o
                                0x3db (size before relaxing)
 .debug_str     0x00001146      0x136 ./src/mode_analog_style.o
                                0x282 (size before relaxing)
 .debug_str     0x0000127c       0xc5 ./src/mode_bass_delay.o
                                0x294 (size before relaxing)
 .debug_str     0x00001341       0xa3 ./src/mode_drum.o
                                0x2ab (size before relaxing)
 .debug_str     0x000013e4       0x6d ./src/mode_drum_synth.o
                                0x207 (size before relaxing)
 .debug_str     0x00001451       0x8e ./src/mode_filter_envelope.o
                                0x22e (size before relaxing)
 .debug_str     0x000014df       0x6d ./src/mode_filter_man.o
                                0x27a (size before relaxing)
 .debug_str     0x0000154c       0xe9 ./src/mode_fm_ramp.o
                                0x280 (size before relaxing)
 .debug_str     0x00001635       0x80 ./src/mode_mono_glider.o
                                0x1e4 (size before relaxing)
 .debug_str     0x000016b5       0x8a ./src/mode_nazareth.o
                                0x21c (size before relaxing)
 .debug_str     0x0000173f       0x85 ./src/mode_octave_mirror.o
                                0x246 (size before relaxing)
 .debug_str     0x000017c4       0x75 ./src/mode_plurden.o
                                0x270 (size before relaxing)
 .debug_str     0x00001839       0x69 ./src/mode_simple_fm.o
                                0x282 (size before relaxing)
 .debug_str     0x000018a2       0x6d ./src/mode_simple_sin.o
                                0x268 (size before relaxing)
 .debug_str     0x0000190f       0x6d ./src/mode_wave_adder.o
                                0x268 (size before relaxing)
 .debug_str     0x0000197c      0x1cb ./src/oscillator.o
                                0x3b1 (size before relaxing)
 .debug_str     0x00001b47      0x4ba ./src/pp6.o
                                0x84e (size before relaxing)
 .debug_str     0x00002001       0x48 ./src/sad.o
                                0x13f (size before relaxing)
 .debug_str     0x00002049       0x63 ./src/sadsr.o
                                0x186 (size before relaxing)
 .debug_str     0x000020ac      0x262 ./src/sequencer.o
                                0x340 (size before relaxing)
 .debug_str     0x0000230e      0x164 ./src/system_stm32f4xx.o
                                0x2fe (size before relaxing)
 .debug_str     0x00002472      0x13a ./src/timer.o
                                0x285 (size before relaxing)
 .debug_str     0x000025ac       0xa8 ./src/uart.o
                                0x395 (size before relaxing)
 .debug_str     0x00002654       0x49 ./src/vcf.o
                                0x149 (size before relaxing)
 .debug_str     0x0000269d      0x171 /home/owen/workspace-redsuite/StdPeriphLib_v100_STM32F4xx/Debug/libStdPeriphLib_v100_STM32F4xx.a(misc.o)
                                0x339 (size before relaxing)
 .debug_str     0x0000280e      0x4d6 /home/owen/workspace-redsuite/StdPeriphLib_v100_STM32F4xx/Debug/libStdPeriphLib_v100_STM32F4xx.a(stm32f4xx_adc.o)
                                0x764 (size before relaxing)
 .debug_str     0x00002ce4      0x171 /home/owen/workspace-redsuite/StdPeriphLib_v100_STM32F4xx/Debug/libStdPeriphLib_v100_STM32F4xx.a(stm32f4xx_gpio.o)
                                0x403 (size before relaxing)
 .debug_str     0x00002e55      0x537 /home/owen/workspace-redsuite/StdPeriphLib_v100_STM32F4xx/Debug/libStdPeriphLib_v100_STM32F4xx.a(stm32f4xx_rcc.o)
                                0x7b0 (size before relaxing)
 .debug_str     0x0000338c       0xad /home/owen/workspace-redsuite/StdPeriphLib_v100_STM32F4xx/Debug/libStdPeriphLib_v100_STM32F4xx.a(stm32f4xx_rng.o)
                                0x1e4 (size before relaxing)
 .debug_str     0x00003439      0x2e6 /home/owen/workspace-redsuite/StdPeriphLib_v100_STM32F4xx/Debug/libStdPeriphLib_v100_STM32F4xx.a(stm32f4xx_spi.o)
                                0x5ea (size before relaxing)