Archive member included because of file (symbol)

/home/owen/workspace-redsuite/StdPeriphLib_v100_STM32F4xx/Debug/libStdPeriphLib_v100_STM32F4xx.a(misc.o)
                              ./src/CS4344.o (NVIC_Init)
/home/owen/workspace-redsuite/StdPeriphLib_v100_STM32F4xx/Debug/libStdPeriphLib_v100_STM32F4xx.a(stm32f4xx_adc.o)
                              ./src/pp6.o (ADC_Init)
/home/owen/workspace-redsuite/StdPeriphLib_v100_STM32F4xx/Debug/libStdPeriphLib_v100_STM32F4xx.a(stm32f4xx_gpio.o)
                              ./src/CS4344.o (GPIO_Init)
/home/owen/workspace-redsuite/StdPeriphLib_v100_STM32F4xx/Debug/libStdPeriphLib_v100_STM32F4xx.a(stm32f4xx_rcc.o)
                              ./src/CS4344.o (RCC_AHB1PeriphClockCmd)
/home/owen/workspace-redsuite/StdPeriphLib_v100_STM32F4xx/Debug/libStdPeriphLib_v100_STM32F4xx.a(stm32f4xx_rng.o)
                              ./src/main.o (RNG_Cmd)
/home/owen/workspace-redsuite/StdPeriphLib_v100_STM32F4xx/Debug/libStdPeriphLib_v100_STM32F4xx.a(stm32f4xx_spi.o)
                              ./src/CS4344.o (SPI_I2S_DeInit)
/home/owen/workspace-redsuite/StdPeriphLib_v100_STM32F4xx/Debug/libStdPeriphLib_v100_STM32F4xx.a(stm32f4xx_tim.o)
                              ./src/timer.o (TIM_TimeBaseInit)
/home/owen/workspace-redsuite/StdPeriphLib_v100_STM32F4xx/Debug/libStdPeriphLib_v100_STM32F4xx.a(stm32f4xx_usart.o)
                              ./src/uart.o (USART_Init)
/home/owen/workspace-redsuite/StdPeriphLib_v100_STM32F4xx/Debug/libStdPeriphLib_v100_STM32F4xx.a(stm32f4xx_wwdg.o)
                              ./src/cr_startup_stm32f4xx.o (WWDG_SetPrescaler)
/home/owen/workspace-redsuite/CMSISv2p10_DSPLIB_CM4/lib/libCMSISv2p10_DSPLIB_CM4.a(arm_float_to_q15.o)
                              ./src/main.o (arm_float_to_q15)
/home/owen/workspace-redsuite/CMSISv2p10_DSPLIB_CM4/lib/libCMSISv2p10_DSPLIB_CM4.a(arm_sin_f32.o)
                              ./src/mode_nazareth.o (arm_sin_f32)
/usr/local/redsuite_4.3.0_1025/redsuite/tools/bin/../lib/gcc/arm-none-eabi/4.5.1/../../../../arm-none-eabi/lib/thumb2/libcr_c.a(__weak__main.o)
                              ./src/cr_startup_stm32f4xx.o (__main)
/usr/local/redsuite_4.3.0_1025/redsuite/tools/bin/../lib/gcc/arm-none-eabi/4.5.1/../../../../arm-none-eabi/lib/thumb2/libcr_c.a(floorf.o)
                              ./src/delay.o (floorf)
/usr/local/redsuite_4.3.0_1025/redsuite/tools/bin/../lib/gcc/arm-none-eabi/4.5.1/../../../../arm-none-eabi/lib/thumb2/libcr_c.a(sinf.o)
                              ./src/eq.o (sinf)
/usr/local/redsuite_4.3.0_1025/redsuite/tools/bin/../lib/gcc/arm-none-eabi/4.5.1/../../../../arm-none-eabi/lib/thumb2/libcr_c.a(memset.o)
                              ./src/eq.o (memset)
/usr/local/redsuite_4.3.0_1025/redsuite/tools/bin/../lib/gcc/arm-none-eabi/4.5.1/../../../../arm-none-eabi/lib/thumb2/libcr_c.a(_sincosf.o)
                              /usr/local/redsuite_4.3.0_1025/redsuite/tools/bin/../lib/gcc/arm-none-eabi/4.5.1/../../../../arm-none-eabi/lib/thumb2/libcr_c.a(sinf.o) (_sincosf)
/usr/local/redsuite_4.3.0_1025/redsuite/tools/bin/../lib/gcc/arm-none-eabi/4.5.1/../../../../arm-none-eabi/lib/thumb2/libcr_c.a(fabsf.o)
                              /usr/local/redsuite_4.3.0_1025/redsuite/tools/bin/../lib/gcc/arm-none-eabi/4.5.1/../../../../arm-none-eabi/lib/thumb2/libcr_c.a(_sincosf.o) (fabsf)
/usr/local/redsuite_4.3.0_1025/redsuite/tools/bin/../lib/gcc/arm-none-eabi/4.5.1/../../../../arm-none-eabi/lib/thumb2/libcr_c.a(errno.o)
                              /usr/local/redsuite_4.3.0_1025/redsuite/tools/bin/../lib/gcc/arm-none-eabi/4.5.1/../../../../arm-none-eabi/lib/thumb2/libcr_c.a(_sincosf.o) (errno)
/usr/local/redsuite_4.3.0_1025/redsuite/tools/bin/../lib/gcc/arm-none-eabi/4.5.1/thumb2/libcr_eabihelpers.a(double.o)
                              /usr/local/redsuite_4.3.0_1025/redsuite/tools/bin/../lib/gcc/arm-none-eabi/4.5.1/../../../../arm-none-eabi/lib/thumb2/libcr_c.a(_sincosf.o) (__aeabi_dmul)
/usr/local/redsuite_4.3.0_1025/redsuite/tools/bin/../lib/gcc/arm-none-eabi/4.5.1/thumb2/libcr_eabihelpers.a(float.o)
                              /usr/local/redsuite_4.3.0_1025/redsuite/tools/bin/../lib/gcc/arm-none-eabi/4.5.1/../../../../arm-none-eabi/lib/thumb2/libcr_c.a(_sincosf.o) (__aeabi_fmul)
/usr/local/redsuite_4.3.0_1025/redsuite/tools/bin/../lib/gcc/arm-none-eabi/4.5.1/thumb2/libcr_eabihelpers.a(memcpy.o)
                              /usr/local/redsuite_4.3.0_1025/redsuite/tools/bin/../lib/gcc/arm-none-eabi/4.5.1/../../../../arm-none-eabi/lib/thumb2/libcr_c.a(memset.o) (__aeabi_lowlevel_memset)

Allocating common symbols
Common symbol       size              file

saw4                0xc               ./src/mode_mono_glider.o
cents               0x4               ./src/mode_mono_glider.o
saw1                0xc               ./src/mode_mono_glider.o
f                   0x4               ./src/mode_mono_glider.o
recvArg0_           0x4               ./src/main.o
[...]
Memory Configuration

Name             Origin             Length             Attributes
MFlash512        0x08000000         0x00080000         xr
Ram112           0x20000000         0x0001c000         xrw
PeriphRam16      0x2001c000         0x00004000         xrw
Ram64            0x10000000         0x00010000         xrw
MFlash1024       0x08000000         0x00100000         xr
Ram128           0x20000000         0x00020000         xrw
*default*        0x00000000         0xffffffff

Linker script and memory map

LOAD ./src/CS4344.o
LOAD ./src/audio.o
LOAD ./src/comb.o
LOAD ./src/cr_startup_stm32f4xx.o
LOAD ./src/delay.o
LOAD ./src/eq.o
LOAD ./src/line.o
LOAD ./src/main.o
LOAD ./src/midi.o
LOAD ./src/mode_analog_style.o
LOAD ./src/mode_bass_delay.o
LOAD ./src/mode_drum.o
LOAD ./src/mode_drum_synth.o
LOAD ./src/mode_filter_envelope.o
LOAD ./src/mode_filter_man.o
LOAD ./src/mode_fm_ramp.o
LOAD ./src/mode_mono_glider.o
LOAD ./src/mode_nazareth.o
LOAD ./src/mode_octave_mirror.o
LOAD ./src/mode_plurden.o
LOAD ./src/mode_simple_fm.o
LOAD ./src/mode_simple_sin.o
LOAD ./src/mode_wave_adder.o
LOAD ./src/oscillator.o
LOAD ./src/pp6.o
LOAD ./src/sad.o
LOAD ./src/sadsr.o
LOAD ./src/sequencer.o
LOAD ./src/system_stm32f4xx.o
LOAD ./src/timer.o
LOAD ./src/uart.o
LOAD ./src/vcf.o
LOAD /home/owen/workspace-redsuite/StdPeriphLib_v100_STM32F4xx/Debug/libStdPeriphLib_v100_STM32F4xx.a
LOAD /home/owen/workspace-redsuite/CMSISv2p10_STM32F4xx/Debug/libCMSISv2p10_STM32F4xx.a
LOAD /home/owen/workspace-redsuite/CMSISv2p10_DSPLIB_CM4/lib/libCMSISv2p10_DSPLIB_CM4.a
START GROUP
LOAD /usr/local/redsuite_4.3.0_1025/redsuite/tools/bin/../lib/gcc/arm-none-eabi/4.5.1/../../../../arm-none-eabi/lib/thumb2/libcr_c.a
LOAD /usr/local/redsuite_4.3.0_1025/redsuite/tools/bin/../lib/gcc/arm-none-eabi/4.5.1/thumb2/libcr_eabihelpers.a
END GROUP
                0x08080000                __top_MFlash512 = 0x8080000
                0x2001c000                __top_Ram112 = 0x2001c000
                0x20020000                __top_PeriphRam16 = 0x20020000
                0x10010000                __top_Ram64 = 0x10010000
                0x08100000                __top_MFlash1024 = 0x8100000
                0x20020000                __top_Ram128 = 0x20020000

.text_Flash2    0x08000000        0x0
 FILL mask 0xff
 *(.text_Flash2*)
 *(.text_MFlash1024*)

.text           0x08000000     0x9c24
 FILL mask 0xff
 *(.isr_vector)
 .isr_vector    0x08000000      0x188 ./src/cr_startup_stm32f4xx.o
                0x08000000                g_pfnVectors
                0x08000188                . = ALIGN (0x4)
                0x08000188                __section_table_start = .
                0x08000188                __data_section_table = .
                0x08000188        0x4 LONG 0x8009c24 LOADADDR (.data)
                0x0800018c        0x4 LONG 0x20000000 ADDR (.data)
                0x08000190        0x4 LONG 0x208 SIZEOF (.data)
                0x08000194        0x4 LONG 0x8009c24 LOADADDR (.data_RAM2)
                0x08000198        0x4 LONG 0x2001c000 ADDR (.data_RAM2)
                0x0800019c        0x4 LONG 0x0 SIZEOF (.data_RAM2)
                0x080001a0        0x4 LONG 0x8009c24 LOADADDR (.data_RAM3)
                0x080001a4        0x4 LONG 0x10000000 ADDR (.data_RAM3)
                0x080001a8        0x4 LONG 0x0 SIZEOF (.data_RAM3)
                0x080001ac        0x4 LONG 0x8009c24 LOADADDR (.data_RAM4)
                0x080001b0        0x4 LONG 0x20000000 ADDR (.data_RAM4)
                0x080001b4        0x4 LONG 0x0 SIZEOF (.data_RAM4)
                0x080001b8                __data_section_table_end = .
                0x080001b8                __bss_section_table = .
                0x080001b8        0x4 LONG 0x20000208 ADDR (.bss)
                0x080001bc        0x4 LONG 0x172c4 SIZEOF (.bss)
                0x080001c0        0x4 LONG 0x2001c000 ADDR (.bss_RAM2)
                0x080001c4        0x4 LONG 0x0 SIZEOF (.bss_RAM2)
                0x080001c8        0x4 LONG 0x10000000 ADDR (.bss_RAM3)
                0x080001cc        0x4 LONG 0x0 SIZEOF (.bss_RAM3)
                0x080001d0        0x4 LONG 0x20000000 ADDR (.bss_RAM4)
                0x080001d4        0x4 LONG 0x0 SIZEOF (.bss_RAM4)
                0x080001d8                __bss_section_table_end = .
                0x080001d8                __section_table_end = .
 *(.after_vectors*)
 .after_vectors
                0x080001d8      0x17c ./src/cr_startup_stm32f4xx.o
                0x080001d8                data_init
                0x08000228                bss_init
                0x08000268                ResetISR
                0x080002fc                NMI_Handler
                0x08000304                HardFault_Handler
                0x08000310                MemManage_Handler
                0x08000318                BusFault_Handler
                0x08000320                UsageFault_Handler
                0x08000328                SVC_Handler
                0x08000330                DebugMon_Handler
                0x08000338                PendSV_Handler
                0x08000340                SysTick_Handler
                0x08000348                RTC_Alarm_IRQHandler
                0x08000348                HASH_RNG_IRQHandler
                0x08000348                EXTI2_IRQHandler
                0x08000348                TIM8_CC_IRQHandler
                0x08000348                TIM1_CC_IRQHandler
                0x08000348                DMA2_Stream5_IRQHandler
                0x08000348                DMA1_Stream5_IRQHandler
                0x08000348                PVD_IRQHandler
                0x08000348                SDIO_IRQHandler
                0x08000348                TAMP_STAMP_IRQHandler
                0x08000348                CAN2_RX1_IRQHandler
                0x08000348                EXTI3_IRQHandler
                0x08000348                TIM8_TRG_COM_TIM14_IRQHandler
                0x08000348                TIM1_UP_TIM10_IRQHandler
                0x08000348                TIM8_UP_TIM13_IRQHandler
                0x08000348                I2C3_ER_IRQHandler
                0x08000348                EXTI0_IRQHandler
                0x08000348                I2C2_EV_IRQHandler
                0x08000348                DMA1_Stream2_IRQHandler
                0x08000348                CAN1_RX0_IRQHandler
                0x08000348                FPU_IRQHandler
                0x08000348                OTG_HS_WKUP_IRQHandler
                0x08000348                CAN2_SCE_IRQHandler
                0x08000348                DMA2_Stream2_IRQHandler
                0x08000348                SPI1_IRQHandler
                0x08000348                IntDefaultHandler
                0x08000348                TIM6_DAC_IRQHandler
                0x08000348                TIM1_BRK_TIM9_IRQHandler
                0x08000348                DCMI_IRQHandler
                0x08000348                CAN2_RX0_IRQHandler
                0x08000348                DMA2_Stream3_IRQHandler
                0x08000348                USART6_IRQHandler
                0x08000348                USART3_IRQHandler
                0x08000348                CRYP_IRQHandler
                0x08000348                CAN1_RX1_IRQHandler
                0x08000348                UART5_IRQHandler
                0x08000348                DMA2_Stream0_IRQHandler
                0x08000348                TIM4_IRQHandler
                0x08000348                I2C1_EV_IRQHandler
                0x08000348                DMA1_Stream6_IRQHandler
                0x08000348                DMA1_Stream1_IRQHandler
                0x08000348                UART4_IRQHandler
                0x08000348                TIM3_IRQHandler
                0x08000348                RCC_IRQHandler
                0x08000348                TIM8_BRK_TIM12_IRQHandler
                0x08000348                EXTI15_10_IRQHandler
                0x08000348                ADC_IRQHandler
                0x08000348                DMA1_Stream7_IRQHandler
                0x08000348                TIM7_IRQHandler
                0x08000348                CAN2_TX_IRQHandler
                0x08000348                TIM5_IRQHandler
                0x08000348                DMA2_Stream7_IRQHandler
                0x08000348                I2C3_EV_IRQHandler
                0x08000348                EXTI9_5_IRQHandler
                0x08000348                RTC_WKUP_IRQHandler
                0x08000348                ETH_WKUP_IRQHandler
                0x08000348                SPI2_IRQHandler
                0x08000348                OTG_HS_EP1_IN_IRQHandler
                0x08000348                DMA1_Stream0_IRQHandler
                0x08000348                CAN1_TX_IRQHandler
                0x08000348                EXTI4_IRQHandler
                0x08000348                FSMC_IRQHandler
                0x08000348                ETH_IRQHandler
                0x08000348                OTG_HS_EP1_OUT_IRQHandler
                0x08000348                WWDG_IRQHandler
                0x08000348                TIM2_IRQHandler
                0x08000348                OTG_FS_WKUP_IRQHandler
                0x08000348                TIM1_TRG_COM_TIM11_IRQHandler
                0x08000348                OTG_HS_IRQHandler
                0x08000348                EXTI1_IRQHandler
                0x08000348                USART2_IRQHandler
                0x08000348                I2C2_ER_IRQHandler
                0x08000348                DMA2_Stream1_IRQHandler
                0x08000348                CAN1_SCE_IRQHandler
                0x08000348                FLASH_IRQHandler
                0x08000348                DMA2_Stream4_IRQHandler
                0x08000348                USART1_IRQHandler
                0x08000348                OTG_FS_IRQHandler
                0x08000348                DMA1_Stream4_IRQHandler
                0x08000348                I2C1_ER_IRQHandler
                0x08000348                DMA2_Stream6_IRQHandler
                0x08000348                DMA1_Stream3_IRQHandler
 *(.text*)
 .text.CS4344_init
                0x08000354      0x17c ./src/CS4344.o
                0x08000354                CS4344_init
 .text.SPI3_IRQHandler
                0x080004d0       0x94 ./src/CS4344.o
                0x080004d0                SPI3_IRQHandler
 .text.c_to_f   0x08000564       0xf0 ./src/audio.o
                0x08000564                c_to_f
 .text.c_to_f_ratio
                0x08000654       0xe4 ./src/audio.o
                0x08000654                c_to_f_ratio
 .text.comb_init
                0x08000738       0x40 ./src/comb.o
                0x08000738                comb_init
 .text.comb_set_fb
                0x08000778       0x20 ./src/comb.o
                0x08000778                comb_set_fb
 .text.comb_set_dtime
                0x08000798       0xe0 ./src/comb.o
                0x08000798                comb_set_dtime
 .text.comb_process
                0x08000878      0x108 ./src/comb.o
                0x08000878                comb_process
 .text.NVIC_SystemReset
                0x08000980       0x34 ./src/cr_startup_stm32f4xx.o
 .text.init_3band_state
                0x080009b4       0xb0 ./src/eq.o
                0x080009b4                init_3band_state
 .text.do_3band
                0x08000a64      0x21c ./src/eq.o
                0x08000a64                do_3band
 .text.line_set
                0x08000c80       0x1c ./src/line.o
                0x08000c80                line_set
 .text.line_go  0x08000c9c       0x74 ./src/line.o
                0x08000c9c                line_go
 .text.line_process
                0x08000d10       0x54 ./src/line.o
                0x08000d10                line_process
 .text.main     0x08000d64      0x730 ./src/main.o
                0x08000d64                main
 .text.flash_led_record_enable
                0x08001494       0x40 ./src/main.o
 .text.Delay    0x080014d4       0x2c ./src/main.o
 .text.recvByte
                0x08001500      0x4d0 ./src/midi.o
                0x08001500                recvByte
 .text.sendNoteOff
                0x080019d0       0x78 ./src/midi.o
                0x080019d0                sendNoteOff
 .text.sendNoteOn
                0x08001a48       0x78 ./src/midi.o
                0x08001a48                sendNoteOn
 .text.sendSync
                0x08001ac0       0x10 ./src/midi.o
                0x08001ac0                sendSync
 .text.sendStart
                0x08001ad0       0x10 ./src/midi.o
                0x08001ad0                sendStart
 .text.sendStop
                0x08001ae0       0x10 ./src/midi.o
                0x08001ae0                sendStop
 .text.midi_init
                0x08001af0       0x84 ./src/midi.o
                0x08001af0                midi_init
 .text.handleNoteOff
                0x08001b74       0x24 ./src/midi.o
                0x08001b74                handleNoteOff
 .text.handleNoteOn
                0x08001b98       0x24 ./src/midi.o
                0x08001b98                handleNoteOn
 .text.handleSync
                0x08001bbc        0xc ./src/midi.o
                0x08001bbc                handleSync
 .text.handleStart
                0x08001bc8        0xc ./src/midi.o
                0x08001bc8                handleStart
 .text.handleStop
                0x08001bd4        0xc ./src/midi.o
                0x08001bd4                handleStop
 .text.handleVelocityChange
                0x08001be0       0x18 ./src/midi.o
                0x08001be0                handleVelocityChange
 .text.handleControlChange
                0x08001bf8       0x18 ./src/midi.o
                0x08001bf8                handleControlChange
 .text.handleProgramChange
                0x08001c10       0x14 ./src/midi.o
                0x08001c10                handleProgramChange
 .text.handleAfterTouch
                0x08001c24       0x14 ./src/midi.o
                0x08001c24                handleAfterTouch
 .text.handlePitchChange
                0x08001c38       0x14 ./src/midi.o
                0x08001c38                handlePitchChange
 .text.handleSongPosition
                0x08001c4c       0x14 ./src/midi.o
                0x08001c4c                handleSongPosition
 .text.handleSongSelect
                0x08001c60       0x14 ./src/midi.o
                0x08001c60                handleSongSelect
 .text.handleTuneRequest
                0x08001c74        0xc ./src/midi.o
                0x08001c74                handleTuneRequest
 .text.handleContinue
                0x08001c80        0xc ./src/midi.o
                0x08001c80                handleContinue
 .text.handleActiveSense
                0x08001c8c        0xc ./src/midi.o
                0x08001c8c                handleActiveSense
 .text.handleReset
                0x08001c98        0xc ./src/midi.o
                0x08001c98                handleReset
 .text.mode_analog_style_init
                0x08001ca4       0x30 ./src/mode_analog_style.o
                0x08001ca4                mode_analog_style_init
 .text.mode_analog_style_sample_process
                0x08001cd4      0x1ac ./src/mode_analog_style.o
                0x08001cd4                mode_analog_style_sample_process
 .text.mode_analog_style_control_process
                0x08001e80      0x100 ./src/mode_analog_style.o
                0x08001e80                mode_analog_style_control_process
 .text.mode_bass_delay_init
                0x08001f80       0x44 ./src/mode_bass_delay.o
                0x08001f80                mode_bass_delay_init
 .text.mode_bass_delay_sample_process
                0x08001fc4      0x1e0 ./src/mode_bass_delay.o
                0x08001fc4                mode_bass_delay_sample_process
 .text.mode_bass_delay_control_process
                0x080021a4      0x110 ./src/mode_bass_delay.o
                0x080021a4                mode_bass_delay_control_process
 .text.mode_filter_envelope_init
                0x080022b4       0x64 ./src/mode_filter_envelope.o
                0x080022b4                mode_filter_envelope_init
 .text.mode_filter_envelope_sample_process
                0x08002318      0x1dc ./src/mode_filter_envelope.o
                0x08002318                mode_filter_envelope_sample_process
 .text.mode_filter_envelope_control_process
                0x080024f4      0x138 ./src/mode_filter_envelope.o
                0x080024f4                mode_filter_envelope_control_process
 .text.mode_plurden_init
                0x0800262c       0x34 ./src/mode_plurden.o
                0x0800262c                mode_plurden_init
 .text.mode_plurden_sample_process
                0x08002660      0x290 ./src/mode_plurden.o
                0x08002660                mode_plurden_sample_process
 .text.mode_plurden_control_process
                0x080028f0      0x13c ./src/mode_plurden.o
                0x080028f0                mode_plurden_control_process
 .text.mode_simple_fm_init
                0x08002a2c       0x30 ./src/mode_simple_fm.o
                0x08002a2c                mode_simple_fm_init
 .text.mode_simple_fm_sample_process
                0x08002a5c      0x1e4 ./src/mode_simple_fm.o
                0x08002a5c                mode_simple_fm_sample_process
 .text.mode_simple_fm_control_process
                0x08002c40      0x144 ./src/mode_simple_fm.o
                0x08002c40                mode_simple_fm_control_process
 .text.mode_simple_sin_init
                0x08002d84       0x40 ./src/mode_simple_sin.o
                0x08002d84                mode_simple_sin_init
 .text.mode_simple_sin_sample_process
                0x08002dc4      0x16c ./src/mode_simple_sin.o
                0x08002dc4                mode_simple_sin_sample_process
 .text.mode_simple_sin_control_process
                0x08002f30      0x158 ./src/mode_simple_sin.o
                0x08002f30                mode_simple_sin_control_process
 .text.mode_wave_adder_init
                0x08003088       0x40 ./src/mode_wave_adder.o
                0x08003088                mode_wave_adder_init
 .text.mode_wave_adder_sample_process
                0x080030c8      0x158 ./src/mode_wave_adder.o
                0x080030c8                mode_wave_adder_sample_process
 .text.mode_wave_adder_control_process
                0x08003220      0x158 ./src/mode_wave_adder.o
                0x08003220                mode_wave_adder_control_process
 .text.sin_set  0x08003378       0x5c ./src/oscillator.o
                0x08003378                sin_set
 .text.sin_process
                0x080033d4       0x74 ./src/oscillator.o
                0x080033d4                sin_process
 .text.FM_oscillator_process
                0x08003448      0x1a8 ./src/oscillator.o
                0x08003448                FM_oscillator_process
 .text.bl_step_table_read
                0x080035f0       0x7c ./src/oscillator.o
                0x080035f0                bl_step_table_read
 .text.bl_saw_set
                0x0800366c       0x38 ./src/oscillator.o
                0x0800366c                bl_saw_set
 .text.bl_saw_process
                0x080036a4       0xfc ./src/oscillator.o
                0x080036a4                bl_saw_process
 .text.bl_square_set
                0x080037a0       0x38 ./src/oscillator.o
                0x080037a0                bl_square_set
 .text.bl_square_init
                0x080037d8       0x24 ./src/oscillator.o
                0x080037d8                bl_square_init
 .text.pp6_init
                0x080037fc      0x150 ./src/pp6.o
                0x080037fc                pp6_init
 .text.pp6_enable_secret_mode
                0x0800394c       0x18 ./src/pp6.o
                0x0800394c                pp6_enable_secret_mode
 .text.pp6_midi_clock_tick
                0x08003964       0x98 ./src/pp6.o
                0x08003964                pp6_midi_clock_tick
 .text.pp6_get_midi_clock_tick
                0x080039fc       0x18 ./src/pp6.o
                0x080039fc                pp6_get_midi_clock_tick
 .text.pp6_clear_midi_clock_tick
                0x08003a14       0x1c ./src/pp6.o
                0x08003a14                pp6_clear_midi_clock_tick
 .text.pp6_check_for_midi_clock
                0x08003a30       0x4c ./src/pp6.o
                0x08003a30                pp6_check_for_midi_clock
 .text.pp6_midi_clock_present
                0x08003a7c       0x18 ./src/pp6.o
                0x08003a7c                pp6_midi_clock_present
 .text.pp6_get_knob_1
                0x08003a94       0x18 ./src/pp6.o
                0x08003a94                pp6_get_knob_1
 .text.pp6_get_knob_2
                0x08003aac       0x18 ./src/pp6.o
                0x08003aac                pp6_get_knob_2
 .text.pp6_get_knob_3
                0x08003ac4       0x18 ./src/pp6.o
                0x08003ac4                pp6_get_knob_3
 .text.pp6_set_knob_1
                0x08003adc       0x20 ./src/pp6.o
                0x08003adc                pp6_set_knob_1
 .text.pp6_set_knob_2
                0x08003afc       0x20 ./src/pp6.o
                0x08003afc                pp6_set_knob_2
 .text.pp6_set_knob_3
                0x08003b1c       0x20 ./src/pp6.o
                0x08003b1c                pp6_set_knob_3
 .text.pp6_get_knob_array
                0x08003b3c       0x14 ./src/pp6.o
                0x08003b3c                pp6_get_knob_array
 .text.pp6_set_mode_button_pressed
                0x08003b50       0x1c ./src/pp6.o
                0x08003b50                pp6_set_mode_button_pressed
 .text.pp6_mode_button_pressed
                0x08003b6c       0x18 ./src/pp6.o
                0x08003b6c                pp6_mode_button_pressed
 .text.pp6_set_aux_button_pressed
                0x08003b84       0x1c ./src/pp6.o
                0x08003b84                pp6_set_aux_button_pressed
 .text.pp6_set_aux_button_released
                0x08003ba0       0x1c ./src/pp6.o
                0x08003ba0                pp6_set_aux_button_released
 .text.pp6_aux_button_pressed
                0x08003bbc       0x18 ./src/pp6.o
                0x08003bbc                pp6_aux_button_pressed
 .text.pp6_change_mode
                0x08003bd4       0x8c ./src/pp6.o
                0x08003bd4                pp6_change_mode
 .text.pp6_set_mode
                0x08003c60       0x38 ./src/pp6.o
                0x08003c60                pp6_set_mode
 .text.pp6_get_mode
                0x08003c98       0x18 ./src/pp6.o
                0x08003c98                pp6_get_mode
 .text.pp6_set_mode_led
                0x08003cb0      0x244 ./src/pp6.o
                0x08003cb0                pp6_set_mode_led
 .text.pp6_set_aux_led
                0x08003ef4      0x244 ./src/pp6.o
                0x08003ef4                pp6_set_aux_led
 .text.pp6_get_aux_led
                0x08004138       0x18 ./src/pp6.o
                0x08004138                pp6_get_aux_led
 .text.pp6_flash_mode_led
                0x08004150       0x24 ./src/pp6.o
                0x08004150                pp6_flash_mode_led
 .text.pp6_flash_aux_led
                0x08004174       0x24 ./src/pp6.o
                0x08004174                pp6_flash_aux_led
 .text.pp6_flash_update
                0x08004198      0x120 ./src/pp6.o
                0x08004198                pp6_flash_update
 .text.pp6_get_keys
                0x080042b8       0x18 ./src/pp6.o
                0x080042b8                pp6_get_keys
 .text.pp6_get_key_events
                0x080042d0      0x150 ./src/pp6.o
                0x080042d0                pp6_get_key_events
 .text.pp6_note_on_flag
                0x08004420       0x18 ./src/pp6.o
                0x08004420                pp6_note_on_flag
 .text.pp6_set_note_off
                0x08004438       0x44 ./src/pp6.o
                0x08004438                pp6_set_note_off
 .text.pp6_set_note_on
                0x0800447c       0x44 ./src/pp6.o
                0x0800447c                pp6_set_note_on
 .text.pp6_get_note_state
                0x080044c0       0x28 ./src/pp6.o
                0x080044c0                pp6_get_note_state
 .text.pp6_get_note_state_last
                0x080044e8       0x2c ./src/pp6.o
                0x080044e8                pp6_get_note_state_last
 .text.pp6_set_current_note_state_to_last
                0x08004514       0x48 ./src/pp6.o
                0x08004514                pp6_set_current_note_state_to_last
 .text.pp6_turn_off_all_on_notes
                0x0800455c       0x4c ./src/pp6.o
                0x0800455c                pp6_turn_off_all_on_notes
 .text.pp6_set_synth_note
                0x080045a8       0x20 ./src/pp6.o
                0x080045a8                pp6_set_synth_note
 .text.pp6_get_synth_note
                0x080045c8       0x18 ./src/pp6.o
                0x080045c8                pp6_get_synth_note
 .text.pp6_set_synth_note_start
                0x080045e0       0x34 ./src/pp6.o
                0x080045e0                pp6_set_synth_note_start
 .text.pp6_get_synth_note_start
                0x08004614       0x18 ./src/pp6.o
                0x08004614                pp6_get_synth_note_start
 .text.pp6_set_synth_note_stop
                0x0800462c       0x28 ./src/pp6.o
                0x0800462c                pp6_set_synth_note_stop
 .text.pp6_get_synth_note_stop
                0x08004654       0x18 ./src/pp6.o
                0x08004654                pp6_get_synth_note_stop
 .text.pp6_set_midi_start
                0x0800466c       0x2c ./src/pp6.o
                0x0800466c                pp6_set_midi_start
 .text.pp6_get_midi_start
                0x08004698       0x18 ./src/pp6.o
                0x08004698                pp6_get_midi_start
 .text.pp6_set_midi_stop
                0x080046b0       0x1c ./src/pp6.o
                0x080046b0                pp6_set_midi_stop
 .text.pp6_get_midi_stop
                0x080046cc       0x18 ./src/pp6.o
                0x080046cc                pp6_get_midi_stop
 .text.pp6_clear_flags
                0x080046e4       0xdc ./src/pp6.o
                0x080046e4                pp6_clear_flags
 .text.pp6_inc_physical_notes_on
                0x080047c0       0x24 ./src/pp6.o
                0x080047c0                pp6_inc_physical_notes_on
 .text.pp6_dec_physical_notes_on
                0x080047e4       0x34 ./src/pp6.o
                0x080047e4                pp6_dec_physical_notes_on
 .text.pp6_get_physical_notes_on
                0x08004818       0x18 ./src/pp6.o
                0x08004818                pp6_get_physical_notes_on
 .text.pp6_knobs_init
                0x08004830       0xd8 ./src/pp6.o
                0x08004830                pp6_knobs_init
 .text.pp6_knobs_update
                0x08004908      0x158 ./src/pp6.o
                0x08004908                pp6_knobs_update
 .text.pp6_check_knobs_touched
                0x08004a60      0x23c ./src/pp6.o
                0x08004a60                pp6_check_knobs_touched
 .text.pp6_knob_1_touched
                0x08004c9c       0x18 ./src/pp6.o
                0x08004c9c                pp6_knob_1_touched
 .text.pp6_knob_2_touched
                0x08004cb4       0x18 ./src/pp6.o
                0x08004cb4                pp6_knob_2_touched
 .text.pp6_knob_3_touched
                0x08004ccc       0x18 ./src/pp6.o
                0x08004ccc                pp6_knob_3_touched
 .text.pp6_smooth_knobs
                0x08004ce4      0x114 ./src/pp6.o
                0x08004ce4                pp6_smooth_knobs
 .text.pp6_leds_init
                0x08004df8       0xc8 ./src/pp6.o
                0x08004df8                pp6_leds_init
 .text.pp6_keys_init
                0x08004ec0       0xb4 ./src/pp6.o
                0x08004ec0                pp6_keys_init
 .text.pp6_keys_update
                0x08004f74      0x2a0 ./src/pp6.o
                0x08004f74                pp6_keys_update
 .text.sadsr_init
                0x08005214       0x3c ./src/sadsr.o
                0x08005214                sadsr_init
 .text.sadsr_process
                0x08005250      0x14c ./src/sadsr.o
                0x08005250                sadsr_process
 .text.sadsr_set
                0x0800539c       0x70 ./src/sadsr.o
                0x0800539c                sadsr_set
 .text.sadsr_go
                0x0800540c       0x24 ./src/sadsr.o
                0x0800540c                sadsr_go
 .text.sadsr_release
                0x08005430       0x1c ./src/sadsr.o
                0x08005430                sadsr_release
 .text.seq_set_status
                0x0800544c       0x20 ./src/sequencer.o
                0x0800544c                seq_set_status
 .text.seq_get_status
                0x0800546c       0x18 ./src/sequencer.o
                0x0800546c                seq_get_status
 .text.seq_start_recording
                0x08005484       0x28 ./src/sequencer.o
                0x08005484                seq_start_recording
 .text.seq_log_first_note_null
                0x080054ac       0x54 ./src/sequencer.o
                0x080054ac                seq_log_first_note_null
 .text.seq_log_note_start
                0x08005500       0x90 ./src/sequencer.o
                0x08005500                seq_log_note_start
 .text.seq_log_note_stop
                0x08005590       0x90 ./src/sequencer.o
                0x08005590                seq_log_note_stop
 .text.seq_log_events
                0x08005620       0x6c ./src/sequencer.o
                0x08005620                seq_log_events
 .text.seq_stop_recording
                0x0800568c      0x15c ./src/sequencer.o
                0x0800568c                seq_stop_recording
 .text.seq_rewind
                0x080057e8       0x28 ./src/sequencer.o
                0x080057e8                seq_rewind
 .text.seq_play_tick
                0x08005810      0x118 ./src/sequencer.o
                0x08005810                seq_play_tick
 .text.seq_tick
                0x08005928       0x24 ./src/sequencer.o
                0x08005928                seq_tick
 .text.seq_get_time
                0x0800594c       0x18 ./src/sequencer.o
                0x0800594c                seq_get_time
 .text.seq_get_length
                0x08005964       0x18 ./src/sequencer.o
                0x08005964                seq_get_length
 .text.seq_log_knobs
                0x0800597c       0xc0 ./src/sequencer.o
                0x0800597c                seq_log_knobs
 .text.seq_play_knobs
                0x08005a3c      0x120 ./src/sequencer.o
                0x08005a3c                seq_play_knobs
 .text.seq_enable_knob_playback
                0x08005b5c       0x44 ./src/sequencer.o
                0x08005b5c                seq_enable_knob_playback
 .text.seq_set_auto_stop
                0x08005ba0       0x18 ./src/sequencer.o
                0x08005ba0                seq_set_auto_stop
 .text.seq_get_auto_stop
                0x08005bb8       0x18 ./src/sequencer.o
                0x08005bb8                seq_get_auto_stop
 .text.seq_clear_auto_stop
                0x08005bd0       0x18 ./src/sequencer.o
                0x08005bd0                seq_clear_auto_stop
 .text.SystemInit
                0x08005be8       0xb0 ./src/system_stm32f4xx.o
                0x08005be8                SystemInit
 .text.SetSysClock
                0x08005c98      0x1e0 ./src/system_stm32f4xx.o
 .text.timer_init
                0x08005e78       0x4c ./src/timer.o
                0x08005e78                timer_init
 .text.uart_init
                0x08005ec4       0xc4 ./src/uart.o
                0x08005ec4                uart_init
 .text.put_char
                0x08005f88       0x60 ./src/uart.o
                0x08005f88                put_char
 .text.uart_service_tx_buf
                0x08005fe8       0x8c ./src/uart.o
                0x08005fe8                uart_service_tx_buf
 .text.vcf_filter_init
                0x08006074       0x5c ./src/vcf.o
                0x08006074                vcf_filter_init
 .text.vcf_filter_set
                0x080060d0       0xcc ./src/vcf.o
                0x080060d0                vcf_filter_set
 .text.vcf_filter_process
                0x0800619c      0x18c ./src/vcf.o
                0x0800619c                vcf_filter_process
 .text.NVIC_Init
                0x08006328       0xe8 /home/owen/workspace-redsuite/StdPeriphLib_v100_STM32F4xx/Debug/libStdPeriphLib_v100_STM32F4xx.a(misc.o)
                0x08006328                NVIC_Init
 .text.ADC_Init
                0x08006410       0xc4 /home/owen/workspace-redsuite/StdPeriphLib_v100_STM32F4xx/Debug/libStdPeriphLib_v100_STM32F4xx.a(stm32f4xx_adc.o)
                0x08006410                ADC_Init
 .text.ADC_CommonInit
                0x080064d4       0x60 /home/owen/workspace-redsuite/StdPeriphLib_v100_STM32F4xx/Debug/libStdPeriphLib_v100_STM32F4xx.a(stm32f4xx_adc.o)
                0x080064d4                ADC_CommonInit
 .text.ADC_Cmd  0x08006534       0x38 /home/owen/workspace-redsuite/StdPeriphLib_v100_STM32F4xx/Debug/libStdPeriphLib_v100_STM32F4xx.a(stm32f4xx_adc.o)
                0x08006534                ADC_Cmd
 .text.ADC_RegularChannelConfig
                0x0800656c      0x1d0 /home/owen/workspace-redsuite/StdPeriphLib_v100_STM32F4xx/Debug/libStdPeriphLib_v100_STM32F4xx.a(stm32f4xx_adc.o)
                0x0800656c                ADC_RegularChannelConfig
 .text.ADC_SoftwareStartConv
                0x0800673c       0x20 /home/owen/workspace-redsuite/StdPeriphLib_v100_STM32F4xx/Debug/libStdPeriphLib_v100_STM32F4xx.a(stm32f4xx_adc.o)
                0x0800673c                ADC_SoftwareStartConv
 .text.ADC_GetConversionValue
                0x0800675c       0x1c /home/owen/workspace-redsuite/StdPeriphLib_v100_STM32F4xx/Debug/libStdPeriphLib_v100_STM32F4xx.a(stm32f4xx_adc.o)
                0x0800675c                ADC_GetConversionValue
 .text.GPIO_Init
                0x08006778      0x158 /home/owen/workspace-redsuite/StdPeriphLib_v100_STM32F4xx/Debug/libStdPeriphLib_v100_STM32F4xx.a(stm32f4xx_gpio.o)
                0x08006778                GPIO_Init
 .text.GPIO_ReadInputDataBit
                0x080068d0       0x40 /home/owen/workspace-redsuite/StdPeriphLib_v100_STM32F4xx/Debug/libStdPeriphLib_v100_STM32F4xx.a(stm32f4xx_gpio.o)
                0x080068d0                GPIO_ReadInputDataBit
 .text.GPIO_WriteBit
                0x08006910       0x30 /home/owen/workspace-redsuite/StdPeriphLib_v100_STM32F4xx/Debug/libStdPeriphLib_v100_STM32F4xx.a(stm32f4xx_gpio.o)
                0x08006910                GPIO_WriteBit
 .text.GPIO_PinAFConfig
                0x08006940       0xb0 /home/owen/workspace-redsuite/StdPeriphLib_v100_STM32F4xx/Debug/libStdPeriphLib_v100_STM32F4xx.a(stm32f4xx_gpio.o)
                0x08006940                GPIO_PinAFConfig
 .text.RCC_GetClocksFreq
                0x080069f0      0x1d4 /home/owen/workspace-redsuite/StdPeriphLib_v100_STM32F4xx/Debug/libStdPeriphLib_v100_STM32F4xx.a(stm32f4xx_rcc.o)
                0x080069f0                RCC_GetClocksFreq
 .text.RCC_AHB1PeriphClockCmd
                0x08006bc4       0x5c /home/owen/workspace-redsuite/StdPeriphLib_v100_STM32F4xx/Debug/libStdPeriphLib_v100_STM32F4xx.a(stm32f4xx_rcc.o)
                0x08006bc4                RCC_AHB1PeriphClockCmd
 .text.RCC_AHB2PeriphClockCmd
                0x08006c20       0x5c /home/owen/workspace-redsuite/StdPeriphLib_v100_STM32F4xx/Debug/libStdPeriphLib_v100_STM32F4xx.a(stm32f4xx_rcc.o)
                0x08006c20                RCC_AHB2PeriphClockCmd
 .text.RCC_APB1PeriphClockCmd
                0x08006c7c       0x5c /home/owen/workspace-redsuite/StdPeriphLib_v100_STM32F4xx/Debug/libStdPeriphLib_v100_STM32F4xx.a(stm32f4xx_rcc.o)
                0x08006c7c                RCC_APB1PeriphClockCmd
 .text.RCC_APB2PeriphClockCmd
                0x08006cd8       0x5c /home/owen/workspace-redsuite/StdPeriphLib_v100_STM32F4xx/Debug/libStdPeriphLib_v100_STM32F4xx.a(stm32f4xx_rcc.o)
                0x08006cd8                RCC_APB2PeriphClockCmd
 .text.RCC_APB1PeriphResetCmd
                0x08006d34       0x5c /home/owen/workspace-redsuite/StdPeriphLib_v100_STM32F4xx/Debug/libStdPeriphLib_v100_STM32F4xx.a(stm32f4xx_rcc.o)
                0x08006d34                RCC_APB1PeriphResetCmd
 .text.RCC_APB2PeriphResetCmd
                0x08006d90       0x5c /home/owen/workspace-redsuite/StdPeriphLib_v100_STM32F4xx/Debug/libStdPeriphLib_v100_STM32F4xx.a(stm32f4xx_rcc.o)
                0x08006d90                RCC_APB2PeriphResetCmd
 .text.RNG_Cmd  0x08006dec       0x4c /home/owen/workspace-redsuite/StdPeriphLib_v100_STM32F4xx/Debug/libStdPeriphLib_v100_STM32F4xx.a(stm32f4xx_rng.o)
                0x08006dec                RNG_Cmd
 .text.SPI_I2S_DeInit
                0x08006e38       0x88 /home/owen/workspace-redsuite/StdPeriphLib_v100_STM32F4xx/Debug/libStdPeriphLib_v100_STM32F4xx.a(stm32f4xx_spi.o)
                0x08006e38                SPI_I2S_DeInit
 .text.I2S_Init
                0x08006ec0      0x224 /home/owen/workspace-redsuite/StdPeriphLib_v100_STM32F4xx/Debug/libStdPeriphLib_v100_STM32F4xx.a(stm32f4xx_spi.o)
                0x08006ec0                I2S_Init
 .text.I2S_Cmd  0x080070e4       0x40 /home/owen/workspace-redsuite/StdPeriphLib_v100_STM32F4xx/Debug/libStdPeriphLib_v100_STM32F4xx.a(stm32f4xx_spi.o)
                0x080070e4                I2S_Cmd
 .text.SPI_I2S_SendData
                0x08007124       0x1c /home/owen/workspace-redsuite/StdPeriphLib_v100_STM32F4xx/Debug/libStdPeriphLib_v100_STM32F4xx.a(stm32f4xx_spi.o)
                0x08007124                SPI_I2S_SendData
 .text.SPI_I2S_ITConfig
                0x08007140       0x70 /home/owen/workspace-redsuite/StdPeriphLib_v100_STM32F4xx/Debug/libStdPeriphLib_v100_STM32F4xx.a(stm32f4xx_spi.o)
                0x08007140                SPI_I2S_ITConfig
 .text.SPI_I2S_GetFlagStatus
                0x080071b0       0x40 /home/owen/workspace-redsuite/StdPeriphLib_v100_STM32F4xx/Debug/libStdPeriphLib_v100_STM32F4xx.a(stm32f4xx_spi.o)
                0x080071b0                SPI_I2S_GetFlagStatus
 .text.TIM_TimeBaseInit
                0x080071f0       0xf8 /home/owen/workspace-redsuite/StdPeriphLib_v100_STM32F4xx/Debug/libStdPeriphLib_v100_STM32F4xx.a(stm32f4xx_tim.o)
                0x080071f0                TIM_TimeBaseInit
 .text.TIM_Cmd  0x080072e8       0x40 /home/owen/workspace-redsuite/StdPeriphLib_v100_STM32F4xx/Debug/libStdPeriphLib_v100_STM32F4xx.a(stm32f4xx_tim.o)
                0x080072e8                TIM_Cmd
 .text.USART_Init
                0x08007328      0x1bc /home/owen/workspace-redsuite/StdPeriphLib_v100_STM32F4xx/Debug/libStdPeriphLib_v100_STM32F4xx.a(stm32f4xx_usart.o)
                0x08007328                USART_Init
 .text.USART_Cmd
                0x080074e4       0x40 /home/owen/workspace-redsuite/StdPeriphLib_v100_STM32F4xx/Debug/libStdPeriphLib_v100_STM32F4xx.a(stm32f4xx_usart.o)
                0x080074e4                USART_Cmd
 .text.USART_SendData
                0x08007524       0x28 /home/owen/workspace-redsuite/StdPeriphLib_v100_STM32F4xx/Debug/libStdPeriphLib_v100_STM32F4xx.a(stm32f4xx_usart.o)
                0x08007524                USART_SendData
 .text.USART_ReceiveData
                0x0800754c       0x24 /home/owen/workspace-redsuite/StdPeriphLib_v100_STM32F4xx/Debug/libStdPeriphLib_v100_STM32F4xx.a(stm32f4xx_usart.o)
                0x0800754c                USART_ReceiveData
 .text.USART_GetFlagStatus
                0x08007570       0x40 /home/owen/workspace-redsuite/StdPeriphLib_v100_STM32F4xx/Debug/libStdPeriphLib_v100_STM32F4xx.a(stm32f4xx_usart.o)
                0x08007570                USART_GetFlagStatus
 .text.WWDG_SetPrescaler
                0x080075b0       0x40 /home/owen/workspace-redsuite/StdPeriphLib_v100_STM32F4xx/Debug/libStdPeriphLib_v100_STM32F4xx.a(stm32f4xx_wwdg.o)
                0x080075b0                WWDG_SetPrescaler
 .text.WWDG_SetWindowValue
                0x080075f0       0x44 /home/owen/workspace-redsuite/StdPeriphLib_v100_STM32F4xx/Debug/libStdPeriphLib_v100_STM32F4xx.a(stm32f4xx_wwdg.o)
                0x080075f0                WWDG_SetWindowValue
 .text.arm_float_to_q15
                0x08007634      0x2bc /home/owen/workspace-redsuite/CMSISv2p10_DSPLIB_CM4/lib/libCMSISv2p10_DSPLIB_CM4.a(arm_float_to_q15.o)
                0x08007634                arm_float_to_q15
 .text.arm_sin_f32
                0x080078f0       0xd8 /home/owen/workspace-redsuite/CMSISv2p10_DSPLIB_CM4/lib/libCMSISv2p10_DSPLIB_CM4.a(arm_sin_f32.o)
                0x080078f0                arm_sin_f32
 .text.__weak_main
                0x080079c8        0x4 /usr/local/redsuite_4.3.0_1025/redsuite/tools/bin/../lib/gcc/arm-none-eabi/4.5.1/../../../../arm-none-eabi/lib/thumb2/libcr_c.a(__weak__main.o)
                0x080079c8                __main
                0x080079c8                __weak_main
 .text.sinf     0x080079cc       0x28 /usr/local/redsuite_4.3.0_1025/redsuite/tools/bin/../lib/gcc/arm-none-eabi/4.5.1/../../../../arm-none-eabi/lib/thumb2/libcr_c.a(sinf.o)
                0x080079cc                sinf
 .text.memset   0x080079f4        0x4 /usr/local/redsuite_4.3.0_1025/redsuite/tools/bin/../lib/gcc/arm-none-eabi/4.5.1/../../../../arm-none-eabi/lib/thumb2/libcr_c.a(memset.o)
                0x080079f4                memset
 .text._sincosf
                0x080079f8      0x158 /usr/local/redsuite_4.3.0_1025/redsuite/tools/bin/../lib/gcc/arm-none-eabi/4.5.1/../../../../arm-none-eabi/lib/thumb2/libcr_c.a(_sincosf.o)
                0x080079f8                _sincosf
 .text.fabsf    0x08007b50       0x14 /usr/local/redsuite_4.3.0_1025/redsuite/tools/bin/../lib/gcc/arm-none-eabi/4.5.1/../../../../arm-none-eabi/lib/thumb2/libcr_c.a(fabsf.o)
                0x08007b50                fabsf
 .text.__aeabi_dmul
                0x08007b64      0x128 /usr/local/redsuite_4.3.0_1025/redsuite/tools/bin/../lib/gcc/arm-none-eabi/4.5.1/thumb2/libcr_eabihelpers.a(double.o)
                0x08007b64                __aeabi_dmul
 .text.__aeabi_dsub
                0x08007c8c      0x1d8 /usr/local/redsuite_4.3.0_1025/redsuite/tools/bin/../lib/gcc/arm-none-eabi/4.5.1/thumb2/libcr_eabihelpers.a(double.o)
                0x08007c8c                __aeabi_dsub
 .text.__aeabi_dadd
                0x08007e64      0x13c /usr/local/redsuite_4.3.0_1025/redsuite/tools/bin/../lib/gcc/arm-none-eabi/4.5.1/thumb2/libcr_eabihelpers.a(double.o)
                0x08007e64                __aeabi_dadd
 .text.__aeabi_d2f
                0x08007fa0       0x54 /usr/local/redsuite_4.3.0_1025/redsuite/tools/bin/../lib/gcc/arm-none-eabi/4.5.1/thumb2/libcr_eabihelpers.a(double.o)
                0x08007fa0                __aeabi_d2f
 .text.__aeabi_fmul
                0x08007ff4       0xbc /usr/local/redsuite_4.3.0_1025/redsuite/tools/bin/../lib/gcc/arm-none-eabi/4.5.1/thumb2/libcr_eabihelpers.a(float.o)
                0x08007ff4                __aeabi_fmul
 .text.__aeabi_fdiv
                0x080080b0       0xe8 /usr/local/redsuite_4.3.0_1025/redsuite/tools/bin/../lib/gcc/arm-none-eabi/4.5.1/thumb2/libcr_eabihelpers.a(float.o)
                0x080080b0                __aeabi_fdiv
 .text.__aeabi_fsub
                0x08008198       0xe0 /usr/local/redsuite_4.3.0_1025/redsuite/tools/bin/../lib/gcc/arm-none-eabi/4.5.1/thumb2/libcr_eabihelpers.a(float.o)
                0x08008198                __aeabi_fsub
 .text.__aeabi_fadd
                0x08008278       0xa4 /usr/local/redsuite_4.3.0_1025/redsuite/tools/bin/../lib/gcc/arm-none-eabi/4.5.1/thumb2/libcr_eabihelpers.a(float.o)
                0x08008278                __aeabi_fadd
 .text.__aeabi_f2iz
                0x0800831c       0x34 /usr/local/redsuite_4.3.0_1025/redsuite/tools/bin/../lib/gcc/arm-none-eabi/4.5.1/thumb2/libcr_eabihelpers.a(float.o)
                0x0800831c                __aeabi_f2iz
 .text.__bhs_ui2f
                0x08008350       0x26 /usr/local/redsuite_4.3.0_1025/redsuite/tools/bin/../lib/gcc/arm-none-eabi/4.5.1/thumb2/libcr_eabihelpers.a(float.o)
                0x08008350                __bhs_ui2f
 .text.__aeabi_i2f
                0x08008376       0x10 /usr/local/redsuite_4.3.0_1025/redsuite/tools/bin/../lib/gcc/arm-none-eabi/4.5.1/thumb2/libcr_eabihelpers.a(float.o)
                0x08008376                __aeabi_i2f
 *fill*         0x08008386        0x2 00
 .text.__aeabi_f2d
                0x08008388       0x38 /usr/local/redsuite_4.3.0_1025/redsuite/tools/bin/../lib/gcc/arm-none-eabi/4.5.1/thumb2/libcr_eabihelpers.a(float.o)
                0x08008388                __aeabi_f2d
 .text.__aeabi_fcmplt
                0x080083c0       0x3a /usr/local/redsuite_4.3.0_1025/redsuite/tools/bin/../lib/gcc/arm-none-eabi/4.5.1/thumb2/libcr_eabihelpers.a(float.o)
                0x080083c0                __aeabi_fcmplt
 .text.__aeabi_fcmpge
                0x080083fa       0x40 /usr/local/redsuite_4.3.0_1025/redsuite/tools/bin/../lib/gcc/arm-none-eabi/4.5.1/thumb2/libcr_eabihelpers.a(float.o)
                0x080083fa                __aeabi_fcmpge
 .text.__aeabi_memset_lowlevel
                0x0800843a       0x24 /usr/local/redsuite_4.3.0_1025/redsuite/tools/bin/../lib/gcc/arm-none-eabi/4.5.1/thumb2/libcr_eabihelpers.a(memcpy.o)
                0x0800843a                __aeabi_lowlevel_memset
 *(.rodata .rodata.*)
 *fill*         0x0800845e        0x2 00
 .rodata.transition_table
                0x08008460      0xfac ./src/oscillator.o
 .rodata.sin_table
                0x0800940c      0x40c ./src/oscillator.o
 .rodata.sinTable
                0x08009818      0x40c /home/owen/workspace-redsuite/CMSISv2p10_DSPLIB_CM4/lib/libCMSISv2p10_DSPLIB_CM4.a(arm_sin_f32.o)
                0x08009c24                . = ALIGN (0x4)

.glue_7         0x08009c24        0x0
 .glue_7        0x00000000        0x0 linker stubs

.glue_7t        0x08009c24        0x0
 .glue_7t       0x00000000        0x0 linker stubs

.vfp11_veneer   0x08009c24        0x0
 .vfp11_veneer  0x00000000        0x0 linker stubs

.v4_bx          0x08009c24        0x0
 .v4_bx         0x00000000        0x0 linker stubs

.ARM.extab
 *(.ARM.extab* .gnu.linkonce.armextab.*)
                0x08009c24                __exidx_start = .

.ARM.exidx
 *(.ARM.exidx* .gnu.linkonce.armexidx.*)
                0x08009c24                __exidx_end = .
                0x08009c24                _etext = .

.data_RAM2      0x2001c000        0x0 load address 0x08009c24
 FILL mask 0xff
 *(.data.$RAM2*)
 *(.data.$PeriphRam16*)
                0x2001c000                . = ALIGN (0x4)

.data_RAM3      0x10000000        0x0 load address 0x08009c24
 FILL mask 0xff
 *(.data.$RAM3*)
 *(.data.$Ram64*)
                0x10000000                . = ALIGN (0x4)

.data_RAM4      0x20000000        0x0 load address 0x08009c24
 FILL mask 0xff
 *(.data.$RAM4*)
 *(.data.$Ram128*)
                0x20000000                . = ALIGN (0x4)

.uninit_RESERVED
                0x20000000        0x0
 *(.bss.$RESERVED*)
                0x20000000                . = ALIGN (0x4)
                0x20000000                _end_uninit_RESERVED = .

.data           0x20000000      0x208 load address 0x08009c24
 FILL mask 0xff
                0x20000000                _data = .
 *(vtable)
 *(.data*)
 .data.hardware_index
                0x20000000        0x4 ./src/CS4344.o
                0x20000000                hardware_index
 .data.pitch_class
                0x20000004       0x30 ./src/audio.o
                0x20000004                pitch_class
 .data.semitone
                0x20000034      0x190 ./src/audio.o
                0x20000034                semitone
 .data.delay_time
                0x200001c4        0x4 ./src/comb.o
 .data.delay_fb
                0x200001c8        0x4 ./src/comb.o
 .data.vsa      0x200001cc        0x4 ./src/eq.o
 .data.last_note.3936
                0x200001d0        0x1 ./src/mode_plurden.o
 *fill*         0x200001d1        0x3 00
 .data.keys_history
                0x200001d4       0x20 ./src/pp6.o
                0x200001d4                keys_history
 .data.seq_playback_knobs_enabled
                0x200001f4        0x1 ./src/sequencer.o
 .data.seq_knob_1_playback_enabled
                0x200001f5        0x1 ./src/sequencer.o
 .data.seq_knob_2_playback_enabled
                0x200001f6        0x1 ./src/sequencer.o
 .data.seq_knob_3_playback_enabled
                0x200001f7        0x1 ./src/sequencer.o
 .data.APBAHBPrescTable
                0x200001f8       0x10 /home/owen/workspace-redsuite/StdPeriphLib_v100_STM32F4xx/Debug/libStdPeriphLib_v100_STM32F4xx.a(stm32f4xx_rcc.o)
                0x20000208                . = ALIGN (0x4)
                0x20000208                _edata = .

.bss_RAM2       0x2001c000        0x0
 *(.bss.$RAM2*)
 *(.bss.$PeriphRam16*)
                0x2001c000                . = ALIGN (0x4)

.bss_RAM3       0x10000000        0x0
 *(.bss.$RAM3*)
 *(.bss.$Ram64*)
                0x10000000                . = ALIGN (0x4)

.bss_RAM4       0x20000000        0x0
 *(.bss.$RAM4*)
 *(.bss.$Ram128*)
                0x20000000                . = ALIGN (0x4)

.bss            0x20000208    0x172c4
                0x20000208                _bss = .
 *(.bss*)
 .bss.software_index
                0x20000208        0x4 ./src/CS4344.o
                0x20000208                software_index
 .bss.sample_clock
                0x2000020c        0x4 ./src/CS4344.o
                0x2000020c                sample_clock
 .bss.delay_buffer
                0x20000210     0x9c40 ./src/comb.o
 .bss.delay_time_frac
                0x20009e50        0x4 ./src/comb.o
 .bss.delay_write_index
                0x20009e54        0x4 ./src/comb.o
 .bss.dt.3590   0x20009e58        0x4 ./src/comb.o
 .bss.sample_clock_last
                0x20009e5c        0x4 ./src/main.o
 .bss.led_counter
                0x20009e60        0x4 ./src/main.o
 .bss.aux_led_color
                0x20009e64        0x1 ./src/main.o
 .bss.uart_recv_buf_write
                0x20009e65        0x1 ./src/main.o
                0x20009e65                uart_recv_buf_write
 .bss.uart_recv_buf_read
                0x20009e66        0x1 ./src/main.o
                0x20009e66                uart_recv_buf_read
 *fill*         0x20009e67        0x1 00
 .bss.sig       0x20009e68        0x4 ./src/mode_analog_style.o
 .bss.f         0x20009e6c        0x4 ./src/mode_analog_style.o
 .bss.filter_cutoff
                0x20009e70        0x4 ./src/mode_analog_style.o
 .bss.saw       0x20009e74        0xc ./src/mode_analog_style.o
 .bss.filter    0x20009e80       0x34 ./src/mode_analog_style.o
 .bss.amp       0x20009eb4        0x4 ./src/mode_analog_style.o
 .bss.amp_env   0x20009eb8       0x1c ./src/mode_analog_style.o
 .bss.framp     0x20009ed4       0x14 ./src/mode_analog_style.o
 .bss.note_dur.6727
                0x20009ee8        0x4 ./src/mode_analog_style.o
 .bss.target_f.6726
                0x20009eec        0x4 ./src/mode_analog_style.o
 .bss.sig       0x20009ef0        0x4 ./src/mode_bass_delay.o
 .bss.f         0x20009ef4        0x4 ./src/mode_bass_delay.o
 .bss.sin1      0x20009ef8       0x14 ./src/mode_bass_delay.o
 .bss.new_note  0x20009f0c        0x4 ./src/mode_bass_delay.o
 .bss.amp       0x20009f10        0x4 ./src/mode_bass_delay.o
 .bss.framp     0x20009f14       0x14 ./src/mode_bass_delay.o
 .bss.amp_env   0x20009f28       0x1c ./src/mode_bass_delay.o
 .bss.cents     0x20009f44        0x4 ./src/mode_bass_delay.o
 .bss.filter    0x20009f48       0x34 ./src/mode_bass_delay.o
 .bss.note_dur.3940
                0x20009f7c        0x4 ./src/mode_bass_delay.o
 .bss.sig       0x20009f80        0x4 ./src/mode_filter_envelope.o
 .bss.f         0x20009f84        0x4 ./src/mode_filter_envelope.o
 .bss.amp       0x20009f88        0x4 ./src/mode_filter_envelope.o
 .bss.cutoff    0x20009f8c        0x4 ./src/mode_filter_envelope.o
 .bss.cutoff_scale
                0x20009f90        0x4 ./src/mode_filter_envelope.o
 .bss.saw       0x20009f94        0xc ./src/mode_filter_envelope.o
 .bss.filter    0x20009fa0       0x34 ./src/mode_filter_envelope.o
 .bss.amp_env   0x20009fd4       0x1c ./src/mode_filter_envelope.o
 .bss.filter_env
                0x20009ff0       0x1c ./src/mode_filter_envelope.o
 .bss.note_dur.3933
                0x2000a00c        0x4 ./src/mode_filter_envelope.o
 .bss.sig       0x2000a010        0x4 ./src/mode_plurden.o
 .bss.f         0x2000a014        0x4 ./src/mode_plurden.o
 .bss.sin1      0x2000a018       0x14 ./src/mode_plurden.o
 .bss.sin2      0x2000a02c       0x14 ./src/mode_plurden.o
 .bss.new_note  0x2000a040        0x4 ./src/mode_plurden.o
 .bss.amp       0x2000a044        0x4 ./src/mode_plurden.o
 .bss.framp     0x2000a048       0x14 ./src/mode_plurden.o
 .bss.amp_env   0x2000a05c       0x1c ./src/mode_plurden.o
 .bss.saw       0x2000a078        0xc ./src/mode_plurden.o
 .bss.cents     0x2000a084        0x4 ./src/mode_plurden.o
 .bss.note_dur.3935
                0x2000a088        0x4 ./src/mode_plurden.o
 .bss.sig       0x2000a08c        0x4 ./src/mode_simple_fm.o
 .bss.f         0x2000a090        0x4 ./src/mode_simple_fm.o
 .bss.target_f  0x2000a094        0x4 ./src/mode_simple_fm.o
 .bss.new_note  0x2000a098        0x4 ./src/mode_simple_fm.o
 .bss.amp       0x2000a09c        0x4 ./src/mode_simple_fm.o
 .bss.framp     0x2000a0a0       0x14 ./src/mode_simple_fm.o
 .bss.amp_env   0x2000a0b4       0x1c ./src/mode_simple_fm.o
 .bss.index_env
                0x2000a0d0       0x1c ./src/mode_simple_fm.o
 .bss.fm        0x2000a0ec       0x18 ./src/mode_simple_fm.o
 .bss.fm2       0x2000a104       0x18 ./src/mode_simple_fm.o
 .bss.filter    0x2000a11c       0x34 ./src/mode_simple_fm.o
 .bss.note_dur.3937
                0x2000a150        0x4 ./src/mode_simple_fm.o
 .bss.sig       0x2000a154        0x4 ./src/mode_simple_sin.o
 .bss.f         0x2000a158        0x4 ./src/mode_simple_sin.o
 .bss.sin1      0x2000a15c       0x14 ./src/mode_simple_sin.o
 .bss.new_note  0x2000a170        0x4 ./src/mode_simple_sin.o
 .bss.amp       0x2000a174        0x4 ./src/mode_simple_sin.o
 .bss.framp     0x2000a178       0x14 ./src/mode_simple_sin.o
 .bss.amp_env   0x2000a18c       0x1c ./src/mode_simple_sin.o
 .bss.saw       0x2000a1a8        0xc ./src/mode_simple_sin.o
 .bss.square    0x2000a1b4       0x10 ./src/mode_simple_sin.o
 .bss.cents     0x2000a1c4        0x4 ./src/mode_simple_sin.o
 .bss.filter    0x2000a1c8       0x34 ./src/mode_simple_sin.o
 .bss.note_dur.3934
                0x2000a1fc        0x4 ./src/mode_simple_sin.o
 .bss.sig       0x2000a200        0x4 ./src/mode_wave_adder.o
 .bss.f         0x2000a204        0x4 ./src/mode_wave_adder.o
 .bss.sin1      0x2000a208       0x14 ./src/mode_wave_adder.o
 .bss.new_note  0x2000a21c        0x4 ./src/mode_wave_adder.o
 .bss.amp       0x2000a220        0x4 ./src/mode_wave_adder.o
 .bss.framp     0x2000a224       0x14 ./src/mode_wave_adder.o
 .bss.amp_env   0x2000a238       0x1c ./src/mode_wave_adder.o
 .bss.saw       0x2000a254        0xc ./src/mode_wave_adder.o
 .bss.square    0x2000a260       0x10 ./src/mode_wave_adder.o
 .bss.cents     0x2000a270        0x4 ./src/mode_wave_adder.o
 .bss.note_dur.3933
                0x2000a274        0x4 ./src/mode_wave_adder.o
 .bss.history_index.6774
                0x2000a278        0x1 ./src/pp6.o
 *fill*         0x2000a279        0x3 00
 .bss.knob1.6759
                0x2000a27c        0x4 ./src/pp6.o
 .bss.knob2.6760
                0x2000a280        0x4 ./src/pp6.o
 .bss.knob3.6761
                0x2000a284        0x4 ./src/pp6.o
 .bss.knobs_last.6743
                0x2000a288        0xc ./src/pp6.o
 .bss.channel.6738
                0x2000a294        0x1 ./src/pp6.o
 *fill*         0x2000a295        0x3 00
 .bss.knobs.6739
                0x2000a298        0xc ./src/pp6.o
 .bss.seq_deltas
                0x2000a2a4      0x400 ./src/sequencer.o
 .bss.seq_notes
                0x2000a6a4      0x400 ./src/sequencer.o
 .bss.seq_events
                0x2000aaa4      0x400 ./src/sequencer.o
 .bss.seq_index
                0x2000aea4        0x4 ./src/sequencer.o
 .bss.seq_time  0x2000aea8        0x4 ./src/sequencer.o
 .bss.seq_length
                0x2000aeac        0x4 ./src/sequencer.o
 .bss.seq_status
                0x2000aeb0        0x1 ./src/sequencer.o
 .bss.seq_auto_stop
                0x2000aeb1        0x1 ./src/sequencer.o
 *fill*         0x2000aeb2        0x2 00
 .bss.knob_log  0x2000aeb4     0xc000 ./src/sequencer.o
 .bss.uart_tx_buf
                0x20016eb4       0x40 ./src/uart.o
 .bss.uart_tx_buf_write
                0x20016ef4        0x1 ./src/uart.o
 .bss.uart_tx_buf_read
                0x20016ef5        0x1 ./src/uart.o
 *fill*         0x20016ef6        0x2 00
 .bss.co.3596   0x20016ef8        0x4 ./src/vcf.o
 .bss.errno     0x20016efc        0x4 /usr/local/redsuite_4.3.0_1025/redsuite/tools/bin/../lib/gcc/arm-none-eabi/4.5.1/../../../../arm-none-eabi/lib/thumb2/libcr_c.a(errno.o)
                0x20016efc                errno
 *(COMMON)
 COMMON         0x20016f00      0x400 ./src/CS4344.o
                0x20016f00                play_buf
 COMMON         0x20017300       0x84 ./src/main.o
                0x20017300                recvArg0_
                0x20017304                eq
                0x20017344                channelIn_
                0x20017348                uart_recv_buf
                0x20017368                recvEvent_
                0x2001736c                tmp8
                0x20017370                recvMode_
                0x20017374                recvByteCount_
                0x20017378                sendFullCommands_
                0x2001737c                recvBytesNeeded_
                0x20017380                lastStatusSent_
 COMMON         0x20017384      0x148 ./src/pp6.o
                0x20017384                pp6
                0x200174cc                . = ALIGN (0x4)
                0x200174cc                _ebss = .
                0x200174cc                PROVIDE (end, .)
                0x200174cc                PROVIDE (_pvHeapStart, .)
                0x2001c000                PROVIDE (_vStackTop, (__top_Ram112 - 0x0))
OUTPUT(BolsaBass.axf elf32-littlearm)

.debug_abbrev   0x00000000     0x2e67
 .debug_abbrev  0x00000000      0x17e ./src/CS4344.o
 .debug_abbrev  0x0000017e       0xc2 ./src/audio.o
 .debug_abbrev  0x00000240       0xc6 ./src/comb.o
 .debug_abbrev  0x00000306      0x167 ./src/cr_startup_stm32f4xx.o
 .debug_abbrev  0x0000046d       0xc0 ./src/delay.o
 .debug_abbrev  0x0000052d       0xd9 ./src/eq.o
 .debug_abbrev  0x00000606       0xd2 ./src/line.o
 .debug_abbrev  0x000006d8      0x1a5 ./src/main.o
 .debug_abbrev  0x0000087d      0x132 ./src/midi.o
 .debug_abbrev  0x000009af       0xec ./src/mode_analog_style.o
 .debug_abbrev  0x00000a9b       0xd4 ./src/mode_bass_delay.o
 .debug_abbrev  0x00000b6f       0xd7 ./src/mode_drum.o
 .debug_abbrev  0x00000c46       0xf4 ./src/mode_drum_synth.o
 .debug_abbrev  0x00000d3a       0xd4 ./src/mode_filter_envelope.o
 .debug_abbrev  0x00000e0e       0xec ./src/mode_filter_man.o
 .debug_abbrev  0x00000efa       0xd4 ./src/mode_fm_ramp.o
 .debug_abbrev  0x00000fce       0xe3 ./src/mode_mono_glider.o
 .debug_abbrev  0x000010b1       0xe7 ./src/mode_nazareth.o
 .debug_abbrev  0x00001198       0xd5 ./src/mode_octave_mirror.o
 .debug_abbrev  0x0000126d       0xd6 ./src/mode_plurden.o
 .debug_abbrev  0x00001343       0xd4 ./src/mode_simple_fm.o
 .debug_abbrev  0x00001417       0xd4 ./src/mode_simple_sin.o
 .debug_abbrev  0x000014eb       0xd4 ./src/mode_wave_adder.o
 .debug_abbrev  0x000015bf      0x14f ./src/oscillator.o
 .debug_abbrev  0x0000170e      0x244 ./src/pp6.o
 .debug_abbrev  0x00001952       0xdd ./src/sad.o
 .debug_abbrev  0x00001a2f       0xe1 ./src/sadsr.o
 .debug_abbrev  0x00001b10       0xdc ./src/sequencer.o
 .debug_abbrev  0x00001bec      0x144 ./src/system_stm32f4xx.o
 .debug_abbrev  0x00001d30      0x109 ./src/timer.o
 .debug_abbrev  0x00001e39      0x12f ./src/uart.o
 .debug_abbrev  0x00001f68       0xe6 ./src/vcf.o
 .debug_abbrev  0x0000204e      0x12a /home/owen/workspace-redsuite/StdPeriphLib_v100_STM32F4xx/Debug/libStdPeriphLib_v100_STM32F4xx.a(misc.o)
 .debug_abbrev  0x00002178      0x18d /home/owen/workspace-redsuite/StdPeriphLib_v100_STM32F4xx/Debug/libStdPeriphLib_v100_STM32F4xx.a(stm32f4xx_adc.o)
 .debug_abbrev  0x00002305      0x186 /home/owen/workspace-redsuite/StdPeriphLib_v100_STM32F4xx/Debug/libStdPeriphLib_v100_STM32F4xx.a(stm32f4xx_gpio.o)
 .debug_abbrev  0x0000248b      0x1bb /home/owen/workspace-redsuite/StdPeriphLib_v100_STM32F4xx/Debug/libStdPeriphLib_v100_STM32F4xx.a(stm32f4xx_rcc.o)
 .debug_abbrev  0x00002646      0x13b /home/owen/workspace-redsuite/StdPeriphLib_v100_STM32F4xx/Debug/libStdPeriphLib_v100_STM32F4xx.a(stm32f4xx_rng.o)
 .debug_abbrev  0x00002781      0x164 /home/owen/workspace-redsuite/StdPeriphLib_v100_STM32F4xx/Debug/libStdPeriphLib_v100_STM32F4xx.a(stm32f4xx_spi.o)
 .debug_abbrev  0x000028e5      0x167 /home/owen/workspace-redsuite/StdPeriphLib_v100_STM32F4xx/Debug/libStdPeriphLib_v100_STM32F4xx.a(stm32f4xx_tim.o)
 .debug_abbrev  0x00002a4c      0x152 /home/owen/workspace-redsuite/StdPeriphLib_v100_STM32F4xx/Debug/libStdPeriphLib_v100_STM32F4xx.a(stm32f4xx_usart.o)
 .debug_abbrev  0x00002b9e      0x122 /home/owen/workspace-redsuite/StdPeriphLib_v100_STM32F4xx/Debug/libStdPeriphLib_v100_STM32F4xx.a(stm32f4xx_wwdg.o)
 .debug_abbrev  0x00002cc0       0xb0 /home/owen/workspace-redsuite/CMSISv2p10_DSPLIB_CM4/lib/libCMSISv2p10_DSPLIB_CM4.a(arm_float_to_q15.o)
 .debug_abbrev  0x00002d70       0xf7 /home/owen/workspace-redsuite/CMSISv2p10_DSPLIB_CM4/lib/libCMSISv2p10_DSPLIB_CM4.a(arm_sin_f32.o)

.debug_info     0x00000000     0xe9b4
 .debug_info    0x00000000      0x7cb ./src/CS4344.o
 .debug_info    0x000007cb      0x196 ./src/audio.o
 .debug_info    0x00000961      0x1e0 ./src/comb.o
 .debug_info    0x00000b41      0x58f ./src/cr_startup_stm32f4xx.o
 .debug_info    0x000010d0      0x250 ./src/delay.o
 .debug_info    0x00001320      0x246 ./src/eq.o
 .debug_info    0x00001566      0x1b8 ./src/line.o
 .debug_info    0x0000171e      0x5ca ./src/main.o
 .debug_info    0x00001ce8      0x849 ./src/midi.o
 .debug_info    0x00002531      0x39b ./src/mode_analog_style.o
 .debug_info    0x000028cc      0x396 ./src/mode_bass_delay.o
 .debug_info    0x00002c62      0x3d3 ./src/mode_drum.o
 .debug_info    0x00003035      0x2c3 ./src/mode_drum_synth.o
 .debug_info    0x000032f8      0x320 ./src/mode_filter_envelope.o
 .debug_info    0x00003618      0x3ef ./src/mode_filter_man.o
 .debug_info    0x00003a07      0x2ee ./src/mode_fm_ramp.o
 .debug_info    0x00003cf5      0x2c0 ./src/mode_mono_glider.o
 .debug_info    0x00003fb5      0x2e6 ./src/mode_nazareth.o
 .debug_info    0x0000429b      0x34c ./src/mode_octave_mirror.o
 .debug_info    0x000045e7      0x34f ./src/mode_plurden.o
 .debug_info    0x00004936      0x3c5 ./src/mode_simple_fm.o
 .debug_info    0x00004cfb      0x442 ./src/mode_simple_sin.o
 .debug_info    0x0000513d      0x36b ./src/mode_wave_adder.o
 .debug_info    0x000054a8      0x956 ./src/oscillator.o
 .debug_info    0x00005dfe     0x101f ./src/pp6.o
 .debug_info    0x00006e1d      0x1c6 ./src/sad.o
 .debug_info    0x00006fe3      0x242 ./src/sadsr.o
 .debug_info    0x00007225      0x40b ./src/sequencer.o
 .debug_info    0x00007630      0x625 ./src/system_stm32f4xx.o
 .debug_info    0x00007c55      0x3be ./src/timer.o
 .debug_info    0x00008013      0x4b4 ./src/uart.o
 .debug_info    0x000084c7      0x212 ./src/vcf.o
 .debug_info    0x000086d9      0x59c /home/owen/workspace-redsuite/StdPeriphLib_v100_STM32F4xx/Debug/libStdPeriphLib_v100_STM32F4xx.a(misc.o)
 .debug_info    0x00008c75      0xcfd /home/owen/workspace-redsuite/StdPeriphLib_v100_STM32F4xx/Debug/libStdPeriphLib_v100_STM32F4xx.a(stm32f4xx_adc.o)
 .debug_info    0x00009972      0x641 /home/owen/workspace-redsuite/StdPeriphLib_v100_STM32F4xx/Debug/libStdPeriphLib_v100_STM32F4xx.a(stm32f4xx_gpio.o)
 .debug_info    0x00009fb3      0xd2c /home/owen/workspace-redsuite/StdPeriphLib_v100_STM32F4xx/Debug/libStdPeriphLib_v100_STM32F4xx.a(stm32f4xx_rcc.o)
 .debug_info    0x0000acdf      0x299 /home/owen/workspace-redsuite/StdPeriphLib_v100_STM32F4xx/Debug/libStdPeriphLib_v100_STM32F4xx.a(stm32f4xx_rng.o)
 .debug_info    0x0000af78      0xbd4 /home/owen/workspace-redsuite/StdPeriphLib_v100_STM32F4xx/Debug/libStdPeriphLib_v100_STM32F4xx.a(stm32f4xx_spi.o)
 .debug_info    0x0000bb4c     0x1e30 /home/owen/workspace-redsuite/StdPeriphLib_v100_STM32F4xx/Debug/libStdPeriphLib_v100_STM32F4xx.a(stm32f4xx_tim.o)
 .debug_info    0x0000d97c      0xa57 /home/owen/workspace-redsuite/StdPeriphLib_v100_STM32F4xx/Debug/libStdPeriphLib_v100_STM32F4xx.a(stm32f4xx_usart.o)
 .debug_info    0x0000e3d3      0x25e /home/owen/workspace-redsuite/StdPeriphLib_v100_STM32F4xx/Debug/libStdPeriphLib_v100_STM32F4xx.a(stm32f4xx_wwdg.o)
 .debug_info    0x0000e631      0x1dd /home/owen/workspace-redsuite/CMSISv2p10_DSPLIB_CM4/lib/libCMSISv2p10_DSPLIB_CM4.a(arm_float_to_q15.o)
 .debug_info    0x0000e80e      0x1a6 /home/owen/workspace-redsuite/CMSISv2p10_DSPLIB_CM4/lib/libCMSISv2p10_DSPLIB_CM4.a(arm_sin_f32.o)

.debug_line     0x00000000    0x1240d
 .debug_line    0x00000000      0x63e ./src/CS4344.o
 .debug_line    0x0000063e      0x4d0 ./src/audio.o
 .debug_line    0x00000b0e      0x50a ./src/comb.o
 .debug_line    0x00001018      0x6c6 ./src/cr_startup_stm32f4xx.o
 .debug_line    0x000016de      0x52e ./src/delay.o
 .debug_line    0x00001c0c      0x4d7 ./src/eq.o
 .debug_line    0x000020e3      0x4f1 ./src/line.o
 .debug_line    0x000025d4      0x99d ./src/main.o
 .debug_line    0x00002f71      0xa52 ./src/midi.o
 .debug_line    0x000039c3      0x7b6 ./src/mode_analog_style.o
 .debug_line    0x00004179      0x554 ./src/mode_bass_delay.o
 .debug_line    0x000046cd      0x7b1 ./src/mode_drum.o
 .debug_line    0x00004e7e      0x7a4 ./src/mode_drum_synth.o
 .debug_line    0x00005622      0x557 ./src/mode_filter_envelope.o
 .debug_line    0x00005b79      0x7be ./src/mode_filter_man.o
 .debug_line    0x00006337      0x545 ./src/mode_fm_ramp.o
 .debug_line    0x0000687c      0x53e ./src/mode_mono_glider.o
 .debug_line    0x00006dba      0x58b ./src/mode_nazareth.o
 .debug_line    0x00007345      0x7b6 ./src/mode_octave_mirror.o
 .debug_line    0x00007afb      0x569 ./src/mode_plurden.o
 .debug_line    0x00008064      0x54d ./src/mode_simple_fm.o
 .debug_line    0x000085b1      0x547 ./src/mode_simple_sin.o
 .debug_line    0x00008af8      0x548 ./src/mode_wave_adder.o
 .debug_line    0x00009040      0x6b5 ./src/oscillator.o
 .debug_line    0x000096f5      0xe3d ./src/pp6.o
 .debug_line    0x0000a532      0x4fc ./src/sad.o
 .debug_line    0x0000aa2e      0x52a ./src/sadsr.o
 .debug_line    0x0000af58      0x6a5 ./src/sequencer.o
 .debug_line    0x0000b5fd      0x67e ./src/system_stm32f4xx.o
 .debug_line    0x0000bc7b      0x628 ./src/timer.o
 .debug_line    0x0000c2a3      0x638 ./src/uart.o
 .debug_line    0x0000c8db      0x4ef ./src/vcf.o
 .debug_line    0x0000cdca      0x64f /home/owen/workspace-redsuite/StdPeriphLib_v100_STM32F4xx/Debug/libStdPeriphLib_v100_STM32F4xx.a(misc.o)
 .debug_line    0x0000d419      0x955 /home/owen/workspace-redsuite/StdPeriphLib_v100_STM32F4xx/Debug/libStdPeriphLib_v100_STM32F4xx.a(stm32f4xx_adc.o)
 .debug_line    0x0000dd6e      0x73f /home/owen/workspace-redsuite/StdPeriphLib_v100_STM32F4xx/Debug/libStdPeriphLib_v100_STM32F4xx.a(stm32f4xx_gpio.o)
 .debug_line    0x0000e4ad      0x9a1 /home/owen/workspace-redsuite/StdPeriphLib_v100_STM32F4xx/Debug/libStdPeriphLib_v100_STM32F4xx.a(stm32f4xx_rcc.o)
 .debug_line    0x0000ee4e      0x689 /home/owen/workspace-redsuite/StdPeriphLib_v100_STM32F4xx/Debug/libStdPeriphLib_v100_STM32F4xx.a(stm32f4xx_rng.o)
 .debug_line    0x0000f4d7      0x855 /home/owen/workspace-redsuite/StdPeriphLib_v100_STM32F4xx/Debug/libStdPeriphLib_v100_STM32F4xx.a(stm32f4xx_spi.o)
 .debug_line    0x0000fd2c      0xe7a /home/owen/workspace-redsuite/StdPeriphLib_v100_STM32F4xx/Debug/libStdPeriphLib_v100_STM32F4xx.a(stm32f4xx_tim.o)
 .debug_line    0x00010ba6      0x890 /home/owen/workspace-redsuite/StdPeriphLib_v100_STM32F4xx/Debug/libStdPeriphLib_v100_STM32F4xx.a(stm32f4xx_usart.o)
 .debug_line    0x00011436      0x688 /home/owen/workspace-redsuite/StdPeriphLib_v100_STM32F4xx/Debug/libStdPeriphLib_v100_STM32F4xx.a(stm32f4xx_wwdg.o)
 .debug_line    0x00011abe      0x4c8 /home/owen/workspace-redsuite/CMSISv2p10_DSPLIB_CM4/lib/libCMSISv2p10_DSPLIB_CM4.a(arm_float_to_q15.o)
 .debug_line    0x00011f86      0x487 /home/owen/workspace-redsuite/CMSISv2p10_DSPLIB_CM4/lib/libCMSISv2p10_DSPLIB_CM4.a(arm_sin_f32.o)

.debug_macinfo  0x00000000   0x83281e
 .debug_macinfo
                0x00000000    0x5b0df ./src/CS4344.o
 .debug_macinfo
                0x0005b0df     0x4448 ./src/audio.o
 .debug_macinfo
                0x0005f527     0x4469 ./src/comb.o
 .debug_macinfo
                0x00063990    0x5aeb9 ./src/cr_startup_stm32f4xx.o
 .debug_macinfo
                0x000be849     0x4469 ./src/delay.o
 .debug_macinfo
                0x000c2cb2     0x43d9 ./src/eq.o
 .debug_macinfo
                0x000c708b     0x4457 ./src/line.o
 .debug_macinfo
                0x000cb4e2    0x5bfd5 ./src/main.o
 .debug_macinfo
                0x001274b7    0x5bbea ./src/midi.o
 .debug_macinfo
                0x001830a1    0x5ba12 ./src/mode_analog_style.o
 .debug_macinfo
                0x001deab3     0x47c7 ./src/mode_bass_delay.o
 .debug_macinfo
                0x001e327a    0x5ba0a ./src/mode_drum.o
 .debug_macinfo
                0x0023ec84    0x5ba10 ./src/mode_drum_synth.o
 .debug_macinfo
                0x0029a694     0x47ab ./src/mode_filter_envelope.o
 .debug_macinfo
                0x0029ee3f    0x5ba10 ./src/mode_filter_man.o
 .debug_macinfo
                0x002fa84f     0x47b3 ./src/mode_fm_ramp.o
 .debug_macinfo
                0x002ff002     0x47a7 ./src/mode_mono_glider.o
 .debug_macinfo
                0x003037a9     0x47a4 ./src/mode_nazareth.o
 .debug_macinfo
                0x00307f4d    0x5ba13 ./src/mode_octave_mirror.o
 .debug_macinfo
                0x00363960     0x47a3 ./src/mode_plurden.o
 .debug_macinfo
                0x00368103     0x47b5 ./src/mode_simple_fm.o
 .debug_macinfo
                0x0036c8b8     0x47a6 ./src/mode_simple_sin.o
 .debug_macinfo
                0x0037105e     0x47a6 ./src/mode_wave_adder.o
 .debug_macinfo
                0x00375804     0x446d ./src/oscillator.o
 .debug_macinfo
                0x00379c71    0x5b945 ./src/pp6.o
 .debug_macinfo
                0x003d55b6     0x4456 ./src/sad.o
 .debug_macinfo
                0x003d9a0c     0x4458 ./src/sadsr.o
 .debug_macinfo
                0x003dde64     0x4763 ./src/sequencer.o
 .debug_macinfo
                0x003e25c7    0x5aed1 ./src/system_stm32f4xx.o
 .debug_macinfo
                0x0043d498    0x5ae7d ./src/timer.o
 .debug_macinfo
                0x00498315    0x5ae7c ./src/uart.o
 .debug_macinfo
                0x004f3191     0x4456 ./src/vcf.o
 .debug_macinfo
                0x004f75e7    0x5ae5f /home/owen/workspace-redsuite/StdPeriphLib_v100_STM32F4xx/Debug/libStdPeriphLib_v100_STM32F4xx.a(misc.o)
 .debug_macinfo
                0x00552446    0x5b14d /home/owen/workspace-redsuite/StdPeriphLib_v100_STM32F4xx/Debug/libStdPeriphLib_v100_STM32F4xx.a(stm32f4xx_adc.o)
 .debug_macinfo
                0x005ad593    0x5ae33 /home/owen/workspace-redsuite/StdPeriphLib_v100_STM32F4xx/Debug/libStdPeriphLib_v100_STM32F4xx.a(stm32f4xx_gpio.o)
 .debug_macinfo
                0x006083c6    0x5b33f /home/owen/workspace-redsuite/StdPeriphLib_v100_STM32F4xx/Debug/libStdPeriphLib_v100_STM32F4xx.a(stm32f4xx_rcc.o)
 .debug_macinfo
                0x00663705    0x5ae33 /home/owen/workspace-redsuite/StdPeriphLib_v100_STM32F4xx/Debug/libStdPeriphLib_v100_STM32F4xx.a(stm32f4xx_rng.o)
 .debug_macinfo
                0x006be538    0x5af20 /home/owen/workspace-redsuite/StdPeriphLib_v100_STM32F4xx/Debug/libStdPeriphLib_v100_STM32F4xx.a(stm32f4xx_spi.o)
 .debug_macinfo
                0x00719458    0x5af0c /home/owen/workspace-redsuite/StdPeriphLib_v100_STM32F4xx/Debug/libStdPeriphLib_v100_STM32F4xx.a(stm32f4xx_tim.o)
 .debug_macinfo
                0x00774364    0x5af5f /home/owen/workspace-redsuite/StdPeriphLib_v100_STM32F4xx/Debug/libStdPeriphLib_v100_STM32F4xx.a(stm32f4xx_usart.o)
 .debug_macinfo
                0x007cf2c3    0x5af41 /home/owen/workspace-redsuite/StdPeriphLib_v100_STM32F4xx/Debug/libStdPeriphLib_v100_STM32F4xx.a(stm32f4xx_wwdg.o)
 .debug_macinfo
                0x0082a204     0x430d /home/owen/workspace-redsuite/CMSISv2p10_DSPLIB_CM4/lib/libCMSISv2p10_DSPLIB_CM4.a(arm_float_to_q15.o)
 .debug_macinfo
                0x0082e511     0x430d /home/owen/workspace-redsuite/CMSISv2p10_DSPLIB_CM4/lib/libCMSISv2p10_DSPLIB_CM4.a(arm_sin_f32.o)

.debug_loc      0x00000000     0x6c2a
 .debug_loc     0x00000000       0x70 ./src/CS4344.o
 .debug_loc     0x00000070       0x70 ./src/audio.o
 .debug_loc     0x000000e0       0xe0 ./src/comb.o
 .debug_loc     0x000001c0      0x28c ./src/cr_startup_stm32f4xx.o
 .debug_loc     0x0000044c       0xe2 ./src/delay.o
 .debug_loc     0x0000052e       0x70 ./src/eq.o
 .debug_loc     0x0000059e       0xe0 ./src/line.o
 .debug_loc     0x0000067e       0x9c ./src/main.o
 .debug_loc     0x0000071a      0x738 ./src/midi.o
 .debug_loc     0x00000e52       0x9c ./src/mode_analog_style.o
 .debug_loc     0x00000eee       0x9c ./src/mode_bass_delay.o
 .debug_loc     0x00000f8a       0xb4 ./src/mode_drum.o
 .debug_loc     0x0000103e       0x9c ./src/mode_drum_synth.o
 .debug_loc     0x000010da       0x90 ./src/mode_filter_envelope.o
 .debug_loc     0x0000116a       0xa8 ./src/mode_filter_man.o
 .debug_loc     0x00001212       0x9c ./src/mode_fm_ramp.o
 .debug_loc     0x000012ae       0x9c ./src/mode_mono_glider.o
 .debug_loc     0x0000134a       0x9c ./src/mode_nazareth.o
 .debug_loc     0x000013e6       0xa8 ./src/mode_octave_mirror.o
 .debug_loc     0x0000148e       0xa8 ./src/mode_plurden.o
 .debug_loc     0x00001536       0x9c ./src/mode_simple_fm.o
 .debug_loc     0x000015d2       0x90 ./src/mode_simple_sin.o
 .debug_loc     0x00001662       0x90 ./src/mode_wave_adder.o
 .debug_loc     0x000016f2      0x462 ./src/oscillator.o
 .debug_loc     0x00001b54      0xd10 ./src/pp6.o
 .debug_loc     0x00002864       0xe0 ./src/sad.o
 .debug_loc     0x00002944      0x150 ./src/sadsr.o
 .debug_loc     0x00002a94      0x410 ./src/sequencer.o
 .debug_loc     0x00002ea4       0x9c ./src/system_stm32f4xx.o
 .debug_loc     0x00002f40       0x90 ./src/timer.o
 .debug_loc     0x00002fd0       0x9c ./src/uart.o
 .debug_loc     0x0000306c       0xa8 ./src/vcf.o
 .debug_loc     0x00003114      0x118 /home/owen/workspace-redsuite/StdPeriphLib_v100_STM32F4xx/Debug/libStdPeriphLib_v100_STM32F4xx.a(misc.o)
 .debug_loc     0x0000322c      0x838 /home/owen/workspace-redsuite/StdPeriphLib_v100_STM32F4xx/Debug/libStdPeriphLib_v100_STM32F4xx.a(stm32f4xx_adc.o)
 .debug_loc     0x00003a64      0x310 /home/owen/workspace-redsuite/StdPeriphLib_v100_STM32F4xx/Debug/libStdPeriphLib_v100_STM32F4xx.a(stm32f4xx_gpio.o)
 .debug_loc     0x00003d74      0x97c /home/owen/workspace-redsuite/StdPeriphLib_v100_STM32F4xx/Debug/libStdPeriphLib_v100_STM32F4xx.a(stm32f4xx_rcc.o)
 .debug_loc     0x000046f0      0x1a8 /home/owen/workspace-redsuite/StdPeriphLib_v100_STM32F4xx/Debug/libStdPeriphLib_v100_STM32F4xx.a(stm32f4xx_rng.o)
 .debug_loc     0x00004898      0x578 /home/owen/workspace-redsuite/StdPeriphLib_v100_STM32F4xx/Debug/libStdPeriphLib_v100_STM32F4xx.a(stm32f4xx_spi.o)
 .debug_loc     0x00004e10     0x1420 /home/owen/workspace-redsuite/StdPeriphLib_v100_STM32F4xx/Debug/libStdPeriphLib_v100_STM32F4xx.a(stm32f4xx_tim.o)
 .debug_loc     0x00006230      0x658 /home/owen/workspace-redsuite/StdPeriphLib_v100_STM32F4xx/Debug/libStdPeriphLib_v100_STM32F4xx.a(stm32f4xx_usart.o)
 .debug_loc     0x00006888      0x19c /home/owen/workspace-redsuite/StdPeriphLib_v100_STM32F4xx/Debug/libStdPeriphLib_v100_STM32F4xx.a(stm32f4xx_wwdg.o)
 .debug_loc     0x00006a24      0x178 /home/owen/workspace-redsuite/CMSISv2p10_DSPLIB_CM4/lib/libCMSISv2p10_DSPLIB_CM4.a(arm_float_to_q15.o)
 .debug_loc     0x00006b9c       0x8e /home/owen/workspace-redsuite/CMSISv2p10_DSPLIB_CM4/lib/libCMSISv2p10_DSPLIB_CM4.a(arm_sin_f32.o)

.debug_pubnames
                0x00000000     0x3214
 .debug_pubnames
                0x00000000       0x80 ./src/CS4344.o
 .debug_pubnames
                0x00000080       0x4b ./src/audio.o
 .debug_pubnames
                0x000000cb       0x54 ./src/comb.o
 .debug_pubnames
                0x0000011f      0x115 ./src/cr_startup_stm32f4xx.o
 .debug_pubnames
                0x00000234       0x58 ./src/delay.o
 .debug_pubnames
                0x0000028c       0x34 ./src/eq.o
 .debug_pubnames
                0x000002c0       0x53 ./src/line.o
 .debug_pubnames
                0x00000313      0x104 ./src/main.o
 .debug_pubnames
                0x00000417      0x333 ./src/midi.o
 .debug_pubnames
                0x0000074a       0x78 ./src/mode_analog_style.o
 .debug_pubnames
                0x000007c2       0x72 ./src/mode_bass_delay.o
 .debug_pubnames
                0x00000834       0x60 ./src/mode_drum.o
 .debug_pubnames
                0x00000894       0x72 ./src/mode_drum_synth.o
 .debug_pubnames
                0x00000906       0x81 ./src/mode_filter_envelope.o
 .debug_pubnames
                0x00000987       0x72 ./src/mode_filter_man.o
 .debug_pubnames
                0x000009f9       0x69 ./src/mode_fm_ramp.o
 .debug_pubnames
                0x00000a62       0xc5 ./src/mode_mono_glider.o
 .debug_pubnames
                0x00000b27       0x6c ./src/mode_nazareth.o
 .debug_pubnames
                0x00000b93       0x7b ./src/mode_octave_mirror.o
 .debug_pubnames
                0x00000c0e       0x69 ./src/mode_plurden.o
 .debug_pubnames
                0x00000c77       0x6f ./src/mode_simple_fm.o
 .debug_pubnames
                0x00000ce6       0x72 ./src/mode_simple_sin.o
 .debug_pubnames
                0x00000d58       0x72 ./src/mode_wave_adder.o
 .debug_pubnames
                0x00000dca      0x177 ./src/oscillator.o
 .debug_pubnames
                0x00000f41      0x6bb ./src/pp6.o
 .debug_pubnames
                0x000015fc       0x46 ./src/sad.o
 .debug_pubnames
                0x00001642       0x74 ./src/sadsr.o
 .debug_pubnames
                0x000016b6      0x1f3 ./src/sequencer.o
 .debug_pubnames
                0x000018a9       0x61 ./src/system_stm32f4xx.o
 .debug_pubnames
                0x0000190a       0x44 ./src/timer.o
 .debug_pubnames
                0x0000194e       0x45 ./src/uart.o
 .debug_pubnames
                0x00001993       0x50 ./src/vcf.o
 .debug_pubnames
                0x000019e3       0x89 /home/owen/workspace-redsuite/StdPeriphLib_v100_STM32F4xx/Debug/libStdPeriphLib_v100_STM32F4xx.a(misc.o)
 .debug_pubnames
                0x00001a6c      0x446 /home/owen/workspace-redsuite/StdPeriphLib_v100_STM32F4xx/Debug/libStdPeriphLib_v100_STM32F4xx.a(stm32f4xx_adc.o)
 .debug_pubnames
                0x00001eb2      0x12d /home/owen/workspace-redsuite/StdPeriphLib_v100_STM32F4xx/Debug/libStdPeriphLib_v100_STM32F4xx.a(stm32f4xx_gpio.o)
 .debug_pubnames
                0x00001fdf      0x417 /home/owen/workspace-redsuite/StdPeriphLib_v100_STM32F4xx/Debug/libStdPeriphLib_v100_STM32F4xx.a(stm32f4xx_rcc.o)
 .debug_pubnames
                0x000023f6       0xac /home/owen/workspace-redsuite/StdPeriphLib_v100_STM32F4xx/Debug/libStdPeriphLib_v100_STM32F4xx.a(stm32f4xx_rng.o)
 .debug_pubnames
                0x000024a2      0x221 /home/owen/workspace-redsuite/StdPeriphLib_v100_STM32F4xx/Debug/libStdPeriphLib_v100_STM32F4xx.a(stm32f4xx_spi.o)
 .debug_pubnames
                0x000026c3      0x7c4 /home/owen/workspace-redsuite/StdPeriphLib_v100_STM32F4xx/Debug/libStdPeriphLib_v100_STM32F4xx.a(stm32f4xx_tim.o)
 .debug_pubnames
                0x00002e87      0x294 /home/owen/workspace-redsuite/StdPeriphLib_v100_STM32F4xx/Debug/libStdPeriphLib_v100_STM32F4xx.a(stm32f4xx_usart.o)
 .debug_pubnames
                0x0000311b       0xb0 /home/owen/workspace-redsuite/StdPeriphLib_v100_STM32F4xx/Debug/libStdPeriphLib_v100_STM32F4xx.a(stm32f4xx_wwdg.o)
 .debug_pubnames
                0x000031cb       0x27 /home/owen/workspace-redsuite/CMSISv2p10_DSPLIB_CM4/lib/libCMSISv2p10_DSPLIB_CM4.a(arm_float_to_q15.o)
 .debug_pubnames
                0x000031f2       0x22 /home/owen/workspace-redsuite/CMSISv2p10_DSPLIB_CM4/lib/libCMSISv2p10_DSPLIB_CM4.a(arm_sin_f32.o)

.debug_pubtypes
                0x00000000     0x1441
 .debug_pubtypes
                0x00000000      0x116 ./src/CS4344.o
 .debug_pubtypes
                0x00000116       0x2d ./src/audio.o
 .debug_pubtypes
                0x00000143       0x2d ./src/comb.o
 .debug_pubtypes
                0x00000170       0x44 ./src/cr_startup_stm32f4xx.o
 .debug_pubtypes
                0x000001b4       0x20 ./src/delay.o
 .debug_pubtypes
                0x000001d4       0x38 ./src/eq.o
 .debug_pubtypes
                0x0000020c       0x36 ./src/line.o
 .debug_pubtypes
                0x00000242       0x86 ./src/main.o
 .debug_pubtypes
                0x000002c8       0x2a ./src/midi.o
 .debug_pubtypes
                0x000002f2       0x72 ./src/mode_analog_style.o
 .debug_pubtypes
                0x00000364       0x7a ./src/mode_bass_delay.o
 .debug_pubtypes
                0x000003de       0x7a ./src/mode_drum.o
 .debug_pubtypes
                0x00000458       0x51 ./src/mode_drum_synth.o
 .debug_pubtypes
                0x000004a9       0x69 ./src/mode_filter_envelope.o
 .debug_pubtypes
                0x00000512       0x72 ./src/mode_filter_man.o
 .debug_pubtypes
                0x00000584       0x6a ./src/mode_fm_ramp.o
 .debug_pubtypes
                0x000005ee       0x5a ./src/mode_mono_glider.o
 .debug_pubtypes
                0x00000648       0x62 ./src/mode_nazareth.o
 .debug_pubtypes
                0x000006aa       0x69 ./src/mode_octave_mirror.o
 .debug_pubtypes
                0x00000713       0x76 ./src/mode_plurden.o
 .debug_pubtypes
                0x00000789       0x79 ./src/mode_simple_fm.o
 .debug_pubtypes
                0x00000802       0x93 ./src/mode_simple_sin.o
 .debug_pubtypes
                0x00000895       0x84 ./src/mode_wave_adder.o
 .debug_pubtypes
                0x00000919       0xb0 ./src/oscillator.o
 .debug_pubtypes
                0x000009c9      0x131 ./src/pp6.o
 .debug_pubtypes
                0x00000afa       0x34 ./src/sad.o
 .debug_pubtypes
                0x00000b2e       0x36 ./src/sadsr.o
 .debug_pubtypes
                0x00000b64       0x39 ./src/sequencer.o
 .debug_pubtypes
                0x00000b9d       0x83 ./src/system_stm32f4xx.o
 .debug_pubtypes
                0x00000c20       0x70 ./src/timer.o
 .debug_pubtypes
                0x00000c90       0xe8 ./src/uart.o
 .debug_pubtypes
                0x00000d78       0x2f ./src/vcf.o
 .debug_pubtypes
                0x00000da7       0x8c /home/owen/workspace-redsuite/StdPeriphLib_v100_STM32F4xx/Debug/libStdPeriphLib_v100_STM32F4xx.a(misc.o)
 .debug_pubtypes
                0x00000e33       0xc9 /home/owen/workspace-redsuite/StdPeriphLib_v100_STM32F4xx/Debug/libStdPeriphLib_v100_STM32F4xx.a(stm32f4xx_adc.o)
 .debug_pubtypes
                0x00000efc       0xce /home/owen/workspace-redsuite/StdPeriphLib_v100_STM32F4xx/Debug/libStdPeriphLib_v100_STM32F4xx.a(stm32f4xx_gpio.o)
 .debug_pubtypes
                0x00000fca       0xaa /home/owen/workspace-redsuite/StdPeriphLib_v100_STM32F4xx/Debug/libStdPeriphLib_v100_STM32F4xx.a(stm32f4xx_rcc.o)
 .debug_pubtypes
                0x00001074       0x77 /home/owen/workspace-redsuite/StdPeriphLib_v100_STM32F4xx/Debug/libStdPeriphLib_v100_STM32F4xx.a(stm32f4xx_rng.o)
 .debug_pubtypes
                0x000010eb       0xbc /home/owen/workspace-redsuite/StdPeriphLib_v100_STM32F4xx/Debug/libStdPeriphLib_v100_STM32F4xx.a(stm32f4xx_spi.o)
 .debug_pubtypes
                0x000011a7       0xe4 /home/owen/workspace-redsuite/StdPeriphLib_v100_STM32F4xx/Debug/libStdPeriphLib_v100_STM32F4xx.a(stm32f4xx_tim.o)
 .debug_pubtypes
                0x0000128b       0xcd /home/owen/workspace-redsuite/StdPeriphLib_v100_STM32F4xx/Debug/libStdPeriphLib_v100_STM32F4xx.a(stm32f4xx_usart.o)
 .debug_pubtypes
                0x00001358       0x57 /home/owen/workspace-redsuite/StdPeriphLib_v100_STM32F4xx/Debug/libStdPeriphLib_v100_STM32F4xx.a(stm32f4xx_wwdg.o)
 .debug_pubtypes
                0x000013af       0x59 /home/owen/workspace-redsuite/CMSISv2p10_DSPLIB_CM4/lib/libCMSISv2p10_DSPLIB_CM4.a(arm_float_to_q15.o)
 .debug_pubtypes
                0x00001408       0x39 /home/owen/workspace-redsuite/CMSISv2p10_DSPLIB_CM4/lib/libCMSISv2p10_DSPLIB_CM4.a(arm_sin_f32.o)

.debug_aranges  0x00000000     0x1408
 .debug_aranges
                0x00000000       0x28 ./src/CS4344.o
 .debug_aranges
                0x00000028       0x28 ./src/audio.o
 .debug_aranges
                0x00000050       0x38 ./src/comb.o
 .debug_aranges
                0x00000088       0x88 ./src/cr_startup_stm32f4xx.o
 .debug_aranges
                0x00000110       0x38 ./src/delay.o
 .debug_aranges
                0x00000148       0x28 ./src/eq.o
 .debug_aranges
                0x00000170       0x38 ./src/line.o
 .debug_aranges
                0x000001a8       0x30 ./src/main.o
 .debug_aranges
                0x000001d8      0x138 ./src/midi.o
 .debug_aranges
                0x00000310       0x30 ./src/mode_analog_style.o
 .debug_aranges
                0x00000340       0x30 ./src/mode_bass_delay.o
 .debug_aranges
                0x00000370       0x30 ./src/mode_drum.o
 .debug_aranges
                0x000003a0       0x30 ./src/mode_drum_synth.o
 .debug_aranges
                0x000003d0       0x30 ./src/mode_filter_envelope.o
 .debug_aranges
                0x00000400       0x30 ./src/mode_filter_man.o
 .debug_aranges
                0x00000430       0x30 ./src/mode_fm_ramp.o
 .debug_aranges
                0x00000460       0x30 ./src/mode_mono_glider.o
 .debug_aranges
                0x00000490       0x30 ./src/mode_nazareth.o
 .debug_aranges
                0x000004c0       0x30 ./src/mode_octave_mirror.o
 .debug_aranges
                0x000004f0       0x30 ./src/mode_plurden.o
 .debug_aranges
                0x00000520       0x30 ./src/mode_simple_fm.o
 .debug_aranges
                0x00000550       0x30 ./src/mode_simple_sin.o
 .debug_aranges
                0x00000580       0x30 ./src/mode_wave_adder.o
 .debug_aranges
                0x000005b0       0xb8 ./src/oscillator.o
 .debug_aranges
                0x00000668      0x248 ./src/pp6.o
 .debug_aranges
                0x000008b0       0x38 ./src/sad.o
 .debug_aranges
                0x000008e8       0x48 ./src/sadsr.o
 .debug_aranges
                0x00000930       0xc8 ./src/sequencer.o
 .debug_aranges
                0x000009f8       0x30 ./src/system_stm32f4xx.o
 .debug_aranges
                0x00000a28       0x30 ./src/timer.o
 .debug_aranges
                0x00000a58       0x30 ./src/uart.o
 .debug_aranges
                0x00000a88       0x30 ./src/vcf.o
 .debug_aranges
                0x00000ab8       0x40 /home/owen/workspace-redsuite/StdPeriphLib_v100_STM32F4xx/Debug/libStdPeriphLib_v100_STM32F4xx.a(misc.o)
 .debug_aranges
                0x00000af8      0x148 /home/owen/workspace-redsuite/StdPeriphLib_v100_STM32F4xx/Debug/libStdPeriphLib_v100_STM32F4xx.a(stm32f4xx_adc.o)
 .debug_aranges
                0x00000c40       0x88 /home/owen/workspace-redsuite/StdPeriphLib_v100_STM32F4xx/Debug/libStdPeriphLib_v100_STM32F4xx.a(stm32f4xx_gpio.o)
 .debug_aranges
                0x00000cc8      0x178 /home/owen/workspace-redsuite/StdPeriphLib_v100_STM32F4xx/Debug/libStdPeriphLib_v100_STM32F4xx.a(stm32f4xx_rcc.o)
 .debug_aranges
                0x00000e40       0x58 /home/owen/workspace-redsuite/StdPeriphLib_v100_STM32F4xx/Debug/libStdPeriphLib_v100_STM32F4xx.a(stm32f4xx_rng.o)
 .debug_aranges
                0x00000e98       0xe0 /home/owen/workspace-redsuite/StdPeriphLib_v100_STM32F4xx/Debug/libStdPeriphLib_v100_STM32F4xx.a(stm32f4xx_spi.o)
 .debug_aranges
                0x00000f78      0x2f8 /home/owen/workspace-redsuite/StdPeriphLib_v100_STM32F4xx/Debug/libStdPeriphLib_v100_STM32F4xx.a(stm32f4xx_tim.o)
 .debug_aranges
                0x00001270      0x100 /home/owen/workspace-redsuite/StdPeriphLib_v100_STM32F4xx/Debug/libStdPeriphLib_v100_STM32F4xx.a(stm32f4xx_usart.o)
 .debug_aranges
                0x00001370       0x58 /home/owen/workspace-redsuite/StdPeriphLib_v100_STM32F4xx/Debug/libStdPeriphLib_v100_STM32F4xx.a(stm32f4xx_wwdg.o)
 .debug_aranges
                0x000013c8       0x20 /home/owen/workspace-redsuite/CMSISv2p10_DSPLIB_CM4/lib/libCMSISv2p10_DSPLIB_CM4.a(arm_float_to_q15.o)
 .debug_aranges
                0x000013e8       0x20 /home/owen/workspace-redsuite/CMSISv2p10_DSPLIB_CM4/lib/libCMSISv2p10_DSPLIB_CM4.a(arm_sin_f32.o)

.debug_ranges   0x00000000     0x12b0
 .debug_ranges  0x00000000       0x18 ./src/CS4344.o
 .debug_ranges  0x00000018       0x18 ./src/audio.o
 .debug_ranges  0x00000030       0x28 ./src/comb.o
 .debug_ranges  0x00000058       0x78 ./src/cr_startup_stm32f4xx.o
 .debug_ranges  0x000000d0       0x28 ./src/delay.o
 .debug_ranges  0x000000f8       0x18 ./src/eq.o
 .debug_ranges  0x00000110       0x28 ./src/line.o
 .debug_ranges  0x00000138       0x20 ./src/main.o
 .debug_ranges  0x00000158      0x128 ./src/midi.o
 .debug_ranges  0x00000280       0x20 ./src/mode_analog_style.o
 .debug_ranges  0x000002a0       0x20 ./src/mode_bass_delay.o
 .debug_ranges  0x000002c0       0x20 ./src/mode_drum.o
 .debug_ranges  0x000002e0       0x20 ./src/mode_drum_synth.o
 .debug_ranges  0x00000300       0x20 ./src/mode_filter_envelope.o
 .debug_ranges  0x00000320       0x20 ./src/mode_filter_man.o
 .debug_ranges  0x00000340       0x20 ./src/mode_fm_ramp.o
 .debug_ranges  0x00000360       0x20 ./src/mode_mono_glider.o
 .debug_ranges  0x00000380       0x20 ./src/mode_nazareth.o
 .debug_ranges  0x000003a0       0x20 ./src/mode_octave_mirror.o
 .debug_ranges  0x000003c0       0x20 ./src/mode_plurden.o
 .debug_ranges  0x000003e0       0x20 ./src/mode_simple_fm.o
 .debug_ranges  0x00000400       0x20 ./src/mode_simple_sin.o
 .debug_ranges  0x00000420       0x20 ./src/mode_wave_adder.o
 .debug_ranges  0x00000440       0xa8 ./src/oscillator.o
 .debug_ranges  0x000004e8      0x238 ./src/pp6.o
 .debug_ranges  0x00000720       0x28 ./src/sad.o
 .debug_ranges  0x00000748       0x38 ./src/sadsr.o
 .debug_ranges  0x00000780       0xb8 ./src/sequencer.o
 .debug_ranges  0x00000838       0x20 ./src/system_stm32f4xx.o
 .debug_ranges  0x00000858       0x20 ./src/timer.o
 .debug_ranges  0x00000878       0x20 ./src/uart.o
 .debug_ranges  0x00000898       0x20 ./src/vcf.o
 .debug_ranges  0x000008b8       0x30 /home/owen/workspace-redsuite/StdPeriphLib_v100_STM32F4xx/Debug/libStdPeriphLib_v100_STM32F4xx.a(misc.o)
 .debug_ranges  0x000008e8      0x138 /home/owen/workspace-redsuite/StdPeriphLib_v100_STM32F4xx/Debug/libStdPeriphLib_v100_STM32F4xx.a(stm32f4xx_adc.o)
 .debug_ranges  0x00000a20       0x78 /home/owen/workspace-redsuite/StdPeriphLib_v100_STM32F4xx/Debug/libStdPeriphLib_v100_STM32F4xx.a(stm32f4xx_gpio.o)
 .debug_ranges  0x00000a98      0x168 /home/owen/workspace-redsuite/StdPeriphLib_v100_STM32F4xx/Debug/libStdPeriphLib_v100_STM32F4xx.a(stm32f4xx_rcc.o)
 .debug_ranges  0x00000c00       0x48 /home/owen/workspace-redsuite/StdPeriphLib_v100_STM32F4xx/Debug/libStdPeriphLib_v100_STM32F4xx.a(stm32f4xx_rng.o)
 .debug_ranges  0x00000c48       0xd0 /home/owen/workspace-redsuite/StdPeriphLib_v100_STM32F4xx/Debug/libStdPeriphLib_v100_STM32F4xx.a(stm32f4xx_spi.o)
 .debug_ranges  0x00000d18      0x2e8 /home/owen/workspace-redsuite/StdPeriphLib_v100_STM32F4xx/Debug/libStdPeriphLib_v100_STM32F4xx.a(stm32f4xx_tim.o)
 .debug_ranges  0x00001000       0xf0 /home/owen/workspace-redsuite/StdPeriphLib_v100_STM32F4xx/Debug/libStdPeriphLib_v100_STM32F4xx.a(stm32f4xx_usart.o)
 .debug_ranges  0x000010f0       0x48 /home/owen/workspace-redsuite/StdPeriphLib_v100_STM32F4xx/Debug/libStdPeriphLib_v100_STM32F4xx.a(stm32f4xx_wwdg.o)
 .debug_ranges  0x00001138      0x168 /home/owen/workspace-redsuite/CMSISv2p10_DSPLIB_CM4/lib/libCMSISv2p10_DSPLIB_CM4.a(arm_float_to_q15.o)
 .debug_ranges  0x000012a0       0x10 /home/owen/workspace-redsuite/CMSISv2p10_DSPLIB_CM4/lib/libCMSISv2p10_DSPLIB_CM4.a(arm_sin_f32.o)

.debug_str      0x00000000     0x49d6
 .debug_str     0x00000000      0x93d ./src/CS4344.o
                                0x97a (size before relaxing)
 .debug_str     0x0000093d       0x4f ./src/audio.o
                                0x110 (size before relaxing)
 .debug_str     0x0000098c       0xb4 ./src/comb.o
                                0x186 (size before relaxing)
 .debug_str     0x00000a40      0x1b4 ./src/cr_startup_stm32f4xx.o
                                0x2ac (size before relaxing)
 .debug_str     0x00000bf4       0x6d ./src/delay.o
                                0x155 (size before relaxing)
 .debug_str     0x00000c61       0x85 ./src/eq.o
                                0x150 (size before relaxing)
 .debug_str     0x00000ce6       0x6c ./src/line.o
                                0x13f (size before relaxing)
 .debug_str     0x00000d52      0x162 ./src/main.o
                                0x340 (size before relaxing)
 .debug_str     0x00000eb4      0x25d ./src/midi.o
                                0x3db (size before relaxing)
 .debug_str     0x00001111      0x115 ./src/mode_analog_style.o
                                0x261 (size before relaxing)
 .debug_str     0x00001226       0xab ./src/mode_bass_delay.o
                                0x26c (size before relaxing)
 .debug_str     0x000012d1       0x74 ./src/mode_drum.o
                                0x26f (size before relaxing)
 .debug_str     0x00001345       0x6d ./src/mode_drum_synth.o
                                0x1e1 (size before relaxing)
 .debug_str     0x000013b2       0x8e ./src/mode_filter_envelope.o
                                0x22e (size before relaxing)
 .debug_str     0x00001440       0x8e ./src/mode_filter_man.o
                                0x27a (size before relaxing)
 .debug_str     0x000014ce       0xe9 ./src/mode_fm_ramp.o
                                0x280 (size before relaxing)
 .debug_str     0x000015b7       0x80 ./src/mode_mono_glider.o
                                0x1e4 (size before relaxing)
 .debug_str     0x00001637       0x8a ./src/mode_nazareth.o