Archive member included because of file (symbol)

/home/owen/workspace-redsuite/StdPeriphLib_v100_STM32F4xx/Debug/libStdPeriphLib_v100_STM32F4xx.a(misc.o)
                              ./src/CS4344.o (NVIC_Init)
/home/owen/workspace-redsuite/StdPeriphLib_v100_STM32F4xx/Debug/libStdPeriphLib_v100_STM32F4xx.a(stm32f4xx_adc.o)
                              ./src/pp6.o (ADC_Init)
/home/owen/workspace-redsuite/StdPeriphLib_v100_STM32F4xx/Debug/libStdPeriphLib_v100_STM32F4xx.a(stm32f4xx_gpio.o)
                              ./src/CS4344.o (GPIO_Init)
/home/owen/workspace-redsuite/StdPeriphLib_v100_STM32F4xx/Debug/libStdPeriphLib_v100_STM32F4xx.a(stm32f4xx_rcc.o)
                              ./src/CS4344.o (RCC_AHB1PeriphClockCmd)
/home/owen/workspace-redsuite/StdPeriphLib_v100_STM32F4xx/Debug/libStdPeriphLib_v100_STM32F4xx.a(stm32f4xx_rng.o)
                              ./src/main.o (RNG_Cmd)
/home/owen/workspace-redsuite/StdPeriphLib_v100_STM32F4xx/Debug/libStdPeriphLib_v100_STM32F4xx.a(stm32f4xx_spi.o)
                              ./src/CS4344.o (SPI_I2S_DeInit)
/home/owen/workspace-redsuite/StdPeriphLib_v100_STM32F4xx/Debug/libStdPeriphLib_v100_STM32F4xx.a(stm32f4xx_tim.o)
                              ./src/timer.o (TIM_TimeBaseInit)
/home/owen/workspace-redsuite/StdPeriphLib_v100_STM32F4xx/Debug/libStdPeriphLib_v100_STM32F4xx.a(stm32f4xx_usart.o)
                              ./src/uart.o (USART_Init)
/home/owen/workspace-redsuite/StdPeriphLib_v100_STM32F4xx/Debug/libStdPeriphLib_v100_STM32F4xx.a(stm32f4xx_wwdg.o)
                              ./src/cr_startup_stm32f4xx.o (WWDG_SetPrescaler)
/home/owen/workspace-redsuite/CMSISv2p10_DSPLIB_CM4/lib/libCMSISv2p10_DSPLIB_CM4.a(arm_float_to_q15.o)
                              ./src/main.o (arm_float_to_q15)
/home/owen/workspace-redsuite/CMSISv2p10_DSPLIB_CM4/lib/libCMSISv2p10_DSPLIB_CM4.a(arm_sin_f32.o)
                              ./src/mode_nazareth.o (arm_sin_f32)
/usr/local/redsuite_4.3.0_1025/redsuite/tools/bin/../lib/gcc/arm-none-eabi/4.5.1/../../../../arm-none-eabi/lib/thumb2/libcr_c.a(__weak__main.o)
                              ./src/cr_startup_stm32f4xx.o (__main)
/usr/local/redsuite_4.3.0_1025/redsuite/tools/bin/../lib/gcc/arm-none-eabi/4.5.1/../../../../arm-none-eabi/lib/thumb2/libcr_c.a(sinf.o)
                              ./src/eq.o (sinf)
/usr/local/redsuite_4.3.0_1025/redsuite/tools/bin/../lib/gcc/arm-none-eabi/4.5.1/../../../../arm-none-eabi/lib/thumb2/libcr_c.a(memset.o)
                              ./src/eq.o (memset)
/usr/local/redsuite_4.3.0_1025/redsuite/tools/bin/../lib/gcc/arm-none-eabi/4.5.1/../../../../arm-none-eabi/lib/thumb2/libcr_c.a(_sincosf.o)
                              /usr/local/redsuite_4.3.0_1025/redsuite/tools/bin/../lib/gcc/arm-none-eabi/4.5.1/../../../../arm-none-eabi/lib/thumb2/libcr_c.a(sinf.o) (_sincosf)
/usr/local/redsuite_4.3.0_1025/redsuite/tools/bin/../lib/gcc/arm-none-eabi/4.5.1/../../../../arm-none-eabi/lib/thumb2/libcr_c.a(fabsf.o)
                              /usr/local/redsuite_4.3.0_1025/redsuite/tools/bin/../lib/gcc/arm-none-eabi/4.5.1/../../../../arm-none-eabi/lib/thumb2/libcr_c.a(_sincosf.o) (fabsf)
/usr/local/redsuite_4.3.0_1025/redsuite/tools/bin/../lib/gcc/arm-none-eabi/4.5.1/../../../../arm-none-eabi/lib/thumb2/libcr_c.a(errno.o)
                              /usr/local/redsuite_4.3.0_1025/redsuite/tools/bin/../lib/gcc/arm-none-eabi/4.5.1/../../../../arm-none-eabi/lib/thumb2/libcr_c.a(_sincosf.o) (errno)
/usr/local/redsuite_4.3.0_1025/redsuite/tools/bin/../lib/gcc/arm-none-eabi/4.5.1/thumb2/libcr_eabihelpers.a(double.o)
                              /usr/local/redsuite_4.3.0_1025/redsuite/tools/bin/../lib/gcc/arm-none-eabi/4.5.1/../../../../arm-none-eabi/lib/thumb2/libcr_c.a(_sincosf.o) (__aeabi_dmul)
/usr/local/redsuite_4.3.0_1025/redsuite/tools/bin/../lib/gcc/arm-none-eabi/4.5.1/thumb2/libcr_eabihelpers.a(float.o)
                              /usr/local/redsuite_4.3.0_1025/redsuite/tools/bin/../lib/gcc/arm-none-eabi/4.5.1/../../../../arm-none-eabi/lib/thumb2/libcr_c.a(_sincosf.o) (__aeabi_fmul)
/usr/local/redsuite_4.3.0_1025/redsuite/tools/bin/../lib/gcc/arm-none-eabi/4.5.1/thumb2/libcr_eabihelpers.a(memcpy.o)
                              /usr/local/redsuite_4.3.0_1025/redsuite/tools/bin/../lib/gcc/arm-none-eabi/4.5.1/../../../../arm-none-eabi/lib/thumb2/libcr_c.a(memset.o) (__aeabi_lowlevel_memset)

Allocating common symbols
Common symbol       size              file

saw4                0xc               ./src/mode_mono_glider.o
cents               0x4               ./src/mode_mono_glider.o
saw1                0xc               ./src/mode_mono_glider.o
f                   0x4               ./src/mode_mono_glider.o
recvArg0_           0x4               ./src/main.o
eq                  0x40              ./src/main.o
channelIn_          0x4               ./src/main.o
amp                 0x4               ./src/mode_mono_glider.o
uart_recv_buf       0x20              ./src/main.o
[...]
Memory Configuration

Name             Origin             Length             Attributes
MFlash512        0x08000000         0x00080000         xr
Ram112           0x20000000         0x0001c000         xrw
PeriphRam16      0x2001c000         0x00004000         xrw
Ram64            0x10000000         0x00010000         xrw
MFlash1024       0x08000000         0x00100000         xr
Ram128           0x20000000         0x00020000         xrw
*default*        0x00000000         0xffffffff

Linker script and memory map

LOAD ./src/CS4344.o
LOAD ./src/audio.o
LOAD ./src/comb.o
LOAD ./src/cr_startup_stm32f4xx.o
LOAD ./src/eq.o
LOAD ./src/line.o
LOAD ./src/main.o
LOAD ./src/midi.o
LOAD ./src/mode_analog_style.o
LOAD ./src/mode_bass_delay.o
LOAD ./src/mode_drum.o
LOAD ./src/mode_drum_synth.o
LOAD ./src/mode_filter_envelope.o
LOAD ./src/mode_filter_man.o
LOAD ./src/mode_fm_ramp.o
LOAD ./src/mode_mono_glider.o
LOAD ./src/mode_nazareth.o
LOAD ./src/mode_octave_mirror.o
LOAD ./src/mode_plurden.o
LOAD ./src/mode_simple_fm.o
LOAD ./src/mode_simple_sin.o
LOAD ./src/mode_wave_adder.o
LOAD ./src/oscillator.o
LOAD ./src/pp6.o
LOAD ./src/sad.o
LOAD ./src/sadsr.o
LOAD ./src/sequencer.o
LOAD ./src/system_stm32f4xx.o
LOAD ./src/timer.o
LOAD ./src/uart.o
LOAD ./src/vcf.o
LOAD /home/owen/workspace-redsuite/StdPeriphLib_v100_STM32F4xx/Debug/libStdPeriphLib_v100_STM32F4xx.a
LOAD /home/owen/workspace-redsuite/CMSISv2p10_STM32F4xx/Debug/libCMSISv2p10_STM32F4xx.a
LOAD /home/owen/workspace-redsuite/CMSISv2p10_DSPLIB_CM4/lib/libCMSISv2p10_DSPLIB_CM4.a
START GROUP
LOAD /usr/local/redsuite_4.3.0_1025/redsuite/tools/bin/../lib/gcc/arm-none-eabi/4.5.1/../../../../arm-none-eabi/lib/thumb2/libcr_c.a
LOAD /usr/local/redsuite_4.3.0_1025/redsuite/tools/bin/../lib/gcc/arm-none-eabi/4.5.1/thumb2/libcr_eabihelpers.a
END GROUP
                0x08080000                __top_MFlash512 = 0x8080000
                0x2001c000                __top_Ram112 = 0x2001c000
                0x20020000                __top_PeriphRam16 = 0x20020000
                0x10010000                __top_Ram64 = 0x10010000
                0x08100000                __top_MFlash1024 = 0x8100000
                0x20020000                __top_Ram128 = 0x20020000

.text_Flash2    0x08000000        0x0
 FILL mask 0xff
 *(.text_Flash2*)
 *(.text_MFlash1024*)

.text           0x08000000     0x8b5c
 FILL mask 0xff
 *(.isr_vector)
 .isr_vector    0x08000000      0x188 ./src/cr_startup_stm32f4xx.o
                0x08000000                g_pfnVectors
                0x08000188                . = ALIGN (0x4)
                0x08000188                __section_table_start = .
                0x08000188                __data_section_table = .
                0x08000188        0x4 LONG 0x8008b5c LOADADDR (.data)
                0x0800018c        0x4 LONG 0x20000000 ADDR (.data)
                0x08000190        0x4 LONG 0x204 SIZEOF (.data)
                0x08000194        0x4 LONG 0x8008b5c LOADADDR (.data_RAM2)
                0x08000198        0x4 LONG 0x2001c000 ADDR (.data_RAM2)
                0x0800019c        0x4 LONG 0x0 SIZEOF (.data_RAM2)
                0x080001a0        0x4 LONG 0x8008b5c LOADADDR (.data_RAM3)
                0x080001a4        0x4 LONG 0x10000000 ADDR (.data_RAM3)
                0x080001a8        0x4 LONG 0x0 SIZEOF (.data_RAM3)
                0x080001ac        0x4 LONG 0x8008b5c LOADADDR (.data_RAM4)
                0x080001b0        0x4 LONG 0x20000000 ADDR (.data_RAM4)
                0x080001b4        0x4 LONG 0x0 SIZEOF (.data_RAM4)
                0x080001b8                __data_section_table_end = .
                0x080001b8                __bss_section_table = .
                0x080001b8        0x4 LONG 0x20000204 ADDR (.bss)
                0x080001bc        0x4 LONG 0x17324 SIZEOF (.bss)
                0x080001c0        0x4 LONG 0x2001c000 ADDR (.bss_RAM2)
                0x080001c4        0x4 LONG 0x0 SIZEOF (.bss_RAM2)
                0x080001c8        0x4 LONG 0x10000000 ADDR (.bss_RAM3)
                0x080001cc        0x4 LONG 0x0 SIZEOF (.bss_RAM3)
                0x080001d0        0x4 LONG 0x20000000 ADDR (.bss_RAM4)
                0x080001d4        0x4 LONG 0x0 SIZEOF (.bss_RAM4)
                0x080001d8                __bss_section_table_end = .
                0x080001d8                __section_table_end = .
 *(.after_vectors*)
 .after_vectors
                0x080001d8      0x17c ./src/cr_startup_stm32f4xx.o
                0x080001d8                data_init
                0x08000228                bss_init
                0x08000268                ResetISR
                0x080002fc                NMI_Handler
                0x08000304                HardFault_Handler
                0x08000310                MemManage_Handler
                0x08000318                BusFault_Handler
                0x08000320                UsageFault_Handler
                0x08000328                SVC_Handler
                0x08000330                DebugMon_Handler
                0x08000338                PendSV_Handler
                0x08000340                SysTick_Handler
                0x08000348                RTC_Alarm_IRQHandler
                0x08000348                HASH_RNG_IRQHandler
                0x08000348                EXTI2_IRQHandler
                0x08000348                TIM8_CC_IRQHandler
                0x08000348                TIM1_CC_IRQHandler
                0x08000348                DMA2_Stream5_IRQHandler
                0x08000348                DMA1_Stream5_IRQHandler
                0x08000348                PVD_IRQHandler
                0x08000348                SDIO_IRQHandler
                0x08000348                TAMP_STAMP_IRQHandler
                0x08000348                CAN2_RX1_IRQHandler
                0x08000348                EXTI3_IRQHandler
                0x08000348                TIM8_TRG_COM_TIM14_IRQHandler
                0x08000348                TIM1_UP_TIM10_IRQHandler
                0x08000348                TIM8_UP_TIM13_IRQHandler
                0x08000348                I2C3_ER_IRQHandler
                0x08000348                EXTI0_IRQHandler
                0x08000348                I2C2_EV_IRQHandler
                0x08000348                DMA1_Stream2_IRQHandler
                0x08000348                CAN1_RX0_IRQHandler
                0x08000348                FPU_IRQHandler
                0x08000348                OTG_HS_WKUP_IRQHandler
                0x08000348                CAN2_SCE_IRQHandler
                0x08000348                DMA2_Stream2_IRQHandler
                0x08000348                SPI1_IRQHandler
                0x08000348                IntDefaultHandler
                0x08000348                TIM6_DAC_IRQHandler
                0x08000348                TIM1_BRK_TIM9_IRQHandler
                0x08000348                DCMI_IRQHandler
                0x08000348                CAN2_RX0_IRQHandler
                0x08000348                DMA2_Stream3_IRQHandler
                0x08000348                USART6_IRQHandler
                0x08000348                USART3_IRQHandler
                0x08000348                CRYP_IRQHandler
                0x08000348                CAN1_RX1_IRQHandler
                0x08000348                UART5_IRQHandler
                0x08000348                DMA2_Stream0_IRQHandler
                0x08000348                TIM4_IRQHandler
                0x08000348                I2C1_EV_IRQHandler
                0x08000348                DMA1_Stream6_IRQHandler
                0x08000348                DMA1_Stream1_IRQHandler
                0x08000348                UART4_IRQHandler
                0x08000348                TIM3_IRQHandler
                0x08000348                RCC_IRQHandler
                0x08000348                TIM8_BRK_TIM12_IRQHandler
                0x08000348                EXTI15_10_IRQHandler
                0x08000348                ADC_IRQHandler
                0x08000348                DMA1_Stream7_IRQHandler
                0x08000348                TIM7_IRQHandler
                0x08000348                CAN2_TX_IRQHandler
                0x08000348                TIM5_IRQHandler
                0x08000348                DMA2_Stream7_IRQHandler
                0x08000348                I2C3_EV_IRQHandler
                0x08000348                EXTI9_5_IRQHandler
                0x08000348                RTC_WKUP_IRQHandler
                0x08000348                ETH_WKUP_IRQHandler
                0x08000348                SPI2_IRQHandler
                0x08000348                OTG_HS_EP1_IN_IRQHandler
                0x08000348                DMA1_Stream0_IRQHandler
                0x08000348                CAN1_TX_IRQHandler
                0x08000348                EXTI4_IRQHandler
                0x08000348                FSMC_IRQHandler
                0x08000348                ETH_IRQHandler
                0x08000348                OTG_HS_EP1_OUT_IRQHandler
                0x08000348                WWDG_IRQHandler
                0x08000348                TIM2_IRQHandler
                0x08000348                OTG_FS_WKUP_IRQHandler
                0x08000348                TIM1_TRG_COM_TIM11_IRQHandler
                0x08000348                OTG_HS_IRQHandler
                0x08000348                EXTI1_IRQHandler
                0x08000348                USART2_IRQHandler
                0x08000348                I2C2_ER_IRQHandler
                0x08000348                DMA2_Stream1_IRQHandler
                0x08000348                CAN1_SCE_IRQHandler
                0x08000348                FLASH_IRQHandler
                0x08000348                DMA2_Stream4_IRQHandler
                0x08000348                USART1_IRQHandler
                0x08000348                OTG_FS_IRQHandler
                0x08000348                DMA1_Stream4_IRQHandler
                0x08000348                I2C1_ER_IRQHandler
                0x08000348                DMA2_Stream6_IRQHandler
                0x08000348                DMA1_Stream3_IRQHandler
 *(.text*)
 .text.CS4344_init
                0x08000354      0x17c ./src/CS4344.o
                0x08000354                CS4344_init
 .text.SPI3_IRQHandler
                0x080004d0       0x94 ./src/CS4344.o
                0x080004d0                SPI3_IRQHandler
 .text.c_to_f   0x08000564       0xf0 ./src/audio.o
                0x08000564                c_to_f
 .text.c_to_f_ratio
                0x08000654       0xe4 ./src/audio.o
                0x08000654                c_to_f_ratio
 .text.comb_set_fb
                0x08000738       0x20 ./src/comb.o
                0x08000738                comb_set_fb
 .text.comb_set_dtime
                0x08000758       0x94 ./src/comb.o
                0x08000758                comb_set_dtime
 .text.comb_process
                0x080007ec      0x108 ./src/comb.o
                0x080007ec                comb_process
 .text.NVIC_SystemReset
                0x080008f4       0x34 ./src/cr_startup_stm32f4xx.o
 .text.init_3band_state
                0x08000928       0xb0 ./src/eq.o
                0x08000928                init_3band_state
 .text.do_3band
                0x080009d8      0x21c ./src/eq.o
                0x080009d8                do_3band
 .text.line_set
                0x08000bf4       0x1c ./src/line.o
                0x08000bf4                line_set
 .text.line_go  0x08000c10       0x74 ./src/line.o
                0x08000c10                line_go
 .text.line_process
                0x08000c84       0x54 ./src/line.o
                0x08000c84                line_process
 .text.main     0x08000cd8      0x72c ./src/main.o
                0x08000cd8                main
 .text.flash_led_record_enable
                0x08001404       0x40 ./src/main.o
 .text.Delay    0x08001444       0x2c ./src/main.o
                0x08001444                Delay
 .text.recvByte
                0x08001470      0x4d0 ./src/midi.o
                0x08001470                recvByte
 .text.midi_init
                0x08001940       0x7c ./src/midi.o
                0x08001940                midi_init
 .text.handleNoteOff
                0x080019bc       0x2c ./src/midi.o
                0x080019bc                handleNoteOff
 .text.handleNoteOn
                0x080019e8       0x28 ./src/midi.o
                0x080019e8                handleNoteOn
 .text.handleSync
                0x08001a10        0xc ./src/midi.o
                0x08001a10                handleSync
 .text.handleStart
                0x08001a1c        0xc ./src/midi.o
                0x08001a1c                handleStart
 .text.handleVelocityChange
                0x08001a28       0x18 ./src/midi.o
                0x08001a28                handleVelocityChange
 .text.handleControlChange
                0x08001a40       0x18 ./src/midi.o
                0x08001a40                handleControlChange
 .text.handleProgramChange
                0x08001a58       0x14 ./src/midi.o
                0x08001a58                handleProgramChange
 .text.handleAfterTouch
                0x08001a6c       0x14 ./src/midi.o
                0x08001a6c                handleAfterTouch
 .text.handlePitchChange
                0x08001a80       0x14 ./src/midi.o
                0x08001a80                handlePitchChange
 .text.handleSongPosition
                0x08001a94       0x14 ./src/midi.o
                0x08001a94                handleSongPosition
 .text.handleSongSelect
                0x08001aa8       0x14 ./src/midi.o
                0x08001aa8                handleSongSelect
 .text.handleTuneRequest
                0x08001abc        0xc ./src/midi.o
                0x08001abc                handleTuneRequest
 .text.handleContinue
                0x08001ac8        0xc ./src/midi.o
                0x08001ac8                handleContinue
 .text.handleStop
                0x08001ad4        0xc ./src/midi.o
                0x08001ad4                handleStop
 .text.handleActiveSense
                0x08001ae0        0xc ./src/midi.o
                0x08001ae0                handleActiveSense
 .text.handleReset
                0x08001aec        0xc ./src/midi.o
                0x08001aec                handleReset
 .text.mode_analog_style_init
                0x08001af8       0x30 ./src/mode_analog_style.o
                0x08001af8                mode_analog_style_init
 .text.mode_analog_style_sample_process
                0x08001b28      0x1a8 ./src/mode_analog_style.o
                0x08001b28                mode_analog_style_sample_process
 .text.mode_analog_style_control_process
                0x08001cd0      0x100 ./src/mode_analog_style.o
                0x08001cd0                mode_analog_style_control_process
 .text.mode_bass_delay_init
                0x08001dd0       0x34 ./src/mode_bass_delay.o
                0x08001dd0                mode_bass_delay_init
 .text.mode_bass_delay_sample_process
                0x08001e04      0x154 ./src/mode_bass_delay.o
                0x08001e04                mode_bass_delay_sample_process
 .text.mode_bass_delay_control_process
                0x08001f58      0x13c ./src/mode_bass_delay.o
                0x08001f58                mode_bass_delay_control_process
 .text.mode_drum_init
                0x08002094       0x48 ./src/mode_drum.o
                0x08002094                mode_drum_init
 .text.mode_drum_synth_init
                0x080020dc       0x30 ./src/mode_drum_synth.o
                0x080020dc                mode_drum_synth_init
 .text.mode_filter_envelope_init
                0x0800210c       0x64 ./src/mode_filter_envelope.o
                0x0800210c                mode_filter_envelope_init
 .text.mode_filter_envelope_sample_process
                0x08002170      0x1d8 ./src/mode_filter_envelope.o
                0x08002170                mode_filter_envelope_sample_process
 .text.mode_filter_envelope_control_process
                0x08002348      0x138 ./src/mode_filter_envelope.o
                0x08002348                mode_filter_envelope_control_process
 .text.mode_filter_man_init
                0x08002480       0x30 ./src/mode_filter_man.o
                0x08002480                mode_filter_man_init
 .text.mode_fm_ramp_init
                0x080024b0       0x30 ./src/mode_fm_ramp.o
                0x080024b0                mode_fm_ramp_init
 .text.mode_nazareth_init
                0x080024e0       0x84 ./src/mode_nazareth.o
                0x080024e0                mode_nazareth_init
 .text.mode_octave_mirror_init
                0x08002564       0x30 ./src/mode_octave_mirror.o
                0x08002564                mode_octave_mirror_init
 .text.mode_plurden_init
                0x08002594       0x34 ./src/mode_plurden.o
                0x08002594                mode_plurden_init
 .text.mode_simple_fm_init
                0x080025c8       0x30 ./src/mode_simple_fm.o
                0x080025c8                mode_simple_fm_init
 .text.mode_simple_fm_sample_process
                0x080025f8      0x198 ./src/mode_simple_fm.o
                0x080025f8                mode_simple_fm_sample_process
 .text.mode_simple_fm_control_process
                0x08002790      0x12c ./src/mode_simple_fm.o
                0x08002790                mode_simple_fm_control_process
 .text.mode_simple_sin_init
                0x080028bc       0x40 ./src/mode_simple_sin.o
                0x080028bc                mode_simple_sin_init
 .text.mode_simple_sin_sample_process
                0x080028fc      0x12c ./src/mode_simple_sin.o
                0x080028fc                mode_simple_sin_sample_process
 .text.mode_simple_sin_control_process
                0x08002a28      0x158 ./src/mode_simple_sin.o
                0x08002a28                mode_simple_sin_control_process
 .text.mode_wave_adder_init
                0x08002b80       0x40 ./src/mode_wave_adder.o
                0x08002b80                mode_wave_adder_init
 .text.mode_wave_adder_sample_process
                0x08002bc0      0x134 ./src/mode_wave_adder.o
                0x08002bc0                mode_wave_adder_sample_process
 .text.mode_wave_adder_control_process
                0x08002cf4      0x158 ./src/mode_wave_adder.o
                0x08002cf4                mode_wave_adder_control_process
 .text.sin_set  0x08002e4c       0x5c ./src/oscillator.o
                0x08002e4c                sin_set
 .text.sin_process
                0x08002ea8       0x74 ./src/oscillator.o
                0x08002ea8                sin_process
 .text.FM_oscillator_process
                0x08002f1c      0x1a8 ./src/oscillator.o
                0x08002f1c                FM_oscillator_process
 .text.bl_step_table_read
                0x080030c4       0x7c ./src/oscillator.o
                0x080030c4                bl_step_table_read
 .text.bl_saw_set
                0x08003140       0x38 ./src/oscillator.o
                0x08003140                bl_saw_set
 .text.bl_saw_process
                0x08003178       0xfc ./src/oscillator.o
                0x08003178                bl_saw_process
 .text.bl_square_set
                0x08003274       0x38 ./src/oscillator.o
                0x08003274                bl_square_set
 .text.bl_square_init
                0x080032ac       0x24 ./src/oscillator.o
                0x080032ac                bl_square_init
 .text.pp6_get_knob_1
                0x080032d0       0x18 ./src/pp6.o
                0x080032d0                pp6_get_knob_1
 .text.pp6_get_knob_2
                0x080032e8       0x18 ./src/pp6.o
                0x080032e8                pp6_get_knob_2
 .text.pp6_get_knob_3
                0x08003300       0x18 ./src/pp6.o
                0x08003300                pp6_get_knob_3
 .text.pp6_get_knob_array
                0x08003318       0x14 ./src/pp6.o
                0x08003318                pp6_get_knob_array
 .text.pp6_set_knob_array
                0x0800332c       0x44 ./src/pp6.o
                0x0800332c                pp6_set_knob_array
 .text.pp6_set_mode_button_pressed
                0x08003370       0x18 ./src/pp6.o
                0x08003370                pp6_set_mode_button_pressed
 .text.pp6_mode_button_pressed
                0x08003388       0x18 ./src/pp6.o
                0x08003388                pp6_mode_button_pressed
 .text.pp6_set_aux_button_pressed
                0x080033a0       0x18 ./src/pp6.o
                0x080033a0                pp6_set_aux_button_pressed
 .text.pp6_set_aux_button_released
                0x080033b8       0x18 ./src/pp6.o
                0x080033b8                pp6_set_aux_button_released
 .text.pp6_aux_button_pressed
                0x080033d0       0x18 ./src/pp6.o
                0x080033d0                pp6_aux_button_pressed
 .text.pp6_change_mode
                0x080033e8       0x54 ./src/pp6.o
                0x080033e8                pp6_change_mode
 .text.pp6_set_mode
                0x0800343c       0x34 ./src/pp6.o
                0x0800343c                pp6_set_mode
 .text.pp6_get_mode
                0x08003470       0x18 ./src/pp6.o
                0x08003470                pp6_get_mode
 .text.pp6_set_mode_led
                0x08003488      0x1f0 ./src/pp6.o
                0x08003488                pp6_set_mode_led
 .text.pp6_set_aux_led
                0x08003678      0x230 ./src/pp6.o
                0x08003678                pp6_set_aux_led
 .text.pp6_get_aux_led
                0x080038a8       0x18 ./src/pp6.o
                0x080038a8                pp6_get_aux_led
 .text.pp6_get_keys
                0x080038c0       0x18 ./src/pp6.o
                0x080038c0                pp6_get_keys
 .text.pp6_set_note
                0x080038d8       0x20 ./src/pp6.o
                0x080038d8                pp6_set_note
 .text.pp6_get_note
                0x080038f8       0x18 ./src/pp6.o
                0x080038f8                pp6_get_note
 .text.pp6_set_note_start
                0x08003910       0x34 ./src/pp6.o
                0x08003910                pp6_set_note_start
 .text.pp6_get_note_start
                0x08003944       0x18 ./src/pp6.o
                0x08003944                pp6_get_note_start
 .text.pp6_set_note_stop
                0x0800395c       0x28 ./src/pp6.o
                0x0800395c                pp6_set_note_stop
 .text.pp6_get_note_stop
                0x08003984       0x18 ./src/pp6.o
                0x08003984                pp6_get_note_stop
 .text.pp6_clear_flags
                0x0800399c       0x88 ./src/pp6.o
                0x0800399c                pp6_clear_flags
 .text.pp6_inc_physical_notes_on
                0x08003a24       0x28 ./src/pp6.o
                0x08003a24                pp6_inc_physical_notes_on
 .text.pp6_dec_physical_notes_on
                0x08003a4c       0x38 ./src/pp6.o
                0x08003a4c                pp6_dec_physical_notes_on
 .text.pp6_get_physical_notes_on
                0x08003a84       0x18 ./src/pp6.o
                0x08003a84                pp6_get_physical_notes_on
 .text.pp6_knobs_init
                0x08003a9c       0xd8 ./src/pp6.o
                0x08003a9c                pp6_knobs_init
 .text.pp6_knobs_update
                0x08003b74      0x158 ./src/pp6.o
                0x08003b74                pp6_knobs_update
 .text.pp6_check_knobs_touched
                0x08003ccc      0x23c ./src/pp6.o
                0x08003ccc                pp6_check_knobs_touched
 .text.pp6_any_knobs_touched
                0x08003f08       0x40 ./src/pp6.o
                0x08003f08                pp6_any_knobs_touched
 .text.pp6_smooth_knobs
                0x08003f48      0x114 ./src/pp6.o
                0x08003f48                pp6_smooth_knobs
 .text.pp6_leds_init
                0x0800405c       0xc8 ./src/pp6.o
                0x0800405c                pp6_leds_init
 .text.pp6_keys_init
                0x08004124       0xb0 ./src/pp6.o
                0x08004124                pp6_keys_init
 .text.pp6_keys_update
                0x080041d4      0x2a0 ./src/pp6.o
                0x080041d4                pp6_keys_update
 .text.sadsr_init
                0x08004474       0x3c ./src/sadsr.o
                0x08004474                sadsr_init
 .text.sadsr_process
                0x080044b0      0x14c ./src/sadsr.o
                0x080044b0                sadsr_process
 .text.sadsr_set
                0x080045fc       0x70 ./src/sadsr.o
                0x080045fc                sadsr_set
 .text.sadsr_go
                0x0800466c       0x24 ./src/sadsr.o
                0x0800466c                sadsr_go
 .text.sadsr_release
                0x08004690       0x1c ./src/sadsr.o
                0x08004690                sadsr_release
 .text.seq_set_status
                0x080046ac       0x20 ./src/sequencer.o
                0x080046ac                seq_set_status
 .text.seq_get_status
                0x080046cc       0x18 ./src/sequencer.o
                0x080046cc                seq_get_status
 .text.seq_log_first_note
                0x080046e4       0x80 ./src/sequencer.o
                0x080046e4                seq_log_first_note
 .text.seq_log_note_start
                0x08004764       0xa8 ./src/sequencer.o
                0x08004764                seq_log_note_start
 .text.seq_log_note_stop
                0x0800480c       0x80 ./src/sequencer.o
                0x0800480c                seq_log_note_stop
 .text.seq_stop_recording
                0x0800488c       0xa4 ./src/sequencer.o
                0x0800488c                seq_stop_recording
 .text.seq_rewind
                0x08004930       0x28 ./src/sequencer.o
                0x08004930                seq_rewind
 .text.seq_play_tick
                0x08004958       0xe4 ./src/sequencer.o
                0x08004958                seq_play_tick
 .text.seq_tick
                0x08004a3c       0x24 ./src/sequencer.o
                0x08004a3c                seq_tick
 .text.seq_get_time
                0x08004a60       0x18 ./src/sequencer.o
                0x08004a60                seq_get_time
 .text.seq_get_length
                0x08004a78       0x18 ./src/sequencer.o
                0x08004a78                seq_get_length
 .text.seq_log_knobs
                0x08004a90       0xa0 ./src/sequencer.o
                0x08004a90                seq_log_knobs
 .text.seq_play_knobs
                0x08004b30       0x44 ./src/sequencer.o
                0x08004b30                seq_play_knobs
 .text.seq_knob_playback_enabled
                0x08004b74       0x18 ./src/sequencer.o
                0x08004b74                seq_knob_playback_enabled
 .text.seq_disable_knob_playback
                0x08004b8c       0x18 ./src/sequencer.o
                0x08004b8c                seq_disable_knob_playback
 .text.seq_enable_knob_playback
                0x08004ba4       0x18 ./src/sequencer.o
                0x08004ba4                seq_enable_knob_playback
 .text.seq_set_auto_stop
                0x08004bbc       0x18 ./src/sequencer.o
                0x08004bbc                seq_set_auto_stop
 .text.seq_get_auto_stop
                0x08004bd4       0x18 ./src/sequencer.o
                0x08004bd4                seq_get_auto_stop
 .text.seq_clear_auto_stop
                0x08004bec       0x18 ./src/sequencer.o
                0x08004bec                seq_clear_auto_stop
 .text.SystemInit
                0x08004c04       0xb0 ./src/system_stm32f4xx.o
                0x08004c04                SystemInit
 .text.SetSysClock
                0x08004cb4      0x1e0 ./src/system_stm32f4xx.o
 .text.timer_init
                0x08004e94       0x4c ./src/timer.o
                0x08004e94                timer_init
 .text.timer_get_time
                0x08004ee0       0x14 ./src/timer.o
                0x08004ee0                timer_get_time
 .text.uart_init
                0x08004ef4       0xc4 ./src/uart.o
                0x08004ef4                uart_init
 .text.vcf_filter_init
                0x08004fb8       0x5c ./src/vcf.o
                0x08004fb8                vcf_filter_init
 .text.vcf_filter_set
                0x08005014       0xcc ./src/vcf.o
                0x08005014                vcf_filter_set
 .text.vcf_filter_process
                0x080050e0      0x18c ./src/vcf.o
                0x080050e0                vcf_filter_process
 .text.NVIC_Init
                0x0800526c       0xe8 /home/owen/workspace-redsuite/StdPeriphLib_v100_STM32F4xx/Debug/libStdPeriphLib_v100_STM32F4xx.a(misc.o)
                0x0800526c                NVIC_Init
 .text.ADC_Init
                0x08005354       0xc4 /home/owen/workspace-redsuite/StdPeriphLib_v100_STM32F4xx/Debug/libStdPeriphLib_v100_STM32F4xx.a(stm32f4xx_adc.o)
                0x08005354                ADC_Init
 .text.ADC_CommonInit
                0x08005418       0x60 /home/owen/workspace-redsuite/StdPeriphLib_v100_STM32F4xx/Debug/libStdPeriphLib_v100_STM32F4xx.a(stm32f4xx_adc.o)
                0x08005418                ADC_CommonInit
 .text.ADC_Cmd  0x08005478       0x38 /home/owen/workspace-redsuite/StdPeriphLib_v100_STM32F4xx/Debug/libStdPeriphLib_v100_STM32F4xx.a(stm32f4xx_adc.o)
                0x08005478                ADC_Cmd
 .text.ADC_RegularChannelConfig
                0x080054b0      0x1d0 /home/owen/workspace-redsuite/StdPeriphLib_v100_STM32F4xx/Debug/libStdPeriphLib_v100_STM32F4xx.a(stm32f4xx_adc.o)
                0x080054b0                ADC_RegularChannelConfig
 .text.ADC_SoftwareStartConv
                0x08005680       0x20 /home/owen/workspace-redsuite/StdPeriphLib_v100_STM32F4xx/Debug/libStdPeriphLib_v100_STM32F4xx.a(stm32f4xx_adc.o)
                0x08005680                ADC_SoftwareStartConv
 .text.ADC_GetConversionValue
                0x080056a0       0x1c /home/owen/workspace-redsuite/StdPeriphLib_v100_STM32F4xx/Debug/libStdPeriphLib_v100_STM32F4xx.a(stm32f4xx_adc.o)
                0x080056a0                ADC_GetConversionValue
 .text.GPIO_Init
                0x080056bc      0x158 /home/owen/workspace-redsuite/StdPeriphLib_v100_STM32F4xx/Debug/libStdPeriphLib_v100_STM32F4xx.a(stm32f4xx_gpio.o)
                0x080056bc                GPIO_Init
 .text.GPIO_ReadInputDataBit
                0x08005814       0x40 /home/owen/workspace-redsuite/StdPeriphLib_v100_STM32F4xx/Debug/libStdPeriphLib_v100_STM32F4xx.a(stm32f4xx_gpio.o)
                0x08005814                GPIO_ReadInputDataBit
 .text.GPIO_WriteBit
                0x08005854       0x30 /home/owen/workspace-redsuite/StdPeriphLib_v100_STM32F4xx/Debug/libStdPeriphLib_v100_STM32F4xx.a(stm32f4xx_gpio.o)
                0x08005854                GPIO_WriteBit
 .text.GPIO_PinAFConfig
                0x08005884       0xb0 /home/owen/workspace-redsuite/StdPeriphLib_v100_STM32F4xx/Debug/libStdPeriphLib_v100_STM32F4xx.a(stm32f4xx_gpio.o)
                0x08005884                GPIO_PinAFConfig
 .text.RCC_GetClocksFreq
                0x08005934      0x1d4 /home/owen/workspace-redsuite/StdPeriphLib_v100_STM32F4xx/Debug/libStdPeriphLib_v100_STM32F4xx.a(stm32f4xx_rcc.o)
                0x08005934                RCC_GetClocksFreq
 .text.RCC_AHB1PeriphClockCmd
                0x08005b08       0x5c /home/owen/workspace-redsuite/StdPeriphLib_v100_STM32F4xx/Debug/libStdPeriphLib_v100_STM32F4xx.a(stm32f4xx_rcc.o)
                0x08005b08                RCC_AHB1PeriphClockCmd
 .text.RCC_AHB2PeriphClockCmd
                0x08005b64       0x5c /home/owen/workspace-redsuite/StdPeriphLib_v100_STM32F4xx/Debug/libStdPeriphLib_v100_STM32F4xx.a(stm32f4xx_rcc.o)
                0x08005b64                RCC_AHB2PeriphClockCmd
 .text.RCC_APB1PeriphClockCmd
                0x08005bc0       0x5c /home/owen/workspace-redsuite/StdPeriphLib_v100_STM32F4xx/Debug/libStdPeriphLib_v100_STM32F4xx.a(stm32f4xx_rcc.o)
                0x08005bc0                RCC_APB1PeriphClockCmd
 .text.RCC_APB2PeriphClockCmd
                0x08005c1c       0x5c /home/owen/workspace-redsuite/StdPeriphLib_v100_STM32F4xx/Debug/libStdPeriphLib_v100_STM32F4xx.a(stm32f4xx_rcc.o)
                0x08005c1c                RCC_APB2PeriphClockCmd
 .text.RCC_APB1PeriphResetCmd
                0x08005c78       0x5c /home/owen/workspace-redsuite/StdPeriphLib_v100_STM32F4xx/Debug/libStdPeriphLib_v100_STM32F4xx.a(stm32f4xx_rcc.o)
                0x08005c78                RCC_APB1PeriphResetCmd
 .text.RCC_APB2PeriphResetCmd
                0x08005cd4       0x5c /home/owen/workspace-redsuite/StdPeriphLib_v100_STM32F4xx/Debug/libStdPeriphLib_v100_STM32F4xx.a(stm32f4xx_rcc.o)
                0x08005cd4                RCC_APB2PeriphResetCmd
 .text.RNG_Cmd  0x08005d30       0x4c /home/owen/workspace-redsuite/StdPeriphLib_v100_STM32F4xx/Debug/libStdPeriphLib_v100_STM32F4xx.a(stm32f4xx_rng.o)
                0x08005d30                RNG_Cmd
 .text.SPI_I2S_DeInit
                0x08005d7c       0x88 /home/owen/workspace-redsuite/StdPeriphLib_v100_STM32F4xx/Debug/libStdPeriphLib_v100_STM32F4xx.a(stm32f4xx_spi.o)
                0x08005d7c                SPI_I2S_DeInit
 .text.I2S_Init
                0x08005e04      0x224 /home/owen/workspace-redsuite/StdPeriphLib_v100_STM32F4xx/Debug/libStdPeriphLib_v100_STM32F4xx.a(stm32f4xx_spi.o)
                0x08005e04                I2S_Init
 .text.I2S_Cmd  0x08006028       0x40 /home/owen/workspace-redsuite/StdPeriphLib_v100_STM32F4xx/Debug/libStdPeriphLib_v100_STM32F4xx.a(stm32f4xx_spi.o)
                0x08006028                I2S_Cmd
 .text.SPI_I2S_SendData
                0x08006068       0x1c /home/owen/workspace-redsuite/StdPeriphLib_v100_STM32F4xx/Debug/libStdPeriphLib_v100_STM32F4xx.a(stm32f4xx_spi.o)
                0x08006068                SPI_I2S_SendData
 .text.SPI_I2S_ITConfig
                0x08006084       0x70 /home/owen/workspace-redsuite/StdPeriphLib_v100_STM32F4xx/Debug/libStdPeriphLib_v100_STM32F4xx.a(stm32f4xx_spi.o)
                0x08006084                SPI_I2S_ITConfig
 .text.SPI_I2S_GetFlagStatus
                0x080060f4       0x40 /home/owen/workspace-redsuite/StdPeriphLib_v100_STM32F4xx/Debug/libStdPeriphLib_v100_STM32F4xx.a(stm32f4xx_spi.o)
                0x080060f4                SPI_I2S_GetFlagStatus
 .text.TIM_TimeBaseInit
                0x08006134       0xf8 /home/owen/workspace-redsuite/StdPeriphLib_v100_STM32F4xx/Debug/libStdPeriphLib_v100_STM32F4xx.a(stm32f4xx_tim.o)
                0x08006134                TIM_TimeBaseInit
 .text.TIM_GetCounter
                0x0800622c       0x18 /home/owen/workspace-redsuite/StdPeriphLib_v100_STM32F4xx/Debug/libStdPeriphLib_v100_STM32F4xx.a(stm32f4xx_tim.o)
                0x0800622c                TIM_GetCounter
 .text.TIM_Cmd  0x08006244       0x40 /home/owen/workspace-redsuite/StdPeriphLib_v100_STM32F4xx/Debug/libStdPeriphLib_v100_STM32F4xx.a(stm32f4xx_tim.o)
                0x08006244                TIM_Cmd
 .text.USART_Init
                0x08006284      0x1bc /home/owen/workspace-redsuite/StdPeriphLib_v100_STM32F4xx/Debug/libStdPeriphLib_v100_STM32F4xx.a(stm32f4xx_usart.o)
                0x08006284                USART_Init
 .text.USART_Cmd
                0x08006440       0x40 /home/owen/workspace-redsuite/StdPeriphLib_v100_STM32F4xx/Debug/libStdPeriphLib_v100_STM32F4xx.a(stm32f4xx_usart.o)
                0x08006440                USART_Cmd
 .text.USART_ReceiveData
                0x08006480       0x24 /home/owen/workspace-redsuite/StdPeriphLib_v100_STM32F4xx/Debug/libStdPeriphLib_v100_STM32F4xx.a(stm32f4xx_usart.o)
                0x08006480                USART_ReceiveData
 .text.USART_GetFlagStatus
                0x080064a4       0x40 /home/owen/workspace-redsuite/StdPeriphLib_v100_STM32F4xx/Debug/libStdPeriphLib_v100_STM32F4xx.a(stm32f4xx_usart.o)
                0x080064a4                USART_GetFlagStatus
 .text.WWDG_SetPrescaler
                0x080064e4       0x40 /home/owen/workspace-redsuite/StdPeriphLib_v100_STM32F4xx/Debug/libStdPeriphLib_v100_STM32F4xx.a(stm32f4xx_wwdg.o)
                0x080064e4                WWDG_SetPrescaler
 .text.WWDG_SetWindowValue
                0x08006524       0x44 /home/owen/workspace-redsuite/StdPeriphLib_v100_STM32F4xx/Debug/libStdPeriphLib_v100_STM32F4xx.a(stm32f4xx_wwdg.o)
                0x08006524                WWDG_SetWindowValue
 .text.arm_float_to_q15
                0x08006568      0x2bc /home/owen/workspace-redsuite/CMSISv2p10_DSPLIB_CM4/lib/libCMSISv2p10_DSPLIB_CM4.a(arm_float_to_q15.o)
                0x08006568                arm_float_to_q15
 .text.arm_sin_f32
                0x08006824       0xd8 /home/owen/workspace-redsuite/CMSISv2p10_DSPLIB_CM4/lib/libCMSISv2p10_DSPLIB_CM4.a(arm_sin_f32.o)
                0x08006824                arm_sin_f32
 .text.__weak_main
                0x080068fc        0x4 /usr/local/redsuite_4.3.0_1025/redsuite/tools/bin/../lib/gcc/arm-none-eabi/4.5.1/../../../../arm-none-eabi/lib/thumb2/libcr_c.a(__weak__main.o)
                0x080068fc                __main
                0x080068fc                __weak_main
 .text.sinf     0x08006900       0x28 /usr/local/redsuite_4.3.0_1025/redsuite/tools/bin/../lib/gcc/arm-none-eabi/4.5.1/../../../../arm-none-eabi/lib/thumb2/libcr_c.a(sinf.o)
                0x08006900                sinf
 .text.memset   0x08006928        0x4 /usr/local/redsuite_4.3.0_1025/redsuite/tools/bin/../lib/gcc/arm-none-eabi/4.5.1/../../../../arm-none-eabi/lib/thumb2/libcr_c.a(memset.o)
                0x08006928                memset
 *fill*         0x0800692c        0x4 00
 .text._sincosf
                0x08006930      0x158 /usr/local/redsuite_4.3.0_1025/redsuite/tools/bin/../lib/gcc/arm-none-eabi/4.5.1/../../../../arm-none-eabi/lib/thumb2/libcr_c.a(_sincosf.o)
                0x08006930                _sincosf
 .text.fabsf    0x08006a88       0x14 /usr/local/redsuite_4.3.0_1025/redsuite/tools/bin/../lib/gcc/arm-none-eabi/4.5.1/../../../../arm-none-eabi/lib/thumb2/libcr_c.a(fabsf.o)
                0x08006a88                fabsf
 .text.__aeabi_dmul
                0x08006a9c      0x128 /usr/local/redsuite_4.3.0_1025/redsuite/tools/bin/../lib/gcc/arm-none-eabi/4.5.1/thumb2/libcr_eabihelpers.a(double.o)
                0x08006a9c                __aeabi_dmul
 .text.__aeabi_dsub
                0x08006bc4      0x1d8 /usr/local/redsuite_4.3.0_1025/redsuite/tools/bin/../lib/gcc/arm-none-eabi/4.5.1/thumb2/libcr_eabihelpers.a(double.o)
                0x08006bc4                __aeabi_dsub
 .text.__aeabi_dadd
                0x08006d9c      0x13c /usr/local/redsuite_4.3.0_1025/redsuite/tools/bin/../lib/gcc/arm-none-eabi/4.5.1/thumb2/libcr_eabihelpers.a(double.o)
                0x08006d9c                __aeabi_dadd
 .text.__aeabi_d2f
                0x08006ed8       0x54 /usr/local/redsuite_4.3.0_1025/redsuite/tools/bin/../lib/gcc/arm-none-eabi/4.5.1/thumb2/libcr_eabihelpers.a(double.o)
                0x08006ed8                __aeabi_d2f
 .text.__aeabi_fmul
                0x08006f2c       0xbc /usr/local/redsuite_4.3.0_1025/redsuite/tools/bin/../lib/gcc/arm-none-eabi/4.5.1/thumb2/libcr_eabihelpers.a(float.o)
                0x08006f2c                __aeabi_fmul
 .text.__aeabi_fdiv
                0x08006fe8       0xe8 /usr/local/redsuite_4.3.0_1025/redsuite/tools/bin/../lib/gcc/arm-none-eabi/4.5.1/thumb2/libcr_eabihelpers.a(float.o)
                0x08006fe8                __aeabi_fdiv
 .text.__aeabi_fsub
                0x080070d0       0xe0 /usr/local/redsuite_4.3.0_1025/redsuite/tools/bin/../lib/gcc/arm-none-eabi/4.5.1/thumb2/libcr_eabihelpers.a(float.o)
                0x080070d0                __aeabi_fsub
 .text.__aeabi_fadd
                0x080071b0       0xa4 /usr/local/redsuite_4.3.0_1025/redsuite/tools/bin/../lib/gcc/arm-none-eabi/4.5.1/thumb2/libcr_eabihelpers.a(float.o)
                0x080071b0                __aeabi_fadd
 .text.__aeabi_f2iz
                0x08007254       0x34 /usr/local/redsuite_4.3.0_1025/redsuite/tools/bin/../lib/gcc/arm-none-eabi/4.5.1/thumb2/libcr_eabihelpers.a(float.o)
                0x08007254                __aeabi_f2iz
 .text.__bhs_ui2f
                0x08007288       0x26 /usr/local/redsuite_4.3.0_1025/redsuite/tools/bin/../lib/gcc/arm-none-eabi/4.5.1/thumb2/libcr_eabihelpers.a(float.o)
                0x08007288                __bhs_ui2f
 .text.__aeabi_i2f
                0x080072ae       0x10 /usr/local/redsuite_4.3.0_1025/redsuite/tools/bin/../lib/gcc/arm-none-eabi/4.5.1/thumb2/libcr_eabihelpers.a(float.o)
                0x080072ae                __aeabi_i2f
 *fill*         0x080072be        0x2 00
 .text.__aeabi_f2d
                0x080072c0       0x38 /usr/local/redsuite_4.3.0_1025/redsuite/tools/bin/../lib/gcc/arm-none-eabi/4.5.1/thumb2/libcr_eabihelpers.a(float.o)
                0x080072c0                __aeabi_f2d
 .text.__aeabi_fcmplt
                0x080072f8       0x3a /usr/local/redsuite_4.3.0_1025/redsuite/tools/bin/../lib/gcc/arm-none-eabi/4.5.1/thumb2/libcr_eabihelpers.a(float.o)
                0x080072f8                __aeabi_fcmplt
 .text.__aeabi_fcmpge
                0x08007332       0x40 /usr/local/redsuite_4.3.0_1025/redsuite/tools/bin/../lib/gcc/arm-none-eabi/4.5.1/thumb2/libcr_eabihelpers.a(float.o)
                0x08007332                __aeabi_fcmpge
 .text.__aeabi_memset_lowlevel
                0x08007372       0x24 /usr/local/redsuite_4.3.0_1025/redsuite/tools/bin/../lib/gcc/arm-none-eabi/4.5.1/thumb2/libcr_eabihelpers.a(memcpy.o)
                0x08007372                __aeabi_lowlevel_memset
 *(.rodata .rodata.*)
 *fill*         0x08007396        0x2 00
 .rodata.transition_table
                0x08007398      0xfac ./src/oscillator.o
 .rodata.sin_table
                0x08008344      0x40c ./src/oscillator.o
 .rodata.sinTable
                0x08008750      0x40c /home/owen/workspace-redsuite/CMSISv2p10_DSPLIB_CM4/lib/libCMSISv2p10_DSPLIB_CM4.a(arm_sin_f32.o)
                0x08008b5c                . = ALIGN (0x4)

.glue_7         0x08008b5c        0x0
 .glue_7        0x00000000        0x0 linker stubs

.glue_7t        0x08008b5c        0x0
 .glue_7t       0x00000000        0x0 linker stubs

.vfp11_veneer   0x08008b5c        0x0
 .vfp11_veneer  0x00000000        0x0 linker stubs

.v4_bx          0x08008b5c        0x0
 .v4_bx         0x00000000        0x0 linker stubs

.ARM.extab
 *(.ARM.extab* .gnu.linkonce.armextab.*)
                0x08008b5c                __exidx_start = .

.ARM.exidx
 *(.ARM.exidx* .gnu.linkonce.armexidx.*)
                0x08008b5c                __exidx_end = .
                0x08008b5c                _etext = .

.data_RAM2      0x2001c000        0x0 load address 0x08008b5c
 FILL mask 0xff
 *(.data.$RAM2*)
 *(.data.$PeriphRam16*)
                0x2001c000                . = ALIGN (0x4)

.data_RAM3      0x10000000        0x0 load address 0x08008b5c
 FILL mask 0xff
 *(.data.$RAM3*)
 *(.data.$Ram64*)
                0x10000000                . = ALIGN (0x4)

.data_RAM4      0x20000000        0x0 load address 0x08008b5c
 FILL mask 0xff
 *(.data.$RAM4*)
 *(.data.$Ram128*)
                0x20000000                . = ALIGN (0x4)

.uninit_RESERVED
                0x20000000        0x0
 *(.bss.$RESERVED*)
                0x20000000                . = ALIGN (0x4)
                0x20000000                _end_uninit_RESERVED = .

.data           0x20000000      0x204 load address 0x08008b5c
 FILL mask 0xff
                0x20000000                _data = .
 *(vtable)
 *(.data*)
 .data.hardware_index
                0x20000000        0x4 ./src/CS4344.o
                0x20000000                hardware_index
 .data.pitch_class
                0x20000004       0x30 ./src/audio.o
                0x20000004                pitch_class
 .data.semitone
                0x20000034      0x190 ./src/audio.o
                0x20000034                semitone
 .data.delay_time
                0x200001c4        0x4 ./src/comb.o
 .data.delay_fb
                0x200001c8        0x4 ./src/comb.o
 .data.vsa      0x200001cc        0x4 ./src/eq.o
 .data.keys_history
                0x200001d0       0x20 ./src/pp6.o
                0x200001d0                keys_history
 .data.seq_playback_knobs_enabled
                0x200001f0        0x1 ./src/sequencer.o
                0x200001f0                seq_playback_knobs_enabled
 *fill*         0x200001f1        0x3 00
 .data.APBAHBPrescTable
                0x200001f4       0x10 /home/owen/workspace-redsuite/StdPeriphLib_v100_STM32F4xx/Debug/libStdPeriphLib_v100_STM32F4xx.a(stm32f4xx_rcc.o)
                0x20000204                . = ALIGN (0x4)
                0x20000204                _edata = .

.bss_RAM2       0x2001c000        0x0
 *(.bss.$RAM2*)
 *(.bss.$PeriphRam16*)
                0x2001c000                . = ALIGN (0x4)

.bss_RAM3       0x10000000        0x0
 *(.bss.$RAM3*)
 *(.bss.$Ram64*)
                0x10000000                . = ALIGN (0x4)

.bss_RAM4       0x20000000        0x0
 *(.bss.$RAM4*)
 *(.bss.$Ram128*)
                0x20000000                . = ALIGN (0x4)

.bss            0x20000204    0x17324
                0x20000204                _bss = .
 *(.bss*)
 .bss.software_index
                0x20000204        0x4 ./src/CS4344.o
                0x20000204                software_index
 .bss.sample_clock
                0x20000208        0x4 ./src/CS4344.o
                0x20000208                sample_clock
 .bss.delay_buffer
                0x2000020c     0x9c40 ./src/comb.o
 .bss.delay_time_frac
                0x20009e4c        0x4 ./src/comb.o
 .bss.delay_write_index
                0x20009e50        0x4 ./src/comb.o
 .bss.led_counter
                0x20009e54        0x4 ./src/main.o
                0x20009e54                led_counter
 .bss.aux_led_color
                0x20009e58        0x1 ./src/main.o
                0x20009e58                aux_led_color
 .bss.uart_recv_buf_write
                0x20009e59        0x1 ./src/main.o
                0x20009e59                uart_recv_buf_write
 .bss.uart_recv_buf_read
                0x20009e5a        0x1 ./src/main.o
                0x20009e5a                uart_recv_buf_read
 *fill*         0x20009e5b        0x1 00
 .bss.sig       0x20009e5c        0x4 ./src/mode_analog_style.o
 .bss.f         0x20009e60        0x4 ./src/mode_analog_style.o
 .bss.filter_cutoff
                0x20009e64        0x4 ./src/mode_analog_style.o
 .bss.saw       0x20009e68        0xc ./src/mode_analog_style.o
 .bss.filter    0x20009e74       0x34 ./src/mode_analog_style.o
 .bss.amp       0x20009ea8        0x4 ./src/mode_analog_style.o
 .bss.amp_env   0x20009eac       0x1c ./src/mode_analog_style.o
 .bss.framp     0x20009ec8       0x14 ./src/mode_analog_style.o
 .bss.note_dur.6659
                0x20009edc        0x4 ./src/mode_analog_style.o
 .bss.target_f.6658
                0x20009ee0        0x4 ./src/mode_analog_style.o
 .bss.sig       0x20009ee4        0x4 ./src/mode_bass_delay.o
 .bss.f         0x20009ee8        0x4 ./src/mode_bass_delay.o
 .bss.sin1      0x20009eec       0x14 ./src/mode_bass_delay.o
 .bss.new_note  0x20009f00        0x4 ./src/mode_bass_delay.o
 .bss.amp       0x20009f04        0x4 ./src/mode_bass_delay.o
 .bss.framp     0x20009f08       0x14 ./src/mode_bass_delay.o
 .bss.amp_env   0x20009f1c       0x1c ./src/mode_bass_delay.o
 .bss.cents     0x20009f38        0x4 ./src/mode_bass_delay.o
 .bss.note_dur.3868
                0x20009f3c        0x4 ./src/mode_bass_delay.o
 .bss.f         0x20009f40        0x4 ./src/mode_drum.o
 .bss.filter    0x20009f44       0x34 ./src/mode_drum.o
 .bss.amp_env   0x20009f78       0x1c ./src/mode_drum.o
 .bss.filter_env
                0x20009f94       0x1c ./src/mode_drum.o
 .bss.sin_amp_env
                0x20009fb0       0x1c ./src/mode_drum.o
 .bss.f         0x20009fcc        0x4 ./src/mode_drum_synth.o
 .bss.filter    0x20009fd0       0x34 ./src/mode_drum_synth.o
 .bss.amp_env   0x2000a004       0x1c ./src/mode_drum_synth.o
 .bss.sig       0x2000a020        0x4 ./src/mode_filter_envelope.o
 .bss.f         0x2000a024        0x4 ./src/mode_filter_envelope.o
 .bss.amp       0x2000a028        0x4 ./src/mode_filter_envelope.o
 .bss.cutoff    0x2000a02c        0x4 ./src/mode_filter_envelope.o
 .bss.cutoff_scale
                0x2000a030        0x4 ./src/mode_filter_envelope.o
 .bss.saw       0x2000a034        0xc ./src/mode_filter_envelope.o
 .bss.filter    0x2000a040       0x34 ./src/mode_filter_envelope.o
 .bss.amp_env   0x2000a074       0x1c ./src/mode_filter_envelope.o
 .bss.filter_env
                0x2000a090       0x1c ./src/mode_filter_envelope.o
 .bss.note_dur.3860
                0x2000a0ac        0x4 ./src/mode_filter_envelope.o
 .bss.f         0x2000a0b0        0x4 ./src/mode_filter_man.o
 .bss.filter    0x2000a0b4       0x34 ./src/mode_filter_man.o
 .bss.amp_env   0x2000a0e8       0x1c ./src/mode_filter_man.o
 .bss.amp       0x2000a104        0x4 ./src/mode_fm_ramp.o
 .bss.amp_env   0x2000a108       0x1c ./src/mode_fm_ramp.o
 .bss.index_env
                0x2000a124       0x1c ./src/mode_fm_ramp.o
 .bss.f         0x2000a140        0x4 ./src/mode_nazareth.o
 .bss.amp       0x2000a144        0x4 ./src/mode_nazareth.o
 .bss.amp_env   0x2000a148       0x1c ./src/mode_nazareth.o
 .bss.h         0x2000a164       0xe0 ./src/mode_nazareth.o
 .bss.f         0x2000a244        0x4 ./src/mode_octave_mirror.o
 .bss.filter    0x2000a248       0x34 ./src/mode_octave_mirror.o
 .bss.amp_env   0x2000a27c       0x1c ./src/mode_octave_mirror.o
 .bss.f         0x2000a298        0x4 ./src/mode_plurden.o
 .bss.amp       0x2000a29c        0x4 ./src/mode_plurden.o
 .bss.amp_env   0x2000a2a0       0x1c ./src/mode_plurden.o
 .bss.sig       0x2000a2bc        0x4 ./src/mode_simple_fm.o
 .bss.f         0x2000a2c0        0x4 ./src/mode_simple_fm.o
 .bss.target_f  0x2000a2c4        0x4 ./src/mode_simple_fm.o
 .bss.new_note  0x2000a2c8        0x4 ./src/mode_simple_fm.o
 .bss.amp       0x2000a2cc        0x4 ./src/mode_simple_fm.o
 .bss.framp     0x2000a2d0       0x14 ./src/mode_simple_fm.o
 .bss.amp_env   0x2000a2e4       0x1c ./src/mode_simple_fm.o
 .bss.index_env
                0x2000a300       0x1c ./src/mode_simple_fm.o
 .bss.fm        0x2000a31c       0x18 ./src/mode_simple_fm.o
 .bss.fm2       0x2000a334       0x18 ./src/mode_simple_fm.o
 .bss.note_dur.3869
                0x2000a34c        0x4 ./src/mode_simple_fm.o
 .bss.sig       0x2000a350        0x4 ./src/mode_simple_sin.o
 .bss.f         0x2000a354        0x4 ./src/mode_simple_sin.o
 .bss.sin1      0x2000a358       0x14 ./src/mode_simple_sin.o
 .bss.new_note  0x2000a36c        0x4 ./src/mode_simple_sin.o
 .bss.amp       0x2000a370        0x4 ./src/mode_simple_sin.o
 .bss.framp     0x2000a374       0x14 ./src/mode_simple_sin.o
 .bss.amp_env   0x2000a388       0x1c ./src/mode_simple_sin.o
 .bss.saw       0x2000a3a4        0xc ./src/mode_simple_sin.o
 .bss.square    0x2000a3b0       0x10 ./src/mode_simple_sin.o
 .bss.cents     0x2000a3c0        0x4 ./src/mode_simple_sin.o
 .bss.note_dur.3861
                0x2000a3c4        0x4 ./src/mode_simple_sin.o
 .bss.sig       0x2000a3c8        0x4 ./src/mode_wave_adder.o
 .bss.f         0x2000a3cc        0x4 ./src/mode_wave_adder.o
 .bss.sin1      0x2000a3d0       0x14 ./src/mode_wave_adder.o
 .bss.new_note  0x2000a3e4        0x4 ./src/mode_wave_adder.o
 .bss.amp       0x2000a3e8        0x4 ./src/mode_wave_adder.o
 .bss.framp     0x2000a3ec       0x14 ./src/mode_wave_adder.o
 .bss.amp_env   0x2000a400       0x1c ./src/mode_wave_adder.o
 .bss.saw       0x2000a41c        0xc ./src/mode_wave_adder.o
 .bss.square    0x2000a428       0x10 ./src/mode_wave_adder.o
 .bss.cents     0x2000a438        0x4 ./src/mode_wave_adder.o
 .bss.note_dur.3860
                0x2000a43c        0x4 ./src/mode_wave_adder.o
 .bss.history_index.6598
                0x2000a440        0x1 ./src/pp6.o
 *fill*         0x2000a441        0x3 00
 .bss.knob1.6583
                0x2000a444        0x4 ./src/pp6.o
 .bss.knob2.6584
                0x2000a448        0x4 ./src/pp6.o
 .bss.knob3.6585
                0x2000a44c        0x4 ./src/pp6.o
 .bss.knobs_last.6576
                0x2000a450        0xc ./src/pp6.o
 .bss.channel.6571
                0x2000a45c        0x1 ./src/pp6.o
 *fill*         0x2000a45d        0x3 00
 .bss.knobs.6572
                0x2000a460        0xc ./src/pp6.o
 .bss.seq_index
                0x2000a46c        0x4 ./src/sequencer.o
                0x2000a46c                seq_index
 .bss.seq_time  0x2000a470        0x4 ./src/sequencer.o
                0x2000a470                seq_time
 .bss.seq_length
                0x2000a474        0x4 ./src/sequencer.o
                0x2000a474                seq_length
 .bss.seq_last_note_start
                0x2000a478        0x4 ./src/sequencer.o
                0x2000a478                seq_last_note_start
 .bss.seq_last_note_start_index
                0x2000a47c        0x4 ./src/sequencer.o
                0x2000a47c                seq_last_note_start_index
 .bss.seq_status
                0x2000a480        0x1 ./src/sequencer.o
                0x2000a480                seq_status
 .bss.seq_auto_stop
                0x2000a481        0x1 ./src/sequencer.o
                0x2000a481                seq_auto_stop
 *fill*         0x2000a482        0x2 00
 .bss.co.3596   0x2000a484        0x4 ./src/vcf.o
 .bss.errno     0x2000a488        0x4 /usr/local/redsuite_4.3.0_1025/redsuite/tools/bin/../lib/gcc/arm-none-eabi/4.5.1/../../../../arm-none-eabi/lib/thumb2/libcr_c.a(errno.o)
                0x2000a488                errno
 *(COMMON)
 COMMON         0x2000a48c      0x400 ./src/CS4344.o
                0x2000a48c                play_buf
 COMMON         0x2000a88c       0x84 ./src/main.o
                0x2000a88c                recvArg0_
                0x2000a890                eq
                0x2000a8d0                channelIn_
                0x2000a8d4                uart_recv_buf
                0x2000a8f4                recvEvent_
                0x2000a8f8                tmp8
                0x2000a8fc                recvMode_
                0x2000a900                recvByteCount_
                0x2000a904                sendFullCommands_
                0x2000a908                recvBytesNeeded_
                0x2000a90c                lastStatusSent_
 COMMON         0x2000a910       0x24 ./src/pp6.o
                0x2000a910                pp6
 COMMON         0x2000a934     0xcbf4 ./src/sequencer.o
                0x2000a934                seq_notes
                0x2000ad30                seq_deltas
                0x2000b12c                seq_events
                0x2000b528                knob_log
                0x20017528                . = ALIGN (0x4)
                0x20017528                _ebss = .
                0x20017528                PROVIDE (end, .)
                0x20017528                PROVIDE (_pvHeapStart, .)
                0x2001c000                PROVIDE (_vStackTop, (__top_Ram112 - 0x0))
OUTPUT(BolsaBass.axf elf32-littlearm)

.debug_abbrev   0x00000000     0x2dd0
 .debug_abbrev  0x00000000      0x17e ./src/CS4344.o
 .debug_abbrev  0x0000017e       0xc2 ./src/audio.o
 .debug_abbrev  0x00000240       0xc6 ./src/comb.o
 .debug_abbrev  0x00000306      0x167 ./src/cr_startup_stm32f4xx.o
 .debug_abbrev  0x0000046d       0xd9 ./src/eq.o
 .debug_abbrev  0x00000546       0xd2 ./src/line.o
 .debug_abbrev  0x00000618      0x1b4 ./src/main.o
 .debug_abbrev  0x000007cc      0x132 ./src/midi.o
 .debug_abbrev  0x000008fe       0xec ./src/mode_analog_style.o
 .debug_abbrev  0x000009ea       0xd4 ./src/mode_bass_delay.o
 .debug_abbrev  0x00000abe       0xee ./src/mode_drum.o
 .debug_abbrev  0x00000bac       0xf4 ./src/mode_drum_synth.o
 .debug_abbrev  0x00000ca0       0xd4 ./src/mode_filter_envelope.o
 .debug_abbrev  0x00000d74       0xec ./src/mode_filter_man.o
 .debug_abbrev  0x00000e60       0xe3 ./src/mode_fm_ramp.o
 .debug_abbrev  0x00000f43       0xe3 ./src/mode_mono_glider.o
 .debug_abbrev  0x00001026       0xe7 ./src/mode_nazareth.o
 .debug_abbrev  0x0000110d      0x102 ./src/mode_octave_mirror.o
 .debug_abbrev  0x0000120f       0xd6 ./src/mode_plurden.o
 .debug_abbrev  0x000012e5       0xe3 ./src/mode_simple_fm.o
 .debug_abbrev  0x000013c8       0xe3 ./src/mode_simple_sin.o
 .debug_abbrev  0x000014ab       0xd4 ./src/mode_wave_adder.o
 .debug_abbrev  0x0000157f      0x14f ./src/oscillator.o
 .debug_abbrev  0x000016ce      0x1d6 ./src/pp6.o
 .debug_abbrev  0x000018a4       0xdd ./src/sad.o
 .debug_abbrev  0x00001981       0xe1 ./src/sadsr.o
 .debug_abbrev  0x00001a62      0x108 ./src/sequencer.o
 .debug_abbrev  0x00001b6a      0x144 ./src/system_stm32f4xx.o
 .debug_abbrev  0x00001cae      0x109 ./src/timer.o
 .debug_abbrev  0x00001db7      0x11a ./src/uart.o
 .debug_abbrev  0x00001ed1       0xe6 ./src/vcf.o
 .debug_abbrev  0x00001fb7      0x12a /home/owen/workspace-redsuite/StdPeriphLib_v100_STM32F4xx/Debug/libStdPeriphLib_v100_STM32F4xx.a(misc.o)
 .debug_abbrev  0x000020e1      0x18d /home/owen/workspace-redsuite/StdPeriphLib_v100_STM32F4xx/Debug/libStdPeriphLib_v100_STM32F4xx.a(stm32f4xx_adc.o)
 .debug_abbrev  0x0000226e      0x186 /home/owen/workspace-redsuite/StdPeriphLib_v100_STM32F4xx/Debug/libStdPeriphLib_v100_STM32F4xx.a(stm32f4xx_gpio.o)
 .debug_abbrev  0x000023f4      0x1bb /home/owen/workspace-redsuite/StdPeriphLib_v100_STM32F4xx/Debug/libStdPeriphLib_v100_STM32F4xx.a(stm32f4xx_rcc.o)
 .debug_abbrev  0x000025af      0x13b /home/owen/workspace-redsuite/StdPeriphLib_v100_STM32F4xx/Debug/libStdPeriphLib_v100_STM32F4xx.a(stm32f4xx_rng.o)
 .debug_abbrev  0x000026ea      0x164 /home/owen/workspace-redsuite/StdPeriphLib_v100_STM32F4xx/Debug/libStdPeriphLib_v100_STM32F4xx.a(stm32f4xx_spi.o)
 .debug_abbrev  0x0000284e      0x167 /home/owen/workspace-redsuite/StdPeriphLib_v100_STM32F4xx/Debug/libStdPeriphLib_v100_STM32F4xx.a(stm32f4xx_tim.o)
 .debug_abbrev  0x000029b5      0x152 /home/owen/workspace-redsuite/StdPeriphLib_v100_STM32F4xx/Debug/libStdPeriphLib_v100_STM32F4xx.a(stm32f4xx_usart.o)
 .debug_abbrev  0x00002b07      0x122 /home/owen/workspace-redsuite/StdPeriphLib_v100_STM32F4xx/Debug/libStdPeriphLib_v100_STM32F4xx.a(stm32f4xx_wwdg.o)
 .debug_abbrev  0x00002c29       0xb0 /home/owen/workspace-redsuite/CMSISv2p10_DSPLIB_CM4/lib/libCMSISv2p10_DSPLIB_CM4.a(arm_float_to_q15.o)
 .debug_abbrev  0x00002cd9       0xf7 /home/owen/workspace-redsuite/CMSISv2p10_DSPLIB_CM4/lib/libCMSISv2p10_DSPLIB_CM4.a(arm_sin_f32.o)

.debug_info     0x00000000     0xe5e4
 .debug_info    0x00000000      0x7cb ./src/CS4344.o
 .debug_info    0x000007cb      0x196 ./src/audio.o
 .debug_info    0x00000961      0x1d3 ./src/comb.o
 .debug_info    0x00000b34      0x58f ./src/cr_startup_stm32f4xx.o
 .debug_info    0x000010c3      0x246 ./src/eq.o
 .debug_info    0x00001309      0x1b8 ./src/line.o
 .debug_info    0x000014c1      0x83b ./src/main.o
 .debug_info    0x00001cfc      0x833 ./src/midi.o
 .debug_info    0x0000252f      0x3ef ./src/mode_analog_style.o
 .debug_info    0x0000291e      0x36b ./src/mode_bass_delay.o
 .debug_info    0x00002c89      0x48d ./src/mode_drum.o
 .debug_info    0x00003116      0x31d ./src/mode_drum_synth.o
 .debug_info    0x00003433      0x320 ./src/mode_filter_envelope.o
 .debug_info    0x00003753      0x3ef ./src/mode_filter_man.o
 .debug_info    0x00003b42      0x33c ./src/mode_fm_ramp.o
 .debug_info    0x00003e7e      0x2c0 ./src/mode_mono_glider.o
 .debug_info    0x0000413e      0x2e6 ./src/mode_nazareth.o
 .debug_info    0x00004424      0x371 ./src/mode_octave_mirror.o
 .debug_info    0x00004795      0x3bd ./src/mode_plurden.o
 .debug_info    0x00004b52      0x32b ./src/mode_simple_fm.o
 .debug_info    0x00004e7d      0x379 ./src/mode_simple_sin.o
 .debug_info    0x000051f6      0x36b ./src/mode_wave_adder.o
 .debug_info    0x00005561      0x956 ./src/oscillator.o
 .debug_info    0x00005eb7      0xb45 ./src/pp6.o
 .debug_info    0x000069fc      0x1c6 ./src/sad.o
 .debug_info    0x00006bc2      0x242 ./src/sadsr.o
 .debug_info    0x00006e04      0x4b4 ./src/sequencer.o
 .debug_info    0x000072b8      0x625 ./src/system_stm32f4xx.o
 .debug_info    0x000078dd      0x3be ./src/timer.o
 .debug_info    0x00007c9b      0x45c ./src/uart.o
 .debug_info    0x000080f7      0x212 ./src/vcf.o
 .debug_info    0x00008309      0x59c /home/owen/workspace-redsuite/StdPeriphLib_v100_STM32F4xx/Debug/libStdPeriphLib_v100_STM32F4xx.a(misc.o)
 .debug_info    0x000088a5      0xcfd /home/owen/workspace-redsuite/StdPeriphLib_v100_STM32F4xx/Debug/libStdPeriphLib_v100_STM32F4xx.a(stm32f4xx_adc.o)
 .debug_info    0x000095a2      0x641 /home/owen/workspace-redsuite/StdPeriphLib_v100_STM32F4xx/Debug/libStdPeriphLib_v100_STM32F4xx.a(stm32f4xx_gpio.o)
 .debug_info    0x00009be3      0xd2c /home/owen/workspace-redsuite/StdPeriphLib_v100_STM32F4xx/Debug/libStdPeriphLib_v100_STM32F4xx.a(stm32f4xx_rcc.o)
 .debug_info    0x0000a90f      0x299 /home/owen/workspace-redsuite/StdPeriphLib_v100_STM32F4xx/Debug/libStdPeriphLib_v100_STM32F4xx.a(stm32f4xx_rng.o)
 .debug_info    0x0000aba8      0xbd4 /home/owen/workspace-redsuite/StdPeriphLib_v100_STM32F4xx/Debug/libStdPeriphLib_v100_STM32F4xx.a(stm32f4xx_spi.o)
 .debug_info    0x0000b77c     0x1e30 /home/owen/workspace-redsuite/StdPeriphLib_v100_STM32F4xx/Debug/libStdPeriphLib_v100_STM32F4xx.a(stm32f4xx_tim.o)
 .debug_info    0x0000d5ac      0xa57 /home/owen/workspace-redsuite/StdPeriphLib_v100_STM32F4xx/Debug/libStdPeriphLib_v100_STM32F4xx.a(stm32f4xx_usart.o)
 .debug_info    0x0000e003      0x25e /home/owen/workspace-redsuite/StdPeriphLib_v100_STM32F4xx/Debug/libStdPeriphLib_v100_STM32F4xx.a(stm32f4xx_wwdg.o)
 .debug_info    0x0000e261      0x1dd /home/owen/workspace-redsuite/CMSISv2p10_DSPLIB_CM4/lib/libCMSISv2p10_DSPLIB_CM4.a(arm_float_to_q15.o)
 .debug_info    0x0000e43e      0x1a6 /home/owen/workspace-redsuite/CMSISv2p10_DSPLIB_CM4/lib/libCMSISv2p10_DSPLIB_CM4.a(arm_sin_f32.o)

.debug_line     0x00000000    0x11be9
 .debug_line    0x00000000      0x63c ./src/CS4344.o
 .debug_line    0x0000063c      0x4d0 ./src/audio.o
 .debug_line    0x00000b0c      0x505 ./src/comb.o
 .debug_line    0x00001011      0x6c6 ./src/cr_startup_stm32f4xx.o
 .debug_line    0x000016d7      0x4d7 ./src/eq.o
 .debug_line    0x00001bae      0x4f0 ./src/line.o
 .debug_line    0x0000209e      0x9fe ./src/main.o
 .debug_line    0x00002a9c      0xa3e ./src/midi.o
 .debug_line    0x000034da      0x7b6 ./src/mode_analog_style.o
 .debug_line    0x00003c90      0x54d ./src/mode_bass_delay.o
 .debug_line    0x000041dd      0x7b3 ./src/mode_drum.o
 .debug_line    0x00004990      0x7a4 ./src/mode_drum_synth.o
 .debug_line    0x00005134      0x557 ./src/mode_filter_envelope.o
 .debug_line    0x0000568b      0x7be ./src/mode_filter_man.o
 .debug_line    0x00005e49      0x545 ./src/mode_fm_ramp.o
 .debug_line    0x0000638e      0x53e ./src/mode_mono_glider.o
 .debug_line    0x000068cc      0x58b ./src/mode_nazareth.o
 .debug_line    0x00006e57      0x7b9 ./src/mode_octave_mirror.o
 .debug_line    0x00007610      0x56d ./src/mode_plurden.o
 .debug_line    0x00007b7d      0x549 ./src/mode_simple_fm.o
 .debug_line    0x000080c6      0x542 ./src/mode_simple_sin.o
 .debug_line    0x00008608      0x546 ./src/mode_wave_adder.o
 .debug_line    0x00008b4e      0x6b5 ./src/oscillator.o
 .debug_line    0x00009203      0xb78 ./src/pp6.o
 .debug_line    0x00009d7b      0x4fc ./src/sad.o
 .debug_line    0x0000a277      0x52a ./src/sadsr.o
 .debug_line    0x0000a7a1      0x648 ./src/sequencer.o
 .debug_line    0x0000ade9      0x67e ./src/system_stm32f4xx.o
 .debug_line    0x0000b467      0x628 ./src/timer.o
 .debug_line    0x0000ba8f      0x628 ./src/uart.o
 .debug_line    0x0000c0b7      0x4ef ./src/vcf.o
 .debug_line    0x0000c5a6      0x64f /home/owen/workspace-redsuite/StdPeriphLib_v100_STM32F4xx/Debug/libStdPeriphLib_v100_STM32F4xx.a(misc.o)
 .debug_line    0x0000cbf5      0x955 /home/owen/workspace-redsuite/StdPeriphLib_v100_STM32F4xx/Debug/libStdPeriphLib_v100_STM32F4xx.a(stm32f4xx_adc.o)
 .debug_line    0x0000d54a      0x73f /home/owen/workspace-redsuite/StdPeriphLib_v100_STM32F4xx/Debug/libStdPeriphLib_v100_STM32F4xx.a(stm32f4xx_gpio.o)
 .debug_line    0x0000dc89      0x9a1 /home/owen/workspace-redsuite/StdPeriphLib_v100_STM32F4xx/Debug/libStdPeriphLib_v100_STM32F4xx.a(stm32f4xx_rcc.o)
 .debug_line    0x0000e62a      0x689 /home/owen/workspace-redsuite/StdPeriphLib_v100_STM32F4xx/Debug/libStdPeriphLib_v100_STM32F4xx.a(stm32f4xx_rng.o)
 .debug_line    0x0000ecb3      0x855 /home/owen/workspace-redsuite/StdPeriphLib_v100_STM32F4xx/Debug/libStdPeriphLib_v100_STM32F4xx.a(stm32f4xx_spi.o)
 .debug_line    0x0000f508      0xe7a /home/owen/workspace-redsuite/StdPeriphLib_v100_STM32F4xx/Debug/libStdPeriphLib_v100_STM32F4xx.a(stm32f4xx_tim.o)
 .debug_line    0x00010382      0x890 /home/owen/workspace-redsuite/StdPeriphLib_v100_STM32F4xx/Debug/libStdPeriphLib_v100_STM32F4xx.a(stm32f4xx_usart.o)
 .debug_line    0x00010c12      0x688 /home/owen/workspace-redsuite/StdPeriphLib_v100_STM32F4xx/Debug/libStdPeriphLib_v100_STM32F4xx.a(stm32f4xx_wwdg.o)
 .debug_line    0x0001129a      0x4c8 /home/owen/workspace-redsuite/CMSISv2p10_DSPLIB_CM4/lib/libCMSISv2p10_DSPLIB_CM4.a(arm_float_to_q15.o)
 .debug_line    0x00011762      0x487 /home/owen/workspace-redsuite/CMSISv2p10_DSPLIB_CM4/lib/libCMSISv2p10_DSPLIB_CM4.a(arm_sin_f32.o)

.debug_macinfo  0x00000000   0x82e0d8
 .debug_macinfo
                0x00000000    0x5b0df ./src/CS4344.o
 .debug_macinfo
                0x0005b0df     0x4441 ./src/audio.o
 .debug_macinfo
                0x0005f520     0x4462 ./src/comb.o
 .debug_macinfo
                0x00063982    0x5aeb9 ./src/cr_startup_stm32f4xx.o
 .debug_macinfo
                0x000be83b     0x43d9 ./src/eq.o
 .debug_macinfo
                0x000c2c14     0x4450 ./src/line.o
 .debug_macinfo
                0x000c7064    0x5c029 ./src/main.o
 .debug_macinfo
                0x0012308d    0x5bb25 ./src/midi.o
 .debug_macinfo
                0x0017ebb2    0x5b9f0 ./src/mode_analog_style.o
 .debug_macinfo
                0x001da5a2     0x47a5 ./src/mode_bass_delay.o
 .debug_macinfo
                0x001ded47    0x5b9e8 ./src/mode_drum.o
 .debug_macinfo
                0x0023a72f    0x5b9ee ./src/mode_drum_synth.o
 .debug_macinfo
                0x0029611d     0x4789 ./src/mode_filter_envelope.o
 .debug_macinfo
                0x0029a8a6    0x5b9ee ./src/mode_filter_man.o
 .debug_macinfo
                0x002f6294     0x4791 ./src/mode_fm_ramp.o
 .debug_macinfo
                0x002faa25     0x4785 ./src/mode_mono_glider.o
 .debug_macinfo
                0x002ff1aa     0x4782 ./src/mode_nazareth.o
 .debug_macinfo
                0x0030392c    0x5b9f1 ./src/mode_octave_mirror.o
 .debug_macinfo
                0x0035f31d     0x4781 ./src/mode_plurden.o
 .debug_macinfo
                0x00363a9e     0x4793 ./src/mode_simple_fm.o
 .debug_macinfo
                0x00368231     0x4784 ./src/mode_simple_sin.o
 .debug_macinfo
                0x0036c9b5     0x4784 ./src/mode_wave_adder.o
 .debug_macinfo
                0x00371139     0x4466 ./src/oscillator.o
 .debug_macinfo
                0x0037559f    0x5b92a ./src/pp6.o
 .debug_macinfo
                0x003d0ec9     0x444f ./src/sad.o
 .debug_macinfo
                0x003d5318     0x4451 ./src/sadsr.o
 .debug_macinfo
                0x003d9769     0x471f ./src/sequencer.o
 .debug_macinfo
                0x003dde88    0x5aed1 ./src/system_stm32f4xx.o
 .debug_macinfo
                0x00438d59    0x5ae7d ./src/timer.o
 .debug_macinfo
                0x00493bd6    0x5ae7c ./src/uart.o
 .debug_macinfo
                0x004eea52     0x444f ./src/vcf.o
 .debug_macinfo
                0x004f2ea1    0x5ae5f /home/owen/workspace-redsuite/StdPeriphLib_v100_STM32F4xx/Debug/libStdPeriphLib_v100_STM32F4xx.a(misc.o)
 .debug_macinfo
                0x0054dd00    0x5b14d /home/owen/workspace-redsuite/StdPeriphLib_v100_STM32F4xx/Debug/libStdPeriphLib_v100_STM32F4xx.a(stm32f4xx_adc.o)
 .debug_macinfo
                0x005a8e4d    0x5ae33 /home/owen/workspace-redsuite/StdPeriphLib_v100_STM32F4xx/Debug/libStdPeriphLib_v100_STM32F4xx.a(stm32f4xx_gpio.o)
 .debug_macinfo
                0x00603c80    0x5b33f /home/owen/workspace-redsuite/StdPeriphLib_v100_STM32F4xx/Debug/libStdPeriphLib_v100_STM32F4xx.a(stm32f4xx_rcc.o)
 .debug_macinfo
                0x0065efbf    0x5ae33 /home/owen/workspace-redsuite/StdPeriphLib_v100_STM32F4xx/Debug/libStdPeriphLib_v100_STM32F4xx.a(stm32f4xx_rng.o)
 .debug_macinfo
                0x006b9df2    0x5af20 /home/owen/workspace-redsuite/StdPeriphLib_v100_STM32F4xx/Debug/libStdPeriphLib_v100_STM32F4xx.a(stm32f4xx_spi.o)
 .debug_macinfo
                0x00714d12    0x5af0c /home/owen/workspace-redsuite/StdPeriphLib_v100_STM32F4xx/Debug/libStdPeriphLib_v100_STM32F4xx.a(stm32f4xx_tim.o)
 .debug_macinfo
                0x0076fc1e    0x5af5f /home/owen/workspace-redsuite/StdPeriphLib_v100_STM32F4xx/Debug/libStdPeriphLib_v100_STM32F4xx.a(stm32f4xx_usart.o)
 .debug_macinfo
                0x007cab7d    0x5af41 /home/owen/workspace-redsuite/StdPeriphLib_v100_STM32F4xx/Debug/libStdPeriphLib_v100_STM32F4xx.a(stm32f4xx_wwdg.o)
 .debug_macinfo
                0x00825abe     0x430d /home/owen/workspace-redsuite/CMSISv2p10_DSPLIB_CM4/lib/libCMSISv2p10_DSPLIB_CM4.a(arm_float_to_q15.o)
 .debug_macinfo
                0x00829dcb     0x430d /home/owen/workspace-redsuite/CMSISv2p10_DSPLIB_CM4/lib/libCMSISv2p10_DSPLIB_CM4.a(arm_sin_f32.o)

.debug_loc      0x00000000     0x6516
 .debug_loc     0x00000000       0x70 ./src/CS4344.o
 .debug_loc     0x00000070       0x70 ./src/audio.o
 .debug_loc     0x000000e0       0xe0 ./src/comb.o
 .debug_loc     0x000001c0      0x28c ./src/cr_startup_stm32f4xx.o
 .debug_loc     0x0000044c       0x70 ./src/eq.o
 .debug_loc     0x000004bc       0xe0 ./src/line.o
 .debug_loc     0x0000059c       0x9e ./src/main.o
 .debug_loc     0x0000063a      0x72c ./src/midi.o
 .debug_loc     0x00000d66       0x9c ./src/mode_analog_style.o
 .debug_loc     0x00000e02       0x90 ./src/mode_bass_delay.o
 .debug_loc     0x00000e92       0xb4 ./src/mode_drum.o
 .debug_loc     0x00000f46       0x9c ./src/mode_drum_synth.o
 .debug_loc     0x00000fe2       0x90 ./src/mode_filter_envelope.o
 .debug_loc     0x00001072       0xa8 ./src/mode_filter_man.o
 .debug_loc     0x0000111a       0x9c ./src/mode_fm_ramp.o
 .debug_loc     0x000011b6       0x9c ./src/mode_mono_glider.o
 .debug_loc     0x00001252       0x9c ./src/mode_nazareth.o
 .debug_loc     0x000012ee       0xa8 ./src/mode_octave_mirror.o
 .debug_loc     0x00001396       0xa8 ./src/mode_plurden.o
 .debug_loc     0x0000143e       0x9c ./src/mode_simple_fm.o
 .debug_loc     0x000014da       0x90 ./src/mode_simple_sin.o
 .debug_loc     0x0000156a       0x90 ./src/mode_wave_adder.o
 .debug_loc     0x000015fa      0x462 ./src/oscillator.o
 .debug_loc     0x00001a5c      0x778 ./src/pp6.o
 .debug_loc     0x000021d4       0xe0 ./src/sad.o
 .debug_loc     0x000022b4      0x150 ./src/sadsr.o
 .debug_loc     0x00002404      0x3b8 ./src/sequencer.o
 .debug_loc     0x000027bc       0x9c ./src/system_stm32f4xx.o
 .debug_loc     0x00002858       0x90 ./src/timer.o
 .debug_loc     0x000028e8       0x70 ./src/uart.o
 .debug_loc     0x00002958       0xa8 ./src/vcf.o
 .debug_loc     0x00002a00      0x118 /home/owen/workspace-redsuite/StdPeriphLib_v100_STM32F4xx/Debug/libStdPeriphLib_v100_STM32F4xx.a(misc.o)
 .debug_loc     0x00002b18      0x838 /home/owen/workspace-redsuite/StdPeriphLib_v100_STM32F4xx/Debug/libStdPeriphLib_v100_STM32F4xx.a(stm32f4xx_adc.o)
 .debug_loc     0x00003350      0x310 /home/owen/workspace-redsuite/StdPeriphLib_v100_STM32F4xx/Debug/libStdPeriphLib_v100_STM32F4xx.a(stm32f4xx_gpio.o)
 .debug_loc     0x00003660      0x97c /home/owen/workspace-redsuite/StdPeriphLib_v100_STM32F4xx/Debug/libStdPeriphLib_v100_STM32F4xx.a(stm32f4xx_rcc.o)
 .debug_loc     0x00003fdc      0x1a8 /home/owen/workspace-redsuite/StdPeriphLib_v100_STM32F4xx/Debug/libStdPeriphLib_v100_STM32F4xx.a(stm32f4xx_rng.o)
 .debug_loc     0x00004184      0x578 /home/owen/workspace-redsuite/StdPeriphLib_v100_STM32F4xx/Debug/libStdPeriphLib_v100_STM32F4xx.a(stm32f4xx_spi.o)
 .debug_loc     0x000046fc     0x1420 /home/owen/workspace-redsuite/StdPeriphLib_v100_STM32F4xx/Debug/libStdPeriphLib_v100_STM32F4xx.a(stm32f4xx_tim.o)
 .debug_loc     0x00005b1c      0x658 /home/owen/workspace-redsuite/StdPeriphLib_v100_STM32F4xx/Debug/libStdPeriphLib_v100_STM32F4xx.a(stm32f4xx_usart.o)
 .debug_loc     0x00006174      0x19c /home/owen/workspace-redsuite/StdPeriphLib_v100_STM32F4xx/Debug/libStdPeriphLib_v100_STM32F4xx.a(stm32f4xx_wwdg.o)
 .debug_loc     0x00006310      0x178 /home/owen/workspace-redsuite/CMSISv2p10_DSPLIB_CM4/lib/libCMSISv2p10_DSPLIB_CM4.a(arm_float_to_q15.o)
 .debug_loc     0x00006488       0x8e /home/owen/workspace-redsuite/CMSISv2p10_DSPLIB_CM4/lib/libCMSISv2p10_DSPLIB_CM4.a(arm_sin_f32.o)

.debug_pubnames
                0x00000000     0x2fdc
 .debug_pubnames
                0x00000000       0x80 ./src/CS4344.o
 .debug_pubnames
                0x00000080       0x4b ./src/audio.o
 .debug_pubnames
                0x000000cb       0x54 ./src/comb.o
 .debug_pubnames
                0x0000011f      0x115 ./src/cr_startup_stm32f4xx.o
 .debug_pubnames
                0x00000234       0x34 ./src/eq.o
 .debug_pubnames
                0x00000268       0x53 ./src/line.o
 .debug_pubnames
                0x000002bb      0x130 ./src/main.o
 .debug_pubnames
                0x000003eb      0x333 ./src/midi.o
 .debug_pubnames
                0x0000071e       0x78 ./src/mode_analog_style.o
 .debug_pubnames
                0x00000796       0x72 ./src/mode_bass_delay.o
 .debug_pubnames
                0x00000808       0x60 ./src/mode_drum.o
 .debug_pubnames
                0x00000868       0x72 ./src/mode_drum_synth.o
 .debug_pubnames
                0x000008da       0x81 ./src/mode_filter_envelope.o
 .debug_pubnames
                0x0000095b       0x72 ./src/mode_filter_man.o
 .debug_pubnames
                0x000009cd       0x69 ./src/mode_fm_ramp.o
 .debug_pubnames
                0x00000a36       0xc5 ./src/mode_mono_glider.o
 .debug_pubnames
                0x00000afb       0x6c ./src/mode_nazareth.o
 .debug_pubnames
                0x00000b67       0x7b ./src/mode_octave_mirror.o
 .debug_pubnames
                0x00000be2       0x69 ./src/mode_plurden.o
 .debug_pubnames
                0x00000c4b       0x6f ./src/mode_simple_fm.o
 .debug_pubnames
                0x00000cba       0x72 ./src/mode_simple_sin.o
 .debug_pubnames
                0x00000d2c       0x72 ./src/mode_wave_adder.o
 .debug_pubnames
                0x00000d9e      0x177 ./src/oscillator.o
 .debug_pubnames
                0x00000f15      0x3e0 ./src/pp6.o
 .debug_pubnames
                0x000012f5       0x46 ./src/sad.o
 .debug_pubnames
                0x0000133b       0x74 ./src/sadsr.o
 .debug_pubnames
                0x000013af      0x2da ./src/sequencer.o
 .debug_pubnames
                0x00001689       0x61 ./src/system_stm32f4xx.o
 .debug_pubnames
                0x000016ea       0x44 ./src/timer.o
 .debug_pubnames
                0x0000172e       0x2d ./src/uart.o
 .debug_pubnames
                0x0000175b       0x50 ./src/vcf.o
 .debug_pubnames
                0x000017ab       0x89 /home/owen/workspace-redsuite/StdPeriphLib_v100_STM32F4xx/Debug/libStdPeriphLib_v100_STM32F4xx.a(misc.o)
 .debug_pubnames
                0x00001834      0x446 /home/owen/workspace-redsuite/StdPeriphLib_v100_STM32F4xx/Debug/libStdPeriphLib_v100_STM32F4xx.a(stm32f4xx_adc.o)
 .debug_pubnames
                0x00001c7a      0x12d /home/owen/workspace-redsuite/StdPeriphLib_v100_STM32F4xx/Debug/libStdPeriphLib_v100_STM32F4xx.a(stm32f4xx_gpio.o)
 .debug_pubnames
                0x00001da7      0x417 /home/owen/workspace-redsuite/StdPeriphLib_v100_STM32F4xx/Debug/libStdPeriphLib_v100_STM32F4xx.a(stm32f4xx_rcc.o)
 .debug_pubnames
                0x000021be       0xac /home/owen/workspace-redsuite/StdPeriphLib_v100_STM32F4xx/Debug/libStdPeriphLib_v100_STM32F4xx.a(stm32f4xx_rng.o)
 .debug_pubnames
                0x0000226a      0x221 /home/owen/workspace-redsuite/StdPeriphLib_v100_STM32F4xx/Debug/libStdPeriphLib_v100_STM32F4xx.a(stm32f4xx_spi.o)
 .debug_pubnames
                0x0000248b      0x7c4 /home/owen/workspace-redsuite/StdPeriphLib_v100_STM32F4xx/Debug/libStdPeriphLib_v100_STM32F4xx.a(stm32f4xx_tim.o)
 .debug_pubnames
                0x00002c4f      0x294 /home/owen/workspace-redsuite/StdPeriphLib_v100_STM32F4xx/Debug/libStdPeriphLib_v100_STM32F4xx.a(stm32f4xx_usart.o)
 .debug_pubnames
                0x00002ee3       0xb0 /home/owen/workspace-redsuite/StdPeriphLib_v100_STM32F4xx/Debug/libStdPeriphLib_v100_STM32F4xx.a(stm32f4xx_wwdg.o)
 .debug_pubnames
                0x00002f93       0x27 /home/owen/workspace-redsuite/CMSISv2p10_DSPLIB_CM4/lib/libCMSISv2p10_DSPLIB_CM4.a(arm_float_to_q15.o)
 .debug_pubnames
                0x00002fba       0x22 /home/owen/workspace-redsuite/CMSISv2p10_DSPLIB_CM4/lib/libCMSISv2p10_DSPLIB_CM4.a(arm_sin_f32.o)

.debug_pubtypes
                0x00000000     0x1460
 .debug_pubtypes
                0x00000000      0x116 ./src/CS4344.o
 .debug_pubtypes
                0x00000116       0x2d ./src/audio.o
 .debug_pubtypes
                0x00000143       0x2d ./src/comb.o
 .debug_pubtypes
                0x00000170       0x44 ./src/cr_startup_stm32f4xx.o
 .debug_pubtypes
                0x000001b4       0x38 ./src/eq.o
 .debug_pubtypes
                0x000001ec       0x36 ./src/line.o
 .debug_pubtypes
                0x00000222       0xa8 ./src/main.o
 .debug_pubtypes
                0x000002ca       0x2a ./src/midi.o
 .debug_pubtypes
                0x000002f4       0x72 ./src/mode_analog_style.o
 .debug_pubtypes
                0x00000366       0x84 ./src/mode_bass_delay.o
 .debug_pubtypes
                0x000003ea       0x85 ./src/mode_drum.o
 .debug_pubtypes
                0x0000046f       0x69 ./src/mode_drum_synth.o
 .debug_pubtypes
                0x000004d8       0x69 ./src/mode_filter_envelope.o
 .debug_pubtypes
                0x00000541       0x72 ./src/mode_filter_man.o
 .debug_pubtypes
                0x000005b3       0x6a ./src/mode_fm_ramp.o
 .debug_pubtypes
                0x0000061d       0x5a ./src/mode_mono_glider.o
 .debug_pubtypes
                0x00000677       0x62 ./src/mode_nazareth.o
 .debug_pubtypes
                0x000006d9       0x69 ./src/mode_octave_mirror.o
 .debug_pubtypes
                0x00000742       0x84 ./src/mode_plurden.o
 .debug_pubtypes
                0x000007c6       0x6a ./src/mode_simple_fm.o
 .debug_pubtypes
                0x00000830       0x84 ./src/mode_simple_sin.o
 .debug_pubtypes
                0x000008b4       0x84 ./src/mode_wave_adder.o
 .debug_pubtypes
                0x00000938       0xb0 ./src/oscillator.o
 .debug_pubtypes
                0x000009e8      0x131 ./src/pp6.o
 .debug_pubtypes
                0x00000b19       0x34 ./src/sad.o
 .debug_pubtypes
                0x00000b4d       0x36 ./src/sadsr.o
 .debug_pubtypes
                0x00000b83       0x39 ./src/sequencer.o
 .debug_pubtypes
                0x00000bbc       0x83 ./src/system_stm32f4xx.o
 .debug_pubtypes
                0x00000c3f       0x70 ./src/timer.o
 .debug_pubtypes
                0x00000caf       0xe8 ./src/uart.o
 .debug_pubtypes
                0x00000d97       0x2f ./src/vcf.o
 .debug_pubtypes
                0x00000dc6       0x8c /home/owen/workspace-redsuite/StdPeriphLib_v100_STM32F4xx/Debug/libStdPeriphLib_v100_STM32F4xx.a(misc.o)
 .debug_pubtypes
                0x00000e52       0xc9 /home/owen/workspace-redsuite/StdPeriphLib_v100_STM32F4xx/Debug/libStdPeriphLib_v100_STM32F4xx.a(stm32f4xx_adc.o)
 .debug_pubtypes
                0x00000f1b       0xce /home/owen/workspace-redsuite/StdPeriphLib_v100_STM32F4xx/Debug/libStdPeriphLib_v100_STM32F4xx.a(stm32f4xx_gpio.o)
 .debug_pubtypes
                0x00000fe9       0xaa /home/owen/workspace-redsuite/StdPeriphLib_v100_STM32F4xx/Debug/libStdPeriphLib_v100_STM32F4xx.a(stm32f4xx_rcc.o)
 .debug_pubtypes
                0x00001093       0x77 /home/owen/workspace-redsuite/StdPeriphLib_v100_STM32F4xx/Debug/libStdPeriphLib_v100_STM32F4xx.a(stm32f4xx_rng.o)
 .debug_pubtypes
                0x0000110a       0xbc /home/owen/workspace-redsuite/StdPeriphLib_v100_STM32F4xx/Debug/libStdPeriphLib_v100_STM32F4xx.a(stm32f4xx_spi.o)
 .debug_pubtypes
                0x000011c6       0xe4 /home/owen/workspace-redsuite/StdPeriphLib_v100_STM32F4xx/Debug/libStdPeriphLib_v100_STM32F4xx.a(stm32f4xx_tim.o)
 .debug_pubtypes
                0x000012aa       0xcd /home/owen/workspace-redsuite/StdPeriphLib_v100_STM32F4xx/Debug/libStdPeriphLib_v100_STM32F4xx.a(stm32f4xx_usart.o)
 .debug_pubtypes
                0x00001377       0x57 /home/owen/workspace-redsuite/StdPeriphLib_v100_STM32F4xx/Debug/libStdPeriphLib_v100_STM32F4xx.a(stm32f4xx_wwdg.o)
 .debug_pubtypes
                0x000013ce       0x59 /home/owen/workspace-redsuite/CMSISv2p10_DSPLIB_CM4/lib/libCMSISv2p10_DSPLIB_CM4.a(arm_float_to_q15.o)
 .debug_pubtypes
                0x00001427       0x39 /home/owen/workspace-redsuite/CMSISv2p10_DSPLIB_CM4/lib/libCMSISv2p10_DSPLIB_CM4.a(arm_sin_f32.o)

.debug_aranges  0x00000000     0x12d0
 .debug_aranges
                0x00000000       0x28 ./src/CS4344.o
 .debug_aranges
                0x00000028       0x28 ./src/audio.o
 .debug_aranges
                0x00000050       0x38 ./src/comb.o
 .debug_aranges
                0x00000088       0x88 ./src/cr_startup_stm32f4xx.o
 .debug_aranges
                0x00000110       0x28 ./src/eq.o
 .debug_aranges
                0x00000138       0x38 ./src/line.o
 .debug_aranges
                0x00000170       0x30 ./src/main.o
 .debug_aranges
                0x000001a0      0x138 ./src/midi.o
 .debug_aranges
                0x000002d8       0x30 ./src/mode_analog_style.o
 .debug_aranges
                0x00000308       0x30 ./src/mode_bass_delay.o
 .debug_aranges
                0x00000338       0x30 ./src/mode_drum.o
 .debug_aranges
                0x00000368       0x30 ./src/mode_drum_synth.o
 .debug_aranges
                0x00000398       0x30 ./src/mode_filter_envelope.o
 .debug_aranges
                0x000003c8       0x30 ./src/mode_filter_man.o
 .debug_aranges
                0x000003f8       0x30 ./src/mode_fm_ramp.o
 .debug_aranges
                0x00000428       0x30 ./src/mode_mono_glider.o
 .debug_aranges
                0x00000458       0x30 ./src/mode_nazareth.o
 .debug_aranges
                0x00000488       0x30 ./src/mode_octave_mirror.o
 .debug_aranges
                0x000004b8       0x30 ./src/mode_plurden.o
 .debug_aranges
                0x000004e8       0x30 ./src/mode_simple_fm.o
 .debug_aranges
                0x00000518       0x30 ./src/mode_simple_sin.o
 .debug_aranges
                0x00000548       0x30 ./src/mode_wave_adder.o
 .debug_aranges
                0x00000578       0xb8 ./src/oscillator.o
 .debug_aranges
                0x00000630      0x160 ./src/pp6.o
 .debug_aranges
                0x00000790       0x38 ./src/sad.o
 .debug_aranges
                0x000007c8       0x48 ./src/sadsr.o
 .debug_aranges
                0x00000810       0xb8 ./src/sequencer.o
 .debug_aranges
                0x000008c8       0x30 ./src/system_stm32f4xx.o
 .debug_aranges
                0x000008f8       0x30 ./src/timer.o
 .debug_aranges
                0x00000928       0x28 ./src/uart.o
 .debug_aranges
                0x00000950       0x30 ./src/vcf.o
 .debug_aranges
                0x00000980       0x40 /home/owen/workspace-redsuite/StdPeriphLib_v100_STM32F4xx/Debug/libStdPeriphLib_v100_STM32F4xx.a(misc.o)
 .debug_aranges
                0x000009c0      0x148 /home/owen/workspace-redsuite/StdPeriphLib_v100_STM32F4xx/Debug/libStdPeriphLib_v100_STM32F4xx.a(stm32f4xx_adc.o)
 .debug_aranges
                0x00000b08       0x88 /home/owen/workspace-redsuite/StdPeriphLib_v100_STM32F4xx/Debug/libStdPeriphLib_v100_STM32F4xx.a(stm32f4xx_gpio.o)
 .debug_aranges
                0x00000b90      0x178 /home/owen/workspace-redsuite/StdPeriphLib_v100_STM32F4xx/Debug/libStdPeriphLib_v100_STM32F4xx.a(stm32f4xx_rcc.o)
 .debug_aranges
                0x00000d08       0x58 /home/owen/workspace-redsuite/StdPeriphLib_v100_STM32F4xx/Debug/libStdPeriphLib_v100_STM32F4xx.a(stm32f4xx_rng.o)
 .debug_aranges
                0x00000d60       0xe0 /home/owen/workspace-redsuite/StdPeriphLib_v100_STM32F4xx/Debug/libStdPeriphLib_v100_STM32F4xx.a(stm32f4xx_spi.o)
 .debug_aranges
                0x00000e40      0x2f8 /home/owen/workspace-redsuite/StdPeriphLib_v100_STM32F4xx/Debug/libStdPeriphLib_v100_STM32F4xx.a(stm32f4xx_tim.o)
 .debug_aranges
                0x00001138      0x100 /home/owen/workspace-redsuite/StdPeriphLib_v100_STM32F4xx/Debug/libStdPeriphLib_v100_STM32F4xx.a(stm32f4xx_usart.o)
 .debug_aranges
                0x00001238       0x58 /home/owen/workspace-redsuite/StdPeriphLib_v100_STM32F4xx/Debug/libStdPeriphLib_v100_STM32F4xx.a(stm32f4xx_wwdg.o)
 .debug_aranges
                0x00001290       0x20 /home/owen/workspace-redsuite/CMSISv2p10_DSPLIB_CM4/lib/libCMSISv2p10_DSPLIB_CM4.a(arm_float_to_q15.o)
 .debug_aranges
                0x000012b0       0x20 /home/owen/workspace-redsuite/CMSISv2p10_DSPLIB_CM4/lib/libCMSISv2p10_DSPLIB_CM4.a(arm_sin_f32.o)

.debug_ranges   0x00000000     0x1188
 .debug_ranges  0x00000000       0x18 ./src/CS4344.o
 .debug_ranges  0x00000018       0x18 ./src/audio.o
 .debug_ranges  0x00000030       0x28 ./src/comb.o
 .debug_ranges  0x00000058       0x78 ./src/cr_startup_stm32f4xx.o
 .debug_ranges  0x000000d0       0x18 ./src/eq.o
 .debug_ranges  0x000000e8       0x28 ./src/line.o
 .debug_ranges  0x00000110       0x20 ./src/main.o
 .debug_ranges  0x00000130      0x128 ./src/midi.o
 .debug_ranges  0x00000258       0x20 ./src/mode_analog_style.o
 .debug_ranges  0x00000278       0x20 ./src/mode_bass_delay.o
 .debug_ranges  0x00000298       0x20 ./src/mode_drum.o
 .debug_ranges  0x000002b8       0x20 ./src/mode_drum_synth.o
 .debug_ranges  0x000002d8       0x20 ./src/mode_filter_envelope.o
 .debug_ranges  0x000002f8       0x20 ./src/mode_filter_man.o
 .debug_ranges  0x00000318       0x20 ./src/mode_fm_ramp.o
 .debug_ranges  0x00000338       0x20 ./src/mode_mono_glider.o
 .debug_ranges  0x00000358       0x20 ./src/mode_nazareth.o
 .debug_ranges  0x00000378       0x20 ./src/mode_octave_mirror.o
 .debug_ranges  0x00000398       0x20 ./src/mode_plurden.o
 .debug_ranges  0x000003b8       0x20 ./src/mode_simple_fm.o
 .debug_ranges  0x000003d8       0x20 ./src/mode_simple_sin.o
 .debug_ranges  0x000003f8       0x20 ./src/mode_wave_adder.o
 .debug_ranges  0x00000418       0xa8 ./src/oscillator.o
 .debug_ranges  0x000004c0      0x150 ./src/pp6.o
 .debug_ranges  0x00000610       0x28 ./src/sad.o
 .debug_ranges  0x00000638       0x38 ./src/sadsr.o
 .debug_ranges  0x00000670       0xa8 ./src/sequencer.o
 .debug_ranges  0x00000718       0x20 ./src/system_stm32f4xx.o
 .debug_ranges  0x00000738       0x20 ./src/timer.o
 .debug_ranges  0x00000758       0x18 ./src/uart.o
 .debug_ranges  0x00000770       0x20 ./src/vcf.o
 .debug_ranges  0x00000790       0x30 /home/owen/workspace-redsuite/StdPeriphLib_v100_STM32F4xx/Debug/libStdPeriphLib_v100_STM32F4xx.a(misc.o)
 .debug_ranges  0x000007c0      0x138 /home/owen/workspace-redsuite/StdPeriphLib_v100_STM32F4xx/Debug/libStdPeriphLib_v100_STM32F4xx.a(stm32f4xx_adc.o)
 .debug_ranges  0x000008f8       0x78 /home/owen/workspace-redsuite/StdPeriphLib_v100_STM32F4xx/Debug/libStdPeriphLib_v100_STM32F4xx.a(stm32f4xx_gpio.o)
 .debug_ranges  0x00000970      0x168 /home/owen/workspace-redsuite/StdPeriphLib_v100_STM32F4xx/Debug/libStdPeriphLib_v100_STM32F4xx.a(stm32f4xx_rcc.o)
 .debug_ranges  0x00000ad8       0x48 /home/owen/workspace-redsuite/StdPeriphLib_v100_STM32F4xx/Debug/libStdPeriphLib_v100_STM32F4xx.a(stm32f4xx_rng.o)
 .debug_ranges  0x00000b20       0xd0 /home/owen/workspace-redsuite/StdPeriphLib_v100_STM32F4xx/Debug/libStdPeriphLib_v100_STM32F4xx.a(stm32f4xx_spi.o)
 .debug_ranges  0x00000bf0      0x2e8 /home/owen/workspace-redsuite/StdPeriphLib_v100_STM32F4xx/Debug/libStdPeriphLib_v100_STM32F4xx.a(stm32f4xx_tim.o)
 .debug_ranges  0x00000ed8       0xf0 /home/owen/workspace-redsuite/StdPeriphLib_v100_STM32F4xx/Debug/libStdPeriphLib_v100_STM32F4xx.a(stm32f4xx_usart.o)
 .debug_ranges  0x00000fc8       0x48 /home/owen/workspace-redsuite/StdPeriphLib_v100_STM32F4xx/Debug/libStdPeriphLib_v100_STM32F4xx.a(stm32f4xx_wwdg.o)
 .debug_ranges  0x00001010      0x168 /home/owen/workspace-redsuite/CMSISv2p10_DSPLIB_CM4/lib/libCMSISv2p10_DSPLIB_CM4.a(arm_float_to_q15.o)
 .debug_ranges  0x00001178       0x10 /home/owen/workspace-redsuite/CMSISv2p10_DSPLIB_CM4/lib/libCMSISv2p10_DSPLIB_CM4.a(arm_sin_f32.o)

.debug_str      0x00000000     0x4644
 .debug_str     0x00000000      0x93d ./src/CS4344.o
                                0x97a (size before relaxing)
 .debug_str     0x0000093d       0x4f ./src/audio.o
                                0x110 (size before relaxing)
 .debug_str     0x0000098c       0xb4 ./src/comb.o
                                0x186 (size before relaxing)
 .debug_str     0x00000a40      0x1b4 ./src/cr_startup_stm32f4xx.o
                                0x2ac (size before relaxing)
 .debug_str     0x00000bf4       0x85 ./src/eq.o
                                0x150 (size before relaxing)
 .debug_str     0x00000c79       0x6c ./src/line.o
                                0x13f (size before relaxing)
 .debug_str     0x00000ce5      0x186 ./src/main.o
                                0x444 (size before relaxing)
 .debug_str     0x00000e6b      0x25d ./src/midi.o
                                0x3db (size before relaxing)
 .debug_str     0x000010c8      0x136 ./src/mode_analog_style.o
                                0x282 (size before relaxing)
 .debug_str     0x000011fe       0xc5 ./src/mode_bass_delay.o
                                0x268 (size before relaxing)
 .debug_str     0x000012c3       0xa3 ./src/mode_drum.o
                                0x2ab (size before relaxing)
 .debug_str     0x00001366       0x6d ./src/mode_drum_synth.o
                                0x207 (size before relaxing)
 .debug_str     0x000013d3       0x8e ./src/mode_filter_envelope.o
                                0x22e (size before relaxing)
 .debug_str     0x00001461       0x6d ./src/mode_filter_man.o
                                0x27a (size before relaxing)
 .debug_str     0x000014ce       0xe9 ./src/mode_fm_ramp.o
                                0x280 (size before relaxing)
 .debug_str     0x000015b7       0x80 ./src/mode_mono_glider.o
                                0x1e4 (size before relaxing)
 .debug_str     0x00001637       0x8a ./src/mode_nazareth.o
                                0x21c (size before relaxing)
 .debug_str     0x000016c1       0x85 ./src/mode_octave_mirror.o
                                0x246 (size before relaxing)
 .debug_str     0x00001746       0x75 ./src/mode_plurden.o
                                0x270 (size before relaxing)
 .debug_str     0x000017bb       0x69 ./src/mode_simple_fm.o
                                0x282 (size before relaxing)
 .debug_str     0x00001824       0x6d ./src/mode_simple_sin.o
                                0x268 (size before relaxing)
 .debug_str     0x00001891       0x6d ./src/mode_wave_adder.o
                                0x268 (size before relaxing)
 .debug_str     0x000018fe      0x1cb ./src/oscillator.o
                                0x3b1 (size before relaxing)
 .debug_str     0x00001ac9      0x4cb ./src/pp6.o
                                0x84e (size before relaxing)
 .debug_str     0x00001f94       0x48 ./src/sad.o
                                0x13f (size before relaxing)
 .debug_str     0x00001fdc       0x63 ./src/sadsr.o
                                0x186 (size before relaxing)
 .debug_str     0x0000203f      0x262 ./src/sequencer.o
                                0x340 (size before relaxing)
 .debug_str     0x000022a1      0x164 ./src/system_stm32f4xx.o
                                0x2fe (size before relaxing)
 .debug_str     0x00002405      0x13a ./src/timer.o
                                0x285 (size before relaxing)
 .debug_str     0x0000253f       0xa8 ./src/uart.o
                                0x395 (size before relaxing)
 .debug_str     0x000025e7       0x49 ./src/vcf.o
                                0x149 (size before relaxing)
 .debug_str     0x00002630      0x171 /home/owen/workspace-redsuite/StdPeriphLib_v100_STM32F4xx/Debug/libStdPeriphLib_v100_STM32F4xx.a(misc.o)
                                0x339 (size before relaxing)
 .debug_str     0x000027a1      0x4d6 /home/owen/workspace-redsuite/StdPeriphLib_v100_STM32F4xx/Debug/libStdPeriphLib_v100_STM32F4xx.a(stm32f4xx_adc.o)
                                0x764 (size before relaxing)
 .debug_str     0x00002c77      0x171 /home/owen/workspace-redsuite/StdPeriphLib_v100_STM32F4xx/Debug/libStdPeriphLib_v100_STM32F4xx.a(stm32f4xx_gpio.o)
                                0x403 (size before relaxing)
 .debug_str     0x00002de8      0x537 /home/owen/workspace-redsuite/StdPeriphLib_v100_STM32F4xx/Debug/libStdPeriphLib_v100_STM32F4xx.a(stm32f4xx_rcc.o)
                                0x7b0 (size before relaxing)
 .debug_str     0x0000331f       0xad /home/owen/workspace-redsuite/StdPeriphLib_v100_STM32F4xx/Debug/libStdPeriphLib_v100_STM32F4xx.a(stm32f4xx_rng.o)
                                0x1e4 (size before relaxing)
 .debug_str     0x000033cc      0x2e6 /home/owen/workspace-redsuite/StdPeriphLib_v100_STM32F4xx/Debug/libStdPeriphLib_v100_STM32F4xx.a(stm32f4xx_spi.o)
                                0x5ea (size before relaxing)
 .debug_str     0x000036b2      0xa54 /home/owen/workspace-redsuite/StdPeriphLib_v100_STM32F4xx/Debug/libStdPeriphLib_v100_STM32F4xx.a(stm32f4xx_tim.o)
                                0xd30 (size before relaxing)
 .debug_str     0x00004106      0x378 /home/owen/workspace-redsuite/StdPeriphLib_v100_STM32F4xx/Debug/libStdPeriphLib_v100_STM32F4xx.a(stm32f4xx_usart.o)
                                0x5ef (size before relaxing)
 .debug_str     0x0000447e       0xb2 /home/owen/workspace-redsuite/StdPeriphLib_v100_STM32F4xx/Debug/libStdPeriphLib_v100_STM32F4xx.a(stm32f4xx_wwdg.o)
                                0x1e2 (size before relaxing)
 .debug_str     0x00004530       0xb0 /home/owen/workspace-redsuite/CMSISv2p10_DSPLIB_CM4/lib/libCMSISv2p10_DSPLIB_CM4.a(arm_float_to_q15.o)
                                0x164 (size before relaxing)