Archive member included because of file (symbol)

/home/owen/workspace-redsuite/StdPeriphLib_v100_STM32F4xx/Debug/libStdPeriphLib_v100_STM32F4xx.a(misc.o)
                              ./src/CS4344.o (NVIC_Init)
/home/owen/workspace-redsuite/StdPeriphLib_v100_STM32F4xx/Debug/libStdPeriphLib_v100_STM32F4xx.a(stm32f4xx_adc.o)
                              ./src/pp6.o (ADC_Init)
/home/owen/workspace-redsuite/StdPeriphLib_v100_STM32F4xx/Debug/libStdPeriphLib_v100_STM32F4xx.a(stm32f4xx_gpio.o)
                              ./src/CS4344.o (GPIO_Init)
/home/owen/workspace-redsuite/StdPeriphLib_v100_STM32F4xx/Debug/libStdPeriphLib_v100_STM32F4xx.a(stm32f4xx_rcc.o)
                              ./src/CS4344.o (RCC_AHB1PeriphClockCmd)
/home/owen/workspace-redsuite/StdPeriphLib_v100_STM32F4xx/Debug/libStdPeriphLib_v100_STM32F4xx.a(stm32f4xx_rng.o)
                              ./src/main.o (RNG_Cmd)
/home/owen/workspace-redsuite/StdPeriphLib_v100_STM32F4xx/Debug/libStdPeriphLib_v100_STM32F4xx.a(stm32f4xx_spi.o)
                              ./src/CS4344.o (SPI_I2S_DeInit)
/home/owen/workspace-redsuite/StdPeriphLib_v100_STM32F4xx/Debug/libStdPeriphLib_v100_STM32F4xx.a(stm32f4xx_tim.o)
                              ./src/timer.o (TIM_TimeBaseInit)
/home/owen/workspace-redsuite/StdPeriphLib_v100_STM32F4xx/Debug/libStdPeriphLib_v100_STM32F4xx.a(stm32f4xx_usart.o)
                              ./src/uart.o (USART_Init)
/home/owen/workspace-redsuite/StdPeriphLib_v100_STM32F4xx/Debug/libStdPeriphLib_v100_STM32F4xx.a(stm32f4xx_wwdg.o)
                              ./src/cr_startup_stm32f4xx.o (WWDG_SetPrescaler)
/home/owen/workspace-redsuite/CMSISv2p10_DSPLIB_CM4/lib/libCMSISv2p10_DSPLIB_CM4.a(arm_float_to_q15.o)
                              ./src/main.o (arm_float_to_q15)
/home/owen/workspace-redsuite/CMSISv2p10_DSPLIB_CM4/lib/libCMSISv2p10_DSPLIB_CM4.a(arm_sin_f32.o)
                              ./src/oscillator.o (arm_sin_f32)
/usr/local/redsuite_4.2.3_255/redsuite/tools/bin/../lib/gcc/arm-none-eabi/4.5.1/../../../../arm-none-eabi/lib/thumb2/libcr_c.a(__weak__main.o)
                              ./src/cr_startup_stm32f4xx.o (__main)

Allocating common symbols
Common symbol       size              file

saw4                0xc               ./src/mode_mono_glider.o
saw1                0xc               ./src/mode_mono_glider.o
f                   0x4               ./src/mode_mono_glider.o
recvArg0_           0x4               ./src/main.o
channelIn_          0x4               ./src/main.o
amp                 0x4               ./src/mode_mono_glider.o
uart_recv_buf       0x20              ./src/main.o
amp_env             0x1c              ./src/mode_mono_glider.o
saw3                0xc               ./src/mode_mono_glider.o
recvEvent_          0x4               ./src/main.o
saw2                0xc               ./src/mode_mono_glider.o
seq_notes           0x3fc             ./src/sequencer.o
seq_deltas          0x3fc             ./src/sequencer.o
tmp8                0x1               ./src/main.o
recvMode_           0x4               ./src/main.o
recvByteCount_      0x4               ./src/main.o
sendFullCommands_   0x1               ./src/main.o
pp6                 0x28              ./src/pp6.o
recvBytesNeeded_    0x4               ./src/main.o
seq_events          0x3fc             ./src/sequencer.o
delay_buffer        0x4000            ./src/comb.o
sig                 0x4               ./src/mode_mono_glider.o
play_buf            0x400             ./src/CS4344.o
lastStatusSent_     0x4               ./src/main.o

Discarded input sections

 .text          0x00000000        0x0 ./src/CS4344.o
 .data          0x00000000        0x0 ./src/CS4344.o
 .bss           0x00000000        0x0 ./src/CS4344.o
 .bss.o         0x00000000        0x2 ./src/CS4344.o
 .text          0x00000000        0x0 ./src/audio.o
 .data          0x00000000        0x0 ./src/audio.o
 .bss           0x00000000        0x0 ./src/audio.o
 .text          0x00000000        0x0 ./src/comb.o
 .data          0x00000000        0x0 ./src/comb.o
 .bss           0x00000000        0x0 ./src/comb.o
 .data.delay_time
                0x00000000        0x4 ./src/comb.o
 .data.delay_fb
                0x00000000        0x4 ./src/comb.o
 .bss.delay_read_index
                0x00000000        0x4 ./src/comb.o
 .bss.delay_write_index
                0x00000000        0x4 ./src/comb.o
 .text.comb_init
                0x00000000       0x40 ./src/comb.o
 .text.comb_process
                0x00000000       0xac ./src/comb.o
 COMMON         0x00000000     0x4000 ./src/comb.o
 .text          0x00000000        0x0 ./src/cr_startup_stm32f4xx.o
 .data          0x00000000        0x0 ./src/cr_startup_stm32f4xx.o
 .bss           0x00000000        0x0 ./src/cr_startup_stm32f4xx.o
 .text          0x00000000        0x0 ./src/line.o
 .data          0x00000000        0x0 ./src/line.o
 .bss           0x00000000        0x0 ./src/line.o
 .text.line_is_processing
[...]
Memory Configuration

Name             Origin             Length             Attributes
MFlash1024       0x08000000         0x00100000         xr
Ram112           0x20000000         0x0001c000         xrw
PeriphRam16      0x2001c000         0x00004000         xrw
Ram64            0x10000000         0x00010000         xrw
*default*        0x00000000         0xffffffff

Linker script and memory map

LOAD ./src/CS4344.o
LOAD ./src/audio.o
LOAD ./src/comb.o
LOAD ./src/cr_startup_stm32f4xx.o
LOAD ./src/line.o
LOAD ./src/main.o
LOAD ./src/midi.o
LOAD ./src/mode_analog_style.o
LOAD ./src/mode_drum.o
LOAD ./src/mode_drum_synth.o
LOAD ./src/mode_filter_envelope.o
LOAD ./src/mode_filter_man.o
LOAD ./src/mode_mono_glider.o
LOAD ./src/mode_nazareth.o
LOAD ./src/mode_octave_mirror.o
LOAD ./src/mode_simple_fm.o
LOAD ./src/mode_simple_sin.o
LOAD ./src/mode_wave_adder.o
LOAD ./src/oscillator.o
LOAD ./src/pp6.o
LOAD ./src/sad.o
LOAD ./src/sadsr.o
LOAD ./src/sequencer.o
LOAD ./src/system_stm32f4xx.o
LOAD ./src/timer.o
LOAD ./src/uart.o
LOAD ./src/vcf.o
LOAD /home/owen/workspace-redsuite/StdPeriphLib_v100_STM32F4xx/Debug/libStdPeriphLib_v100_STM32F4xx.a
LOAD /home/owen/workspace-redsuite/CMSISv2p10_STM32F4xx/Debug/libCMSISv2p10_STM32F4xx.a
LOAD /home/owen/workspace-redsuite/CMSISv2p10_DSPLIB_CM4/lib/libCMSISv2p10_DSPLIB_CM4.a
START GROUP
LOAD /usr/local/redsuite_4.2.3_255/redsuite/tools/bin/../lib/gcc/arm-none-eabi/4.5.1/../../../../arm-none-eabi/lib/thumb2/libcr_c.a
LOAD /usr/local/redsuite_4.2.3_255/redsuite/tools/bin/../lib/gcc/arm-none-eabi/4.5.1/thumb2/libcr_eabihelpers.a
END GROUP
                0x08100000                __top_MFlash1024 = 0x8100000
                0x2001c000                __top_Ram112 = 0x2001c000
                0x20020000                __top_PeriphRam16 = 0x20020000
                0x10010000                __top_Ram64 = 0x10010000

.text           0x08000000     0x6620
 FILL mask 0xff
 *(.isr_vector)
 .isr_vector    0x08000000      0x188 ./src/cr_startup_stm32f4xx.o
                0x08000000                g_pfnVectors
                0x08000188                . = ALIGN (0x4)
                0x08000188                __section_table_start = .
                0x08000188                __data_section_table = .
                0x08000188        0x4 LONG 0x8006620 LOADADDR (.data)
                0x0800018c        0x4 LONG 0x20000000 ADDR (.data)
                0x08000190        0x4 LONG 0x248 SIZEOF (.data)
                0x08000194        0x4 LONG 0x8006620 LOADADDR (.data_RAM2)
                0x08000198        0x4 LONG 0x2001c000 ADDR (.data_RAM2)
                0x0800019c        0x4 LONG 0x0 SIZEOF (.data_RAM2)
                0x080001a0        0x4 LONG 0x8006620 LOADADDR (.data_RAM3)
                0x080001a4        0x4 LONG 0x10000000 ADDR (.data_RAM3)
                0x080001a8        0x4 LONG 0x0 SIZEOF (.data_RAM3)
                0x080001ac                __data_section_table_end = .
                0x080001ac                __bss_section_table = .
                0x080001ac        0x4 LONG 0x20000248 ADDR (.bss)
                0x080001b0        0x4 LONG 0x7bc SIZEOF (.bss)
                0x080001b4        0x4 LONG 0x2001c000 ADDR (.bss_RAM2)
                0x080001b8        0x4 LONG 0x0 SIZEOF (.bss_RAM2)
                0x080001bc        0x4 LONG 0x10000000 ADDR (.bss_RAM3)
                0x080001c0        0x4 LONG 0x0 SIZEOF (.bss_RAM3)
                0x080001c4                __bss_section_table_end = .
                0x080001c4                __section_table_end = .
 *(.after_vectors*)
 .after_vectors
                0x080001c4      0x17c ./src/cr_startup_stm32f4xx.o
                0x080001c4                data_init
                0x08000214                bss_init
                0x08000254                ResetISR
                0x080002e8                NMI_Handler
                0x080002f0                HardFault_Handler
                0x080002fc                MemManage_Handler
                0x08000304                BusFault_Handler
                0x0800030c                UsageFault_Handler
                0x08000314                SVC_Handler
                0x0800031c                DebugMon_Handler
                0x08000324                PendSV_Handler
                0x0800032c                SysTick_Handler
                0x08000334                RTC_Alarm_IRQHandler
                0x08000334                HASH_RNG_IRQHandler
                0x08000334                EXTI2_IRQHandler
                0x08000334                TIM8_CC_IRQHandler
                0x08000334                TIM1_CC_IRQHandler
                0x08000334                DMA2_Stream5_IRQHandler
                0x08000334                DMA1_Stream5_IRQHandler
                0x08000334                PVD_IRQHandler
                0x08000334                SDIO_IRQHandler
                0x08000334                TAMP_STAMP_IRQHandler
                0x08000334                CAN2_RX1_IRQHandler
                0x08000334                EXTI3_IRQHandler
                0x08000334                TIM8_TRG_COM_TIM14_IRQHandler
                0x08000334                TIM1_UP_TIM10_IRQHandler
                0x08000334                TIM8_UP_TIM13_IRQHandler
                0x08000334                I2C3_ER_IRQHandler
                0x08000334                EXTI0_IRQHandler
                0x08000334                I2C2_EV_IRQHandler
                0x08000334                DMA1_Stream2_IRQHandler
                0x08000334                CAN1_RX0_IRQHandler
                0x08000334                FPU_IRQHandler
                0x08000334                OTG_HS_WKUP_IRQHandler
                0x08000334                CAN2_SCE_IRQHandler
                0x08000334                DMA2_Stream2_IRQHandler
                0x08000334                SPI1_IRQHandler
                0x08000334                IntDefaultHandler
                0x08000334                TIM6_DAC_IRQHandler
                0x08000334                TIM1_BRK_TIM9_IRQHandler
                0x08000334                DCMI_IRQHandler
                0x08000334                CAN2_RX0_IRQHandler
                0x08000334                DMA2_Stream3_IRQHandler
                0x08000334                USART6_IRQHandler
                0x08000334                USART3_IRQHandler
                0x08000334                CRYP_IRQHandler
                0x08000334                CAN1_RX1_IRQHandler
                0x08000334                UART5_IRQHandler
                0x08000334                DMA2_Stream0_IRQHandler
                0x08000334                TIM4_IRQHandler
                0x08000334                I2C1_EV_IRQHandler
                0x08000334                DMA1_Stream6_IRQHandler
                0x08000334                DMA1_Stream1_IRQHandler
                0x08000334                UART4_IRQHandler
                0x08000334                TIM3_IRQHandler
                0x08000334                RCC_IRQHandler
                0x08000334                TIM8_BRK_TIM12_IRQHandler
                0x08000334                EXTI15_10_IRQHandler
                0x08000334                ADC_IRQHandler
                0x08000334                DMA1_Stream7_IRQHandler
                0x08000334                TIM7_IRQHandler
                0x08000334                CAN2_TX_IRQHandler
                0x08000334                TIM5_IRQHandler
                0x08000334                DMA2_Stream7_IRQHandler
                0x08000334                I2C3_EV_IRQHandler
                0x08000334                EXTI9_5_IRQHandler
                0x08000334                RTC_WKUP_IRQHandler
                0x08000334                ETH_WKUP_IRQHandler
                0x08000334                SPI2_IRQHandler
                0x08000334                OTG_HS_EP1_IN_IRQHandler
                0x08000334                DMA1_Stream0_IRQHandler
                0x08000334                CAN1_TX_IRQHandler
                0x08000334                EXTI4_IRQHandler
                0x08000334                FSMC_IRQHandler
                0x08000334                ETH_IRQHandler
                0x08000334                OTG_HS_EP1_OUT_IRQHandler
                0x08000334                WWDG_IRQHandler
                0x08000334                TIM2_IRQHandler
                0x08000334                OTG_FS_WKUP_IRQHandler
                0x08000334                TIM1_TRG_COM_TIM11_IRQHandler
                0x08000334                OTG_HS_IRQHandler
                0x08000334                EXTI1_IRQHandler
                0x08000334                USART2_IRQHandler
                0x08000334                I2C2_ER_IRQHandler
                0x08000334                DMA2_Stream1_IRQHandler
                0x08000334                CAN1_SCE_IRQHandler
                0x08000334                FLASH_IRQHandler
                0x08000334                DMA2_Stream4_IRQHandler
                0x08000334                USART1_IRQHandler
                0x08000334                OTG_FS_IRQHandler
                0x08000334                DMA1_Stream4_IRQHandler
                0x08000334                I2C1_ER_IRQHandler
                0x08000334                DMA2_Stream6_IRQHandler
                0x08000334                DMA1_Stream3_IRQHandler
 *(.text*)
 .text.CS4344_init
                0x08000340      0x17c ./src/CS4344.o
                0x08000340                CS4344_init
 .text.SPI3_IRQHandler
                0x080004bc       0x94 ./src/CS4344.o
                0x080004bc                SPI3_IRQHandler
 .text.c_to_f   0x08000550       0xf0 ./src/audio.o
                0x08000550                c_to_f
 .text.c_to_f_ratio
                0x08000640       0xe4 ./src/audio.o
                0x08000640                c_to_f_ratio
 .text.NVIC_SystemReset
                0x08000724       0x34 ./src/cr_startup_stm32f4xx.o
 .text.line_set
                0x08000758       0x1c ./src/line.o
                0x08000758                line_set
 .text.line_go  0x08000774       0x74 ./src/line.o
                0x08000774                line_go
 .text.line_process
                0x080007e8       0x54 ./src/line.o
                0x080007e8                line_process
 .text.main     0x0800083c      0x3e8 ./src/main.o
                0x0800083c                main
 .text.Delay    0x08000c24       0x2c ./src/main.o
                0x08000c24                Delay
 .text.midi_init
                0x08000c50       0x7c ./src/midi.o
                0x08000c50                midi_init
 .text.mode_analog_style_init
                0x08000ccc       0x30 ./src/mode_analog_style.o
                0x08000ccc                mode_analog_style_init
 .text.mode_analog_style_sample_process
                0x08000cfc      0x1a8 ./src/mode_analog_style.o
                0x08000cfc                mode_analog_style_sample_process
 .text.mode_analog_style_control_process
                0x08000ea4      0x10c ./src/mode_analog_style.o
                0x08000ea4                mode_analog_style_control_process
 .text.mode_filter_envelope_init
                0x08000fb0       0x64 ./src/mode_filter_envelope.o
                0x08000fb0                mode_filter_envelope_init
 .text.mode_filter_envelope_sample_process
                0x08001014      0x17c ./src/mode_filter_envelope.o
                0x08001014                mode_filter_envelope_sample_process
 .text.mode_filter_envelope_control_process
                0x08001190      0x138 ./src/mode_filter_envelope.o
                0x08001190                mode_filter_envelope_control_process
 .text.mode_filter_man_init
                0x080012c8       0x30 ./src/mode_filter_man.o
                0x080012c8                mode_filter_man_init
 .text.mode_octave_mirror_init
                0x080012f8       0x30 ./src/mode_octave_mirror.o
                0x080012f8                mode_octave_mirror_init
 .text.mode_octave_mirror_sample_process
                0x08001328      0x104 ./src/mode_octave_mirror.o
                0x08001328                mode_octave_mirror_sample_process
 .text.mode_octave_mirror_control_process
                0x0800142c      0x208 ./src/mode_octave_mirror.o
                0x0800142c                mode_octave_mirror_control_process
 .text.mode_simple_fm_init
                0x08001634       0x30 ./src/mode_simple_fm.o
                0x08001634                mode_simple_fm_init
 .text.mode_simple_fm_sample_process
                0x08001664       0xb4 ./src/mode_simple_fm.o
                0x08001664                mode_simple_fm_sample_process
 .text.mode_simple_fm_control_process
                0x08001718      0x128 ./src/mode_simple_fm.o
                0x08001718                mode_simple_fm_control_process
 .text.mode_simple_sin_init
                0x08001840       0x40 ./src/mode_simple_sin.o
                0x08001840                mode_simple_sin_init
 .text.mode_simple_sin_sample_process
                0x08001880      0x130 ./src/mode_simple_sin.o
                0x08001880                mode_simple_sin_sample_process
 .text.mode_simple_sin_control_process
                0x080019b0      0x158 ./src/mode_simple_sin.o
                0x080019b0                mode_simple_sin_control_process
 .text.mode_wave_adder_init
                0x08001b08       0x40 ./src/mode_wave_adder.o
                0x08001b08                mode_wave_adder_init
 .text.mode_wave_adder_sample_process
                0x08001b48      0x134 ./src/mode_wave_adder.o
                0x08001b48                mode_wave_adder_sample_process
 .text.mode_wave_adder_control_process
                0x08001c7c      0x158 ./src/mode_wave_adder.o
                0x08001c7c                mode_wave_adder_control_process
 .text.sin_set  0x08001dd4       0x5c ./src/oscillator.o
                0x08001dd4                sin_set
 .text.sin_process
                0x08001e30       0x74 ./src/oscillator.o
                0x08001e30                sin_process
 .text.simple_FM
                0x08001ea4      0x1c0 ./src/oscillator.o
                0x08001ea4                simple_FM
 .text.bl_step_table_read
                0x08002064       0x7c ./src/oscillator.o
                0x08002064                bl_step_table_read
 .text.bl_saw_set
                0x080020e0       0x38 ./src/oscillator.o
                0x080020e0                bl_saw_set
 .text.bl_saw_process
                0x08002118       0xfc ./src/oscillator.o
                0x08002118                bl_saw_process
 .text.bl_square_set
                0x08002214       0x38 ./src/oscillator.o
                0x08002214                bl_square_set
 .text.bl_square_init
                0x0800224c       0x24 ./src/oscillator.o
                0x0800224c                bl_square_init
 .text.pp6_get_knob_1
                0x08002270       0x18 ./src/pp6.o
                0x08002270                pp6_get_knob_1
 .text.pp6_get_knob_2
                0x08002288       0x18 ./src/pp6.o
                0x08002288                pp6_get_knob_2
 .text.pp6_get_knob_3
                0x080022a0       0x18 ./src/pp6.o
                0x080022a0                pp6_get_knob_3
 .text.pp6_set_mode_button_pressed
                0x080022b8       0x18 ./src/pp6.o
                0x080022b8                pp6_set_mode_button_pressed
 .text.pp6_mode_button_pressed
                0x080022d0       0x18 ./src/pp6.o
                0x080022d0                pp6_mode_button_pressed
 .text.pp6_set_aux_button_pressed
                0x080022e8       0x1c ./src/pp6.o
                0x080022e8                pp6_set_aux_button_pressed
 .text.pp6_set_aux_button_released
                0x08002304       0x1c ./src/pp6.o
                0x08002304                pp6_set_aux_button_released
 .text.pp6_aux_button_released
                0x08002320       0x18 ./src/pp6.o
                0x08002320                pp6_aux_button_released
 .text.pp6_change_mode
                0x08002338       0x54 ./src/pp6.o
                0x08002338                pp6_change_mode
 .text.pp6_set_mode
                0x0800238c       0x34 ./src/pp6.o
                0x0800238c                pp6_set_mode
 .text.pp6_get_mode
                0x080023c0       0x18 ./src/pp6.o
                0x080023c0                pp6_get_mode
 .text.pp6_set_mode_led
                0x080023d8      0x1f0 ./src/pp6.o
                0x080023d8                pp6_set_mode_led
 .text.pp6_change_aux
                0x080025c8       0x54 ./src/pp6.o
                0x080025c8                pp6_change_aux
 .text.pp6_set_aux
                0x0800261c       0x34 ./src/pp6.o
                0x0800261c                pp6_set_aux
 .text.pp6_get_aux
                0x08002650       0x18 ./src/pp6.o
                0x08002650                pp6_get_aux
 .text.pp6_set_aux_led
                0x08002668      0x1f0 ./src/pp6.o
                0x08002668                pp6_set_aux_led
 .text.pp6_get_keys
                0x08002858       0x18 ./src/pp6.o
                0x08002858                pp6_get_keys
 .text.pp6_set_note
                0x08002870       0x20 ./src/pp6.o
                0x08002870                pp6_set_note
 .text.pp6_get_note
                0x08002890       0x18 ./src/pp6.o
                0x08002890                pp6_get_note
 .text.pp6_set_note_start
                0x080028a8       0x34 ./src/pp6.o
                0x080028a8                pp6_set_note_start
 .text.pp6_get_note_start
                0x080028dc       0x18 ./src/pp6.o
                0x080028dc                pp6_get_note_start
 .text.pp6_set_note_stop
                0x080028f4       0x28 ./src/pp6.o
                0x080028f4                pp6_set_note_stop
 .text.pp6_get_note_stop
                0x0800291c       0x18 ./src/pp6.o
                0x0800291c                pp6_get_note_stop
 .text.pp6_clear_flags
                0x08002934       0x64 ./src/pp6.o
                0x08002934                pp6_clear_flags
 .text.pp6_get_num_keys_down
                0x08002998       0x18 ./src/pp6.o
                0x08002998                pp6_get_num_keys_down
 .text.pp6_knobs_init
                0x080029b0       0xd8 ./src/pp6.o
                0x080029b0                pp6_knobs_init
 .text.pp6_knobs_update
                0x08002a88      0x158 ./src/pp6.o
                0x08002a88                pp6_knobs_update
 .text.pp6_leds_init
                0x08002be0       0xa8 ./src/pp6.o
                0x08002be0                pp6_leds_init
 .text.pp6_keys_init
                0x08002c88       0xb0 ./src/pp6.o
                0x08002c88                pp6_keys_init
 .text.pp6_keys_update
                0x08002d38      0x2a0 ./src/pp6.o
                0x08002d38                pp6_keys_update
 .text.sadsr_init
                0x08002fd8       0x34 ./src/sadsr.o
                0x08002fd8                sadsr_init
 .text.sadsr_process
                0x0800300c      0x13c ./src/sadsr.o
                0x0800300c                sadsr_process
 .text.sadsr_set
                0x08003148       0x70 ./src/sadsr.o
                0x08003148                sadsr_set
 .text.sadsr_go
                0x080031b8       0x24 ./src/sadsr.o
                0x080031b8                sadsr_go
 .text.sadsr_release
                0x080031dc       0x1c ./src/sadsr.o
                0x080031dc                sadsr_release
 .text.SystemInit
                0x080031f8       0xb0 ./src/system_stm32f4xx.o
                0x080031f8                SystemInit
 .text.SetSysClock
                0x080032a8      0x1e0 ./src/system_stm32f4xx.o
 .text.timer_init
                0x08003488       0x4c ./src/timer.o
                0x08003488                timer_init
 .text.timer_get_time
                0x080034d4       0x14 ./src/timer.o
                0x080034d4                timer_get_time
 .text.uart_init
                0x080034e8       0xc4 ./src/uart.o
                0x080034e8                uart_init
 .text.vcf_filter_init
                0x080035ac       0x5c ./src/vcf.o
                0x080035ac                vcf_filter_init
 .text.vcf_filter_set
                0x08003608       0x80 ./src/vcf.o
                0x08003608                vcf_filter_set
 .text.vcf_filter_process
                0x08003688      0x18c ./src/vcf.o
                0x08003688                vcf_filter_process
 .text.NVIC_Init
                0x08003814       0xe8 /home/owen/workspace-redsuite/StdPeriphLib_v100_STM32F4xx/Debug/libStdPeriphLib_v100_STM32F4xx.a(misc.o)
                0x08003814                NVIC_Init
 .text.ADC_Init
                0x080038fc       0xc4 /home/owen/workspace-redsuite/StdPeriphLib_v100_STM32F4xx/Debug/libStdPeriphLib_v100_STM32F4xx.a(stm32f4xx_adc.o)
                0x080038fc                ADC_Init
 .text.ADC_CommonInit
                0x080039c0       0x60 /home/owen/workspace-redsuite/StdPeriphLib_v100_STM32F4xx/Debug/libStdPeriphLib_v100_STM32F4xx.a(stm32f4xx_adc.o)
                0x080039c0                ADC_CommonInit
 .text.ADC_Cmd  0x08003a20       0x38 /home/owen/workspace-redsuite/StdPeriphLib_v100_STM32F4xx/Debug/libStdPeriphLib_v100_STM32F4xx.a(stm32f4xx_adc.o)
                0x08003a20                ADC_Cmd
 .text.ADC_RegularChannelConfig
                0x08003a58      0x1d0 /home/owen/workspace-redsuite/StdPeriphLib_v100_STM32F4xx/Debug/libStdPeriphLib_v100_STM32F4xx.a(stm32f4xx_adc.o)
                0x08003a58                ADC_RegularChannelConfig
 .text.ADC_SoftwareStartConv
                0x08003c28       0x20 /home/owen/workspace-redsuite/StdPeriphLib_v100_STM32F4xx/Debug/libStdPeriphLib_v100_STM32F4xx.a(stm32f4xx_adc.o)
                0x08003c28                ADC_SoftwareStartConv
 .text.ADC_GetConversionValue
                0x08003c48       0x1c /home/owen/workspace-redsuite/StdPeriphLib_v100_STM32F4xx/Debug/libStdPeriphLib_v100_STM32F4xx.a(stm32f4xx_adc.o)
                0x08003c48                ADC_GetConversionValue
 .text.GPIO_Init
                0x08003c64      0x158 /home/owen/workspace-redsuite/StdPeriphLib_v100_STM32F4xx/Debug/libStdPeriphLib_v100_STM32F4xx.a(stm32f4xx_gpio.o)
                0x08003c64                GPIO_Init
 .text.GPIO_ReadInputDataBit
                0x08003dbc       0x40 /home/owen/workspace-redsuite/StdPeriphLib_v100_STM32F4xx/Debug/libStdPeriphLib_v100_STM32F4xx.a(stm32f4xx_gpio.o)
                0x08003dbc                GPIO_ReadInputDataBit
 .text.GPIO_WriteBit
                0x08003dfc       0x30 /home/owen/workspace-redsuite/StdPeriphLib_v100_STM32F4xx/Debug/libStdPeriphLib_v100_STM32F4xx.a(stm32f4xx_gpio.o)
                0x08003dfc                GPIO_WriteBit
 .text.GPIO_PinAFConfig
                0x08003e2c       0xb0 /home/owen/workspace-redsuite/StdPeriphLib_v100_STM32F4xx/Debug/libStdPeriphLib_v100_STM32F4xx.a(stm32f4xx_gpio.o)
                0x08003e2c                GPIO_PinAFConfig
 .text.RCC_GetClocksFreq
                0x08003edc      0x1d4 /home/owen/workspace-redsuite/StdPeriphLib_v100_STM32F4xx/Debug/libStdPeriphLib_v100_STM32F4xx.a(stm32f4xx_rcc.o)
                0x08003edc                RCC_GetClocksFreq
 .text.RCC_AHB1PeriphClockCmd
                0x080040b0       0x5c /home/owen/workspace-redsuite/StdPeriphLib_v100_STM32F4xx/Debug/libStdPeriphLib_v100_STM32F4xx.a(stm32f4xx_rcc.o)
                0x080040b0                RCC_AHB1PeriphClockCmd
 .text.RCC_AHB2PeriphClockCmd
                0x0800410c       0x5c /home/owen/workspace-redsuite/StdPeriphLib_v100_STM32F4xx/Debug/libStdPeriphLib_v100_STM32F4xx.a(stm32f4xx_rcc.o)
                0x0800410c                RCC_AHB2PeriphClockCmd
 .text.RCC_APB1PeriphClockCmd
                0x08004168       0x5c /home/owen/workspace-redsuite/StdPeriphLib_v100_STM32F4xx/Debug/libStdPeriphLib_v100_STM32F4xx.a(stm32f4xx_rcc.o)
                0x08004168                RCC_APB1PeriphClockCmd
 .text.RCC_APB2PeriphClockCmd
                0x080041c4       0x5c /home/owen/workspace-redsuite/StdPeriphLib_v100_STM32F4xx/Debug/libStdPeriphLib_v100_STM32F4xx.a(stm32f4xx_rcc.o)
                0x080041c4                RCC_APB2PeriphClockCmd
 .text.RCC_APB1PeriphResetCmd
                0x08004220       0x5c /home/owen/workspace-redsuite/StdPeriphLib_v100_STM32F4xx/Debug/libStdPeriphLib_v100_STM32F4xx.a(stm32f4xx_rcc.o)
                0x08004220                RCC_APB1PeriphResetCmd
 .text.RCC_APB2PeriphResetCmd
                0x0800427c       0x5c /home/owen/workspace-redsuite/StdPeriphLib_v100_STM32F4xx/Debug/libStdPeriphLib_v100_STM32F4xx.a(stm32f4xx_rcc.o)
                0x0800427c                RCC_APB2PeriphResetCmd
 .text.RNG_Cmd  0x080042d8       0x4c /home/owen/workspace-redsuite/StdPeriphLib_v100_STM32F4xx/Debug/libStdPeriphLib_v100_STM32F4xx.a(stm32f4xx_rng.o)
                0x080042d8                RNG_Cmd
 .text.RNG_GetRandomNumber
                0x08004324       0x18 /home/owen/workspace-redsuite/StdPeriphLib_v100_STM32F4xx/Debug/libStdPeriphLib_v100_STM32F4xx.a(stm32f4xx_rng.o)
                0x08004324                RNG_GetRandomNumber
 .text.SPI_I2S_DeInit
                0x0800433c       0x88 /home/owen/workspace-redsuite/StdPeriphLib_v100_STM32F4xx/Debug/libStdPeriphLib_v100_STM32F4xx.a(stm32f4xx_spi.o)
                0x0800433c                SPI_I2S_DeInit
 .text.I2S_Init
                0x080043c4      0x224 /home/owen/workspace-redsuite/StdPeriphLib_v100_STM32F4xx/Debug/libStdPeriphLib_v100_STM32F4xx.a(stm32f4xx_spi.o)
                0x080043c4                I2S_Init
 .text.I2S_Cmd  0x080045e8       0x40 /home/owen/workspace-redsuite/StdPeriphLib_v100_STM32F4xx/Debug/libStdPeriphLib_v100_STM32F4xx.a(stm32f4xx_spi.o)
                0x080045e8                I2S_Cmd
 .text.SPI_I2S_SendData
                0x08004628       0x1c /home/owen/workspace-redsuite/StdPeriphLib_v100_STM32F4xx/Debug/libStdPeriphLib_v100_STM32F4xx.a(stm32f4xx_spi.o)
                0x08004628                SPI_I2S_SendData
 .text.SPI_I2S_ITConfig
                0x08004644       0x70 /home/owen/workspace-redsuite/StdPeriphLib_v100_STM32F4xx/Debug/libStdPeriphLib_v100_STM32F4xx.a(stm32f4xx_spi.o)
                0x08004644                SPI_I2S_ITConfig
 .text.SPI_I2S_GetFlagStatus
                0x080046b4       0x40 /home/owen/workspace-redsuite/StdPeriphLib_v100_STM32F4xx/Debug/libStdPeriphLib_v100_STM32F4xx.a(stm32f4xx_spi.o)
                0x080046b4                SPI_I2S_GetFlagStatus
 .text.TIM_TimeBaseInit
                0x080046f4       0xf8 /home/owen/workspace-redsuite/StdPeriphLib_v100_STM32F4xx/Debug/libStdPeriphLib_v100_STM32F4xx.a(stm32f4xx_tim.o)
                0x080046f4                TIM_TimeBaseInit
 .text.TIM_GetCounter
                0x080047ec       0x18 /home/owen/workspace-redsuite/StdPeriphLib_v100_STM32F4xx/Debug/libStdPeriphLib_v100_STM32F4xx.a(stm32f4xx_tim.o)
                0x080047ec                TIM_GetCounter
 .text.TIM_Cmd  0x08004804       0x40 /home/owen/workspace-redsuite/StdPeriphLib_v100_STM32F4xx/Debug/libStdPeriphLib_v100_STM32F4xx.a(stm32f4xx_tim.o)
                0x08004804                TIM_Cmd
 .text.USART_Init
                0x08004844      0x1bc /home/owen/workspace-redsuite/StdPeriphLib_v100_STM32F4xx/Debug/libStdPeriphLib_v100_STM32F4xx.a(stm32f4xx_usart.o)
                0x08004844                USART_Init
 .text.USART_Cmd
                0x08004a00       0x40 /home/owen/workspace-redsuite/StdPeriphLib_v100_STM32F4xx/Debug/libStdPeriphLib_v100_STM32F4xx.a(stm32f4xx_usart.o)
                0x08004a00                USART_Cmd
 .text.WWDG_SetPrescaler
                0x08004a40       0x40 /home/owen/workspace-redsuite/StdPeriphLib_v100_STM32F4xx/Debug/libStdPeriphLib_v100_STM32F4xx.a(stm32f4xx_wwdg.o)
                0x08004a40                WWDG_SetPrescaler
 .text.WWDG_SetWindowValue
                0x08004a80       0x44 /home/owen/workspace-redsuite/StdPeriphLib_v100_STM32F4xx/Debug/libStdPeriphLib_v100_STM32F4xx.a(stm32f4xx_wwdg.o)
                0x08004a80                WWDG_SetWindowValue
 .text.arm_float_to_q15
                0x08004ac4      0x2bc /home/owen/workspace-redsuite/CMSISv2p10_DSPLIB_CM4/lib/libCMSISv2p10_DSPLIB_CM4.a(arm_float_to_q15.o)
                0x08004ac4                arm_float_to_q15
 .text.arm_sin_f32
                0x08004d80       0xd8 /home/owen/workspace-redsuite/CMSISv2p10_DSPLIB_CM4/lib/libCMSISv2p10_DSPLIB_CM4.a(arm_sin_f32.o)
                0x08004d80                arm_sin_f32
 .text.__weak_main
                0x08004e58        0x4 /usr/local/redsuite_4.2.3_255/redsuite/tools/bin/../lib/gcc/arm-none-eabi/4.5.1/../../../../arm-none-eabi/lib/thumb2/libcr_c.a(__weak__main.o)
                0x08004e58                __main
                0x08004e58                __weak_main
 *(.rodata .rodata.*)
 .rodata.transition_table
                0x08004e5c      0xfac ./src/oscillator.o
 .rodata.sin_table
                0x08005e08      0x40c ./src/oscillator.o
 .rodata.sinTable
                0x08006214      0x40c /home/owen/workspace-redsuite/CMSISv2p10_DSPLIB_CM4/lib/libCMSISv2p10_DSPLIB_CM4.a(arm_sin_f32.o)
                0x08006620                . = ALIGN (0x4)

.glue_7         0x08006620        0x0
 .glue_7        0x00000000        0x0 linker stubs

.glue_7t        0x08006620        0x0
 .glue_7t       0x00000000        0x0 linker stubs

.vfp11_veneer   0x08006620        0x0
 .vfp11_veneer  0x00000000        0x0 linker stubs

.v4_bx          0x08006620        0x0
 .v4_bx         0x00000000        0x0 linker stubs

.ARM.extab
 *(.ARM.extab* .gnu.linkonce.armextab.*)
                0x08006620                __exidx_start = .

.ARM.exidx
 *(.ARM.exidx* .gnu.linkonce.armexidx.*)
                0x08006620                __exidx_end = .
                0x08006620                _etext = .

.data_RAM2      0x2001c000        0x0 load address 0x08006620
 FILL mask 0xff
 *(.data.$RAM2*)
 *(.data.$PeriphRam16*)
                0x2001c000                . = ALIGN (0x4)

.data_RAM3      0x10000000        0x0 load address 0x08006620
 FILL mask 0xff
 *(.data.$RAM3*)
 *(.data.$Ram64*)
                0x10000000                . = ALIGN (0x4)

.uninit_RESERVED
 *(.bss.$RESERVED*)

.data           0x20000000      0x248 load address 0x08006620
 FILL mask 0xff
                0x20000000                _data = .
 *(vtable)
 *(.data*)
 .data.hardware_index
                0x20000000        0x4 ./src/CS4344.o
                0x20000000                hardware_index
 .data.pitch_class
                0x20000004       0x30 ./src/audio.o
                0x20000004                pitch_class
 .data.semitone
                0x20000034      0x190 ./src/audio.o
                0x20000034                semitone
 .data.miditof  0x200001c4       0x54 ./src/main.o
                0x200001c4                miditof
 .data.keys_history
                0x20000218       0x20 ./src/pp6.o
                0x20000218                keys_history
 .data.APBAHBPrescTable
                0x20000238       0x10 /home/owen/workspace-redsuite/StdPeriphLib_v100_STM32F4xx/Debug/libStdPeriphLib_v100_STM32F4xx.a(stm32f4xx_rcc.o)
                0x20000248                . = ALIGN (0x4)
                0x20000248                _edata = .

.bss_RAM2       0x2001c000        0x0
 *(.bss.$RAM2*)
 *(.bss.$PeriphRam16*)
                0x2001c000                . = ALIGN (0x4)

.bss_RAM3       0x10000000        0x0
 *(.bss.$RAM3*)
 *(.bss.$Ram64*)
                0x10000000                . = ALIGN (0x4)

.bss            0x20000248      0x7bc
                0x20000248                _bss = .
 *(.bss*)
 .bss.software_index
                0x20000248        0x4 ./src/CS4344.o
                0x20000248                software_index
 .bss.sample_clock
                0x2000024c        0x4 ./src/CS4344.o
                0x2000024c                sample_clock
 .bss.led_counter
                0x20000250        0x4 ./src/main.o
                0x20000250                led_counter
 .bss.sig       0x20000254        0x4 ./src/mode_analog_style.o
 .bss.f         0x20000258        0x4 ./src/mode_analog_style.o
 .bss.filter_cutoff
                0x2000025c        0x4 ./src/mode_analog_style.o
 .bss.saw       0x20000260        0xc ./src/mode_analog_style.o
 .bss.filter    0x2000026c       0x34 ./src/mode_analog_style.o
 .bss.amp       0x200002a0        0x4 ./src/mode_analog_style.o
 .bss.amp_env   0x200002a4       0x1c ./src/mode_analog_style.o
 .bss.framp     0x200002c0       0x14 ./src/mode_analog_style.o
 .bss.note_dur.6940
                0x200002d4        0x4 ./src/mode_analog_style.o
 .bss.target_f.6939
                0x200002d8        0x4 ./src/mode_analog_style.o
 .bss.sig       0x200002dc        0x4 ./src/mode_filter_envelope.o
 .bss.f         0x200002e0        0x4 ./src/mode_filter_envelope.o
 .bss.amp       0x200002e4        0x4 ./src/mode_filter_envelope.o
 .bss.cutoff    0x200002e8        0x4 ./src/mode_filter_envelope.o
 .bss.cutoff_scale
                0x200002ec        0x4 ./src/mode_filter_envelope.o
 .bss.saw       0x200002f0        0xc ./src/mode_filter_envelope.o
 .bss.filter    0x200002fc       0x34 ./src/mode_filter_envelope.o
 .bss.amp_env   0x20000330       0x1c ./src/mode_filter_envelope.o
 .bss.filter_env
                0x2000034c       0x1c ./src/mode_filter_envelope.o
 .bss.note_dur.4141
                0x20000368        0x4 ./src/mode_filter_envelope.o
 .bss.f         0x2000036c        0x4 ./src/mode_filter_man.o
 .bss.filter    0x20000370       0x34 ./src/mode_filter_man.o
 .bss.amp_env   0x200003a4       0x1c ./src/mode_filter_man.o
 .bss.sig       0x200003c0        0x4 ./src/mode_octave_mirror.o
 .bss.f         0x200003c4        0x4 ./src/mode_octave_mirror.o
 .bss.f2        0x200003c8        0x4 ./src/mode_octave_mirror.o
 .bss.filter_cutoff
                0x200003cc        0x4 ./src/mode_octave_mirror.o
 .bss.saw       0x200003d0        0xc ./src/mode_octave_mirror.o
 .bss.saw2      0x200003dc        0xc ./src/mode_octave_mirror.o
 .bss.filter    0x200003e8       0x34 ./src/mode_octave_mirror.o
 .bss.amp       0x2000041c        0x4 ./src/mode_octave_mirror.o
 .bss.amp_env   0x20000420       0x1c ./src/mode_octave_mirror.o
 .bss.timer     0x2000043c        0x4 ./src/mode_octave_mirror.o
 .bss.octave_shift
                0x20000440        0x4 ./src/mode_octave_mirror.o
 .bss.sig       0x20000444        0x4 ./src/mode_simple_fm.o
 .bss.f         0x20000448        0x4 ./src/mode_simple_fm.o
 .bss.new_note  0x2000044c        0x4 ./src/mode_simple_fm.o
 .bss.amp       0x20000450        0x4 ./src/mode_simple_fm.o
 .bss.amp_env   0x20000454       0x1c ./src/mode_simple_fm.o
 .bss.index_env
                0x20000470       0x1c ./src/mode_simple_fm.o
 .bss.note_dur.4147
                0x2000048c        0x4 ./src/mode_simple_fm.o
 .bss.sig       0x20000490        0x4 ./src/mode_simple_sin.o
 .bss.f         0x20000494        0x4 ./src/mode_simple_sin.o
 .bss.sin1      0x20000498       0x14 ./src/mode_simple_sin.o
 .bss.new_note  0x200004ac        0x4 ./src/mode_simple_sin.o
 .bss.amp       0x200004b0        0x4 ./src/mode_simple_sin.o
 .bss.framp     0x200004b4       0x14 ./src/mode_simple_sin.o
 .bss.amp_env   0x200004c8       0x1c ./src/mode_simple_sin.o
 .bss.saw       0x200004e4        0xc ./src/mode_simple_sin.o
 .bss.square    0x200004f0       0x10 ./src/mode_simple_sin.o
 .bss.cents     0x20000500        0x4 ./src/mode_simple_sin.o
                0x20000500                cents
 .bss.note_dur.4141
                0x20000504        0x4 ./src/mode_simple_sin.o
 .bss.sig       0x20000508        0x4 ./src/mode_wave_adder.o
 .bss.f         0x2000050c        0x4 ./src/mode_wave_adder.o
 .bss.sin1      0x20000510       0x14 ./src/mode_wave_adder.o
 .bss.new_note  0x20000524        0x4 ./src/mode_wave_adder.o
 .bss.amp       0x20000528        0x4 ./src/mode_wave_adder.o
 .bss.framp     0x2000052c       0x14 ./src/mode_wave_adder.o
 .bss.amp_env   0x20000540       0x1c ./src/mode_wave_adder.o
 .bss.saw       0x2000055c        0xc ./src/mode_wave_adder.o
 .bss.square    0x20000568       0x10 ./src/mode_wave_adder.o
 .bss.cents     0x20000578        0x4 ./src/mode_wave_adder.o
 .bss.note_dur.4141
                0x2000057c        0x4 ./src/mode_wave_adder.o
 .bss.modulator_phase_accum.4021
                0x20000580        0x4 ./src/oscillator.o
 .bss.carrier_phase_accum.4022
                0x20000584        0x4 ./src/oscillator.o
 .bss.history_index.6872
                0x20000588        0x1 ./src/pp6.o
 .bss.channel.6859
                0x20000589        0x1 ./src/pp6.o
 *fill*         0x2000058a        0x2 00
 .bss.knobs.6860
                0x2000058c        0xc ./src/pp6.o
 *(COMMON)
 COMMON         0x20000598      0x400 ./src/CS4344.o
                0x20000598                play_buf
 COMMON         0x20000998       0x44 ./src/main.o
                0x20000998                recvArg0_
                0x2000099c                channelIn_
                0x200009a0                uart_recv_buf
                0x200009c0                recvEvent_
                0x200009c4                tmp8
                0x200009c8                recvMode_
                0x200009cc                recvByteCount_
                0x200009d0                sendFullCommands_
                0x200009d4                recvBytesNeeded_
                0x200009d8                lastStatusSent_
 COMMON         0x200009dc       0x28 ./src/pp6.o
                0x200009dc                pp6
                0x20000a04                . = ALIGN (0x4)
                0x20000a04                _ebss = .
                0x20000a04                PROVIDE (end, .)
                0x20000a04                PROVIDE (_pvHeapStart, .)
                0x2001c000                PROVIDE (_vStackTop, (__top_Ram112 - 0x0))
OUTPUT(BolsaBass.axf elf32-littlearm)

.debug_abbrev   0x00000000     0x29a6
 .debug_abbrev  0x00000000      0x17e ./src/CS4344.o
 .debug_abbrev  0x0000017e       0xc2 ./src/audio.o
 .debug_abbrev  0x00000240       0xd9 ./src/comb.o
 .debug_abbrev  0x00000319      0x167 ./src/cr_startup_stm32f4xx.o
 .debug_abbrev  0x00000480       0xd2 ./src/line.o
 .debug_abbrev  0x00000552      0x18d ./src/main.o
 .debug_abbrev  0x000006df      0x162 ./src/midi.o
 .debug_abbrev  0x00000841       0xec ./src/mode_analog_style.o
 .debug_abbrev  0x0000092d      0x10d ./src/mode_drum.o
 .debug_abbrev  0x00000a3a       0xf4 ./src/mode_drum_synth.o
 .debug_abbrev  0x00000b2e       0xd4 ./src/mode_filter_envelope.o
 .debug_abbrev  0x00000c02       0xec ./src/mode_filter_man.o
 .debug_abbrev  0x00000cee       0xe3 ./src/mode_mono_glider.o
 .debug_abbrev  0x00000dd1       0xe5 ./src/mode_nazareth.o
 .debug_abbrev  0x00000eb6       0xd5 ./src/mode_octave_mirror.o
 .debug_abbrev  0x00000f8b      0x102 ./src/mode_simple_fm.o
 .debug_abbrev  0x0000108d       0xf6 ./src/mode_simple_sin.o
 .debug_abbrev  0x00001183       0xd4 ./src/mode_wave_adder.o
 .debug_abbrev  0x00001257       0xf2 ./src/oscillator.o
 .debug_abbrev  0x00001349      0x1c5 ./src/pp6.o
 .debug_abbrev  0x0000150e       0xdd ./src/sad.o
 .debug_abbrev  0x000015eb       0xdf ./src/sadsr.o
 .debug_abbrev  0x000016ca       0xac ./src/sequencer.o
 .debug_abbrev  0x00001776      0x144 ./src/system_stm32f4xx.o
 .debug_abbrev  0x000018ba      0x109 ./src/timer.o
 .debug_abbrev  0x000019c3      0x102 ./src/uart.o
 .debug_abbrev  0x00001ac5       0xc8 ./src/vcf.o
 .debug_abbrev  0x00001b8d      0x12a /home/owen/workspace-redsuite/StdPeriphLib_v100_STM32F4xx/Debug/libStdPeriphLib_v100_STM32F4xx.a(misc.o)
 .debug_abbrev  0x00001cb7      0x18d /home/owen/workspace-redsuite/StdPeriphLib_v100_STM32F4xx/Debug/libStdPeriphLib_v100_STM32F4xx.a(stm32f4xx_adc.o)
 .debug_abbrev  0x00001e44      0x186 /home/owen/workspace-redsuite/StdPeriphLib_v100_STM32F4xx/Debug/libStdPeriphLib_v100_STM32F4xx.a(stm32f4xx_gpio.o)
 .debug_abbrev  0x00001fca      0x1bb /home/owen/workspace-redsuite/StdPeriphLib_v100_STM32F4xx/Debug/libStdPeriphLib_v100_STM32F4xx.a(stm32f4xx_rcc.o)
 .debug_abbrev  0x00002185      0x13b /home/owen/workspace-redsuite/StdPeriphLib_v100_STM32F4xx/Debug/libStdPeriphLib_v100_STM32F4xx.a(stm32f4xx_rng.o)
 .debug_abbrev  0x000022c0      0x164 /home/owen/workspace-redsuite/StdPeriphLib_v100_STM32F4xx/Debug/libStdPeriphLib_v100_STM32F4xx.a(stm32f4xx_spi.o)
 .debug_abbrev  0x00002424      0x167 /home/owen/workspace-redsuite/StdPeriphLib_v100_STM32F4xx/Debug/libStdPeriphLib_v100_STM32F4xx.a(stm32f4xx_tim.o)
 .debug_abbrev  0x0000258b      0x152 /home/owen/workspace-redsuite/StdPeriphLib_v100_STM32F4xx/Debug/libStdPeriphLib_v100_STM32F4xx.a(stm32f4xx_usart.o)
 .debug_abbrev  0x000026dd      0x122 /home/owen/workspace-redsuite/StdPeriphLib_v100_STM32F4xx/Debug/libStdPeriphLib_v100_STM32F4xx.a(stm32f4xx_wwdg.o)
 .debug_abbrev  0x000027ff       0xb0 /home/owen/workspace-redsuite/CMSISv2p10_DSPLIB_CM4/lib/libCMSISv2p10_DSPLIB_CM4.a(arm_float_to_q15.o)
 .debug_abbrev  0x000028af       0xf7 /home/owen/workspace-redsuite/CMSISv2p10_DSPLIB_CM4/lib/libCMSISv2p10_DSPLIB_CM4.a(arm_sin_f32.o)

.debug_info     0x00000000     0xcfee
 .debug_info    0x00000000      0x7cb ./src/CS4344.o
 .debug_info    0x000007cb      0x196 ./src/audio.o
 .debug_info    0x00000961      0x191 ./src/comb.o
 .debug_info    0x00000af2      0x58f ./src/cr_startup_stm32f4xx.o
 .debug_info    0x00001081      0x1b8 ./src/line.o
 .debug_info    0x00001239      0x5b0 ./src/main.o
 .debug_info    0x000017e9      0x870 ./src/midi.o
 .debug_info    0x00002059      0x3e1 ./src/mode_analog_style.o
 .debug_info    0x0000243a      0x4a4 ./src/mode_drum.o
 .debug_info    0x000028de      0x30f ./src/mode_drum_synth.o
 .debug_info    0x00002bed      0x312 ./src/mode_filter_envelope.o
 .debug_info    0x00002eff      0x3e1 ./src/mode_filter_man.o
 .debug_info    0x000032e0      0x2b2 ./src/mode_mono_glider.o
 .debug_info    0x00003592      0x2a3 ./src/mode_nazareth.o
 .debug_info    0x00003835      0x34f ./src/mode_octave_mirror.o
 .debug_info    0x00003b84      0x29d ./src/mode_simple_fm.o
 .debug_info    0x00003e21      0x36b ./src/mode_simple_sin.o
 .debug_info    0x0000418c      0x35d ./src/mode_wave_adder.o
 .debug_info    0x000044e9      0x846 ./src/oscillator.o
 .debug_info    0x00004d2f      0xa41 ./src/pp6.o
 .debug_info    0x00005770      0x1c6 ./src/sad.o
 .debug_info    0x00005936      0x208 ./src/sadsr.o
 .debug_info    0x00005b3e      0x1e0 ./src/sequencer.o
 .debug_info    0x00005d1e      0x625 ./src/system_stm32f4xx.o
 .debug_info    0x00006343      0x3be ./src/timer.o
 .debug_info    0x00006701      0x41e ./src/uart.o
 .debug_info    0x00006b1f      0x1f4 ./src/vcf.o
 .debug_info    0x00006d13      0x59c /home/owen/workspace-redsuite/StdPeriphLib_v100_STM32F4xx/Debug/libStdPeriphLib_v100_STM32F4xx.a(misc.o)
 .debug_info    0x000072af      0xcfd /home/owen/workspace-redsuite/StdPeriphLib_v100_STM32F4xx/Debug/libStdPeriphLib_v100_STM32F4xx.a(stm32f4xx_adc.o)
 .debug_info    0x00007fac      0x641 /home/owen/workspace-redsuite/StdPeriphLib_v100_STM32F4xx/Debug/libStdPeriphLib_v100_STM32F4xx.a(stm32f4xx_gpio.o)
 .debug_info    0x000085ed      0xd2c /home/owen/workspace-redsuite/StdPeriphLib_v100_STM32F4xx/Debug/libStdPeriphLib_v100_STM32F4xx.a(stm32f4xx_rcc.o)
 .debug_info    0x00009319      0x299 /home/owen/workspace-redsuite/StdPeriphLib_v100_STM32F4xx/Debug/libStdPeriphLib_v100_STM32F4xx.a(stm32f4xx_rng.o)
 .debug_info    0x000095b2      0xbd4 /home/owen/workspace-redsuite/StdPeriphLib_v100_STM32F4xx/Debug/libStdPeriphLib_v100_STM32F4xx.a(stm32f4xx_spi.o)
 .debug_info    0x0000a186     0x1e30 /home/owen/workspace-redsuite/StdPeriphLib_v100_STM32F4xx/Debug/libStdPeriphLib_v100_STM32F4xx.a(stm32f4xx_tim.o)
 .debug_info    0x0000bfb6      0xa57 /home/owen/workspace-redsuite/StdPeriphLib_v100_STM32F4xx/Debug/libStdPeriphLib_v100_STM32F4xx.a(stm32f4xx_usart.o)
 .debug_info    0x0000ca0d      0x25e /home/owen/workspace-redsuite/StdPeriphLib_v100_STM32F4xx/Debug/libStdPeriphLib_v100_STM32F4xx.a(stm32f4xx_wwdg.o)
 .debug_info    0x0000cc6b      0x1dd /home/owen/workspace-redsuite/CMSISv2p10_DSPLIB_CM4/lib/libCMSISv2p10_DSPLIB_CM4.a(arm_float_to_q15.o)
 .debug_info    0x0000ce48      0x1a6 /home/owen/workspace-redsuite/CMSISv2p10_DSPLIB_CM4/lib/libCMSISv2p10_DSPLIB_CM4.a(arm_sin_f32.o)

.debug_line     0x00000000    0x102cc
 .debug_line    0x00000000      0x637 ./src/CS4344.o
 .debug_line    0x00000637      0x4ca ./src/audio.o
 .debug_line    0x00000b01      0x4d4 ./src/comb.o
 .debug_line    0x00000fd5      0x6c1 ./src/cr_startup_stm32f4xx.o
 .debug_line    0x00001696      0x4ea ./src/line.o
 .debug_line    0x00001b80      0x955 ./src/main.o
 .debug_line    0x000024d5      0xa32 ./src/midi.o
 .debug_line    0x00002f07      0x7b0 ./src/mode_analog_style.o
 .debug_line    0x000036b7      0x7af ./src/mode_drum.o
 .debug_line    0x00003e66      0x79e ./src/mode_drum_synth.o
 .debug_line    0x00004604      0x54a ./src/mode_filter_envelope.o
 .debug_line    0x00004b4e      0x7b8 ./src/mode_filter_man.o
 .debug_line    0x00005306      0x538 ./src/mode_mono_glider.o
 .debug_line    0x0000583e      0x579 ./src/mode_nazareth.o
 .debug_line    0x00005db7      0x7b3 ./src/mode_octave_mirror.o
 .debug_line    0x0000656a      0x53c ./src/mode_simple_fm.o
 .debug_line    0x00006aa6      0x53e ./src/mode_simple_sin.o
 .debug_line    0x00006fe4      0x540 ./src/mode_wave_adder.o
 .debug_line    0x00007524      0x68c ./src/oscillator.o
 .debug_line    0x00007bb0      0xa9d ./src/pp6.o
 .debug_line    0x0000864d      0x4f6 ./src/sad.o
 .debug_line    0x00008b43      0x50f ./src/sadsr.o
 .debug_line    0x00009052      0x4d9 ./src/sequencer.o
 .debug_line    0x0000952b      0x679 ./src/system_stm32f4xx.o
 .debug_line    0x00009ba4      0x623 ./src/timer.o
 .debug_line    0x0000a1c7      0x60a ./src/uart.o
 .debug_line    0x0000a7d1      0x4e5 ./src/vcf.o
 .debug_line    0x0000acb6      0x64a /home/owen/workspace-redsuite/StdPeriphLib_v100_STM32F4xx/Debug/libStdPeriphLib_v100_STM32F4xx.a(misc.o)
 .debug_line    0x0000b300      0x950 /home/owen/workspace-redsuite/StdPeriphLib_v100_STM32F4xx/Debug/libStdPeriphLib_v100_STM32F4xx.a(stm32f4xx_adc.o)
 .debug_line    0x0000bc50      0x73a /home/owen/workspace-redsuite/StdPeriphLib_v100_STM32F4xx/Debug/libStdPeriphLib_v100_STM32F4xx.a(stm32f4xx_gpio.o)
 .debug_line    0x0000c38a      0x99c /home/owen/workspace-redsuite/StdPeriphLib_v100_STM32F4xx/Debug/libStdPeriphLib_v100_STM32F4xx.a(stm32f4xx_rcc.o)
 .debug_line    0x0000cd26      0x684 /home/owen/workspace-redsuite/StdPeriphLib_v100_STM32F4xx/Debug/libStdPeriphLib_v100_STM32F4xx.a(stm32f4xx_rng.o)
 .debug_line    0x0000d3aa      0x850 /home/owen/workspace-redsuite/StdPeriphLib_v100_STM32F4xx/Debug/libStdPeriphLib_v100_STM32F4xx.a(stm32f4xx_spi.o)
 .debug_line    0x0000dbfa      0xe75 /home/owen/workspace-redsuite/StdPeriphLib_v100_STM32F4xx/Debug/libStdPeriphLib_v100_STM32F4xx.a(stm32f4xx_tim.o)
 .debug_line    0x0000ea6f      0x88b /home/owen/workspace-redsuite/StdPeriphLib_v100_STM32F4xx/Debug/libStdPeriphLib_v100_STM32F4xx.a(stm32f4xx_usart.o)
 .debug_line    0x0000f2fa      0x683 /home/owen/workspace-redsuite/StdPeriphLib_v100_STM32F4xx/Debug/libStdPeriphLib_v100_STM32F4xx.a(stm32f4xx_wwdg.o)
 .debug_line    0x0000f97d      0x4c8 /home/owen/workspace-redsuite/CMSISv2p10_DSPLIB_CM4/lib/libCMSISv2p10_DSPLIB_CM4.a(arm_float_to_q15.o)
 .debug_line    0x0000fe45      0x487 /home/owen/workspace-redsuite/CMSISv2p10_DSPLIB_CM4/lib/libCMSISv2p10_DSPLIB_CM4.a(arm_sin_f32.o)

.debug_macinfo  0x00000000   0x81bc00
 .debug_macinfo
                0x00000000    0x5b0df ./src/CS4344.o
 .debug_macinfo
                0x0005b0df     0x441f ./src/audio.o
 .debug_macinfo
                0x0005f4fe     0x442e ./src/comb.o
 .debug_macinfo
                0x0006392c    0x5aeb9 ./src/cr_startup_stm32f4xx.o
 .debug_macinfo
                0x000be7e5     0x442e ./src/line.o
 .debug_macinfo
                0x000c2c13    0x5bef0 ./src/main.o
 .debug_macinfo
                0x0011eb03    0x5bad1 ./src/midi.o
 .debug_macinfo
                0x0017a5d4    0x5b989 ./src/mode_analog_style.o
 .debug_macinfo
                0x001d5f5d    0x5b981 ./src/mode_drum.o
 .debug_macinfo
                0x002318de    0x5b987 ./src/mode_drum_synth.o
 .debug_macinfo
                0x0028d265     0x4722 ./src/mode_filter_envelope.o
 .debug_macinfo
                0x00291987    0x5b987 ./src/mode_filter_man.o
 .debug_macinfo
                0x002ed30e     0x471e ./src/mode_mono_glider.o
 .debug_macinfo
                0x002f1a2c     0x471b ./src/mode_nazareth.o
 .debug_macinfo
                0x002f6147    0x5b98a ./src/mode_octave_mirror.o
 .debug_macinfo
                0x00351ad1     0x472c ./src/mode_simple_fm.o
 .debug_macinfo
                0x003561fd     0x471d ./src/mode_simple_sin.o
 .debug_macinfo
                0x0035a91a     0x471d ./src/mode_wave_adder.o
 .debug_macinfo
                0x0035f037     0x4444 ./src/oscillator.o
 .debug_macinfo
                0x0036347b    0x5b8c3 ./src/pp6.o
 .debug_macinfo
                0x003bed3e     0x442d ./src/sad.o
 .debug_macinfo
                0x003c316b     0x442f ./src/sadsr.o
 .debug_macinfo
                0x003c759a     0x4438 ./src/sequencer.o
 .debug_macinfo
                0x003cb9d2    0x5aed1 ./src/system_stm32f4xx.o
 .debug_macinfo
                0x004268a3    0x5ae7d ./src/timer.o
 .debug_macinfo
                0x00481720    0x5ae7c ./src/uart.o
 .debug_macinfo
                0x004dc59c     0x442d ./src/vcf.o
 .debug_macinfo
                0x004e09c9    0x5ae5f /home/owen/workspace-redsuite/StdPeriphLib_v100_STM32F4xx/Debug/libStdPeriphLib_v100_STM32F4xx.a(misc.o)
 .debug_macinfo
                0x0053b828    0x5b14d /home/owen/workspace-redsuite/StdPeriphLib_v100_STM32F4xx/Debug/libStdPeriphLib_v100_STM32F4xx.a(stm32f4xx_adc.o)
 .debug_macinfo
                0x00596975    0x5ae33 /home/owen/workspace-redsuite/StdPeriphLib_v100_STM32F4xx/Debug/libStdPeriphLib_v100_STM32F4xx.a(stm32f4xx_gpio.o)
 .debug_macinfo
                0x005f17a8    0x5b33f /home/owen/workspace-redsuite/StdPeriphLib_v100_STM32F4xx/Debug/libStdPeriphLib_v100_STM32F4xx.a(stm32f4xx_rcc.o)
 .debug_macinfo
                0x0064cae7    0x5ae33 /home/owen/workspace-redsuite/StdPeriphLib_v100_STM32F4xx/Debug/libStdPeriphLib_v100_STM32F4xx.a(stm32f4xx_rng.o)
 .debug_macinfo
                0x006a791a    0x5af20 /home/owen/workspace-redsuite/StdPeriphLib_v100_STM32F4xx/Debug/libStdPeriphLib_v100_STM32F4xx.a(stm32f4xx_spi.o)
 .debug_macinfo
                0x0070283a    0x5af0c /home/owen/workspace-redsuite/StdPeriphLib_v100_STM32F4xx/Debug/libStdPeriphLib_v100_STM32F4xx.a(stm32f4xx_tim.o)
 .debug_macinfo
                0x0075d746    0x5af5f /home/owen/workspace-redsuite/StdPeriphLib_v100_STM32F4xx/Debug/libStdPeriphLib_v100_STM32F4xx.a(stm32f4xx_usart.o)
 .debug_macinfo
                0x007b86a5    0x5af41 /home/owen/workspace-redsuite/StdPeriphLib_v100_STM32F4xx/Debug/libStdPeriphLib_v100_STM32F4xx.a(stm32f4xx_wwdg.o)
 .debug_macinfo
                0x008135e6     0x430d /home/owen/workspace-redsuite/CMSISv2p10_DSPLIB_CM4/lib/libCMSISv2p10_DSPLIB_CM4.a(arm_float_to_q15.o)
 .debug_macinfo
                0x008178f3     0x430d /home/owen/workspace-redsuite/CMSISv2p10_DSPLIB_CM4/lib/libCMSISv2p10_DSPLIB_CM4.a(arm_sin_f32.o)

.debug_loc      0x00000000     0x5d88
 .debug_loc     0x00000000       0x70 ./src/CS4344.o
 .debug_loc     0x00000070       0x70 ./src/audio.o
 .debug_loc     0x000000e0       0x70 ./src/comb.o
 .debug_loc     0x00000150      0x28c ./src/cr_startup_stm32f4xx.o
 .debug_loc     0x000003dc       0xe0 ./src/line.o
 .debug_loc     0x000004bc       0x9c ./src/main.o
 .debug_loc     0x00000558      0x72c ./src/midi.o
 .debug_loc     0x00000c84       0x9c ./src/mode_analog_style.o
 .debug_loc     0x00000d20       0xb4 ./src/mode_drum.o
 .debug_loc     0x00000dd4       0x9c ./src/mode_drum_synth.o
 .debug_loc     0x00000e70       0x9c ./src/mode_filter_envelope.o
 .debug_loc     0x00000f0c       0xa8 ./src/mode_filter_man.o
 .debug_loc     0x00000fb4       0x9c ./src/mode_mono_glider.o
 .debug_loc     0x00001050       0x90 ./src/mode_nazareth.o
 .debug_loc     0x000010e0       0xa8 ./src/mode_octave_mirror.o
 .debug_loc     0x00001188       0xa8 ./src/mode_simple_fm.o
 .debug_loc     0x00001230       0x90 ./src/mode_simple_sin.o
 .debug_loc     0x000012c0       0x90 ./src/mode_wave_adder.o
 .debug_loc     0x00001350      0x42a ./src/oscillator.o
 .debug_loc     0x0000177a      0x664 ./src/pp6.o
 .debug_loc     0x00001dde       0xe0 ./src/sad.o
 .debug_loc     0x00001ebe      0x118 ./src/sadsr.o
 .debug_loc     0x00001fd6       0x90 ./src/sequencer.o
 .debug_loc     0x00002066       0x9c ./src/system_stm32f4xx.o
 .debug_loc     0x00002102       0x90 ./src/timer.o
 .debug_loc     0x00002192       0x38 ./src/uart.o
 .debug_loc     0x000021ca       0xa8 ./src/vcf.o
 .debug_loc     0x00002272      0x118 /home/owen/workspace-redsuite/StdPeriphLib_v100_STM32F4xx/Debug/libStdPeriphLib_v100_STM32F4xx.a(misc.o)
 .debug_loc     0x0000238a      0x838 /home/owen/workspace-redsuite/StdPeriphLib_v100_STM32F4xx/Debug/libStdPeriphLib_v100_STM32F4xx.a(stm32f4xx_adc.o)
 .debug_loc     0x00002bc2      0x310 /home/owen/workspace-redsuite/StdPeriphLib_v100_STM32F4xx/Debug/libStdPeriphLib_v100_STM32F4xx.a(stm32f4xx_gpio.o)
 .debug_loc     0x00002ed2      0x97c /home/owen/workspace-redsuite/StdPeriphLib_v100_STM32F4xx/Debug/libStdPeriphLib_v100_STM32F4xx.a(stm32f4xx_rcc.o)
 .debug_loc     0x0000384e      0x1a8 /home/owen/workspace-redsuite/StdPeriphLib_v100_STM32F4xx/Debug/libStdPeriphLib_v100_STM32F4xx.a(stm32f4xx_rng.o)
 .debug_loc     0x000039f6      0x578 /home/owen/workspace-redsuite/StdPeriphLib_v100_STM32F4xx/Debug/libStdPeriphLib_v100_STM32F4xx.a(stm32f4xx_spi.o)
 .debug_loc     0x00003f6e     0x1420 /home/owen/workspace-redsuite/StdPeriphLib_v100_STM32F4xx/Debug/libStdPeriphLib_v100_STM32F4xx.a(stm32f4xx_tim.o)
 .debug_loc     0x0000538e      0x658 /home/owen/workspace-redsuite/StdPeriphLib_v100_STM32F4xx/Debug/libStdPeriphLib_v100_STM32F4xx.a(stm32f4xx_usart.o)
 .debug_loc     0x000059e6      0x19c /home/owen/workspace-redsuite/StdPeriphLib_v100_STM32F4xx/Debug/libStdPeriphLib_v100_STM32F4xx.a(stm32f4xx_wwdg.o)
 .debug_loc     0x00005b82      0x178 /home/owen/workspace-redsuite/CMSISv2p10_DSPLIB_CM4/lib/libCMSISv2p10_DSPLIB_CM4.a(arm_float_to_q15.o)
 .debug_loc     0x00005cfa       0x8e /home/owen/workspace-redsuite/CMSISv2p10_DSPLIB_CM4/lib/libCMSISv2p10_DSPLIB_CM4.a(arm_sin_f32.o)

.debug_pubnames
                0x00000000     0x2c01
 .debug_pubnames
                0x00000000       0x80 ./src/CS4344.o
 .debug_pubnames
                0x00000080       0x4b ./src/audio.o
 .debug_pubnames
                0x000000cb       0x89 ./src/comb.o
 .debug_pubnames
                0x00000154      0x115 ./src/cr_startup_stm32f4xx.o
 .debug_pubnames
                0x00000269       0x53 ./src/line.o
 .debug_pubnames
                0x000002bc      0x117 ./src/main.o
 .debug_pubnames
                0x000003d3      0x33f ./src/midi.o
 .debug_pubnames
                0x00000712       0x78 ./src/mode_analog_style.o
 .debug_pubnames
                0x0000078a       0x60 ./src/mode_drum.o
 .debug_pubnames
                0x000007ea       0x72 ./src/mode_drum_synth.o
 .debug_pubnames
                0x0000085c       0x81 ./src/mode_filter_envelope.o
 .debug_pubnames
                0x000008dd       0x72 ./src/mode_filter_man.o
 .debug_pubnames
                0x0000094f       0xc5 ./src/mode_mono_glider.o
 .debug_pubnames
                0x00000a14       0x6c ./src/mode_nazareth.o
 .debug_pubnames
                0x00000a80       0x7b ./src/mode_octave_mirror.o
 .debug_pubnames
                0x00000afb       0x6f ./src/mode_simple_fm.o
 .debug_pubnames
                0x00000b6a       0x7c ./src/mode_simple_sin.o
 .debug_pubnames
                0x00000be6       0x72 ./src/mode_wave_adder.o
 .debug_pubnames
                0x00000c58      0x15d ./src/oscillator.o
 .debug_pubnames
                0x00000db5      0x333 ./src/pp6.o
 .debug_pubnames
                0x000010e8       0x46 ./src/sad.o
 .debug_pubnames
                0x0000112e       0x60 ./src/sadsr.o
 .debug_pubnames
                0x0000118e      0x12d ./src/sequencer.o
 .debug_pubnames
                0x000012bb       0x61 ./src/system_stm32f4xx.o
 .debug_pubnames
                0x0000131c       0x44 ./src/timer.o
 .debug_pubnames
                0x00001360       0x20 ./src/uart.o
 .debug_pubnames
                0x00001380       0x50 ./src/vcf.o
 .debug_pubnames
                0x000013d0       0x89 /home/owen/workspace-redsuite/StdPeriphLib_v100_STM32F4xx/Debug/libStdPeriphLib_v100_STM32F4xx.a(misc.o)
 .debug_pubnames
                0x00001459      0x446 /home/owen/workspace-redsuite/StdPeriphLib_v100_STM32F4xx/Debug/libStdPeriphLib_v100_STM32F4xx.a(stm32f4xx_adc.o)
 .debug_pubnames
                0x0000189f      0x12d /home/owen/workspace-redsuite/StdPeriphLib_v100_STM32F4xx/Debug/libStdPeriphLib_v100_STM32F4xx.a(stm32f4xx_gpio.o)
 .debug_pubnames
                0x000019cc      0x417 /home/owen/workspace-redsuite/StdPeriphLib_v100_STM32F4xx/Debug/libStdPeriphLib_v100_STM32F4xx.a(stm32f4xx_rcc.o)
 .debug_pubnames
                0x00001de3       0xac /home/owen/workspace-redsuite/StdPeriphLib_v100_STM32F4xx/Debug/libStdPeriphLib_v100_STM32F4xx.a(stm32f4xx_rng.o)
 .debug_pubnames
                0x00001e8f      0x221 /home/owen/workspace-redsuite/StdPeriphLib_v100_STM32F4xx/Debug/libStdPeriphLib_v100_STM32F4xx.a(stm32f4xx_spi.o)
 .debug_pubnames
                0x000020b0      0x7c4 /home/owen/workspace-redsuite/StdPeriphLib_v100_STM32F4xx/Debug/libStdPeriphLib_v100_STM32F4xx.a(stm32f4xx_tim.o)
 .debug_pubnames
                0x00002874      0x294 /home/owen/workspace-redsuite/StdPeriphLib_v100_STM32F4xx/Debug/libStdPeriphLib_v100_STM32F4xx.a(stm32f4xx_usart.o)
 .debug_pubnames
                0x00002b08       0xb0 /home/owen/workspace-redsuite/StdPeriphLib_v100_STM32F4xx/Debug/libStdPeriphLib_v100_STM32F4xx.a(stm32f4xx_wwdg.o)
 .debug_pubnames
                0x00002bb8       0x27 /home/owen/workspace-redsuite/CMSISv2p10_DSPLIB_CM4/lib/libCMSISv2p10_DSPLIB_CM4.a(arm_float_to_q15.o)
 .debug_pubnames
                0x00002bdf       0x22 /home/owen/workspace-redsuite/CMSISv2p10_DSPLIB_CM4/lib/libCMSISv2p10_DSPLIB_CM4.a(arm_sin_f32.o)

.debug_pubtypes
                0x00000000     0x1268
 .debug_pubtypes
                0x00000000      0x116 ./src/CS4344.o
 .debug_pubtypes
                0x00000116       0x2d ./src/audio.o
 .debug_pubtypes
                0x00000143       0x2d ./src/comb.o
 .debug_pubtypes
                0x00000170       0x44 ./src/cr_startup_stm32f4xx.o
 .debug_pubtypes
                0x000001b4       0x36 ./src/line.o
 .debug_pubtypes
                0x000001ea       0x8a ./src/main.o
 .debug_pubtypes
                0x00000274       0x38 ./src/midi.o
 .debug_pubtypes
                0x000002ac       0x72 ./src/mode_analog_style.o
 .debug_pubtypes
                0x0000031e       0x85 ./src/mode_drum.o
 .debug_pubtypes
                0x000003a3       0x69 ./src/mode_drum_synth.o
 .debug_pubtypes
                0x0000040c       0x69 ./src/mode_filter_envelope.o
 .debug_pubtypes
                0x00000475       0x72 ./src/mode_filter_man.o
 .debug_pubtypes
                0x000004e7       0x5a ./src/mode_mono_glider.o
 .debug_pubtypes
                0x00000541       0x62 ./src/mode_nazareth.o
 .debug_pubtypes
                0x000005a3       0x69 ./src/mode_octave_mirror.o
 .debug_pubtypes
                0x0000060c       0x4c ./src/mode_simple_fm.o
 .debug_pubtypes
                0x00000658       0x84 ./src/mode_simple_sin.o
 .debug_pubtypes
                0x000006dc       0x84 ./src/mode_wave_adder.o
 .debug_pubtypes
                0x00000760       0x9e ./src/oscillator.o
 .debug_pubtypes
                0x000007fe      0x131 ./src/pp6.o
 .debug_pubtypes
                0x0000092f       0x34 ./src/sad.o
 .debug_pubtypes
                0x00000963       0x36 ./src/sadsr.o
 .debug_pubtypes
                0x00000999       0x2b ./src/sequencer.o
 .debug_pubtypes
                0x000009c4       0x83 ./src/system_stm32f4xx.o
 .debug_pubtypes
                0x00000a47       0x70 ./src/timer.o
 .debug_pubtypes
                0x00000ab7       0xe8 ./src/uart.o
 .debug_pubtypes
                0x00000b9f       0x2f ./src/vcf.o
 .debug_pubtypes
                0x00000bce       0x8c /home/owen/workspace-redsuite/StdPeriphLib_v100_STM32F4xx/Debug/libStdPeriphLib_v100_STM32F4xx.a(misc.o)
 .debug_pubtypes
                0x00000c5a       0xc9 /home/owen/workspace-redsuite/StdPeriphLib_v100_STM32F4xx/Debug/libStdPeriphLib_v100_STM32F4xx.a(stm32f4xx_adc.o)
 .debug_pubtypes
                0x00000d23       0xce /home/owen/workspace-redsuite/StdPeriphLib_v100_STM32F4xx/Debug/libStdPeriphLib_v100_STM32F4xx.a(stm32f4xx_gpio.o)
 .debug_pubtypes
                0x00000df1       0xaa /home/owen/workspace-redsuite/StdPeriphLib_v100_STM32F4xx/Debug/libStdPeriphLib_v100_STM32F4xx.a(stm32f4xx_rcc.o)
 .debug_pubtypes
                0x00000e9b       0x77 /home/owen/workspace-redsuite/StdPeriphLib_v100_STM32F4xx/Debug/libStdPeriphLib_v100_STM32F4xx.a(stm32f4xx_rng.o)
 .debug_pubtypes
                0x00000f12       0xbc /home/owen/workspace-redsuite/StdPeriphLib_v100_STM32F4xx/Debug/libStdPeriphLib_v100_STM32F4xx.a(stm32f4xx_spi.o)
 .debug_pubtypes
                0x00000fce       0xe4 /home/owen/workspace-redsuite/StdPeriphLib_v100_STM32F4xx/Debug/libStdPeriphLib_v100_STM32F4xx.a(stm32f4xx_tim.o)
 .debug_pubtypes
                0x000010b2       0xcd /home/owen/workspace-redsuite/StdPeriphLib_v100_STM32F4xx/Debug/libStdPeriphLib_v100_STM32F4xx.a(stm32f4xx_usart.o)
 .debug_pubtypes
                0x0000117f       0x57 /home/owen/workspace-redsuite/StdPeriphLib_v100_STM32F4xx/Debug/libStdPeriphLib_v100_STM32F4xx.a(stm32f4xx_wwdg.o)
 .debug_pubtypes
                0x000011d6       0x59 /home/owen/workspace-redsuite/CMSISv2p10_DSPLIB_CM4/lib/libCMSISv2p10_DSPLIB_CM4.a(arm_float_to_q15.o)
 .debug_pubtypes
                0x0000122f       0x39 /home/owen/workspace-redsuite/CMSISv2p10_DSPLIB_CM4/lib/libCMSISv2p10_DSPLIB_CM4.a(arm_sin_f32.o)

.debug_aranges  0x00000000     0x1138
 .debug_aranges
                0x00000000       0x28 ./src/CS4344.o
 .debug_aranges
                0x00000028       0x28 ./src/audio.o
 .debug_aranges
                0x00000050       0x28 ./src/comb.o
 .debug_aranges
                0x00000078       0x88 ./src/cr_startup_stm32f4xx.o
 .debug_aranges
                0x00000100       0x38 ./src/line.o
 .debug_aranges
                0x00000138       0x30 ./src/main.o
 .debug_aranges
                0x00000168      0x138 ./src/midi.o
 .debug_aranges
                0x000002a0       0x30 ./src/mode_analog_style.o
 .debug_aranges
                0x000002d0       0x30 ./src/mode_drum.o
 .debug_aranges
                0x00000300       0x30 ./src/mode_drum_synth.o
 .debug_aranges
                0x00000330       0x30 ./src/mode_filter_envelope.o
 .debug_aranges
                0x00000360       0x30 ./src/mode_filter_man.o
 .debug_aranges
                0x00000390       0x30 ./src/mode_mono_glider.o
 .debug_aranges
                0x000003c0       0x30 ./src/mode_nazareth.o
 .debug_aranges
                0x000003f0       0x30 ./src/mode_octave_mirror.o
 .debug_aranges
                0x00000420       0x30 ./src/mode_simple_fm.o
 .debug_aranges
                0x00000450       0x30 ./src/mode_simple_sin.o
 .debug_aranges
                0x00000480       0x30 ./src/mode_wave_adder.o
 .debug_aranges
                0x000004b0       0xb0 ./src/oscillator.o
 .debug_aranges
                0x00000560      0x130 ./src/pp6.o
 .debug_aranges
                0x00000690       0x38 ./src/sad.o
 .debug_aranges
                0x000006c8       0x40 ./src/sadsr.o
 .debug_aranges
                0x00000708       0x30 ./src/sequencer.o
 .debug_aranges
                0x00000738       0x30 ./src/system_stm32f4xx.o
 .debug_aranges
                0x00000768       0x30 ./src/timer.o
 .debug_aranges
                0x00000798       0x20 ./src/uart.o
 .debug_aranges
                0x000007b8       0x30 ./src/vcf.o
 .debug_aranges
                0x000007e8       0x40 /home/owen/workspace-redsuite/StdPeriphLib_v100_STM32F4xx/Debug/libStdPeriphLib_v100_STM32F4xx.a(misc.o)
 .debug_aranges
                0x00000828      0x148 /home/owen/workspace-redsuite/StdPeriphLib_v100_STM32F4xx/Debug/libStdPeriphLib_v100_STM32F4xx.a(stm32f4xx_adc.o)
 .debug_aranges
                0x00000970       0x88 /home/owen/workspace-redsuite/StdPeriphLib_v100_STM32F4xx/Debug/libStdPeriphLib_v100_STM32F4xx.a(stm32f4xx_gpio.o)
 .debug_aranges
                0x000009f8      0x178 /home/owen/workspace-redsuite/StdPeriphLib_v100_STM32F4xx/Debug/libStdPeriphLib_v100_STM32F4xx.a(stm32f4xx_rcc.o)
 .debug_aranges
                0x00000b70       0x58 /home/owen/workspace-redsuite/StdPeriphLib_v100_STM32F4xx/Debug/libStdPeriphLib_v100_STM32F4xx.a(stm32f4xx_rng.o)
 .debug_aranges
                0x00000bc8       0xe0 /home/owen/workspace-redsuite/StdPeriphLib_v100_STM32F4xx/Debug/libStdPeriphLib_v100_STM32F4xx.a(stm32f4xx_spi.o)
 .debug_aranges
                0x00000ca8      0x2f8 /home/owen/workspace-redsuite/StdPeriphLib_v100_STM32F4xx/Debug/libStdPeriphLib_v100_STM32F4xx.a(stm32f4xx_tim.o)
 .debug_aranges
                0x00000fa0      0x100 /home/owen/workspace-redsuite/StdPeriphLib_v100_STM32F4xx/Debug/libStdPeriphLib_v100_STM32F4xx.a(stm32f4xx_usart.o)
 .debug_aranges
                0x000010a0       0x58 /home/owen/workspace-redsuite/StdPeriphLib_v100_STM32F4xx/Debug/libStdPeriphLib_v100_STM32F4xx.a(stm32f4xx_wwdg.o)
 .debug_aranges
                0x000010f8       0x20 /home/owen/workspace-redsuite/CMSISv2p10_DSPLIB_CM4/lib/libCMSISv2p10_DSPLIB_CM4.a(arm_float_to_q15.o)
 .debug_aranges
                0x00001118       0x20 /home/owen/workspace-redsuite/CMSISv2p10_DSPLIB_CM4/lib/libCMSISv2p10_DSPLIB_CM4.a(arm_sin_f32.o)

.debug_ranges   0x00000000     0x1030
 .debug_ranges  0x00000000       0x18 ./src/CS4344.o
 .debug_ranges  0x00000018       0x18 ./src/audio.o
 .debug_ranges  0x00000030       0x18 ./src/comb.o
 .debug_ranges  0x00000048       0x78 ./src/cr_startup_stm32f4xx.o
 .debug_ranges  0x000000c0       0x28 ./src/line.o
 .debug_ranges  0x000000e8       0x20 ./src/main.o
 .debug_ranges  0x00000108      0x128 ./src/midi.o
 .debug_ranges  0x00000230       0x20 ./src/mode_analog_style.o
 .debug_ranges  0x00000250       0x20 ./src/mode_drum.o
 .debug_ranges  0x00000270       0x20 ./src/mode_drum_synth.o
 .debug_ranges  0x00000290       0x20 ./src/mode_filter_envelope.o
 .debug_ranges  0x000002b0       0x20 ./src/mode_filter_man.o
 .debug_ranges  0x000002d0       0x20 ./src/mode_mono_glider.o
 .debug_ranges  0x000002f0       0x20 ./src/mode_nazareth.o
 .debug_ranges  0x00000310       0x20 ./src/mode_octave_mirror.o
 .debug_ranges  0x00000330       0x20 ./src/mode_simple_fm.o
 .debug_ranges  0x00000350       0x20 ./src/mode_simple_sin.o
 .debug_ranges  0x00000370       0x20 ./src/mode_wave_adder.o
 .debug_ranges  0x00000390       0xa0 ./src/oscillator.o
 .debug_ranges  0x00000430      0x120 ./src/pp6.o
 .debug_ranges  0x00000550       0x28 ./src/sad.o
 .debug_ranges  0x00000578       0x30 ./src/sadsr.o
 .debug_ranges  0x000005a8       0x20 ./src/sequencer.o
 .debug_ranges  0x000005c8       0x20 ./src/system_stm32f4xx.o
 .debug_ranges  0x000005e8       0x20 ./src/timer.o
 .debug_ranges  0x00000608       0x10 ./src/uart.o
 .debug_ranges  0x00000618       0x20 ./src/vcf.o
 .debug_ranges  0x00000638       0x30 /home/owen/workspace-redsuite/StdPeriphLib_v100_STM32F4xx/Debug/libStdPeriphLib_v100_STM32F4xx.a(misc.o)
 .debug_ranges  0x00000668      0x138 /home/owen/workspace-redsuite/StdPeriphLib_v100_STM32F4xx/Debug/libStdPeriphLib_v100_STM32F4xx.a(stm32f4xx_adc.o)
 .debug_ranges  0x000007a0       0x78 /home/owen/workspace-redsuite/StdPeriphLib_v100_STM32F4xx/Debug/libStdPeriphLib_v100_STM32F4xx.a(stm32f4xx_gpio.o)
 .debug_ranges  0x00000818      0x168 /home/owen/workspace-redsuite/StdPeriphLib_v100_STM32F4xx/Debug/libStdPeriphLib_v100_STM32F4xx.a(stm32f4xx_rcc.o)
 .debug_ranges  0x00000980       0x48 /home/owen/workspace-redsuite/StdPeriphLib_v100_STM32F4xx/Debug/libStdPeriphLib_v100_STM32F4xx.a(stm32f4xx_rng.o)
 .debug_ranges  0x000009c8       0xd0 /home/owen/workspace-redsuite/StdPeriphLib_v100_STM32F4xx/Debug/libStdPeriphLib_v100_STM32F4xx.a(stm32f4xx_spi.o)
 .debug_ranges  0x00000a98      0x2e8 /home/owen/workspace-redsuite/StdPeriphLib_v100_STM32F4xx/Debug/libStdPeriphLib_v100_STM32F4xx.a(stm32f4xx_tim.o)
 .debug_ranges  0x00000d80       0xf0 /home/owen/workspace-redsuite/StdPeriphLib_v100_STM32F4xx/Debug/libStdPeriphLib_v100_STM32F4xx.a(stm32f4xx_usart.o)
 .debug_ranges  0x00000e70       0x48 /home/owen/workspace-redsuite/StdPeriphLib_v100_STM32F4xx/Debug/libStdPeriphLib_v100_STM32F4xx.a(stm32f4xx_wwdg.o)
 .debug_ranges  0x00000eb8      0x168 /home/owen/workspace-redsuite/CMSISv2p10_DSPLIB_CM4/lib/libCMSISv2p10_DSPLIB_CM4.a(arm_float_to_q15.o)
 .debug_ranges  0x00001020       0x10 /home/owen/workspace-redsuite/CMSISv2p10_DSPLIB_CM4/lib/libCMSISv2p10_DSPLIB_CM4.a(arm_sin_f32.o)

.debug_str      0x00000000     0x41ae
 .debug_str     0x00000000      0x93d ./src/CS4344.o
                                0x97a (size before relaxing)
 .debug_str     0x0000093d       0x54 ./src/audio.o
                                0x110 (size before relaxing)
 .debug_str     0x00000991       0x7c ./src/comb.o
                                0x148 (size before relaxing)
 .debug_str     0x00000a0d      0x1b4 ./src/cr_startup_stm32f4xx.o
                                0x2ac (size before relaxing)
 .debug_str     0x00000bc1       0x6c ./src/line.o
                                0x13f (size before relaxing)
 .debug_str     0x00000c2d      0x14d ./src/main.o
                                0x383 (size before relaxing)
 .debug_str     0x00000d7a      0x265 ./src/midi.o
                                0x3ed (size before relaxing)
 .debug_str     0x00000fdf      0x13b ./src/mode_analog_style.o
                                0x278 (size before relaxing)
 .debug_str     0x0000111a       0xd8 ./src/mode_drum.o
                                0x2a9 (size before relaxing)
 .debug_str     0x000011f2       0x6d ./src/mode_drum_synth.o
                                0x1fd (size before relaxing)
 .debug_str     0x0000125f       0x8e ./src/mode_filter_envelope.o
                                0x224 (size before relaxing)
 .debug_str     0x000012ed       0x6d ./src/mode_filter_man.o
                                0x270 (size before relaxing)
 .debug_str     0x0000135a       0x86 ./src/mode_mono_glider.o
                                0x1da (size before relaxing)
 .debug_str     0x000013e0       0x83 ./src/mode_nazareth.o
                                0x1fd (size before relaxing)
 .debug_str     0x00001463       0x79 ./src/mode_octave_mirror.o
                                0x230 (size before relaxing)
 .debug_str     0x000014dc       0x73 ./src/mode_simple_fm.o
                                0x1f1 (size before relaxing)
 .debug_str     0x0000154f       0x87 ./src/mode_simple_sin.o
                                0x25e (size before relaxing)
 .debug_str     0x000015d6       0x6d ./src/mode_wave_adder.o
                                0x25e (size before relaxing)
 .debug_str     0x00001643      0x21e ./src/oscillator.o
                                0x386 (size before relaxing)
 .debug_str     0x00001861      0x40e ./src/pp6.o
                                0x77c (size before relaxing)
 .debug_str     0x00001c6f       0x48 ./src/sad.o
                                0x13f (size before relaxing)
 .debug_str     0x00001cb7       0x53 ./src/sadsr.o
                                0x16c (size before relaxing)
 .debug_str     0x00001d0a       0xf7 ./src/sequencer.o
                                0x1c1 (size before relaxing)
 .debug_str     0x00001e01      0x164 ./src/system_stm32f4xx.o
                                0x2fe (size before relaxing)
 .debug_str     0x00001f65      0x13a ./src/timer.o
                                0x285 (size before relaxing)
 .debug_str     0x0000209f       0xb2 ./src/uart.o
                                0x381 (size before relaxing)
 .debug_str     0x00002151       0x49 ./src/vcf.o
                                0x138 (size before relaxing)
 .debug_str     0x0000219a      0x171 /home/owen/workspace-redsuite/StdPeriphLib_v100_STM32F4xx/Debug/libStdPeriphLib_v100_STM32F4xx.a(misc.o)
                                0x339 (size before relaxing)
 .debug_str     0x0000230b      0x4d6 /home/owen/workspace-redsuite/StdPeriphLib_v100_STM32F4xx/Debug/libStdPeriphLib_v100_STM32F4xx.a(stm32f4xx_adc.o)
                                0x764 (size before relaxing)
 .debug_str     0x000027e1      0x171 /home/owen/workspace-redsuite/StdPeriphLib_v100_STM32F4xx/Debug/libStdPeriphLib_v100_STM32F4xx.a(stm32f4xx_gpio.o)
                                0x403 (size before relaxing)
 .debug_str     0x00002952      0x537 /home/owen/workspace-redsuite/StdPeriphLib_v100_STM32F4xx/Debug/libStdPeriphLib_v100_STM32F4xx.a(stm32f4xx_rcc.o)
                                0x7b0 (size before relaxing)
 .debug_str     0x00002e89       0xad /home/owen/workspace-redsuite/StdPeriphLib_v100_STM32F4xx/Debug/libStdPeriphLib_v100_STM32F4xx.a(stm32f4xx_rng.o)
                                0x1e4 (size before relaxing)
 .debug_str     0x00002f36      0x2e6 /home/owen/workspace-redsuite/StdPeriphLib_v100_STM32F4xx/Debug/libStdPeriphLib_v100_STM32F4xx.a(stm32f4xx_spi.o)
                                0x5ea (size before relaxing)
 .debug_str     0x0000321c      0xa54 /home/owen/workspace-redsuite/StdPeriphLib_v100_STM32F4xx/Debug/libStdPeriphLib_v100_STM32F4xx.a(stm32f4xx_tim.o)
                                0xd30 (size before relaxing)
 .debug_str     0x00003c70      0x378 /home/owen/workspace-redsuite/StdPeriphLib_v100_STM32F4xx/Debug/libStdPeriphLib_v100_STM32F4xx.a(stm32f4xx_usart.o)
                                0x5ef (size before relaxing)
 .debug_str     0x00003fe8       0xb2 /home/owen/workspace-redsuite/StdPeriphLib_v100_STM32F4xx/Debug/libStdPeriphLib_v100_STM32F4xx.a(stm32f4xx_wwdg.o)
                                0x1e2 (size before relaxing)
 .debug_str     0x0000409a       0xb0 /home/owen/workspace-redsuite/CMSISv2p10_DSPLIB_CM4/lib/libCMSISv2p10_DSPLIB_CM4.a(arm_float_to_q15.o)
                                0x164 (size before relaxing)
 .debug_str     0x0000414a       0x64 /home/owen/workspace-redsuite/CMSISv2p10_DSPLIB_CM4/lib/libCMSISv2p10_DSPLIB_CM4.a(arm_sin_f32.o)
                                0x14e (size before relaxing)

.comment        0x00000000       0x2a
 .comment       0x00000000       0x2a ./src/CS4344.o
                                 0x2b (size before relaxing)
 .comment       0x00000000       0x2b ./src/audio.o
 .comment       0x00000000       0x2b ./src/comb.o
 .comment       0x00000000       0x2b ./src/cr_startup_stm32f4xx.o
 .comment       0x00000000       0x2b ./src/line.o
 .comment       0x00000000       0x2b ./src/main.o
 .comment       0x00000000       0x2b ./src/midi.o
 .comment       0x00000000       0x2b ./src/mode_analog_style.o
 .comment       0x00000000       0x2b ./src/mode_drum.o
 .comment       0x00000000       0x2b ./src/mode_drum_synth.o
 .comment       0x00000000       0x2b ./src/mode_filter_envelope.o
 .comment       0x00000000       0x2b ./src/mode_filter_man.o
 .comment       0x00000000       0x2b ./src/mode_mono_glider.o
 .comment       0x00000000       0x2b ./src/mode_nazareth.o
 .comment       0x00000000       0x2b ./src/mode_octave_mirror.o
 .comment       0x00000000       0x2b ./src/mode_simple_fm.o
 .comment       0x00000000       0x2b ./src/mode_simple_sin.o
 .comment       0x00000000       0x2b ./src/mode_wave_adder.o
 .comment       0x00000000       0x2b ./src/oscillator.o
 .comment       0x00000000       0x2b ./src/pp6.o
 .comment       0x00000000       0x2b ./src/sad.o
 .comment       0x00000000       0x2b ./src/sadsr.o
 .comment       0x00000000       0x2b ./src/sequencer.o
 .comment       0x00000000       0x2b ./src/system_stm32f4xx.o
 .comment       0x00000000       0x2b ./src/timer.o
 .comment       0x00000000       0x2b ./src/uart.o
 .comment       0x00000000       0x2b ./src/vcf.o
 .comment       0x00000000       0x2b /home/owen/workspace-redsuite/StdPeriphLib_v100_STM32F4xx/Debug/libStdPeriphLib_v100_STM32F4xx.a(misc.o)
 .comment       0x00000000       0x2b /home/owen/workspace-redsuite/StdPeriphLib_v100_STM32F4xx/Debug/libStdPeriphLib_v100_STM32F4xx.a(stm32f4xx_adc.o)
 .comment       0x00000000       0x2b /home/owen/workspace-redsuite/StdPeriphLib_v100_STM32F4xx/Debug/libStdPeriphLib_v100_STM32F4xx.a(stm32f4xx_gpio.o)
 .comment       0x00000000       0x2b /home/owen/workspace-redsuite/StdPeriphLib_v100_STM32F4xx/Debug/libStdPeriphLib_v100_STM32F4xx.a(stm32f4xx_rcc.o)
 .comment       0x00000000       0x2b /home/owen/workspace-redsuite/StdPeriphLib_v100_STM32F4xx/Debug/libStdPeriphLib_v100_STM32F4xx.a(stm32f4xx_rng.o)
 .comment       0x00000000       0x2b /home/owen/workspace-redsuite/StdPeriphLib_v100_STM32F4xx/Debug/libStdPeriphLib_v100_STM32F4xx.a(stm32f4xx_spi.o)
 .comment       0x00000000       0x2b /home/owen/workspace-redsuite/StdPeriphLib_v100_STM32F4xx/Debug/libStdPeriphLib_v100_STM32F4xx.a(stm32f4xx_tim.o)
 .comment       0x00000000       0x2b /home/owen/workspace-redsuite/StdPeriphLib_v100_STM32F4xx/Debug/libStdPeriphLib_v100_STM32F4xx.a(stm32f4xx_usart.o)
 .comment       0x00000000       0x2b /home/owen/workspace-redsuite/StdPeriphLib_v100_STM32F4xx/Debug/libStdPeriphLib_v100_STM32F4xx.a(stm32f4xx_wwdg.o)
 .comment       0x00000000       0x2b /home/owen/workspace-redsuite/CMSISv2p10_DSPLIB_CM4/lib/libCMSISv2p10_DSPLIB_CM4.a(arm_float_to_q15.o)
 .comment       0x00000000       0x2b /home/owen/workspace-redsuite/CMSISv2p10_DSPLIB_CM4/lib/libCMSISv2p10_DSPLIB_CM4.a(arm_sin_f32.o)
 .comment       0x00000000       0x2b /usr/local/redsuite_4.2.3_255/redsuite/tools/bin/../lib/gcc/arm-none-eabi/4.5.1/../../../../arm-none-eabi/lib/thumb2/libcr_c.a(__weak__main.o)

.ARM.attributes
                0x00000000       0x37
 .ARM.attributes
                0x00000000       0x37 ./src/CS4344.o
 .ARM.attributes
                0x00000037       0x37 ./src/audio.o
 .ARM.attributes
                0x0000006e       0x37 ./src/comb.o
 .ARM.attributes
                0x000000a5       0x37 ./src/cr_startup_stm32f4xx.o
 .ARM.attributes
                0x000000dc       0x37 ./src/line.o
 .ARM.attributes
                0x00000113       0x37 ./src/main.o
 .ARM.attributes
                0x0000014a       0x37 ./src/midi.o
 .ARM.attributes
                0x00000181       0x37 ./src/mode_analog_style.o
 .ARM.attributes
                0x000001b8       0x37 ./src/mode_drum.o
 .ARM.attributes
                0x000001ef       0x37 ./src/mode_drum_synth.o
 .ARM.attributes
                0x00000226       0x37 ./src/mode_filter_envelope.o
 .ARM.attributes
                0x0000025d       0x37 ./src/mode_filter_man.o
 .ARM.attributes
                0x00000294       0x37 ./src/mode_mono_glider.o
 .ARM.attributes
                0x000002cb       0x37 ./src/mode_nazareth.o
 .ARM.attributes
                0x00000302       0x37 ./src/mode_octave_mirror.o
 .ARM.attributes
                0x00000339       0x37 ./src/mode_simple_fm.o
 .ARM.attributes
                0x00000370       0x37 ./src/mode_simple_sin.o
 .ARM.attributes
                0x000003a7       0x37 ./src/mode_wave_adder.o
 .ARM.attributes
                0x000003de       0x37 ./src/oscillator.o
 .ARM.attributes
                0x00000415       0x37 ./src/pp6.o
 .ARM.attributes
                0x0000044c       0x37 ./src/sad.o
 .ARM.attributes
                0x00000483       0x37 ./src/sadsr.o
 .ARM.attributes
                0x000004ba       0x37 ./src/sequencer.o
 .ARM.attributes
                0x000004f1       0x37 ./src/system_stm32f4xx.o
 .ARM.attributes
                0x00000528       0x37 ./src/timer.o
 .ARM.attributes
                0x0000055f       0x37 ./src/uart.o
 .ARM.attributes
                0x00000596       0x37 ./src/vcf.o
 .ARM.attributes
                0x000005cd       0x37 /home/owen/workspace-redsuite/StdPeriphLib_v100_STM32F4xx/Debug/libStdPeriphLib_v100_STM32F4xx.a(misc.o)
 .ARM.attributes
                0x00000604       0x37 /home/owen/workspace-redsuite/StdPeriphLib_v100_STM32F4xx/Debug/libStdPeriphLib_v100_STM32F4xx.a(stm32f4xx_adc.o)
 .ARM.attributes
                0x0000063b       0x37 /home/owen/workspace-redsuite/StdPeriphLib_v100_STM32F4xx/Debug/libStdPeriphLib_v100_STM32F4xx.a(stm32f4xx_gpio.o)
 .ARM.attributes
                0x00000672       0x37 /home/owen/workspace-redsuite/StdPeriphLib_v100_STM32F4xx/Debug/libStdPeriphLib_v100_STM32F4xx.a(stm32f4xx_rcc.o)
 .ARM.attributes
                0x000006a9       0x37 /home/owen/workspace-redsuite/StdPeriphLib_v100_STM32F4xx/Debug/libStdPeriphLib_v100_STM32F4xx.a(stm32f4xx_rng.o)
 .ARM.attributes
                0x000006e0       0x37 /home/owen/workspace-redsuite/StdPeriphLib_v100_STM32F4xx/Debug/libStdPeriphLib_v100_STM32F4xx.a(stm32f4xx_spi.o)
 .ARM.attributes
                0x00000717       0x37 /home/owen/workspace-redsuite/StdPeriphLib_v100_STM32F4xx/Debug/libStdPeriphLib_v100_STM32F4xx.a(stm32f4xx_tim.o)
 .ARM.attributes
                0x0000074e       0x37 /home/owen/workspace-redsuite/StdPeriphLib_v100_STM32F4xx/Debug/libStdPeriphLib_v100_STM32F4xx.a(stm32f4xx_usart.o)
 .ARM.attributes
                0x00000785       0x37 /home/owen/workspace-redsuite/StdPeriphLib_v100_STM32F4xx/Debug/libStdPeriphLib_v100_STM32F4xx.a(stm32f4xx_wwdg.o)
 .ARM.attributes
                0x000007bc       0x37 /home/owen/workspace-redsuite/CMSISv2p10_DSPLIB_CM4/lib/libCMSISv2p10_DSPLIB_CM4.a(arm_float_to_q15.o)
 .ARM.attributes
                0x000007f3       0x37 /home/owen/workspace-redsuite/CMSISv2p10_DSPLIB_CM4/lib/libCMSISv2p10_DSPLIB_CM4.a(arm_sin_f32.o)
 .ARM.attributes
                0x0000082a       0x31 /usr/local/redsuite_4.2.3_255/redsuite/tools/bin/../lib/gcc/arm-none-eabi/4.5.1/../../../../arm-none-eabi/lib/thumb2/libcr_c.a(__weak__main.o)

.debug_frame    0x00000000     0x327c
 .debug_frame   0x00000000       0x50 ./src/CS4344.o
 .debug_frame   0x00000050       0x48 ./src/audio.o
 .debug_frame   0x00000098       0x48 ./src/comb.o
 .debug_frame   0x000000e0      0x174 ./src/cr_startup_stm32f4xx.o
 .debug_frame   0x00000254       0x80 ./src/line.o
 .debug_frame   0x000002d4       0x68 ./src/main.o
 .debug_frame   0x0000033c      0x410 ./src/midi.o
 .debug_frame   0x0000074c       0x70 ./src/mode_analog_style.o
 .debug_frame   0x000007bc       0x78 ./src/mode_drum.o
 .debug_frame   0x00000834       0x6c ./src/mode_drum_synth.o
 .debug_frame   0x000008a0       0x6c ./src/mode_filter_envelope.o
 .debug_frame   0x0000090c       0x74 ./src/mode_filter_man.o
 .debug_frame   0x00000980       0x6c ./src/mode_mono_glider.o
 .debug_frame   0x000009ec       0x6c ./src/mode_nazareth.o
 .debug_frame   0x00000a58       0x70 ./src/mode_octave_mirror.o
 .debug_frame   0x00000ac8       0x74 ./src/mode_simple_fm.o
 .debug_frame   0x00000b3c       0x68 ./src/mode_simple_sin.o
 .debug_frame   0x00000ba4       0x68 ./src/mode_wave_adder.o
 .debug_frame   0x00000c0c      0x230 ./src/oscillator.o
 .debug_frame   0x00000e3c      0x3b0 ./src/pp6.o
 .debug_frame   0x000011ec       0x80 ./src/sad.o
 .debug_frame   0x0000126c       0x9c ./src/sadsr.o
 .debug_frame   0x00001308       0x5c ./src/sequencer.o
 .debug_frame   0x00001364       0x64 ./src/system_stm32f4xx.o
 .debug_frame   0x000013c8       0x68 ./src/timer.o
 .debug_frame   0x00001430       0x30 ./src/uart.o
 .debug_frame   0x00001460       0x64 ./src/vcf.o
 .debug_frame   0x000014c4       0x9c /home/owen/workspace-redsuite/StdPeriphLib_v100_STM32F4xx/Debug/libStdPeriphLib_v100_STM32F4xx.a(misc.o)
 .debug_frame   0x00001560      0x434 /home/owen/workspace-redsuite/StdPeriphLib_v100_STM32F4xx/Debug/libStdPeriphLib_v100_STM32F4xx.a(stm32f4xx_adc.o)
 .debug_frame   0x00001994      0x19c /home/owen/workspace-redsuite/StdPeriphLib_v100_STM32F4xx/Debug/libStdPeriphLib_v100_STM32F4xx.a(stm32f4xx_gpio.o)
 .debug_frame   0x00001b30      0x4d8 /home/owen/workspace-redsuite/StdPeriphLib_v100_STM32F4xx/Debug/libStdPeriphLib_v100_STM32F4xx.a(stm32f4xx_rcc.o)
 .debug_frame   0x00002008       0xec /home/owen/workspace-redsuite/StdPeriphLib_v100_STM32F4xx/Debug/libStdPeriphLib_v100_STM32F4xx.a(stm32f4xx_rng.o)
 .debug_frame   0x000020f4      0x2d0 /home/owen/workspace-redsuite/StdPeriphLib_v100_STM32F4xx/Debug/libStdPeriphLib_v100_STM32F4xx.a(stm32f4xx_spi.o)
 .debug_frame   0x000023c4      0xa3c /home/owen/workspace-redsuite/StdPeriphLib_v100_STM32F4xx/Debug/libStdPeriphLib_v100_STM32F4xx.a(stm32f4xx_tim.o)
 .debug_frame   0x00002e00      0x344 /home/owen/workspace-redsuite/StdPeriphLib_v100_STM32F4xx/Debug/libStdPeriphLib_v100_STM32F4xx.a(stm32f4xx_usart.o)
 .debug_frame   0x00003144       0xe8 /home/owen/workspace-redsuite/StdPeriphLib_v100_STM32F4xx/Debug/libStdPeriphLib_v100_STM32F4xx.a(stm32f4xx_wwdg.o)
 .debug_frame   0x0000322c       0x30 /home/owen/workspace-redsuite/CMSISv2p10_DSPLIB_CM4/lib/libCMSISv2p10_DSPLIB_CM4.a(arm_float_to_q15.o)
 .debug_frame   0x0000325c       0x20 /home/owen/workspace-redsuite/CMSISv2p10_DSPLIB_CM4/lib/libCMSISv2p10_DSPLIB_CM4.a(arm_sin_f32.o)
