Archive member included because of file (symbol)

/home/owen/workspace-redsuite/StdPeriphLib_v100_STM32F4xx/Debug/libStdPeriphLib_v100_STM32F4xx.a(misc.o)
                              ./src/CS4344.o (NVIC_Init)
/home/owen/workspace-redsuite/StdPeriphLib_v100_STM32F4xx/Debug/libStdPeriphLib_v100_STM32F4xx.a(stm32f4xx_adc.o)
                              ./src/pp6.o (ADC_Init)
/home/owen/workspace-redsuite/StdPeriphLib_v100_STM32F4xx/Debug/libStdPeriphLib_v100_STM32F4xx.a(stm32f4xx_gpio.o)
                              ./src/CS4344.o (GPIO_Init)
/home/owen/workspace-redsuite/StdPeriphLib_v100_STM32F4xx/Debug/libStdPeriphLib_v100_STM32F4xx.a(stm32f4xx_rcc.o)
                              ./src/CS4344.o (RCC_AHB1PeriphClockCmd)
/home/owen/workspace-redsuite/StdPeriphLib_v100_STM32F4xx/Debug/libStdPeriphLib_v100_STM32F4xx.a(stm32f4xx_rng.o)
                              ./src/main.o (RNG_Cmd)
/home/owen/workspace-redsuite/StdPeriphLib_v100_STM32F4xx/Debug/libStdPeriphLib_v100_STM32F4xx.a(stm32f4xx_spi.o)
                              ./src/CS4344.o (SPI_I2S_DeInit)
/home/owen/workspace-redsuite/StdPeriphLib_v100_STM32F4xx/Debug/libStdPeriphLib_v100_STM32F4xx.a(stm32f4xx_usart.o)
                              ./src/uart.o (USART_Init)
/home/owen/workspace-redsuite/StdPeriphLib_v100_STM32F4xx/Debug/libStdPeriphLib_v100_STM32F4xx.a(stm32f4xx_wwdg.o)
                              ./src/cr_startup_stm32f4xx.o (WWDG_SetPrescaler)
/home/owen/workspace-redsuite/CMSISv2p10_DSPLIB_CM4/lib/libCMSISv2p10_DSPLIB_CM4.a(arm_float_to_q15.o)
                              ./src/main.o (arm_float_to_q15)
/home/owen/workspace-redsuite/CMSISv2p10_DSPLIB_CM4/lib/libCMSISv2p10_DSPLIB_CM4.a(arm_sin_f32.o)
                              ./src/oscillator.o (arm_sin_f32)
/usr/local/redsuite_4.2.3_255/redsuite/tools/bin/../lib/gcc/arm-none-eabi/4.5.1/../../../../arm-none-eabi/lib/thumb2/libcr_c.a(__weak__main.o)
                              ./src/cr_startup_stm32f4xx.o (__main)

Allocating common symbols
Common symbol       size              file

sq2                 0xc               ./src/mode_mono_glider.o
f                   0x4               ./src/mode_mono_glider.o
recvArg0_           0x4               ./src/main.o
channelIn_          0x4               ./src/main.o
sq1                 0xc               ./src/mode_mono_glider.o
amp                 0x4               ./src/mode_mono_glider.o
uart_recv_buf       0x20              ./src/main.o
amp_env             0x1c              ./src/mode_mono_glider.o
recvEvent_          0x4               ./src/main.o
tmp8                0x1               ./src/main.o
recvMode_           0x4               ./src/main.o
recvByteCount_      0x4               ./src/main.o
sendFullCommands_   0x1               ./src/main.o
pp6                 0x20              ./src/pp6.o
recvBytesNeeded_    0x4               ./src/main.o
delay_buffer        0x4000            ./src/comb.o
sig                 0x4               ./src/mode_mono_glider.o
play_buf            0x400             ./src/CS4344.o
lastStatusSent_     0x4               ./src/main.o

Discarded input sections

 .text          0x00000000        0x0 ./src/CS4344.o
 .data          0x00000000        0x0 ./src/CS4344.o
 .bss           0x00000000        0x0 ./src/CS4344.o
 .bss.o         0x00000000        0x2 ./src/CS4344.o
 .text          0x00000000        0x0 ./src/comb.o
 .data          0x00000000        0x0 ./src/comb.o
 .bss           0x00000000        0x0 ./src/comb.o
 .data.delay_time
                0x00000000        0x4 ./src/comb.o
 .data.delay_fb
                0x00000000        0x4 ./src/comb.o
 .bss.delay_read_index
                0x00000000        0x4 ./src/comb.o
 .bss.delay_write_index
                0x00000000        0x4 ./src/comb.o
 .text.comb_init
                0x00000000       0x40 ./src/comb.o
 .text.comb_process
                0x00000000       0xac ./src/comb.o
 COMMON         0x00000000     0x4000 ./src/comb.o
 .text          0x00000000        0x0 ./src/cr_startup_stm32f4xx.o
 .data          0x00000000        0x0 ./src/cr_startup_stm32f4xx.o
 .bss           0x00000000        0x0 ./src/cr_startup_stm32f4xx.o
 .text          0x00000000        0x0 ./src/line.o
 .data          0x00000000        0x0 ./src/line.o
 .bss           0x00000000        0x0 ./src/line.o
 .text.line_is_processing
                0x00000000       0x14 ./src/line.o
 .text          0x00000000        0x0 ./src/main.o
 .data          0x00000000        0x0 ./src/main.o
 .bss           0x00000000        0x0 ./src/main.o
 .rodata.PARAM_SEND_FULL_COMMANDS
                0x00000000        0x4 ./src/main.o
 .rodata.PARAM_CHANNEL_IN
                0x00000000        0x4 ./src/main.o
 .text          0x00000000        0x0 ./src/midi.o
 .data          0x00000000        0x0 ./src/midi.o
 .bss           0x00000000        0x0 ./src/midi.o
 .rodata.PARAM_SEND_FULL_COMMANDS
                0x00000000        0x4 ./src/midi.o
 .rodata.PARAM_CHANNEL_IN
[...]
Memory Configuration

Name             Origin             Length             Attributes
MFlash1024       0x08000000         0x00100000         xr
Ram112           0x20000000         0x0001c000         xrw
PeriphRam16      0x2001c000         0x00004000         xrw
Ram64            0x10000000         0x00010000         xrw
*default*        0x00000000         0xffffffff

Linker script and memory map

LOAD ./src/CS4344.o
LOAD ./src/comb.o
LOAD ./src/cr_startup_stm32f4xx.o
LOAD ./src/line.o
LOAD ./src/main.o
LOAD ./src/midi.o
LOAD ./src/mode_drum.o
LOAD ./src/mode_drum_synth.o
LOAD ./src/mode_filter_envelope.o
LOAD ./src/mode_filter_man.o
LOAD ./src/mode_mono_glider.o
LOAD ./src/mode_nazareth.o
LOAD ./src/mode_simple_sin.o
LOAD ./src/oscillator.o
LOAD ./src/pp6.o
LOAD ./src/sad.o
LOAD ./src/sadsr.o
LOAD ./src/system_stm32f4xx.o
LOAD ./src/uart.o
LOAD ./src/vcf.o
LOAD /home/owen/workspace-redsuite/StdPeriphLib_v100_STM32F4xx/Debug/libStdPeriphLib_v100_STM32F4xx.a
LOAD /home/owen/workspace-redsuite/CMSISv2p10_STM32F4xx/Debug/libCMSISv2p10_STM32F4xx.a
LOAD /home/owen/workspace-redsuite/CMSISv2p10_DSPLIB_CM4/lib/libCMSISv2p10_DSPLIB_CM4.a
START GROUP
LOAD /usr/local/redsuite_4.2.3_255/redsuite/tools/bin/../lib/gcc/arm-none-eabi/4.5.1/../../../../arm-none-eabi/lib/thumb2/libcr_c.a
LOAD /usr/local/redsuite_4.2.3_255/redsuite/tools/bin/../lib/gcc/arm-none-eabi/4.5.1/thumb2/libcr_eabihelpers.a
END GROUP
                0x08100000                __top_MFlash1024 = 0x8100000
                0x2001c000                __top_Ram112 = 0x2001c000
                0x20020000                __top_PeriphRam16 = 0x20020000
                0x10010000                __top_Ram64 = 0x10010000

.text           0x08000000     0x5d7c
 FILL mask 0xff
 *(.isr_vector)
 .isr_vector    0x08000000      0x188 ./src/cr_startup_stm32f4xx.o
                0x08000000                g_pfnVectors
                0x08000188                . = ALIGN (0x4)
                0x08000188                __section_table_start = .
                0x08000188                __data_section_table = .
                0x08000188        0x4 LONG 0x8005d7c LOADADDR (.data)
                0x0800018c        0x4 LONG 0x20000000 ADDR (.data)
                0x08000190        0x4 LONG 0xac SIZEOF (.data)
                0x08000194        0x4 LONG 0x8005d7c LOADADDR (.data_RAM2)
                0x08000198        0x4 LONG 0x2001c000 ADDR (.data_RAM2)
                0x0800019c        0x4 LONG 0x0 SIZEOF (.data_RAM2)
                0x080001a0        0x4 LONG 0x8005d7c LOADADDR (.data_RAM3)
                0x080001a4        0x4 LONG 0x10000000 ADDR (.data_RAM3)
                0x080001a8        0x4 LONG 0x0 SIZEOF (.data_RAM3)
                0x080001ac                __data_section_table_end = .
                0x080001ac                __bss_section_table = .
                0x080001ac        0x4 LONG 0x200000ac ADDR (.bss)
                0x080001b0        0x4 LONG 0x764 SIZEOF (.bss)
                0x080001b4        0x4 LONG 0x2001c000 ADDR (.bss_RAM2)
                0x080001b8        0x4 LONG 0x0 SIZEOF (.bss_RAM2)
                0x080001bc        0x4 LONG 0x10000000 ADDR (.bss_RAM3)
                0x080001c0        0x4 LONG 0x0 SIZEOF (.bss_RAM3)
                0x080001c4                __bss_section_table_end = .
                0x080001c4                __section_table_end = .
 *(.after_vectors*)
 .after_vectors
                0x080001c4      0x17c ./src/cr_startup_stm32f4xx.o
                0x080001c4                data_init
                0x08000214                bss_init
                0x08000254                ResetISR
                0x080002e8                NMI_Handler
                0x080002f0                HardFault_Handler
                0x080002fc                MemManage_Handler
                0x08000304                BusFault_Handler
                0x0800030c                UsageFault_Handler
                0x08000314                SVC_Handler
                0x0800031c                DebugMon_Handler
                0x08000324                PendSV_Handler
                0x0800032c                SysTick_Handler
                0x08000334                RTC_Alarm_IRQHandler
                0x08000334                HASH_RNG_IRQHandler
                0x08000334                EXTI2_IRQHandler
                0x08000334                TIM8_CC_IRQHandler
                0x08000334                TIM1_CC_IRQHandler
                0x08000334                DMA2_Stream5_IRQHandler
                0x08000334                DMA1_Stream5_IRQHandler
                0x08000334                PVD_IRQHandler
                0x08000334                SDIO_IRQHandler
                0x08000334                TAMP_STAMP_IRQHandler
                0x08000334                CAN2_RX1_IRQHandler
                0x08000334                EXTI3_IRQHandler
                0x08000334                TIM8_TRG_COM_TIM14_IRQHandler
                0x08000334                TIM1_UP_TIM10_IRQHandler
                0x08000334                TIM8_UP_TIM13_IRQHandler
                0x08000334                I2C3_ER_IRQHandler
                0x08000334                EXTI0_IRQHandler
                0x08000334                I2C2_EV_IRQHandler
                0x08000334                DMA1_Stream2_IRQHandler
                0x08000334                CAN1_RX0_IRQHandler
                0x08000334                FPU_IRQHandler
                0x08000334                OTG_HS_WKUP_IRQHandler
                0x08000334                CAN2_SCE_IRQHandler
                0x08000334                DMA2_Stream2_IRQHandler
                0x08000334                SPI1_IRQHandler
                0x08000334                IntDefaultHandler
                0x08000334                TIM6_DAC_IRQHandler
                0x08000334                TIM1_BRK_TIM9_IRQHandler
                0x08000334                DCMI_IRQHandler
                0x08000334                CAN2_RX0_IRQHandler
                0x08000334                DMA2_Stream3_IRQHandler
                0x08000334                USART6_IRQHandler
                0x08000334                USART3_IRQHandler
                0x08000334                CRYP_IRQHandler
                0x08000334                CAN1_RX1_IRQHandler
                0x08000334                UART5_IRQHandler
                0x08000334                DMA2_Stream0_IRQHandler
                0x08000334                TIM4_IRQHandler
                0x08000334                I2C1_EV_IRQHandler
                0x08000334                DMA1_Stream6_IRQHandler
                0x08000334                DMA1_Stream1_IRQHandler
                0x08000334                UART4_IRQHandler
                0x08000334                TIM3_IRQHandler
                0x08000334                RCC_IRQHandler
                0x08000334                TIM8_BRK_TIM12_IRQHandler
                0x08000334                EXTI15_10_IRQHandler
                0x08000334                ADC_IRQHandler
                0x08000334                DMA1_Stream7_IRQHandler
                0x08000334                TIM7_IRQHandler
                0x08000334                CAN2_TX_IRQHandler
                0x08000334                TIM5_IRQHandler
                0x08000334                DMA2_Stream7_IRQHandler
                0x08000334                I2C3_EV_IRQHandler
                0x08000334                EXTI9_5_IRQHandler
                0x08000334                RTC_WKUP_IRQHandler
                0x08000334                ETH_WKUP_IRQHandler
                0x08000334                SPI2_IRQHandler
                0x08000334                OTG_HS_EP1_IN_IRQHandler
                0x08000334                DMA1_Stream0_IRQHandler
                0x08000334                CAN1_TX_IRQHandler
                0x08000334                EXTI4_IRQHandler
                0x08000334                FSMC_IRQHandler
                0x08000334                ETH_IRQHandler
                0x08000334                OTG_HS_EP1_OUT_IRQHandler
                0x08000334                WWDG_IRQHandler
                0x08000334                TIM2_IRQHandler
                0x08000334                OTG_FS_WKUP_IRQHandler
                0x08000334                TIM1_TRG_COM_TIM11_IRQHandler
                0x08000334                OTG_HS_IRQHandler
                0x08000334                EXTI1_IRQHandler
                0x08000334                USART2_IRQHandler
                0x08000334                I2C2_ER_IRQHandler
                0x08000334                DMA2_Stream1_IRQHandler
                0x08000334                CAN1_SCE_IRQHandler
                0x08000334                FLASH_IRQHandler
                0x08000334                DMA2_Stream4_IRQHandler
                0x08000334                USART1_IRQHandler
                0x08000334                OTG_FS_IRQHandler
                0x08000334                DMA1_Stream4_IRQHandler
                0x08000334                I2C1_ER_IRQHandler
                0x08000334                DMA2_Stream6_IRQHandler
                0x08000334                DMA1_Stream3_IRQHandler
 *(.text*)
 .text.CS4344_init
                0x08000340      0x17c ./src/CS4344.o
                0x08000340                CS4344_init
 .text.SPI3_IRQHandler
                0x080004bc       0x94 ./src/CS4344.o
                0x080004bc                SPI3_IRQHandler
 .text.NVIC_SystemReset
                0x08000550       0x34 ./src/cr_startup_stm32f4xx.o
 .text.line_set
                0x08000584       0x1c ./src/line.o
                0x08000584                line_set
 .text.line_go  0x080005a0       0x74 ./src/line.o
                0x080005a0                line_go
 .text.line_process
                0x08000614       0x54 ./src/line.o
                0x08000614                line_process
 .text.main     0x08000668      0x540 ./src/main.o
                0x08000668                main
 .text.Delay    0x08000ba8       0x2c ./src/main.o
                0x08000ba8                Delay
 .text.recvByte
                0x08000bd4      0x4d0 ./src/midi.o
                0x08000bd4                recvByte
 .text.midi_init
                0x080010a4       0x7c ./src/midi.o
                0x080010a4                midi_init
 .text.handleNoteOff
                0x08001120       0x34 ./src/midi.o
                0x08001120                handleNoteOff
 .text.handleNoteOn
                0x08001154       0x30 ./src/midi.o
                0x08001154                handleNoteOn
 .text.handleSync
                0x08001184        0xc ./src/midi.o
                0x08001184                handleSync
 .text.handleStart
                0x08001190        0xc ./src/midi.o
                0x08001190                handleStart
 .text.handleVelocityChange
                0x0800119c       0x18 ./src/midi.o
                0x0800119c                handleVelocityChange
 .text.handleControlChange
                0x080011b4       0x44 ./src/midi.o
                0x080011b4                handleControlChange
 .text.handleProgramChange
                0x080011f8       0x14 ./src/midi.o
                0x080011f8                handleProgramChange
 .text.handleAfterTouch
                0x0800120c       0x14 ./src/midi.o
                0x0800120c                handleAfterTouch
 .text.handlePitchChange
                0x08001220       0x14 ./src/midi.o
                0x08001220                handlePitchChange
 .text.handleSongPosition
                0x08001234       0x14 ./src/midi.o
                0x08001234                handleSongPosition
 .text.handleSongSelect
                0x08001248       0x14 ./src/midi.o
                0x08001248                handleSongSelect
 .text.handleTuneRequest
                0x0800125c        0xc ./src/midi.o
                0x0800125c                handleTuneRequest
 .text.handleContinue
                0x08001268        0xc ./src/midi.o
                0x08001268                handleContinue
 .text.handleStop
                0x08001274        0xc ./src/midi.o
                0x08001274                handleStop
 .text.handleActiveSense
                0x08001280        0xc ./src/midi.o
                0x08001280                handleActiveSense
 .text.handleReset
                0x0800128c        0xc ./src/midi.o
                0x0800128c                handleReset
 .text.mode_drum_synth_sample_process
                0x08001298       0xb8 ./src/mode_drum_synth.o
                0x08001298                mode_drum_synth_sample_process
 .text.mode_drum_synth_control_process
                0x08001350       0xec ./src/mode_drum_synth.o
                0x08001350                mode_drum_synth_control_process
 .text.mode_filter_envelope_init
                0x0800143c       0x64 ./src/mode_filter_envelope.o
                0x0800143c                mode_filter_envelope_init
 .text.mode_filter_envelope_sample_process
                0x080014a0      0x1c0 ./src/mode_filter_envelope.o
                0x080014a0                mode_filter_envelope_sample_process
 .text.mode_filter_envelope_control_process
                0x08001660       0xd0 ./src/mode_filter_envelope.o
                0x08001660                mode_filter_envelope_control_process
 .text.mode_filter_man_init
                0x08001730       0x30 ./src/mode_filter_man.o
                0x08001730                mode_filter_man_init
 .text.mode_filter_man_sample_process
                0x08001760       0xc4 ./src/mode_filter_man.o
                0x08001760                mode_filter_man_sample_process
 .text.mode_filter_man_control_process
                0x08001824       0xe8 ./src/mode_filter_man.o
                0x08001824                mode_filter_man_control_process
 .text.mode_mono_glider_sample_process
                0x0800190c      0x134 ./src/mode_mono_glider.o
                0x0800190c                mode_mono_glider_sample_process
 .text.mode_mono_glider_control_process
                0x08001a40       0x88 ./src/mode_mono_glider.o
                0x08001a40                mode_mono_glider_control_process
 .text.mode_nazareth_sample_process
                0x08001ac8      0x1a8 ./src/mode_nazareth.o
                0x08001ac8                mode_nazareth_sample_process
 .text.mode_nazareth_control_process
                0x08001c70      0x1a4 ./src/mode_nazareth.o
                0x08001c70                mode_nazareth_control_process
 .text.mode_simple_sin_init
                0x08001e14       0x34 ./src/mode_simple_sin.o
                0x08001e14                mode_simple_sin_init
 .text.mode_simple_sin_sample_process
                0x08001e48       0xac ./src/mode_simple_sin.o
                0x08001e48                mode_simple_sin_sample_process
 .text.mode_simple_sin_control_process
                0x08001ef4       0xfc ./src/mode_simple_sin.o
                0x08001ef4                mode_simple_sin_control_process
 .text.sin_set  0x08001ff0       0x38 ./src/oscillator.o
                0x08001ff0                sin_set
 .text.sin_process
                0x08002028       0x74 ./src/oscillator.o
                0x08002028                sin_process
 .text.bl_step_table_read
                0x0800209c       0x7c ./src/oscillator.o
                0x0800209c                bl_step_table_read
 .text.bl_saw_set
                0x08002118       0x38 ./src/oscillator.o
                0x08002118                bl_saw_set
 .text.bl_saw_process
                0x08002150       0xfc ./src/oscillator.o
                0x08002150                bl_saw_process
 .text.pp6_get_knob_1
                0x0800224c       0x18 ./src/pp6.o
                0x0800224c                pp6_get_knob_1
 .text.pp6_get_knob_2
                0x08002264       0x18 ./src/pp6.o
                0x08002264                pp6_get_knob_2
 .text.pp6_get_knob_3
                0x0800227c       0x18 ./src/pp6.o
                0x0800227c                pp6_get_knob_3
 .text.pp6_change_mode
                0x08002294       0x54 ./src/pp6.o
                0x08002294                pp6_change_mode
 .text.pp6_set_mode
                0x080022e8       0x34 ./src/pp6.o
                0x080022e8                pp6_set_mode
 .text.pp6_get_mode
                0x0800231c       0x18 ./src/pp6.o
                0x0800231c                pp6_get_mode
 .text.pp6_change_aux
                0x08002334       0x40 ./src/pp6.o
                0x08002334                pp6_change_aux
 .text.pp6_set_aux
                0x08002374       0x20 ./src/pp6.o
                0x08002374                pp6_set_aux
 .text.pp6_get_aux
                0x08002394       0x18 ./src/pp6.o
                0x08002394                pp6_get_aux
 .text.pp6_get_keys
                0x080023ac       0x18 ./src/pp6.o
                0x080023ac                pp6_get_keys
 .text.pp6_set_note
                0x080023c4       0x20 ./src/pp6.o
                0x080023c4                pp6_set_note
 .text.pp6_set_note_start
                0x080023e4       0x34 ./src/pp6.o
                0x080023e4                pp6_set_note_start
 .text.pp6_get_note_start
                0x08002418       0x30 ./src/pp6.o
                0x08002418                pp6_get_note_start
 .text.pp6_set_note_stop
                0x08002448       0x28 ./src/pp6.o
                0x08002448                pp6_set_note_stop
 .text.pp6_get_note_stop
                0x08002470       0x30 ./src/pp6.o
                0x08002470                pp6_get_note_stop
 .text.pp6_get_note
                0x080024a0       0x18 ./src/pp6.o
                0x080024a0                pp6_get_note
 .text.pp6_get_num_keys_down
                0x080024b8       0x18 ./src/pp6.o
                0x080024b8                pp6_get_num_keys_down
 .text.pp6_knobs_init
                0x080024d0       0xd8 ./src/pp6.o
                0x080024d0                pp6_knobs_init
 .text.pp6_knobs_update
                0x080025a8      0x158 ./src/pp6.o
                0x080025a8                pp6_knobs_update
 .text.pp6_leds_init
                0x08002700       0xa8 ./src/pp6.o
                0x08002700                pp6_leds_init
 .text.pp6_set_mode_led
                0x080027a8      0x1a0 ./src/pp6.o
                0x080027a8                pp6_set_mode_led
 .text.pp6_keys_init
                0x08002948       0xa4 ./src/pp6.o
                0x08002948                pp6_keys_init
 .text.pp6_keys_update
                0x080029ec      0x2a0 ./src/pp6.o
                0x080029ec                pp6_keys_update
 .text.sadsr_init
                0x08002c8c       0x34 ./src/sadsr.o
                0x08002c8c                sadsr_init
 .text.sadsr_process
                0x08002cc0      0x13c ./src/sadsr.o
                0x08002cc0                sadsr_process
 .text.sadsr_set
                0x08002dfc       0x70 ./src/sadsr.o
                0x08002dfc                sadsr_set
 .text.sadsr_go
                0x08002e6c       0x24 ./src/sadsr.o
                0x08002e6c                sadsr_go
 .text.sadsr_release
                0x08002e90       0x1c ./src/sadsr.o
                0x08002e90                sadsr_release
 .text.SystemInit
                0x08002eac       0xb0 ./src/system_stm32f4xx.o
                0x08002eac                SystemInit
 .text.SetSysClock
                0x08002f5c      0x1e0 ./src/system_stm32f4xx.o
 .text.uart_init
                0x0800313c       0xc4 ./src/uart.o
                0x0800313c                uart_init
 .text.vcf_filter_init
                0x08003200       0x5c ./src/vcf.o
                0x08003200                vcf_filter_init
 .text.vcf_filter_set
                0x0800325c       0x80 ./src/vcf.o
                0x0800325c                vcf_filter_set
 .text.vcf_filter_process
                0x080032dc      0x18c ./src/vcf.o
                0x080032dc                vcf_filter_process
 .text.NVIC_Init
                0x08003468       0xe8 /home/owen/workspace-redsuite/StdPeriphLib_v100_STM32F4xx/Debug/libStdPeriphLib_v100_STM32F4xx.a(misc.o)
                0x08003468                NVIC_Init
 .text.ADC_Init
                0x08003550       0xc4 /home/owen/workspace-redsuite/StdPeriphLib_v100_STM32F4xx/Debug/libStdPeriphLib_v100_STM32F4xx.a(stm32f4xx_adc.o)
                0x08003550                ADC_Init
 .text.ADC_CommonInit
                0x08003614       0x60 /home/owen/workspace-redsuite/StdPeriphLib_v100_STM32F4xx/Debug/libStdPeriphLib_v100_STM32F4xx.a(stm32f4xx_adc.o)
                0x08003614                ADC_CommonInit
 .text.ADC_Cmd  0x08003674       0x38 /home/owen/workspace-redsuite/StdPeriphLib_v100_STM32F4xx/Debug/libStdPeriphLib_v100_STM32F4xx.a(stm32f4xx_adc.o)
                0x08003674                ADC_Cmd
 .text.ADC_RegularChannelConfig
                0x080036ac      0x1d0 /home/owen/workspace-redsuite/StdPeriphLib_v100_STM32F4xx/Debug/libStdPeriphLib_v100_STM32F4xx.a(stm32f4xx_adc.o)
                0x080036ac                ADC_RegularChannelConfig
 .text.ADC_SoftwareStartConv
                0x0800387c       0x20 /home/owen/workspace-redsuite/StdPeriphLib_v100_STM32F4xx/Debug/libStdPeriphLib_v100_STM32F4xx.a(stm32f4xx_adc.o)
                0x0800387c                ADC_SoftwareStartConv
 .text.ADC_GetConversionValue
                0x0800389c       0x1c /home/owen/workspace-redsuite/StdPeriphLib_v100_STM32F4xx/Debug/libStdPeriphLib_v100_STM32F4xx.a(stm32f4xx_adc.o)
                0x0800389c                ADC_GetConversionValue
 .text.GPIO_Init
                0x080038b8      0x158 /home/owen/workspace-redsuite/StdPeriphLib_v100_STM32F4xx/Debug/libStdPeriphLib_v100_STM32F4xx.a(stm32f4xx_gpio.o)
                0x080038b8                GPIO_Init
 .text.GPIO_ReadInputDataBit
                0x08003a10       0x40 /home/owen/workspace-redsuite/StdPeriphLib_v100_STM32F4xx/Debug/libStdPeriphLib_v100_STM32F4xx.a(stm32f4xx_gpio.o)
                0x08003a10                GPIO_ReadInputDataBit
 .text.GPIO_WriteBit
                0x08003a50       0x30 /home/owen/workspace-redsuite/StdPeriphLib_v100_STM32F4xx/Debug/libStdPeriphLib_v100_STM32F4xx.a(stm32f4xx_gpio.o)
                0x08003a50                GPIO_WriteBit
 .text.GPIO_PinAFConfig
                0x08003a80       0xb0 /home/owen/workspace-redsuite/StdPeriphLib_v100_STM32F4xx/Debug/libStdPeriphLib_v100_STM32F4xx.a(stm32f4xx_gpio.o)
                0x08003a80                GPIO_PinAFConfig
 .text.RCC_GetClocksFreq
                0x08003b30      0x1d4 /home/owen/workspace-redsuite/StdPeriphLib_v100_STM32F4xx/Debug/libStdPeriphLib_v100_STM32F4xx.a(stm32f4xx_rcc.o)
                0x08003b30                RCC_GetClocksFreq
 .text.RCC_AHB1PeriphClockCmd
                0x08003d04       0x5c /home/owen/workspace-redsuite/StdPeriphLib_v100_STM32F4xx/Debug/libStdPeriphLib_v100_STM32F4xx.a(stm32f4xx_rcc.o)
                0x08003d04                RCC_AHB1PeriphClockCmd
 .text.RCC_AHB2PeriphClockCmd
                0x08003d60       0x5c /home/owen/workspace-redsuite/StdPeriphLib_v100_STM32F4xx/Debug/libStdPeriphLib_v100_STM32F4xx.a(stm32f4xx_rcc.o)
                0x08003d60                RCC_AHB2PeriphClockCmd
 .text.RCC_APB1PeriphClockCmd
                0x08003dbc       0x5c /home/owen/workspace-redsuite/StdPeriphLib_v100_STM32F4xx/Debug/libStdPeriphLib_v100_STM32F4xx.a(stm32f4xx_rcc.o)
                0x08003dbc                RCC_APB1PeriphClockCmd
 .text.RCC_APB2PeriphClockCmd
                0x08003e18       0x5c /home/owen/workspace-redsuite/StdPeriphLib_v100_STM32F4xx/Debug/libStdPeriphLib_v100_STM32F4xx.a(stm32f4xx_rcc.o)
                0x08003e18                RCC_APB2PeriphClockCmd
 .text.RCC_APB1PeriphResetCmd
                0x08003e74       0x5c /home/owen/workspace-redsuite/StdPeriphLib_v100_STM32F4xx/Debug/libStdPeriphLib_v100_STM32F4xx.a(stm32f4xx_rcc.o)
                0x08003e74                RCC_APB1PeriphResetCmd
 .text.RCC_APB2PeriphResetCmd
                0x08003ed0       0x5c /home/owen/workspace-redsuite/StdPeriphLib_v100_STM32F4xx/Debug/libStdPeriphLib_v100_STM32F4xx.a(stm32f4xx_rcc.o)
                0x08003ed0                RCC_APB2PeriphResetCmd
 .text.RNG_Cmd  0x08003f2c       0x4c /home/owen/workspace-redsuite/StdPeriphLib_v100_STM32F4xx/Debug/libStdPeriphLib_v100_STM32F4xx.a(stm32f4xx_rng.o)
                0x08003f2c                RNG_Cmd
 .text.RNG_GetRandomNumber
                0x08003f78       0x18 /home/owen/workspace-redsuite/StdPeriphLib_v100_STM32F4xx/Debug/libStdPeriphLib_v100_STM32F4xx.a(stm32f4xx_rng.o)
                0x08003f78                RNG_GetRandomNumber
 .text.SPI_I2S_DeInit
                0x08003f90       0x88 /home/owen/workspace-redsuite/StdPeriphLib_v100_STM32F4xx/Debug/libStdPeriphLib_v100_STM32F4xx.a(stm32f4xx_spi.o)
                0x08003f90                SPI_I2S_DeInit
 .text.I2S_Init
                0x08004018      0x224 /home/owen/workspace-redsuite/StdPeriphLib_v100_STM32F4xx/Debug/libStdPeriphLib_v100_STM32F4xx.a(stm32f4xx_spi.o)
                0x08004018                I2S_Init
 .text.I2S_Cmd  0x0800423c       0x40 /home/owen/workspace-redsuite/StdPeriphLib_v100_STM32F4xx/Debug/libStdPeriphLib_v100_STM32F4xx.a(stm32f4xx_spi.o)
                0x0800423c                I2S_Cmd
 .text.SPI_I2S_SendData
                0x0800427c       0x1c /home/owen/workspace-redsuite/StdPeriphLib_v100_STM32F4xx/Debug/libStdPeriphLib_v100_STM32F4xx.a(stm32f4xx_spi.o)
                0x0800427c                SPI_I2S_SendData
 .text.SPI_I2S_ITConfig
                0x08004298       0x70 /home/owen/workspace-redsuite/StdPeriphLib_v100_STM32F4xx/Debug/libStdPeriphLib_v100_STM32F4xx.a(stm32f4xx_spi.o)
                0x08004298                SPI_I2S_ITConfig
 .text.SPI_I2S_GetFlagStatus
                0x08004308       0x40 /home/owen/workspace-redsuite/StdPeriphLib_v100_STM32F4xx/Debug/libStdPeriphLib_v100_STM32F4xx.a(stm32f4xx_spi.o)
                0x08004308                SPI_I2S_GetFlagStatus
 .text.USART_Init
                0x08004348      0x1bc /home/owen/workspace-redsuite/StdPeriphLib_v100_STM32F4xx/Debug/libStdPeriphLib_v100_STM32F4xx.a(stm32f4xx_usart.o)
                0x08004348                USART_Init
 .text.USART_Cmd
                0x08004504       0x40 /home/owen/workspace-redsuite/StdPeriphLib_v100_STM32F4xx/Debug/libStdPeriphLib_v100_STM32F4xx.a(stm32f4xx_usart.o)
                0x08004504                USART_Cmd
 .text.USART_ReceiveData
                0x08004544       0x24 /home/owen/workspace-redsuite/StdPeriphLib_v100_STM32F4xx/Debug/libStdPeriphLib_v100_STM32F4xx.a(stm32f4xx_usart.o)
                0x08004544                USART_ReceiveData
 .text.USART_GetFlagStatus
                0x08004568       0x40 /home/owen/workspace-redsuite/StdPeriphLib_v100_STM32F4xx/Debug/libStdPeriphLib_v100_STM32F4xx.a(stm32f4xx_usart.o)
                0x08004568                USART_GetFlagStatus
 .text.WWDG_SetPrescaler
                0x080045a8       0x40 /home/owen/workspace-redsuite/StdPeriphLib_v100_STM32F4xx/Debug/libStdPeriphLib_v100_STM32F4xx.a(stm32f4xx_wwdg.o)
                0x080045a8                WWDG_SetPrescaler
 .text.WWDG_SetWindowValue
                0x080045e8       0x44 /home/owen/workspace-redsuite/StdPeriphLib_v100_STM32F4xx/Debug/libStdPeriphLib_v100_STM32F4xx.a(stm32f4xx_wwdg.o)
                0x080045e8                WWDG_SetWindowValue
 .text.arm_float_to_q15
                0x0800462c      0x2bc /home/owen/workspace-redsuite/CMSISv2p10_DSPLIB_CM4/lib/libCMSISv2p10_DSPLIB_CM4.a(arm_float_to_q15.o)
                0x0800462c                arm_float_to_q15
 .text.arm_sin_f32
                0x080048e8       0xd8 /home/owen/workspace-redsuite/CMSISv2p10_DSPLIB_CM4/lib/libCMSISv2p10_DSPLIB_CM4.a(arm_sin_f32.o)
                0x080048e8                arm_sin_f32
 .text.__weak_main
                0x080049c0        0x4 /usr/local/redsuite_4.2.3_255/redsuite/tools/bin/../lib/gcc/arm-none-eabi/4.5.1/../../../../arm-none-eabi/lib/thumb2/libcr_c.a(__weak__main.o)
                0x080049c0                __main
                0x080049c0                __weak_main
 *(.rodata .rodata.*)
 .rodata.transition_table
                0x080049c4      0xfac ./src/oscillator.o
 .rodata.sinTable
                0x08005970      0x40c /home/owen/workspace-redsuite/CMSISv2p10_DSPLIB_CM4/lib/libCMSISv2p10_DSPLIB_CM4.a(arm_sin_f32.o)
                0x08005d7c                . = ALIGN (0x4)

.glue_7         0x08005d7c        0x0
 .glue_7        0x00000000        0x0 linker stubs

.glue_7t        0x08005d7c        0x0
 .glue_7t       0x00000000        0x0 linker stubs

.vfp11_veneer   0x08005d7c        0x0
 .vfp11_veneer  0x00000000        0x0 linker stubs

.v4_bx          0x08005d7c        0x0
 .v4_bx         0x00000000        0x0 linker stubs

.ARM.extab
 *(.ARM.extab* .gnu.linkonce.armextab.*)
                0x08005d7c                __exidx_start = .

.ARM.exidx
 *(.ARM.exidx* .gnu.linkonce.armexidx.*)
                0x08005d7c                __exidx_end = .
                0x08005d7c                _etext = .

.data_RAM2      0x2001c000        0x0 load address 0x08005d7c
 FILL mask 0xff
 *(.data.$RAM2*)
 *(.data.$PeriphRam16*)
                0x2001c000                . = ALIGN (0x4)

.data_RAM3      0x10000000        0x0 load address 0x08005d7c
 FILL mask 0xff
 *(.data.$RAM3*)
 *(.data.$Ram64*)
                0x10000000                . = ALIGN (0x4)

.uninit_RESERVED
 *(.bss.$RESERVED*)

.data           0x20000000       0xac load address 0x08005d7c
 FILL mask 0xff
                0x20000000                _data = .
 *(vtable)
 *(.data*)
 .data.hardware_index
                0x20000000        0x4 ./src/CS4344.o
                0x20000000                hardware_index
 .data.miditof  0x20000004       0x54 ./src/main.o
                0x20000004                miditof
 .data.machine_gun_period
                0x20000058        0x4 ./src/main.o
 .data.harmonic_levels
                0x2000005c       0x20 ./src/mode_nazareth.o
 .data.keys_history
                0x2000007c       0x20 ./src/pp6.o
                0x2000007c                keys_history
 .data.APBAHBPrescTable
                0x2000009c       0x10 /home/owen/workspace-redsuite/StdPeriphLib_v100_STM32F4xx/Debug/libStdPeriphLib_v100_STM32F4xx.a(stm32f4xx_rcc.o)
                0x200000ac                . = ALIGN (0x4)
                0x200000ac                _edata = .

.bss_RAM2       0x2001c000        0x0
 *(.bss.$RAM2*)
 *(.bss.$PeriphRam16*)
                0x2001c000                . = ALIGN (0x4)

.bss_RAM3       0x10000000        0x0
 *(.bss.$RAM3*)
 *(.bss.$Ram64*)
                0x10000000                . = ALIGN (0x4)

.bss            0x200000ac      0x764
                0x200000ac                _bss = .
 *(.bss*)
 .bss.software_index
                0x200000ac        0x4 ./src/CS4344.o
                0x200000ac                software_index
 .bss.sample_clock
                0x200000b0        0x4 ./src/CS4344.o
                0x200000b0                sample_clock
 .bss.count     0x200000b4        0x4 ./src/main.o
 .bss.all_clock
                0x200000b8        0x4 ./src/main.o
 .bss.aux_last  0x200000bc        0x4 ./src/main.o
 .bss.aux       0x200000c0        0x4 ./src/main.o
 .bss.last_hit  0x200000c4        0x4 ./src/main.o
 .bss.uart_recv_buf_write
                0x200000c8        0x1 ./src/main.o
                0x200000c8                uart_recv_buf_write
 .bss.uart_recv_buf_read
                0x200000c9        0x1 ./src/main.o
                0x200000c9                uart_recv_buf_read
 *fill*         0x200000ca        0x2 00
 .bss.midi_cc   0x200000cc       0x20 ./src/midi.o
                0x200000cc                midi_cc
 .bss.sig       0x200000ec        0x4 ./src/mode_drum_synth.o
 .bss.f         0x200000f0        0x4 ./src/mode_drum_synth.o
 .bss.filter    0x200000f4       0x34 ./src/mode_drum_synth.o
 .bss.amp       0x20000128        0x4 ./src/mode_drum_synth.o
 .bss.amp_env   0x2000012c       0x1c ./src/mode_drum_synth.o
 .bss.sig       0x20000148        0x4 ./src/mode_filter_envelope.o
 .bss.f         0x2000014c        0x4 ./src/mode_filter_envelope.o
 .bss.amp       0x20000150        0x4 ./src/mode_filter_envelope.o
 .bss.cutoff    0x20000154        0x4 ./src/mode_filter_envelope.o
 .bss.saw       0x20000158        0xc ./src/mode_filter_envelope.o
 .bss.filter    0x20000164       0x34 ./src/mode_filter_envelope.o
 .bss.amp_env   0x20000198       0x1c ./src/mode_filter_envelope.o
 .bss.filter_env
                0x200001b4       0x1c ./src/mode_filter_envelope.o
 .bss.sig       0x200001d0        0x4 ./src/mode_filter_man.o
 .bss.f         0x200001d4        0x4 ./src/mode_filter_man.o
 .bss.saw       0x200001d8        0xc ./src/mode_filter_man.o
 .bss.filter    0x200001e4       0x34 ./src/mode_filter_man.o
 .bss.amp       0x20000218        0x4 ./src/mode_filter_man.o
 .bss.amp_env   0x2000021c       0x1c ./src/mode_filter_man.o
 .bss.sig       0x20000238        0x4 ./src/mode_nazareth.o
 .bss.f         0x2000023c        0x4 ./src/mode_nazareth.o
 .bss.sins      0x20000240       0xa0 ./src/mode_nazareth.o
 .bss.new_note  0x200002e0        0x4 ./src/mode_nazareth.o
 .bss.i         0x200002e4        0x4 ./src/mode_nazareth.o
 .bss.amp       0x200002e8        0x4 ./src/mode_nazareth.o
 .bss.amp_env   0x200002ec       0x1c ./src/mode_nazareth.o
 .bss.sig       0x20000308        0x4 ./src/mode_simple_sin.o
 .bss.f         0x2000030c        0x4 ./src/mode_simple_sin.o
 .bss.sin1      0x20000310       0x14 ./src/mode_simple_sin.o
 .bss.new_note  0x20000324        0x4 ./src/mode_simple_sin.o
 .bss.amp       0x20000328        0x4 ./src/mode_simple_sin.o
 .bss.framp     0x2000032c       0x14 ./src/mode_simple_sin.o
 .bss.amp_env   0x20000340       0x1c ./src/mode_simple_sin.o
 .bss.history_index.6814
                0x2000035c        0x1 ./src/pp6.o
 .bss.channel.6798
                0x2000035d        0x1 ./src/pp6.o
 *fill*         0x2000035e        0x2 00
 .bss.knobs.6799
                0x20000360        0xc ./src/pp6.o
 *(COMMON)
 COMMON         0x2000036c      0x400 ./src/CS4344.o
                0x2000036c                play_buf
 COMMON         0x2000076c       0x44 ./src/main.o
                0x2000076c                recvArg0_
                0x20000770                channelIn_
                0x20000774                uart_recv_buf
                0x20000794                recvEvent_
                0x20000798                tmp8
                0x2000079c                recvMode_
                0x200007a0                recvByteCount_
                0x200007a4                sendFullCommands_
                0x200007a8                recvBytesNeeded_
                0x200007ac                lastStatusSent_
 COMMON         0x200007b0       0x40 ./src/mode_mono_glider.o
                0x200007b0                sq2
                0x200007bc                f
                0x200007c0                sq1
                0x200007cc                amp
                0x200007d0                amp_env
                0x200007ec                sig
 COMMON         0x200007f0       0x20 ./src/pp6.o
                0x200007f0                pp6
                0x20000810                . = ALIGN (0x4)
                0x20000810                _ebss = .
                0x20000810                PROVIDE (end, .)
                0x20000810                PROVIDE (_pvHeapStart, .)
                0x2001c000                PROVIDE (_vStackTop, (__top_Ram112 - 0x0))
OUTPUT(BolsaBass.axf elf32-littlearm)

.debug_abbrev   0x00000000     0x222f
 .debug_abbrev  0x00000000      0x17e ./src/CS4344.o
 .debug_abbrev  0x0000017e       0xd9 ./src/comb.o
 .debug_abbrev  0x00000257      0x167 ./src/cr_startup_stm32f4xx.o
 .debug_abbrev  0x000003be       0xd2 ./src/line.o
 .debug_abbrev  0x00000490      0x19d ./src/main.o
 .debug_abbrev  0x0000062d      0x162 ./src/midi.o
 .debug_abbrev  0x0000078f      0x10d ./src/mode_drum.o
 .debug_abbrev  0x0000089c       0xf4 ./src/mode_drum_synth.o
 .debug_abbrev  0x00000990       0xdc ./src/mode_filter_envelope.o
 .debug_abbrev  0x00000a6c       0xdc ./src/mode_filter_man.o
 .debug_abbrev  0x00000b48       0xf1 ./src/mode_mono_glider.o
 .debug_abbrev  0x00000c39       0xe5 ./src/mode_nazareth.o
 .debug_abbrev  0x00000d1e       0xdc ./src/mode_simple_sin.o
 .debug_abbrev  0x00000dfa       0xf2 ./src/oscillator.o
 .debug_abbrev  0x00000eec      0x1c7 ./src/pp6.o
 .debug_abbrev  0x000010b3       0xdd ./src/sad.o
 .debug_abbrev  0x00001190       0xdf ./src/sadsr.o
 .debug_abbrev  0x0000126f      0x144 ./src/system_stm32f4xx.o
 .debug_abbrev  0x000013b3      0x102 ./src/uart.o
 .debug_abbrev  0x000014b5       0xc8 ./src/vcf.o
 .debug_abbrev  0x0000157d      0x12a /home/owen/workspace-redsuite/StdPeriphLib_v100_STM32F4xx/Debug/libStdPeriphLib_v100_STM32F4xx.a(misc.o)
 .debug_abbrev  0x000016a7      0x18d /home/owen/workspace-redsuite/StdPeriphLib_v100_STM32F4xx/Debug/libStdPeriphLib_v100_STM32F4xx.a(stm32f4xx_adc.o)
 .debug_abbrev  0x00001834      0x186 /home/owen/workspace-redsuite/StdPeriphLib_v100_STM32F4xx/Debug/libStdPeriphLib_v100_STM32F4xx.a(stm32f4xx_gpio.o)
 .debug_abbrev  0x000019ba      0x1bb /home/owen/workspace-redsuite/StdPeriphLib_v100_STM32F4xx/Debug/libStdPeriphLib_v100_STM32F4xx.a(stm32f4xx_rcc.o)
 .debug_abbrev  0x00001b75      0x13b /home/owen/workspace-redsuite/StdPeriphLib_v100_STM32F4xx/Debug/libStdPeriphLib_v100_STM32F4xx.a(stm32f4xx_rng.o)
 .debug_abbrev  0x00001cb0      0x164 /home/owen/workspace-redsuite/StdPeriphLib_v100_STM32F4xx/Debug/libStdPeriphLib_v100_STM32F4xx.a(stm32f4xx_spi.o)
 .debug_abbrev  0x00001e14      0x152 /home/owen/workspace-redsuite/StdPeriphLib_v100_STM32F4xx/Debug/libStdPeriphLib_v100_STM32F4xx.a(stm32f4xx_usart.o)
 .debug_abbrev  0x00001f66      0x122 /home/owen/workspace-redsuite/StdPeriphLib_v100_STM32F4xx/Debug/libStdPeriphLib_v100_STM32F4xx.a(stm32f4xx_wwdg.o)
 .debug_abbrev  0x00002088       0xb0 /home/owen/workspace-redsuite/CMSISv2p10_DSPLIB_CM4/lib/libCMSISv2p10_DSPLIB_CM4.a(arm_float_to_q15.o)
 .debug_abbrev  0x00002138       0xf7 /home/owen/workspace-redsuite/CMSISv2p10_DSPLIB_CM4/lib/libCMSISv2p10_DSPLIB_CM4.a(arm_sin_f32.o)

.debug_info     0x00000000     0x9a76
 .debug_info    0x00000000      0x7cb ./src/CS4344.o
 .debug_info    0x000007cb      0x191 ./src/comb.o
 .debug_info    0x0000095c      0x58f ./src/cr_startup_stm32f4xx.o
 .debug_info    0x00000eeb      0x1b8 ./src/line.o
 .debug_info    0x000010a3      0x6a2 ./src/main.o
 .debug_info    0x00001745      0x870 ./src/midi.o
 .debug_info    0x00001fb5      0x4a4 ./src/mode_drum.o
 .debug_info    0x00002459      0x30f ./src/mode_drum_synth.o
 .debug_info    0x00002768      0x310 ./src/mode_filter_envelope.o
 .debug_info    0x00002a78      0x2ee ./src/mode_filter_man.o
 .debug_info    0x00002d66      0x27a ./src/mode_mono_glider.o
 .debug_info    0x00002fe0      0x317 ./src/mode_nazareth.o
 .debug_info    0x000032f7      0x2af ./src/mode_simple_sin.o
 .debug_info    0x000035a6      0x738 ./src/oscillator.o
 .debug_info    0x00003cde      0x8e8 ./src/pp6.o
 .debug_info    0x000045c6      0x1c6 ./src/sad.o
 .debug_info    0x0000478c      0x208 ./src/sadsr.o
 .debug_info    0x00004994      0x625 ./src/system_stm32f4xx.o
 .debug_info    0x00004fb9      0x41e ./src/uart.o
 .debug_info    0x000053d7      0x1f4 ./src/vcf.o
 .debug_info    0x000055cb      0x59c /home/owen/workspace-redsuite/StdPeriphLib_v100_STM32F4xx/Debug/libStdPeriphLib_v100_STM32F4xx.a(misc.o)
 .debug_info    0x00005b67      0xcfd /home/owen/workspace-redsuite/StdPeriphLib_v100_STM32F4xx/Debug/libStdPeriphLib_v100_STM32F4xx.a(stm32f4xx_adc.o)
 .debug_info    0x00006864      0x641 /home/owen/workspace-redsuite/StdPeriphLib_v100_STM32F4xx/Debug/libStdPeriphLib_v100_STM32F4xx.a(stm32f4xx_gpio.o)
 .debug_info    0x00006ea5      0xd2c /home/owen/workspace-redsuite/StdPeriphLib_v100_STM32F4xx/Debug/libStdPeriphLib_v100_STM32F4xx.a(stm32f4xx_rcc.o)
 .debug_info    0x00007bd1      0x299 /home/owen/workspace-redsuite/StdPeriphLib_v100_STM32F4xx/Debug/libStdPeriphLib_v100_STM32F4xx.a(stm32f4xx_rng.o)
 .debug_info    0x00007e6a      0xbd4 /home/owen/workspace-redsuite/StdPeriphLib_v100_STM32F4xx/Debug/libStdPeriphLib_v100_STM32F4xx.a(stm32f4xx_spi.o)
 .debug_info    0x00008a3e      0xa57 /home/owen/workspace-redsuite/StdPeriphLib_v100_STM32F4xx/Debug/libStdPeriphLib_v100_STM32F4xx.a(stm32f4xx_usart.o)
 .debug_info    0x00009495      0x25e /home/owen/workspace-redsuite/StdPeriphLib_v100_STM32F4xx/Debug/libStdPeriphLib_v100_STM32F4xx.a(stm32f4xx_wwdg.o)
 .debug_info    0x000096f3      0x1dd /home/owen/workspace-redsuite/CMSISv2p10_DSPLIB_CM4/lib/libCMSISv2p10_DSPLIB_CM4.a(arm_float_to_q15.o)
 .debug_info    0x000098d0      0x1a6 /home/owen/workspace-redsuite/CMSISv2p10_DSPLIB_CM4/lib/libCMSISv2p10_DSPLIB_CM4.a(arm_sin_f32.o)

.debug_line     0x00000000     0xc60e
 .debug_line    0x00000000      0x637 ./src/CS4344.o
 .debug_line    0x00000637      0x4d4 ./src/comb.o
 .debug_line    0x00000b0b      0x6c1 ./src/cr_startup_stm32f4xx.o
 .debug_line    0x000011cc      0x4ea ./src/line.o
 .debug_line    0x000016b6      0x8ca ./src/main.o
 .debug_line    0x00001f80      0xa32 ./src/midi.o
 .debug_line    0x000029b2      0x7af ./src/mode_drum.o
 .debug_line    0x00003161      0x79e ./src/mode_drum_synth.o
 .debug_line    0x000038ff      0x549 ./src/mode_filter_envelope.o
 .debug_line    0x00003e48      0x530 ./src/mode_filter_man.o
 .debug_line    0x00004378      0x532 ./src/mode_mono_glider.o
 .debug_line    0x000048aa      0x55f ./src/mode_nazareth.o
 .debug_line    0x00004e09      0x533 ./src/mode_simple_sin.o
 .debug_line    0x0000533c      0x64b ./src/oscillator.o
 .debug_line    0x00005987      0x979 ./src/pp6.o
 .debug_line    0x00006300      0x4f6 ./src/sad.o
 .debug_line    0x000067f6      0x50f ./src/sadsr.o
 .debug_line    0x00006d05      0x679 ./src/system_stm32f4xx.o
 .debug_line    0x0000737e      0x60a ./src/uart.o
 .debug_line    0x00007988      0x4e5 ./src/vcf.o
 .debug_line    0x00007e6d      0x64a /home/owen/workspace-redsuite/StdPeriphLib_v100_STM32F4xx/Debug/libStdPeriphLib_v100_STM32F4xx.a(misc.o)
 .debug_line    0x000084b7      0x950 /home/owen/workspace-redsuite/StdPeriphLib_v100_STM32F4xx/Debug/libStdPeriphLib_v100_STM32F4xx.a(stm32f4xx_adc.o)
 .debug_line    0x00008e07      0x73a /home/owen/workspace-redsuite/StdPeriphLib_v100_STM32F4xx/Debug/libStdPeriphLib_v100_STM32F4xx.a(stm32f4xx_gpio.o)
 .debug_line    0x00009541      0x99c /home/owen/workspace-redsuite/StdPeriphLib_v100_STM32F4xx/Debug/libStdPeriphLib_v100_STM32F4xx.a(stm32f4xx_rcc.o)
 .debug_line    0x00009edd      0x684 /home/owen/workspace-redsuite/StdPeriphLib_v100_STM32F4xx/Debug/libStdPeriphLib_v100_STM32F4xx.a(stm32f4xx_rng.o)
 .debug_line    0x0000a561      0x850 /home/owen/workspace-redsuite/StdPeriphLib_v100_STM32F4xx/Debug/libStdPeriphLib_v100_STM32F4xx.a(stm32f4xx_spi.o)
 .debug_line    0x0000adb1      0x88b /home/owen/workspace-redsuite/StdPeriphLib_v100_STM32F4xx/Debug/libStdPeriphLib_v100_STM32F4xx.a(stm32f4xx_usart.o)
 .debug_line    0x0000b63c      0x683 /home/owen/workspace-redsuite/StdPeriphLib_v100_STM32F4xx/Debug/libStdPeriphLib_v100_STM32F4xx.a(stm32f4xx_wwdg.o)
 .debug_line    0x0000bcbf      0x4c8 /home/owen/workspace-redsuite/CMSISv2p10_DSPLIB_CM4/lib/libCMSISv2p10_DSPLIB_CM4.a(arm_float_to_q15.o)
 .debug_line    0x0000c187      0x487 /home/owen/workspace-redsuite/CMSISv2p10_DSPLIB_CM4/lib/libCMSISv2p10_DSPLIB_CM4.a(arm_sin_f32.o)

.debug_macinfo  0x00000000   0x645fd0
 .debug_macinfo
                0x00000000    0x5b0df ./src/CS4344.o
 .debug_macinfo
                0x0005b0df     0x4408 ./src/comb.o
 .debug_macinfo
                0x0005f4e7    0x5aeb9 ./src/cr_startup_stm32f4xx.o
 .debug_macinfo
                0x000ba3a0     0x4408 ./src/line.o
 .debug_macinfo
                0x000be7a8    0x5be1e ./src/main.o
 .debug_macinfo
                0x0011a5c6    0x5bad7 ./src/midi.o
 .debug_macinfo
                0x0017609d    0x5b961 ./src/mode_drum.o
 .debug_macinfo
                0x001d19fe    0x5b967 ./src/mode_drum_synth.o
 .debug_macinfo
                0x0022d365     0x4702 ./src/mode_filter_envelope.o
 .debug_macinfo
                0x00231a67     0x46fd ./src/mode_filter_man.o
 .debug_macinfo
                0x00236164     0x46fe ./src/mode_mono_glider.o
 .debug_macinfo
                0x0023a862     0x46fb ./src/mode_nazareth.o
 .debug_macinfo
                0x0023ef5d     0x46fd ./src/mode_simple_sin.o
 .debug_macinfo
                0x0024365a     0x441e ./src/oscillator.o
 .debug_macinfo
                0x00247a78    0x5b8c9 ./src/pp6.o
 .debug_macinfo
                0x002a3341     0x4407 ./src/sad.o
 .debug_macinfo
                0x002a7748     0x4409 ./src/sadsr.o
 .debug_macinfo
                0x002abb51    0x5aed1 ./src/system_stm32f4xx.o
 .debug_macinfo
                0x00306a22    0x5ae7c ./src/uart.o
 .debug_macinfo
                0x0036189e     0x4407 ./src/vcf.o
 .debug_macinfo
                0x00365ca5    0x5ae5f /home/owen/workspace-redsuite/StdPeriphLib_v100_STM32F4xx/Debug/libStdPeriphLib_v100_STM32F4xx.a(misc.o)
 .debug_macinfo
                0x003c0b04    0x5b14d /home/owen/workspace-redsuite/StdPeriphLib_v100_STM32F4xx/Debug/libStdPeriphLib_v100_STM32F4xx.a(stm32f4xx_adc.o)
 .debug_macinfo
                0x0041bc51    0x5ae33 /home/owen/workspace-redsuite/StdPeriphLib_v100_STM32F4xx/Debug/libStdPeriphLib_v100_STM32F4xx.a(stm32f4xx_gpio.o)
 .debug_macinfo
                0x00476a84    0x5b33f /home/owen/workspace-redsuite/StdPeriphLib_v100_STM32F4xx/Debug/libStdPeriphLib_v100_STM32F4xx.a(stm32f4xx_rcc.o)
 .debug_macinfo
                0x004d1dc3    0x5ae33 /home/owen/workspace-redsuite/StdPeriphLib_v100_STM32F4xx/Debug/libStdPeriphLib_v100_STM32F4xx.a(stm32f4xx_rng.o)
 .debug_macinfo
                0x0052cbf6    0x5af20 /home/owen/workspace-redsuite/StdPeriphLib_v100_STM32F4xx/Debug/libStdPeriphLib_v100_STM32F4xx.a(stm32f4xx_spi.o)
 .debug_macinfo
                0x00587b16    0x5af5f /home/owen/workspace-redsuite/StdPeriphLib_v100_STM32F4xx/Debug/libStdPeriphLib_v100_STM32F4xx.a(stm32f4xx_usart.o)
 .debug_macinfo
                0x005e2a75    0x5af41 /home/owen/workspace-redsuite/StdPeriphLib_v100_STM32F4xx/Debug/libStdPeriphLib_v100_STM32F4xx.a(stm32f4xx_wwdg.o)
 .debug_macinfo
                0x0063d9b6     0x430d /home/owen/workspace-redsuite/CMSISv2p10_DSPLIB_CM4/lib/libCMSISv2p10_DSPLIB_CM4.a(arm_float_to_q15.o)
 .debug_macinfo
                0x00641cc3     0x430d /home/owen/workspace-redsuite/CMSISv2p10_DSPLIB_CM4/lib/libCMSISv2p10_DSPLIB_CM4.a(arm_sin_f32.o)

.debug_loc      0x00000000     0x42ba
 .debug_loc     0x00000000       0x70 ./src/CS4344.o
 .debug_loc     0x00000070       0x70 ./src/comb.o
 .debug_loc     0x000000e0      0x28c ./src/cr_startup_stm32f4xx.o
 .debug_loc     0x0000036c       0xe0 ./src/line.o
 .debug_loc     0x0000044c       0x70 ./src/main.o
 .debug_loc     0x000004bc      0x72c ./src/midi.o
 .debug_loc     0x00000be8       0xb4 ./src/mode_drum.o
 .debug_loc     0x00000c9c       0x9c ./src/mode_drum_synth.o
 .debug_loc     0x00000d38       0x9c ./src/mode_filter_envelope.o
 .debug_loc     0x00000dd4       0x9c ./src/mode_filter_man.o
 .debug_loc     0x00000e70       0x9c ./src/mode_mono_glider.o
 .debug_loc     0x00000f0c       0x90 ./src/mode_nazareth.o
 .debug_loc     0x00000f9c       0x9c ./src/mode_simple_sin.o
 .debug_loc     0x00001038      0x3b8 ./src/oscillator.o
 .debug_loc     0x000013f0      0x460 ./src/pp6.o
 .debug_loc     0x00001850       0xe0 ./src/sad.o
 .debug_loc     0x00001930      0x118 ./src/sadsr.o
 .debug_loc     0x00001a48       0x9c ./src/system_stm32f4xx.o
 .debug_loc     0x00001ae4       0x38 ./src/uart.o
 .debug_loc     0x00001b1c       0xa8 ./src/vcf.o
 .debug_loc     0x00001bc4      0x118 /home/owen/workspace-redsuite/StdPeriphLib_v100_STM32F4xx/Debug/libStdPeriphLib_v100_STM32F4xx.a(misc.o)
 .debug_loc     0x00001cdc      0x838 /home/owen/workspace-redsuite/StdPeriphLib_v100_STM32F4xx/Debug/libStdPeriphLib_v100_STM32F4xx.a(stm32f4xx_adc.o)
 .debug_loc     0x00002514      0x310 /home/owen/workspace-redsuite/StdPeriphLib_v100_STM32F4xx/Debug/libStdPeriphLib_v100_STM32F4xx.a(stm32f4xx_gpio.o)
 .debug_loc     0x00002824      0x97c /home/owen/workspace-redsuite/StdPeriphLib_v100_STM32F4xx/Debug/libStdPeriphLib_v100_STM32F4xx.a(stm32f4xx_rcc.o)
 .debug_loc     0x000031a0      0x1a8 /home/owen/workspace-redsuite/StdPeriphLib_v100_STM32F4xx/Debug/libStdPeriphLib_v100_STM32F4xx.a(stm32f4xx_rng.o)
 .debug_loc     0x00003348      0x578 /home/owen/workspace-redsuite/StdPeriphLib_v100_STM32F4xx/Debug/libStdPeriphLib_v100_STM32F4xx.a(stm32f4xx_spi.o)
 .debug_loc     0x000038c0      0x658 /home/owen/workspace-redsuite/StdPeriphLib_v100_STM32F4xx/Debug/libStdPeriphLib_v100_STM32F4xx.a(stm32f4xx_usart.o)
 .debug_loc     0x00003f18      0x19c /home/owen/workspace-redsuite/StdPeriphLib_v100_STM32F4xx/Debug/libStdPeriphLib_v100_STM32F4xx.a(stm32f4xx_wwdg.o)
 .debug_loc     0x000040b4      0x178 /home/owen/workspace-redsuite/CMSISv2p10_DSPLIB_CM4/lib/libCMSISv2p10_DSPLIB_CM4.a(arm_float_to_q15.o)
 .debug_loc     0x0000422c       0x8e /home/owen/workspace-redsuite/CMSISv2p10_DSPLIB_CM4/lib/libCMSISv2p10_DSPLIB_CM4.a(arm_sin_f32.o)

.debug_pubnames
                0x00000000     0x1f15
 .debug_pubnames
                0x00000000       0x80 ./src/CS4344.o
 .debug_pubnames
                0x00000080       0x89 ./src/comb.o
 .debug_pubnames
                0x00000109      0x115 ./src/cr_startup_stm32f4xx.o
 .debug_pubnames
                0x0000021e       0x53 ./src/line.o
 .debug_pubnames
                0x00000271      0x107 ./src/main.o
 .debug_pubnames
                0x00000378      0x33f ./src/midi.o
 .debug_pubnames
                0x000006b7       0x60 ./src/mode_drum.o
 .debug_pubnames
                0x00000717       0x72 ./src/mode_drum_synth.o
 .debug_pubnames
                0x00000789       0x81 ./src/mode_filter_envelope.o
 .debug_pubnames
                0x0000080a       0x72 ./src/mode_filter_man.o
 .debug_pubnames
                0x0000087c       0xa7 ./src/mode_mono_glider.o
 .debug_pubnames
                0x00000923       0x6c ./src/mode_nazareth.o
 .debug_pubnames
                0x0000098f       0x72 ./src/mode_simple_sin.o
 .debug_pubnames
                0x00000a01      0x13e ./src/oscillator.o
 .debug_pubnames
                0x00000b3f      0x1f2 ./src/pp6.o
 .debug_pubnames
                0x00000d31       0x46 ./src/sad.o
 .debug_pubnames
                0x00000d77       0x60 ./src/sadsr.o
 .debug_pubnames
                0x00000dd7       0x61 ./src/system_stm32f4xx.o
 .debug_pubnames
                0x00000e38       0x20 ./src/uart.o
 .debug_pubnames
                0x00000e58       0x50 ./src/vcf.o
 .debug_pubnames
                0x00000ea8       0x89 /home/owen/workspace-redsuite/StdPeriphLib_v100_STM32F4xx/Debug/libStdPeriphLib_v100_STM32F4xx.a(misc.o)
 .debug_pubnames
                0x00000f31      0x446 /home/owen/workspace-redsuite/StdPeriphLib_v100_STM32F4xx/Debug/libStdPeriphLib_v100_STM32F4xx.a(stm32f4xx_adc.o)
 .debug_pubnames
                0x00001377      0x12d /home/owen/workspace-redsuite/StdPeriphLib_v100_STM32F4xx/Debug/libStdPeriphLib_v100_STM32F4xx.a(stm32f4xx_gpio.o)
 .debug_pubnames
                0x000014a4      0x417 /home/owen/workspace-redsuite/StdPeriphLib_v100_STM32F4xx/Debug/libStdPeriphLib_v100_STM32F4xx.a(stm32f4xx_rcc.o)
 .debug_pubnames
                0x000018bb       0xac /home/owen/workspace-redsuite/StdPeriphLib_v100_STM32F4xx/Debug/libStdPeriphLib_v100_STM32F4xx.a(stm32f4xx_rng.o)
 .debug_pubnames
                0x00001967      0x221 /home/owen/workspace-redsuite/StdPeriphLib_v100_STM32F4xx/Debug/libStdPeriphLib_v100_STM32F4xx.a(stm32f4xx_spi.o)
 .debug_pubnames
                0x00001b88      0x294 /home/owen/workspace-redsuite/StdPeriphLib_v100_STM32F4xx/Debug/libStdPeriphLib_v100_STM32F4xx.a(stm32f4xx_usart.o)
 .debug_pubnames
                0x00001e1c       0xb0 /home/owen/workspace-redsuite/StdPeriphLib_v100_STM32F4xx/Debug/libStdPeriphLib_v100_STM32F4xx.a(stm32f4xx_wwdg.o)
 .debug_pubnames
                0x00001ecc       0x27 /home/owen/workspace-redsuite/CMSISv2p10_DSPLIB_CM4/lib/libCMSISv2p10_DSPLIB_CM4.a(arm_float_to_q15.o)
 .debug_pubnames
                0x00001ef3       0x22 /home/owen/workspace-redsuite/CMSISv2p10_DSPLIB_CM4/lib/libCMSISv2p10_DSPLIB_CM4.a(arm_sin_f32.o)

.debug_pubtypes
                0x00000000      0xf0c
 .debug_pubtypes
                0x00000000      0x116 ./src/CS4344.o
 .debug_pubtypes
                0x00000116       0x2d ./src/comb.o
 .debug_pubtypes
                0x00000143       0x44 ./src/cr_startup_stm32f4xx.o
 .debug_pubtypes
                0x00000187       0x36 ./src/line.o
 .debug_pubtypes
                0x000001bd       0x9c ./src/main.o
 .debug_pubtypes
                0x00000259       0x38 ./src/midi.o
 .debug_pubtypes
                0x00000291       0x85 ./src/mode_drum.o
 .debug_pubtypes
                0x00000316       0x69 ./src/mode_drum_synth.o
 .debug_pubtypes
                0x0000037f       0x69 ./src/mode_filter_envelope.o
 .debug_pubtypes
                0x000003e8       0x69 ./src/mode_filter_man.o
 .debug_pubtypes
                0x00000451       0x5a ./src/mode_mono_glider.o
 .debug_pubtypes
                0x000004ab       0x6d ./src/mode_nazareth.o
 .debug_pubtypes
                0x00000518       0x6b ./src/mode_simple_sin.o
 .debug_pubtypes
                0x00000583       0x9e ./src/oscillator.o
 .debug_pubtypes
                0x00000621      0x131 ./src/pp6.o
 .debug_pubtypes
                0x00000752       0x34 ./src/sad.o
 .debug_pubtypes
                0x00000786       0x36 ./src/sadsr.o
 .debug_pubtypes
                0x000007bc       0x83 ./src/system_stm32f4xx.o
 .debug_pubtypes
                0x0000083f       0xe8 ./src/uart.o
 .debug_pubtypes
                0x00000927       0x2f ./src/vcf.o
 .debug_pubtypes
                0x00000956       0x8c /home/owen/workspace-redsuite/StdPeriphLib_v100_STM32F4xx/Debug/libStdPeriphLib_v100_STM32F4xx.a(misc.o)
 .debug_pubtypes
                0x000009e2       0xc9 /home/owen/workspace-redsuite/StdPeriphLib_v100_STM32F4xx/Debug/libStdPeriphLib_v100_STM32F4xx.a(stm32f4xx_adc.o)
 .debug_pubtypes
                0x00000aab       0xce /home/owen/workspace-redsuite/StdPeriphLib_v100_STM32F4xx/Debug/libStdPeriphLib_v100_STM32F4xx.a(stm32f4xx_gpio.o)
 .debug_pubtypes
                0x00000b79       0xaa /home/owen/workspace-redsuite/StdPeriphLib_v100_STM32F4xx/Debug/libStdPeriphLib_v100_STM32F4xx.a(stm32f4xx_rcc.o)
 .debug_pubtypes
                0x00000c23       0x77 /home/owen/workspace-redsuite/StdPeriphLib_v100_STM32F4xx/Debug/libStdPeriphLib_v100_STM32F4xx.a(stm32f4xx_rng.o)
 .debug_pubtypes
                0x00000c9a       0xbc /home/owen/workspace-redsuite/StdPeriphLib_v100_STM32F4xx/Debug/libStdPeriphLib_v100_STM32F4xx.a(stm32f4xx_spi.o)
 .debug_pubtypes
                0x00000d56       0xcd /home/owen/workspace-redsuite/StdPeriphLib_v100_STM32F4xx/Debug/libStdPeriphLib_v100_STM32F4xx.a(stm32f4xx_usart.o)
 .debug_pubtypes
                0x00000e23       0x57 /home/owen/workspace-redsuite/StdPeriphLib_v100_STM32F4xx/Debug/libStdPeriphLib_v100_STM32F4xx.a(stm32f4xx_wwdg.o)
 .debug_pubtypes
                0x00000e7a       0x59 /home/owen/workspace-redsuite/CMSISv2p10_DSPLIB_CM4/lib/libCMSISv2p10_DSPLIB_CM4.a(arm_float_to_q15.o)
 .debug_pubtypes
                0x00000ed3       0x39 /home/owen/workspace-redsuite/CMSISv2p10_DSPLIB_CM4/lib/libCMSISv2p10_DSPLIB_CM4.a(arm_sin_f32.o)

.debug_aranges  0x00000000      0xc80
 .debug_aranges
                0x00000000       0x28 ./src/CS4344.o
 .debug_aranges
                0x00000028       0x28 ./src/comb.o
 .debug_aranges
                0x00000050       0x88 ./src/cr_startup_stm32f4xx.o
 .debug_aranges
                0x000000d8       0x38 ./src/line.o
 .debug_aranges
                0x00000110       0x28 ./src/main.o
 .debug_aranges
                0x00000138      0x138 ./src/midi.o
 .debug_aranges
                0x00000270       0x30 ./src/mode_drum.o
 .debug_aranges
                0x000002a0       0x30 ./src/mode_drum_synth.o
 .debug_aranges
                0x000002d0       0x30 ./src/mode_filter_envelope.o
 .debug_aranges
                0x00000300       0x30 ./src/mode_filter_man.o
 .debug_aranges
                0x00000330       0x30 ./src/mode_mono_glider.o
 .debug_aranges
                0x00000360       0x30 ./src/mode_nazareth.o
 .debug_aranges
                0x00000390       0x30 ./src/mode_simple_sin.o
 .debug_aranges
                0x000003c0       0xa0 ./src/oscillator.o
 .debug_aranges
                0x00000460       0xd0 ./src/pp6.o
 .debug_aranges
                0x00000530       0x38 ./src/sad.o
 .debug_aranges
                0x00000568       0x40 ./src/sadsr.o
 .debug_aranges
                0x000005a8       0x30 ./src/system_stm32f4xx.o
 .debug_aranges
                0x000005d8       0x20 ./src/uart.o
 .debug_aranges
                0x000005f8       0x30 ./src/vcf.o
 .debug_aranges
                0x00000628       0x40 /home/owen/workspace-redsuite/StdPeriphLib_v100_STM32F4xx/Debug/libStdPeriphLib_v100_STM32F4xx.a(misc.o)
 .debug_aranges
                0x00000668      0x148 /home/owen/workspace-redsuite/StdPeriphLib_v100_STM32F4xx/Debug/libStdPeriphLib_v100_STM32F4xx.a(stm32f4xx_adc.o)
 .debug_aranges
                0x000007b0       0x88 /home/owen/workspace-redsuite/StdPeriphLib_v100_STM32F4xx/Debug/libStdPeriphLib_v100_STM32F4xx.a(stm32f4xx_gpio.o)
 .debug_aranges
                0x00000838      0x178 /home/owen/workspace-redsuite/StdPeriphLib_v100_STM32F4xx/Debug/libStdPeriphLib_v100_STM32F4xx.a(stm32f4xx_rcc.o)
 .debug_aranges
                0x000009b0       0x58 /home/owen/workspace-redsuite/StdPeriphLib_v100_STM32F4xx/Debug/libStdPeriphLib_v100_STM32F4xx.a(stm32f4xx_rng.o)
 .debug_aranges
                0x00000a08       0xe0 /home/owen/workspace-redsuite/StdPeriphLib_v100_STM32F4xx/Debug/libStdPeriphLib_v100_STM32F4xx.a(stm32f4xx_spi.o)
 .debug_aranges
                0x00000ae8      0x100 /home/owen/workspace-redsuite/StdPeriphLib_v100_STM32F4xx/Debug/libStdPeriphLib_v100_STM32F4xx.a(stm32f4xx_usart.o)
 .debug_aranges
                0x00000be8       0x58 /home/owen/workspace-redsuite/StdPeriphLib_v100_STM32F4xx/Debug/libStdPeriphLib_v100_STM32F4xx.a(stm32f4xx_wwdg.o)
 .debug_aranges
                0x00000c40       0x20 /home/owen/workspace-redsuite/CMSISv2p10_DSPLIB_CM4/lib/libCMSISv2p10_DSPLIB_CM4.a(arm_float_to_q15.o)
 .debug_aranges
                0x00000c60       0x20 /home/owen/workspace-redsuite/CMSISv2p10_DSPLIB_CM4/lib/libCMSISv2p10_DSPLIB_CM4.a(arm_sin_f32.o)

.debug_ranges   0x00000000      0xbf8
 .debug_ranges  0x00000000       0x18 ./src/CS4344.o
 .debug_ranges  0x00000018       0x18 ./src/comb.o
 .debug_ranges  0x00000030       0x78 ./src/cr_startup_stm32f4xx.o
 .debug_ranges  0x000000a8       0x28 ./src/line.o
 .debug_ranges  0x000000d0       0x18 ./src/main.o
 .debug_ranges  0x000000e8      0x128 ./src/midi.o
 .debug_ranges  0x00000210       0x20 ./src/mode_drum.o
 .debug_ranges  0x00000230       0x20 ./src/mode_drum_synth.o
 .debug_ranges  0x00000250       0x20 ./src/mode_filter_envelope.o
 .debug_ranges  0x00000270       0x20 ./src/mode_filter_man.o
 .debug_ranges  0x00000290       0x20 ./src/mode_mono_glider.o
 .debug_ranges  0x000002b0       0x20 ./src/mode_nazareth.o
 .debug_ranges  0x000002d0       0x20 ./src/mode_simple_sin.o
 .debug_ranges  0x000002f0       0x90 ./src/oscillator.o
 .debug_ranges  0x00000380       0xc0 ./src/pp6.o
 .debug_ranges  0x00000440       0x28 ./src/sad.o
 .debug_ranges  0x00000468       0x30 ./src/sadsr.o
 .debug_ranges  0x00000498       0x20 ./src/system_stm32f4xx.o
 .debug_ranges  0x000004b8       0x10 ./src/uart.o
 .debug_ranges  0x000004c8       0x20 ./src/vcf.o
 .debug_ranges  0x000004e8       0x30 /home/owen/workspace-redsuite/StdPeriphLib_v100_STM32F4xx/Debug/libStdPeriphLib_v100_STM32F4xx.a(misc.o)
 .debug_ranges  0x00000518      0x138 /home/owen/workspace-redsuite/StdPeriphLib_v100_STM32F4xx/Debug/libStdPeriphLib_v100_STM32F4xx.a(stm32f4xx_adc.o)
 .debug_ranges  0x00000650       0x78 /home/owen/workspace-redsuite/StdPeriphLib_v100_STM32F4xx/Debug/libStdPeriphLib_v100_STM32F4xx.a(stm32f4xx_gpio.o)
 .debug_ranges  0x000006c8      0x168 /home/owen/workspace-redsuite/StdPeriphLib_v100_STM32F4xx/Debug/libStdPeriphLib_v100_STM32F4xx.a(stm32f4xx_rcc.o)
 .debug_ranges  0x00000830       0x48 /home/owen/workspace-redsuite/StdPeriphLib_v100_STM32F4xx/Debug/libStdPeriphLib_v100_STM32F4xx.a(stm32f4xx_rng.o)
 .debug_ranges  0x00000878       0xd0 /home/owen/workspace-redsuite/StdPeriphLib_v100_STM32F4xx/Debug/libStdPeriphLib_v100_STM32F4xx.a(stm32f4xx_spi.o)
 .debug_ranges  0x00000948       0xf0 /home/owen/workspace-redsuite/StdPeriphLib_v100_STM32F4xx/Debug/libStdPeriphLib_v100_STM32F4xx.a(stm32f4xx_usart.o)
 .debug_ranges  0x00000a38       0x48 /home/owen/workspace-redsuite/StdPeriphLib_v100_STM32F4xx/Debug/libStdPeriphLib_v100_STM32F4xx.a(stm32f4xx_wwdg.o)
 .debug_ranges  0x00000a80      0x168 /home/owen/workspace-redsuite/CMSISv2p10_DSPLIB_CM4/lib/libCMSISv2p10_DSPLIB_CM4.a(arm_float_to_q15.o)
 .debug_ranges  0x00000be8       0x10 /home/owen/workspace-redsuite/CMSISv2p10_DSPLIB_CM4/lib/libCMSISv2p10_DSPLIB_CM4.a(arm_sin_f32.o)

.debug_str      0x00000000     0x30fe
 .debug_str     0x00000000      0x93d ./src/CS4344.o
                                0x97a (size before relaxing)
 .debug_str     0x0000093d       0x8c ./src/comb.o
                                0x148 (size before relaxing)
 .debug_str     0x000009c9      0x1b4 ./src/cr_startup_stm32f4xx.o
                                0x2ac (size before relaxing)
 .debug_str     0x00000b7d       0x6c ./src/line.o
                                0x13f (size before relaxing)
 .debug_str     0x00000be9      0x167 ./src/main.o
                                0x380 (size before relaxing)
 .debug_str     0x00000d50      0x265 ./src/midi.o
                                0x3ed (size before relaxing)
 .debug_str     0x00000fb5      0x140 ./src/mode_drum.o
                                0x2a9 (size before relaxing)
 .debug_str     0x000010f5       0x6d ./src/mode_drum_synth.o
                                0x1fd (size before relaxing)
 .debug_str     0x00001162       0x81 ./src/mode_filter_envelope.o
                                0x216 (size before relaxing)
 .debug_str     0x000011e3       0x6d ./src/mode_filter_man.o
                                0x1f0 (size before relaxing)
 .debug_str     0x00001250       0x71 ./src/mode_mono_glider.o
                                0x1c8 (size before relaxing)
 .debug_str     0x000012c1       0x88 ./src/mode_nazareth.o
                                0x211 (size before relaxing)
 .debug_str     0x00001349       0x6d ./src/mode_simple_sin.o
                                0x22f (size before relaxing)
 .debug_str     0x000013b6      0x1a4 ./src/oscillator.o
                                0x2e1 (size before relaxing)
 .debug_str     0x0000155a      0x2fd ./src/pp6.o
                                0x60a (size before relaxing)
 .debug_str     0x00001857       0x48 ./src/sad.o
                                0x13f (size before relaxing)
 .debug_str     0x0000189f       0x53 ./src/sadsr.o
                                0x16c (size before relaxing)
 .debug_str     0x000018f2      0x164 ./src/system_stm32f4xx.o
                                0x2fe (size before relaxing)
 .debug_str     0x00001a56       0x9f ./src/uart.o
                                0x381 (size before relaxing)
 .debug_str     0x00001af5       0x49 ./src/vcf.o
                                0x138 (size before relaxing)
 .debug_str     0x00001b3e      0x171 /home/owen/workspace-redsuite/StdPeriphLib_v100_STM32F4xx/Debug/libStdPeriphLib_v100_STM32F4xx.a(misc.o)
                                0x339 (size before relaxing)
 .debug_str     0x00001caf      0x4d6 /home/owen/workspace-redsuite/StdPeriphLib_v100_STM32F4xx/Debug/libStdPeriphLib_v100_STM32F4xx.a(stm32f4xx_adc.o)
                                0x764 (size before relaxing)
 .debug_str     0x00002185      0x171 /home/owen/workspace-redsuite/StdPeriphLib_v100_STM32F4xx/Debug/libStdPeriphLib_v100_STM32F4xx.a(stm32f4xx_gpio.o)
                                0x403 (size before relaxing)
 .debug_str     0x000022f6      0x537 /home/owen/workspace-redsuite/StdPeriphLib_v100_STM32F4xx/Debug/libStdPeriphLib_v100_STM32F4xx.a(stm32f4xx_rcc.o)
                                0x7b0 (size before relaxing)
 .debug_str     0x0000282d       0xad /home/owen/workspace-redsuite/StdPeriphLib_v100_STM32F4xx/Debug/libStdPeriphLib_v100_STM32F4xx.a(stm32f4xx_rng.o)
                                0x1e4 (size before relaxing)
 .debug_str     0x000028da      0x2e6 /home/owen/workspace-redsuite/StdPeriphLib_v100_STM32F4xx/Debug/libStdPeriphLib_v100_STM32F4xx.a(stm32f4xx_spi.o)
                                0x5ea (size before relaxing)
 .debug_str     0x00002bc0      0x378 /home/owen/workspace-redsuite/StdPeriphLib_v100_STM32F4xx/Debug/libStdPeriphLib_v100_STM32F4xx.a(stm32f4xx_usart.o)
                                0x5ef (size before relaxing)
 .debug_str     0x00002f38       0xb2 /home/owen/workspace-redsuite/StdPeriphLib_v100_STM32F4xx/Debug/libStdPeriphLib_v100_STM32F4xx.a(stm32f4xx_wwdg.o)
                                0x1e2 (size before relaxing)
 .debug_str     0x00002fea       0xb0 /home/owen/workspace-redsuite/CMSISv2p10_DSPLIB_CM4/lib/libCMSISv2p10_DSPLIB_CM4.a(arm_float_to_q15.o)
                                0x164 (size before relaxing)
 .debug_str     0x0000309a       0x64 /home/owen/workspace-redsuite/CMSISv2p10_DSPLIB_CM4/lib/libCMSISv2p10_DSPLIB_CM4.a(arm_sin_f32.o)
                                0x14e (size before relaxing)

.comment        0x00000000       0x2a
 .comment       0x00000000       0x2a ./src/CS4344.o
                                 0x2b (size before relaxing)
 .comment       0x00000000       0x2b ./src/comb.o
 .comment       0x00000000       0x2b ./src/cr_startup_stm32f4xx.o
 .comment       0x00000000       0x2b ./src/line.o
 .comment       0x00000000       0x2b ./src/main.o
 .comment       0x00000000       0x2b ./src/midi.o
 .comment       0x00000000       0x2b ./src/mode_drum.o
 .comment       0x00000000       0x2b ./src/mode_drum_synth.o
 .comment       0x00000000       0x2b ./src/mode_filter_envelope.o
 .comment       0x00000000       0x2b ./src/mode_filter_man.o
 .comment       0x00000000       0x2b ./src/mode_mono_glider.o
 .comment       0x00000000       0x2b ./src/mode_nazareth.o
 .comment       0x00000000       0x2b ./src/mode_simple_sin.o
 .comment       0x00000000       0x2b ./src/oscillator.o
 .comment       0x00000000       0x2b ./src/pp6.o
 .comment       0x00000000       0x2b ./src/sad.o
 .comment       0x00000000       0x2b ./src/sadsr.o
 .comment       0x00000000       0x2b ./src/system_stm32f4xx.o
 .comment       0x00000000       0x2b ./src/uart.o
 .comment       0x00000000       0x2b ./src/vcf.o
 .comment       0x00000000       0x2b /home/owen/workspace-redsuite/StdPeriphLib_v100_STM32F4xx/Debug/libStdPeriphLib_v100_STM32F4xx.a(misc.o)
 .comment       0x00000000       0x2b /home/owen/workspace-redsuite/StdPeriphLib_v100_STM32F4xx/Debug/libStdPeriphLib_v100_STM32F4xx.a(stm32f4xx_adc.o)
 .comment       0x00000000       0x2b /home/owen/workspace-redsuite/StdPeriphLib_v100_STM32F4xx/Debug/libStdPeriphLib_v100_STM32F4xx.a(stm32f4xx_gpio.o)
 .comment       0x00000000       0x2b /home/owen/workspace-redsuite/StdPeriphLib_v100_STM32F4xx/Debug/libStdPeriphLib_v100_STM32F4xx.a(stm32f4xx_rcc.o)
 .comment       0x00000000       0x2b /home/owen/workspace-redsuite/StdPeriphLib_v100_STM32F4xx/Debug/libStdPeriphLib_v100_STM32F4xx.a(stm32f4xx_rng.o)
 .comment       0x00000000       0x2b /home/owen/workspace-redsuite/StdPeriphLib_v100_STM32F4xx/Debug/libStdPeriphLib_v100_STM32F4xx.a(stm32f4xx_spi.o)
 .comment       0x00000000       0x2b /home/owen/workspace-redsuite/StdPeriphLib_v100_STM32F4xx/Debug/libStdPeriphLib_v100_STM32F4xx.a(stm32f4xx_usart.o)
 .comment       0x00000000       0x2b /home/owen/workspace-redsuite/StdPeriphLib_v100_STM32F4xx/Debug/libStdPeriphLib_v100_STM32F4xx.a(stm32f4xx_wwdg.o)
 .comment       0x00000000       0x2b /home/owen/workspace-redsuite/CMSISv2p10_DSPLIB_CM4/lib/libCMSISv2p10_DSPLIB_CM4.a(arm_float_to_q15.o)
 .comment       0x00000000       0x2b /home/owen/workspace-redsuite/CMSISv2p10_DSPLIB_CM4/lib/libCMSISv2p10_DSPLIB_CM4.a(arm_sin_f32.o)
 .comment       0x00000000       0x2b /usr/local/redsuite_4.2.3_255/redsuite/tools/bin/../lib/gcc/arm-none-eabi/4.5.1/../../../../arm-none-eabi/lib/thumb2/libcr_c.a(__weak__main.o)

.ARM.attributes
                0x00000000       0x37
 .ARM.attributes
                0x00000000       0x37 ./src/CS4344.o
 .ARM.attributes
                0x00000037       0x37 ./src/comb.o
 .ARM.attributes
                0x0000006e       0x37 ./src/cr_startup_stm32f4xx.o
 .ARM.attributes
                0x000000a5       0x37 ./src/line.o
 .ARM.attributes
                0x000000dc       0x37 ./src/main.o
 .ARM.attributes
                0x00000113       0x37 ./src/midi.o
 .ARM.attributes
                0x0000014a       0x37 ./src/mode_drum.o
 .ARM.attributes
                0x00000181       0x37 ./src/mode_drum_synth.o
 .ARM.attributes
                0x000001b8       0x37 ./src/mode_filter_envelope.o
 .ARM.attributes
                0x000001ef       0x37 ./src/mode_filter_man.o
 .ARM.attributes
                0x00000226       0x37 ./src/mode_mono_glider.o
 .ARM.attributes
                0x0000025d       0x37 ./src/mode_nazareth.o
 .ARM.attributes
                0x00000294       0x37 ./src/mode_simple_sin.o
 .ARM.attributes
                0x000002cb       0x37 ./src/oscillator.o
 .ARM.attributes
                0x00000302       0x37 ./src/pp6.o
 .ARM.attributes
                0x00000339       0x37 ./src/sad.o
 .ARM.attributes
                0x00000370       0x37 ./src/sadsr.o
 .ARM.attributes
                0x000003a7       0x37 ./src/system_stm32f4xx.o
 .ARM.attributes
                0x000003de       0x37 ./src/uart.o
 .ARM.attributes
                0x00000415       0x37 ./src/vcf.o
 .ARM.attributes
                0x0000044c       0x37 /home/owen/workspace-redsuite/StdPeriphLib_v100_STM32F4xx/Debug/libStdPeriphLib_v100_STM32F4xx.a(misc.o)
 .ARM.attributes
                0x00000483       0x37 /home/owen/workspace-redsuite/StdPeriphLib_v100_STM32F4xx/Debug/libStdPeriphLib_v100_STM32F4xx.a(stm32f4xx_adc.o)
 .ARM.attributes
                0x000004ba       0x37 /home/owen/workspace-redsuite/StdPeriphLib_v100_STM32F4xx/Debug/libStdPeriphLib_v100_STM32F4xx.a(stm32f4xx_gpio.o)
 .ARM.attributes
                0x000004f1       0x37 /home/owen/workspace-redsuite/StdPeriphLib_v100_STM32F4xx/Debug/libStdPeriphLib_v100_STM32F4xx.a(stm32f4xx_rcc.o)
 .ARM.attributes
                0x00000528       0x37 /home/owen/workspace-redsuite/StdPeriphLib_v100_STM32F4xx/Debug/libStdPeriphLib_v100_STM32F4xx.a(stm32f4xx_rng.o)
 .ARM.attributes
                0x0000055f       0x37 /home/owen/workspace-redsuite/StdPeriphLib_v100_STM32F4xx/Debug/libStdPeriphLib_v100_STM32F4xx.a(stm32f4xx_spi.o)
 .ARM.attributes
                0x00000596       0x37 /home/owen/workspace-redsuite/StdPeriphLib_v100_STM32F4xx/Debug/libStdPeriphLib_v100_STM32F4xx.a(stm32f4xx_usart.o)
 .ARM.attributes
                0x000005cd       0x37 /home/owen/workspace-redsuite/StdPeriphLib_v100_STM32F4xx/Debug/libStdPeriphLib_v100_STM32F4xx.a(stm32f4xx_wwdg.o)
 .ARM.attributes
                0x00000604       0x37 /home/owen/workspace-redsuite/CMSISv2p10_DSPLIB_CM4/lib/libCMSISv2p10_DSPLIB_CM4.a(arm_float_to_q15.o)
 .ARM.attributes
                0x0000063b       0x37 /home/owen/workspace-redsuite/CMSISv2p10_DSPLIB_CM4/lib/libCMSISv2p10_DSPLIB_CM4.a(arm_sin_f32.o)
 .ARM.attributes
                0x00000672       0x31 /usr/local/redsuite_4.2.3_255/redsuite/tools/bin/../lib/gcc/arm-none-eabi/4.5.1/../../../../arm-none-eabi/lib/thumb2/libcr_c.a(__weak__main.o)

.debug_frame    0x00000000     0x23f8
 .debug_frame   0x00000000       0x50 ./src/CS4344.o
 .debug_frame   0x00000050       0x48 ./src/comb.o
 .debug_frame   0x00000098      0x174 ./src/cr_startup_stm32f4xx.o
 .debug_frame   0x0000020c       0x80 ./src/line.o
 .debug_frame   0x0000028c       0x4c ./src/main.o
 .debug_frame   0x000002d8      0x410 ./src/midi.o
 .debug_frame   0x000006e8       0x78 ./src/mode_drum.o
 .debug_frame   0x00000760       0x6c ./src/mode_drum_synth.o
 .debug_frame   0x000007cc       0x6c ./src/mode_filter_envelope.o
 .debug_frame   0x00000838       0x6c ./src/mode_filter_man.o
 .debug_frame   0x000008a4       0x6c ./src/mode_mono_glider.o
 .debug_frame   0x00000910       0x6c ./src/mode_nazareth.o
 .debug_frame   0x0000097c       0x6c ./src/mode_simple_sin.o
 .debug_frame   0x000009e8      0x1f8 ./src/oscillator.o
 .debug_frame   0x00000be0      0x288 ./src/pp6.o
 .debug_frame   0x00000e68       0x80 ./src/sad.o
 .debug_frame   0x00000ee8       0x9c ./src/sadsr.o
 .debug_frame   0x00000f84       0x64 ./src/system_stm32f4xx.o
 .debug_frame   0x00000fe8       0x30 ./src/uart.o
 .debug_frame   0x00001018       0x64 ./src/vcf.o
 .debug_frame   0x0000107c       0x9c /home/owen/workspace-redsuite/StdPeriphLib_v100_STM32F4xx/Debug/libStdPeriphLib_v100_STM32F4xx.a(misc.o)
 .debug_frame   0x00001118      0x434 /home/owen/workspace-redsuite/StdPeriphLib_v100_STM32F4xx/Debug/libStdPeriphLib_v100_STM32F4xx.a(stm32f4xx_adc.o)
 .debug_frame   0x0000154c      0x19c /home/owen/workspace-redsuite/StdPeriphLib_v100_STM32F4xx/Debug/libStdPeriphLib_v100_STM32F4xx.a(stm32f4xx_gpio.o)
 .debug_frame   0x000016e8      0x4d8 /home/owen/workspace-redsuite/StdPeriphLib_v100_STM32F4xx/Debug/libStdPeriphLib_v100_STM32F4xx.a(stm32f4xx_rcc.o)
 .debug_frame   0x00001bc0       0xec /home/owen/workspace-redsuite/StdPeriphLib_v100_STM32F4xx/Debug/libStdPeriphLib_v100_STM32F4xx.a(stm32f4xx_rng.o)
 .debug_frame   0x00001cac      0x2d0 /home/owen/workspace-redsuite/StdPeriphLib_v100_STM32F4xx/Debug/libStdPeriphLib_v100_STM32F4xx.a(stm32f4xx_spi.o)
 .debug_frame   0x00001f7c      0x344 /home/owen/workspace-redsuite/StdPeriphLib_v100_STM32F4xx/Debug/libStdPeriphLib_v100_STM32F4xx.a(stm32f4xx_usart.o)
 .debug_frame   0x000022c0       0xe8 /home/owen/workspace-redsuite/StdPeriphLib_v100_STM32F4xx/Debug/libStdPeriphLib_v100_STM32F4xx.a(stm32f4xx_wwdg.o)
 .debug_frame   0x000023a8       0x30 /home/owen/workspace-redsuite/CMSISv2p10_DSPLIB_CM4/lib/libCMSISv2p10_DSPLIB_CM4.a(arm_float_to_q15.o)
 .debug_frame   0x000023d8       0x20 /home/owen/workspace-redsuite/CMSISv2p10_DSPLIB_CM4/lib/libCMSISv2p10_DSPLIB_CM4.a(arm_sin_f32.o)
