Archive member included because of file (symbol)

/home/owen/workspace-redsuite/StdPeriphLib_v100_STM32F4xx/Debug/libStdPeriphLib_v100_STM32F4xx.a(misc.o)
                              ./src/CS4344.o (NVIC_Init)
/home/owen/workspace-redsuite/StdPeriphLib_v100_STM32F4xx/Debug/libStdPeriphLib_v100_STM32F4xx.a(stm32f4xx_adc.o)
                              ./src/pp6.o (ADC_Init)
/home/owen/workspace-redsuite/StdPeriphLib_v100_STM32F4xx/Debug/libStdPeriphLib_v100_STM32F4xx.a(stm32f4xx_gpio.o)
                              ./src/CS4344.o (GPIO_Init)
/home/owen/workspace-redsuite/StdPeriphLib_v100_STM32F4xx/Debug/libStdPeriphLib_v100_STM32F4xx.a(stm32f4xx_rcc.o)
                              ./src/CS4344.o (RCC_AHB1PeriphClockCmd)
/home/owen/workspace-redsuite/StdPeriphLib_v100_STM32F4xx/Debug/libStdPeriphLib_v100_STM32F4xx.a(stm32f4xx_rng.o)
                              ./src/main.o (RNG_Cmd)
/home/owen/workspace-redsuite/StdPeriphLib_v100_STM32F4xx/Debug/libStdPeriphLib_v100_STM32F4xx.a(stm32f4xx_spi.o)
                              ./src/CS4344.o (SPI_I2S_DeInit)
/home/owen/workspace-redsuite/StdPeriphLib_v100_STM32F4xx/Debug/libStdPeriphLib_v100_STM32F4xx.a(stm32f4xx_tim.o)
                              ./src/timer.o (TIM_TimeBaseInit)
/home/owen/workspace-redsuite/StdPeriphLib_v100_STM32F4xx/Debug/libStdPeriphLib_v100_STM32F4xx.a(stm32f4xx_usart.o)
                              ./src/uart.o (USART_Init)
/home/owen/workspace-redsuite/StdPeriphLib_v100_STM32F4xx/Debug/libStdPeriphLib_v100_STM32F4xx.a(stm32f4xx_wwdg.o)
                              ./src/cr_startup_stm32f4xx.o (WWDG_SetPrescaler)
/home/owen/workspace-redsuite/CMSISv2p10_DSPLIB_CM4/lib/libCMSISv2p10_DSPLIB_CM4.a(arm_float_to_q15.o)
                              ./src/main.o (arm_float_to_q15)
/home/owen/workspace-redsuite/CMSISv2p10_DSPLIB_CM4/lib/libCMSISv2p10_DSPLIB_CM4.a(arm_sin_f32.o)
                              ./src/oscillator.o (arm_sin_f32)
/usr/local/redsuite_4.2.3_255/redsuite/tools/bin/../lib/gcc/arm-none-eabi/4.5.1/../../../../arm-none-eabi/lib/thumb2/libcr_c.a(__weak__main.o)
                              ./src/cr_startup_stm32f4xx.o (__main)
/usr/local/redsuite_4.2.3_255/redsuite/tools/bin/../lib/gcc/arm-none-eabi/4.5.1/../../../../arm-none-eabi/lib/thumb2/libcr_c.a(sinf.o)
                              ./src/eq.o (sinf)
/usr/local/redsuite_4.2.3_255/redsuite/tools/bin/../lib/gcc/arm-none-eabi/4.5.1/../../../../arm-none-eabi/lib/thumb2/libcr_c.a(memset.o)
                              ./src/eq.o (memset)
/usr/local/redsuite_4.2.3_255/redsuite/tools/bin/../lib/gcc/arm-none-eabi/4.5.1/../../../../arm-none-eabi/lib/thumb2/libcr_c.a(_sincosf.o)
                              /usr/local/redsuite_4.2.3_255/redsuite/tools/bin/../lib/gcc/arm-none-eabi/4.5.1/../../../../arm-none-eabi/lib/thumb2/libcr_c.a(sinf.o) (_sincosf)
/usr/local/redsuite_4.2.3_255/redsuite/tools/bin/../lib/gcc/arm-none-eabi/4.5.1/../../../../arm-none-eabi/lib/thumb2/libcr_c.a(fabsf.o)
                              /usr/local/redsuite_4.2.3_255/redsuite/tools/bin/../lib/gcc/arm-none-eabi/4.5.1/../../../../arm-none-eabi/lib/thumb2/libcr_c.a(_sincosf.o) (fabsf)
/usr/local/redsuite_4.2.3_255/redsuite/tools/bin/../lib/gcc/arm-none-eabi/4.5.1/../../../../arm-none-eabi/lib/thumb2/libcr_c.a(errno.o)
                              /usr/local/redsuite_4.2.3_255/redsuite/tools/bin/../lib/gcc/arm-none-eabi/4.5.1/../../../../arm-none-eabi/lib/thumb2/libcr_c.a(_sincosf.o) (errno)
/usr/local/redsuite_4.2.3_255/redsuite/tools/bin/../lib/gcc/arm-none-eabi/4.5.1/thumb2/libcr_eabihelpers.a(double.o)
                              /usr/local/redsuite_4.2.3_255/redsuite/tools/bin/../lib/gcc/arm-none-eabi/4.5.1/../../../../arm-none-eabi/lib/thumb2/libcr_c.a(_sincosf.o) (__aeabi_dmul)
/usr/local/redsuite_4.2.3_255/redsuite/tools/bin/../lib/gcc/arm-none-eabi/4.5.1/thumb2/libcr_eabihelpers.a(float.o)
                              /usr/local/redsuite_4.2.3_255/redsuite/tools/bin/../lib/gcc/arm-none-eabi/4.5.1/../../../../arm-none-eabi/lib/thumb2/libcr_c.a(_sincosf.o) (__aeabi_fmul)
/usr/local/redsuite_4.2.3_255/redsuite/tools/bin/../lib/gcc/arm-none-eabi/4.5.1/thumb2/libcr_eabihelpers.a(memcpy.o)
                              /usr/local/redsuite_4.2.3_255/redsuite/tools/bin/../lib/gcc/arm-none-eabi/4.5.1/../../../../arm-none-eabi/lib/thumb2/libcr_c.a(memset.o) (__aeabi_lowlevel_memset)

Allocating common symbols
Common symbol       size              file

saw4                0xc               ./src/mode_mono_glider.o
saw1                0xc               ./src/mode_mono_glider.o
f                   0x4               ./src/mode_mono_glider.o
recvArg0_           0x4               ./src/main.o
eq                  0x40              ./src/main.o
channelIn_          0x4               ./src/main.o
amp                 0x4               ./src/mode_mono_glider.o
uart_recv_buf       0x20              ./src/main.o
amp_env             0x1c              ./src/mode_mono_glider.o
[...]
Memory Configuration

Name             Origin             Length             Attributes
MFlash512        0x08000000         0x00080000         xr
Ram112           0x20000000         0x0001c000         xrw
PeriphRam16      0x2001c000         0x00004000         xrw
Ram64            0x10000000         0x00010000         xrw
MFlash1024       0x08000000         0x00100000         xr
Ram128           0x20000000         0x00020000         xrw
*default*        0x00000000         0xffffffff

Linker script and memory map

LOAD ./src/CS4344.o
LOAD ./src/audio.o
LOAD ./src/comb.o
LOAD ./src/cr_startup_stm32f4xx.o
LOAD ./src/eq.o
LOAD ./src/line.o
LOAD ./src/main.o
LOAD ./src/midi.o
LOAD ./src/mode_analog_style.o
LOAD ./src/mode_drum.o
LOAD ./src/mode_drum_synth.o
LOAD ./src/mode_filter_envelope.o
LOAD ./src/mode_filter_man.o
LOAD ./src/mode_mono_glider.o
LOAD ./src/mode_nazareth.o
LOAD ./src/mode_octave_mirror.o
LOAD ./src/mode_simple_fm.o
LOAD ./src/mode_simple_sin.o
LOAD ./src/mode_wave_adder.o
LOAD ./src/oscillator.o
LOAD ./src/pp6.o
LOAD ./src/sad.o
LOAD ./src/sadsr.o
LOAD ./src/sequencer.o
LOAD ./src/system_stm32f4xx.o
LOAD ./src/timer.o
LOAD ./src/uart.o
LOAD ./src/vcf.o
LOAD /home/owen/workspace-redsuite/StdPeriphLib_v100_STM32F4xx/Debug/libStdPeriphLib_v100_STM32F4xx.a
LOAD /home/owen/workspace-redsuite/CMSISv2p10_STM32F4xx/Debug/libCMSISv2p10_STM32F4xx.a
LOAD /home/owen/workspace-redsuite/CMSISv2p10_DSPLIB_CM4/lib/libCMSISv2p10_DSPLIB_CM4.a
START GROUP
LOAD /usr/local/redsuite_4.2.3_255/redsuite/tools/bin/../lib/gcc/arm-none-eabi/4.5.1/../../../../arm-none-eabi/lib/thumb2/libcr_c.a
LOAD /usr/local/redsuite_4.2.3_255/redsuite/tools/bin/../lib/gcc/arm-none-eabi/4.5.1/thumb2/libcr_eabihelpers.a
END GROUP
                0x08080000                __top_MFlash512 = 0x8080000
                0x2001c000                __top_Ram112 = 0x2001c000
                0x20020000                __top_PeriphRam16 = 0x20020000
                0x10010000                __top_Ram64 = 0x10010000
                0x08100000                __top_MFlash1024 = 0x8100000
                0x20020000                __top_Ram128 = 0x20020000

.text_Flash2    0x08000000        0x0
 FILL mask 0xff
 *(.text_Flash2*)
 *(.text_MFlash1024*)

.text           0x08000000     0x874c
 FILL mask 0xff
 *(.isr_vector)
 .isr_vector    0x08000000      0x188 ./src/cr_startup_stm32f4xx.o
                0x08000000                g_pfnVectors
                0x08000188                . = ALIGN (0x4)
                0x08000188                __section_table_start = .
                0x08000188                __data_section_table = .
                0x08000188        0x4 LONG 0x800874c LOADADDR (.data)
                0x0800018c        0x4 LONG 0x20000000 ADDR (.data)
                0x08000190        0x4 LONG 0x250 SIZEOF (.data)
                0x08000194        0x4 LONG 0x800874c LOADADDR (.data_RAM2)
                0x08000198        0x4 LONG 0x2001c000 ADDR (.data_RAM2)
                0x0800019c        0x4 LONG 0x0 SIZEOF (.data_RAM2)
                0x080001a0        0x4 LONG 0x800874c LOADADDR (.data_RAM3)
                0x080001a4        0x4 LONG 0x10000000 ADDR (.data_RAM3)
                0x080001a8        0x4 LONG 0x0 SIZEOF (.data_RAM3)
                0x080001ac        0x4 LONG 0x800874c LOADADDR (.data_RAM4)
                0x080001b0        0x4 LONG 0x20000000 ADDR (.data_RAM4)
                0x080001b4        0x4 LONG 0x0 SIZEOF (.data_RAM4)
                0x080001b8                __data_section_table_end = .
                0x080001b8                __bss_section_table = .
                0x080001b8        0x4 LONG 0x20000250 ADDR (.bss)
                0x080001bc        0x4 LONG 0xd540 SIZEOF (.bss)
                0x080001c0        0x4 LONG 0x2001c000 ADDR (.bss_RAM2)
                0x080001c4        0x4 LONG 0x0 SIZEOF (.bss_RAM2)
                0x080001c8        0x4 LONG 0x10000000 ADDR (.bss_RAM3)
                0x080001cc        0x4 LONG 0x0 SIZEOF (.bss_RAM3)
                0x080001d0        0x4 LONG 0x20000000 ADDR (.bss_RAM4)
                0x080001d4        0x4 LONG 0x0 SIZEOF (.bss_RAM4)
                0x080001d8                __bss_section_table_end = .
                0x080001d8                __section_table_end = .
 *(.after_vectors*)
 .after_vectors
                0x080001d8      0x17c ./src/cr_startup_stm32f4xx.o
                0x080001d8                data_init
                0x08000228                bss_init
                0x08000268                ResetISR
                0x080002fc                NMI_Handler
                0x08000304                HardFault_Handler
                0x08000310                MemManage_Handler
                0x08000318                BusFault_Handler
                0x08000320                UsageFault_Handler
                0x08000328                SVC_Handler
                0x08000330                DebugMon_Handler
                0x08000338                PendSV_Handler
                0x08000340                SysTick_Handler
                0x08000348                RTC_Alarm_IRQHandler
                0x08000348                HASH_RNG_IRQHandler
                0x08000348                EXTI2_IRQHandler
                0x08000348                TIM8_CC_IRQHandler
                0x08000348                TIM1_CC_IRQHandler
                0x08000348                DMA2_Stream5_IRQHandler
                0x08000348                DMA1_Stream5_IRQHandler
                0x08000348                PVD_IRQHandler
                0x08000348                SDIO_IRQHandler
                0x08000348                TAMP_STAMP_IRQHandler
                0x08000348                CAN2_RX1_IRQHandler
                0x08000348                EXTI3_IRQHandler
                0x08000348                TIM8_TRG_COM_TIM14_IRQHandler
                0x08000348                TIM1_UP_TIM10_IRQHandler
                0x08000348                TIM8_UP_TIM13_IRQHandler
                0x08000348                I2C3_ER_IRQHandler
                0x08000348                EXTI0_IRQHandler
                0x08000348                I2C2_EV_IRQHandler
                0x08000348                DMA1_Stream2_IRQHandler
                0x08000348                CAN1_RX0_IRQHandler
                0x08000348                FPU_IRQHandler
                0x08000348                OTG_HS_WKUP_IRQHandler
                0x08000348                CAN2_SCE_IRQHandler
                0x08000348                DMA2_Stream2_IRQHandler
                0x08000348                SPI1_IRQHandler
                0x08000348                IntDefaultHandler
                0x08000348                TIM6_DAC_IRQHandler
                0x08000348                TIM1_BRK_TIM9_IRQHandler
                0x08000348                DCMI_IRQHandler
                0x08000348                CAN2_RX0_IRQHandler
                0x08000348                DMA2_Stream3_IRQHandler
                0x08000348                USART6_IRQHandler
                0x08000348                USART3_IRQHandler
                0x08000348                CRYP_IRQHandler
                0x08000348                CAN1_RX1_IRQHandler
                0x08000348                UART5_IRQHandler
                0x08000348                DMA2_Stream0_IRQHandler
                0x08000348                TIM4_IRQHandler
                0x08000348                I2C1_EV_IRQHandler
                0x08000348                DMA1_Stream6_IRQHandler
                0x08000348                DMA1_Stream1_IRQHandler
                0x08000348                UART4_IRQHandler
                0x08000348                TIM3_IRQHandler
                0x08000348                RCC_IRQHandler
                0x08000348                TIM8_BRK_TIM12_IRQHandler
                0x08000348                EXTI15_10_IRQHandler
                0x08000348                ADC_IRQHandler
                0x08000348                DMA1_Stream7_IRQHandler
                0x08000348                TIM7_IRQHandler
                0x08000348                CAN2_TX_IRQHandler
                0x08000348                TIM5_IRQHandler
                0x08000348                DMA2_Stream7_IRQHandler
                0x08000348                I2C3_EV_IRQHandler
                0x08000348                EXTI9_5_IRQHandler
                0x08000348                RTC_WKUP_IRQHandler
                0x08000348                ETH_WKUP_IRQHandler
                0x08000348                SPI2_IRQHandler
                0x08000348                OTG_HS_EP1_IN_IRQHandler
                0x08000348                DMA1_Stream0_IRQHandler
                0x08000348                CAN1_TX_IRQHandler
                0x08000348                EXTI4_IRQHandler
                0x08000348                FSMC_IRQHandler
                0x08000348                ETH_IRQHandler
                0x08000348                OTG_HS_EP1_OUT_IRQHandler
                0x08000348                WWDG_IRQHandler
                0x08000348                TIM2_IRQHandler
                0x08000348                OTG_FS_WKUP_IRQHandler
                0x08000348                TIM1_TRG_COM_TIM11_IRQHandler
                0x08000348                OTG_HS_IRQHandler
                0x08000348                EXTI1_IRQHandler
                0x08000348                USART2_IRQHandler
                0x08000348                I2C2_ER_IRQHandler
                0x08000348                DMA2_Stream1_IRQHandler
                0x08000348                CAN1_SCE_IRQHandler
                0x08000348                FLASH_IRQHandler
                0x08000348                DMA2_Stream4_IRQHandler
                0x08000348                USART1_IRQHandler
                0x08000348                OTG_FS_IRQHandler
                0x08000348                DMA1_Stream4_IRQHandler
                0x08000348                I2C1_ER_IRQHandler
                0x08000348                DMA2_Stream6_IRQHandler
                0x08000348                DMA1_Stream3_IRQHandler
 *(.text*)
 .text.CS4344_init
                0x08000354      0x17c ./src/CS4344.o
                0x08000354                CS4344_init
 .text.SPI3_IRQHandler
                0x080004d0       0x94 ./src/CS4344.o
                0x080004d0                SPI3_IRQHandler
 .text.c_to_f   0x08000564       0xf0 ./src/audio.o
                0x08000564                c_to_f
 .text.c_to_f_ratio
                0x08000654       0xe4 ./src/audio.o
                0x08000654                c_to_f_ratio
 .text.NVIC_SystemReset
                0x08000738       0x34 ./src/cr_startup_stm32f4xx.o
 .text.init_3band_state
                0x0800076c       0xb0 ./src/eq.o
                0x0800076c                init_3band_state
 .text.do_3band
                0x0800081c      0x21c ./src/eq.o
                0x0800081c                do_3band
 .text.line_set
                0x08000a38       0x1c ./src/line.o
                0x08000a38                line_set
 .text.line_go  0x08000a54       0x74 ./src/line.o
                0x08000a54                line_go
 .text.line_process
                0x08000ac8       0x54 ./src/line.o
                0x08000ac8                line_process
 .text.main     0x08000b1c      0x714 ./src/main.o
                0x08000b1c                main
 .text.flash_led_record_enable
                0x08001230       0x40 ./src/main.o
 .text.Delay    0x08001270       0x2c ./src/main.o
                0x08001270                Delay
 .text.recvByte
                0x0800129c      0x4d0 ./src/midi.o
                0x0800129c                recvByte
 .text.midi_init
                0x0800176c       0x7c ./src/midi.o
                0x0800176c                midi_init
 .text.handleNoteOff
                0x080017e8       0x2c ./src/midi.o
                0x080017e8                handleNoteOff
 .text.handleNoteOn
                0x08001814       0x28 ./src/midi.o
                0x08001814                handleNoteOn
 .text.handleSync
                0x0800183c        0xc ./src/midi.o
                0x0800183c                handleSync
 .text.handleStart
                0x08001848        0xc ./src/midi.o
                0x08001848                handleStart
 .text.handleVelocityChange
                0x08001854       0x18 ./src/midi.o
                0x08001854                handleVelocityChange
 .text.handleControlChange
                0x0800186c       0x18 ./src/midi.o
                0x0800186c                handleControlChange
 .text.handleProgramChange
                0x08001884       0x14 ./src/midi.o
                0x08001884                handleProgramChange
 .text.handleAfterTouch
                0x08001898       0x14 ./src/midi.o
                0x08001898                handleAfterTouch
 .text.handlePitchChange
                0x080018ac       0x14 ./src/midi.o
                0x080018ac                handlePitchChange
 .text.handleSongPosition
                0x080018c0       0x14 ./src/midi.o
                0x080018c0                handleSongPosition
 .text.handleSongSelect
                0x080018d4       0x14 ./src/midi.o
                0x080018d4                handleSongSelect
 .text.handleTuneRequest
                0x080018e8        0xc ./src/midi.o
                0x080018e8                handleTuneRequest
 .text.handleContinue
                0x080018f4        0xc ./src/midi.o
                0x080018f4                handleContinue
 .text.handleStop
                0x08001900        0xc ./src/midi.o
                0x08001900                handleStop
 .text.handleActiveSense
                0x0800190c        0xc ./src/midi.o
                0x0800190c                handleActiveSense
 .text.handleReset
                0x08001918        0xc ./src/midi.o
                0x08001918                handleReset
 .text.mode_analog_style_init
                0x08001924       0x30 ./src/mode_analog_style.o
                0x08001924                mode_analog_style_init
 .text.mode_analog_style_sample_process
                0x08001954      0x1a8 ./src/mode_analog_style.o
                0x08001954                mode_analog_style_sample_process
 .text.mode_analog_style_control_process
                0x08001afc      0x100 ./src/mode_analog_style.o
                0x08001afc                mode_analog_style_control_process
 .text.mode_filter_envelope_init
                0x08001bfc       0x64 ./src/mode_filter_envelope.o
                0x08001bfc                mode_filter_envelope_init
 .text.mode_filter_envelope_sample_process
                0x08001c60      0x1d8 ./src/mode_filter_envelope.o
                0x08001c60                mode_filter_envelope_sample_process
 .text.mode_filter_envelope_control_process
                0x08001e38      0x138 ./src/mode_filter_envelope.o
                0x08001e38                mode_filter_envelope_control_process
 .text.mode_filter_man_init
                0x08001f70       0x30 ./src/mode_filter_man.o
                0x08001f70                mode_filter_man_init
 .text.mode_nazareth_control_process
                0x08001fa0      0x1e8 ./src/mode_nazareth.o
                0x08001fa0                mode_nazareth_control_process
 .text.mode_octave_mirror_init
                0x08002188       0x30 ./src/mode_octave_mirror.o
                0x08002188                mode_octave_mirror_init
 .text.mode_simple_fm_init
                0x080021b8       0x30 ./src/mode_simple_fm.o
                0x080021b8                mode_simple_fm_init
 .text.mode_simple_fm_sample_process
                0x080021e8      0x198 ./src/mode_simple_fm.o
                0x080021e8                mode_simple_fm_sample_process
 .text.mode_simple_fm_control_process
                0x08002380      0x12c ./src/mode_simple_fm.o
                0x08002380                mode_simple_fm_control_process
 .text.mode_simple_sin_init
                0x080024ac       0x40 ./src/mode_simple_sin.o
                0x080024ac                mode_simple_sin_init
 .text.mode_simple_sin_sample_process
                0x080024ec      0x12c ./src/mode_simple_sin.o
                0x080024ec                mode_simple_sin_sample_process
 .text.mode_simple_sin_control_process
                0x08002618      0x158 ./src/mode_simple_sin.o
                0x08002618                mode_simple_sin_control_process
 .text.mode_wave_adder_init
                0x08002770       0x40 ./src/mode_wave_adder.o
                0x08002770                mode_wave_adder_init
 .text.mode_wave_adder_sample_process
                0x080027b0      0x134 ./src/mode_wave_adder.o
                0x080027b0                mode_wave_adder_sample_process
 .text.mode_wave_adder_control_process
                0x080028e4      0x158 ./src/mode_wave_adder.o
                0x080028e4                mode_wave_adder_control_process
 .text.sin_set  0x08002a3c       0x5c ./src/oscillator.o
                0x08002a3c                sin_set
 .text.sin_process
                0x08002a98       0x74 ./src/oscillator.o
                0x08002a98                sin_process
 .text.FM_oscillator_process
                0x08002b0c      0x1a8 ./src/oscillator.o
                0x08002b0c                FM_oscillator_process
 .text.bl_step_table_read
                0x08002cb4       0x7c ./src/oscillator.o
                0x08002cb4                bl_step_table_read
 .text.bl_saw_set
                0x08002d30       0x38 ./src/oscillator.o
                0x08002d30                bl_saw_set
 .text.bl_saw_process
                0x08002d68       0xfc ./src/oscillator.o
                0x08002d68                bl_saw_process
 .text.bl_square_set
                0x08002e64       0x38 ./src/oscillator.o
                0x08002e64                bl_square_set
 .text.bl_square_init
                0x08002e9c       0x24 ./src/oscillator.o
                0x08002e9c                bl_square_init
 .text.pp6_get_knob_1
                0x08002ec0       0x18 ./src/pp6.o
                0x08002ec0                pp6_get_knob_1
 .text.pp6_get_knob_2
                0x08002ed8       0x18 ./src/pp6.o
                0x08002ed8                pp6_get_knob_2
 .text.pp6_get_knob_3
                0x08002ef0       0x18 ./src/pp6.o
                0x08002ef0                pp6_get_knob_3
 .text.pp6_get_knob_array
                0x08002f08       0x14 ./src/pp6.o
                0x08002f08                pp6_get_knob_array
 .text.pp6_set_knob_array
                0x08002f1c       0x44 ./src/pp6.o
                0x08002f1c                pp6_set_knob_array
 .text.pp6_set_mode_button_pressed
                0x08002f60       0x18 ./src/pp6.o
                0x08002f60                pp6_set_mode_button_pressed
 .text.pp6_mode_button_pressed
                0x08002f78       0x18 ./src/pp6.o
                0x08002f78                pp6_mode_button_pressed
 .text.pp6_set_aux_button_pressed
                0x08002f90       0x18 ./src/pp6.o
                0x08002f90                pp6_set_aux_button_pressed
 .text.pp6_set_aux_button_released
                0x08002fa8       0x18 ./src/pp6.o
                0x08002fa8                pp6_set_aux_button_released
 .text.pp6_aux_button_pressed
                0x08002fc0       0x18 ./src/pp6.o
                0x08002fc0                pp6_aux_button_pressed
 .text.pp6_change_mode
                0x08002fd8       0x54 ./src/pp6.o
                0x08002fd8                pp6_change_mode
 .text.pp6_set_mode
                0x0800302c       0x34 ./src/pp6.o
                0x0800302c                pp6_set_mode
 .text.pp6_get_mode
                0x08003060       0x18 ./src/pp6.o
                0x08003060                pp6_get_mode
 .text.pp6_set_mode_led
                0x08003078      0x1f0 ./src/pp6.o
                0x08003078                pp6_set_mode_led
 .text.pp6_set_aux_led
                0x08003268      0x230 ./src/pp6.o
                0x08003268                pp6_set_aux_led
 .text.pp6_get_aux_led
                0x08003498       0x18 ./src/pp6.o
                0x08003498                pp6_get_aux_led
 .text.pp6_get_keys
                0x080034b0       0x18 ./src/pp6.o
                0x080034b0                pp6_get_keys
 .text.pp6_set_note
                0x080034c8       0x20 ./src/pp6.o
                0x080034c8                pp6_set_note
 .text.pp6_get_note
                0x080034e8       0x18 ./src/pp6.o
                0x080034e8                pp6_get_note
 .text.pp6_set_note_start
                0x08003500       0x34 ./src/pp6.o
                0x08003500                pp6_set_note_start
 .text.pp6_get_note_start
                0x08003534       0x18 ./src/pp6.o
                0x08003534                pp6_get_note_start
 .text.pp6_set_note_stop
                0x0800354c       0x28 ./src/pp6.o
                0x0800354c                pp6_set_note_stop
 .text.pp6_get_note_stop
                0x08003574       0x18 ./src/pp6.o
                0x08003574                pp6_get_note_stop
 .text.pp6_clear_flags
                0x0800358c       0x88 ./src/pp6.o
                0x0800358c                pp6_clear_flags
 .text.pp6_inc_physical_notes_on
                0x08003614       0x28 ./src/pp6.o
                0x08003614                pp6_inc_physical_notes_on
 .text.pp6_dec_physical_notes_on
                0x0800363c       0x38 ./src/pp6.o
                0x0800363c                pp6_dec_physical_notes_on
 .text.pp6_get_physical_notes_on
                0x08003674       0x18 ./src/pp6.o
                0x08003674                pp6_get_physical_notes_on
 .text.pp6_knobs_init
                0x0800368c       0xd8 ./src/pp6.o
                0x0800368c                pp6_knobs_init
 .text.pp6_knobs_update
                0x08003764      0x158 ./src/pp6.o
                0x08003764                pp6_knobs_update
 .text.pp6_check_knobs_touched
                0x080038bc      0x23c ./src/pp6.o
                0x080038bc                pp6_check_knobs_touched
 .text.pp6_any_knobs_touched
                0x08003af8       0x40 ./src/pp6.o
                0x08003af8                pp6_any_knobs_touched
 .text.pp6_smooth_knobs
                0x08003b38      0x114 ./src/pp6.o
                0x08003b38                pp6_smooth_knobs
 .text.pp6_leds_init
                0x08003c4c       0xc8 ./src/pp6.o
                0x08003c4c                pp6_leds_init
 .text.pp6_keys_init
                0x08003d14       0xb0 ./src/pp6.o
                0x08003d14                pp6_keys_init
 .text.pp6_keys_update
                0x08003dc4      0x2a0 ./src/pp6.o
                0x08003dc4                pp6_keys_update
 .text.sadsr_init
                0x08004064       0x3c ./src/sadsr.o
                0x08004064                sadsr_init
 .text.sadsr_process
                0x080040a0      0x14c ./src/sadsr.o
                0x080040a0                sadsr_process
 .text.sadsr_set
                0x080041ec       0x70 ./src/sadsr.o
                0x080041ec                sadsr_set
 .text.sadsr_go
                0x0800425c       0x24 ./src/sadsr.o
                0x0800425c                sadsr_go
 .text.sadsr_release
                0x08004280       0x1c ./src/sadsr.o
                0x08004280                sadsr_release
 .text.seq_set_status
                0x0800429c       0x20 ./src/sequencer.o
                0x0800429c                seq_set_status
 .text.seq_get_status
                0x080042bc       0x18 ./src/sequencer.o
                0x080042bc                seq_get_status
 .text.seq_log_first_note
                0x080042d4       0x80 ./src/sequencer.o
                0x080042d4                seq_log_first_note
 .text.seq_log_note_start
                0x08004354       0xa8 ./src/sequencer.o
                0x08004354                seq_log_note_start
 .text.seq_log_note_stop
                0x080043fc       0x80 ./src/sequencer.o
                0x080043fc                seq_log_note_stop
 .text.seq_stop_recording
                0x0800447c       0xa4 ./src/sequencer.o
                0x0800447c                seq_stop_recording
 .text.seq_rewind
                0x08004520       0x28 ./src/sequencer.o
                0x08004520                seq_rewind
 .text.seq_play_tick
                0x08004548       0xe4 ./src/sequencer.o
                0x08004548                seq_play_tick
 .text.seq_tick
                0x0800462c       0x24 ./src/sequencer.o
                0x0800462c                seq_tick
 .text.seq_get_time
                0x08004650       0x18 ./src/sequencer.o
                0x08004650                seq_get_time
 .text.seq_get_length
                0x08004668       0x18 ./src/sequencer.o
                0x08004668                seq_get_length
 .text.seq_log_knobs
                0x08004680       0xa0 ./src/sequencer.o
                0x08004680                seq_log_knobs
 .text.seq_play_knobs
                0x08004720       0x44 ./src/sequencer.o
                0x08004720                seq_play_knobs
 .text.seq_knob_playback_enabled
                0x08004764       0x18 ./src/sequencer.o
                0x08004764                seq_knob_playback_enabled
 .text.seq_disable_knob_playback
                0x0800477c       0x18 ./src/sequencer.o
                0x0800477c                seq_disable_knob_playback
 .text.seq_enable_knob_playback
                0x08004794       0x18 ./src/sequencer.o
                0x08004794                seq_enable_knob_playback
 .text.seq_set_auto_stop
                0x080047ac       0x18 ./src/sequencer.o
                0x080047ac                seq_set_auto_stop
 .text.seq_get_auto_stop
                0x080047c4       0x18 ./src/sequencer.o
                0x080047c4                seq_get_auto_stop
 .text.seq_clear_auto_stop
                0x080047dc       0x18 ./src/sequencer.o
                0x080047dc                seq_clear_auto_stop
 .text.SystemInit
                0x080047f4       0xb0 ./src/system_stm32f4xx.o
                0x080047f4                SystemInit
 .text.SetSysClock
                0x080048a4      0x1e0 ./src/system_stm32f4xx.o
 .text.timer_init
                0x08004a84       0x4c ./src/timer.o
                0x08004a84                timer_init
 .text.timer_get_time
                0x08004ad0       0x14 ./src/timer.o
                0x08004ad0                timer_get_time
 .text.uart_init
                0x08004ae4       0xc4 ./src/uart.o
                0x08004ae4                uart_init
 .text.vcf_filter_init
                0x08004ba8       0x5c ./src/vcf.o
                0x08004ba8                vcf_filter_init
 .text.vcf_filter_set
                0x08004c04       0xcc ./src/vcf.o
                0x08004c04                vcf_filter_set
 .text.vcf_filter_process
                0x08004cd0      0x18c ./src/vcf.o
                0x08004cd0                vcf_filter_process
 .text.NVIC_Init
                0x08004e5c       0xe8 /home/owen/workspace-redsuite/StdPeriphLib_v100_STM32F4xx/Debug/libStdPeriphLib_v100_STM32F4xx.a(misc.o)
                0x08004e5c                NVIC_Init
 .text.ADC_Init
                0x08004f44       0xc4 /home/owen/workspace-redsuite/StdPeriphLib_v100_STM32F4xx/Debug/libStdPeriphLib_v100_STM32F4xx.a(stm32f4xx_adc.o)
                0x08004f44                ADC_Init
 .text.ADC_CommonInit
                0x08005008       0x60 /home/owen/workspace-redsuite/StdPeriphLib_v100_STM32F4xx/Debug/libStdPeriphLib_v100_STM32F4xx.a(stm32f4xx_adc.o)
                0x08005008                ADC_CommonInit
 .text.ADC_Cmd  0x08005068       0x38 /home/owen/workspace-redsuite/StdPeriphLib_v100_STM32F4xx/Debug/libStdPeriphLib_v100_STM32F4xx.a(stm32f4xx_adc.o)
                0x08005068                ADC_Cmd
 .text.ADC_RegularChannelConfig
                0x080050a0      0x1d0 /home/owen/workspace-redsuite/StdPeriphLib_v100_STM32F4xx/Debug/libStdPeriphLib_v100_STM32F4xx.a(stm32f4xx_adc.o)
                0x080050a0                ADC_RegularChannelConfig
 .text.ADC_SoftwareStartConv
                0x08005270       0x20 /home/owen/workspace-redsuite/StdPeriphLib_v100_STM32F4xx/Debug/libStdPeriphLib_v100_STM32F4xx.a(stm32f4xx_adc.o)
                0x08005270                ADC_SoftwareStartConv
 .text.ADC_GetConversionValue
                0x08005290       0x1c /home/owen/workspace-redsuite/StdPeriphLib_v100_STM32F4xx/Debug/libStdPeriphLib_v100_STM32F4xx.a(stm32f4xx_adc.o)
                0x08005290                ADC_GetConversionValue
 .text.GPIO_Init
                0x080052ac      0x158 /home/owen/workspace-redsuite/StdPeriphLib_v100_STM32F4xx/Debug/libStdPeriphLib_v100_STM32F4xx.a(stm32f4xx_gpio.o)
                0x080052ac                GPIO_Init
 .text.GPIO_ReadInputDataBit
                0x08005404       0x40 /home/owen/workspace-redsuite/StdPeriphLib_v100_STM32F4xx/Debug/libStdPeriphLib_v100_STM32F4xx.a(stm32f4xx_gpio.o)
                0x08005404                GPIO_ReadInputDataBit
 .text.GPIO_WriteBit
                0x08005444       0x30 /home/owen/workspace-redsuite/StdPeriphLib_v100_STM32F4xx/Debug/libStdPeriphLib_v100_STM32F4xx.a(stm32f4xx_gpio.o)
                0x08005444                GPIO_WriteBit
 .text.GPIO_PinAFConfig
                0x08005474       0xb0 /home/owen/workspace-redsuite/StdPeriphLib_v100_STM32F4xx/Debug/libStdPeriphLib_v100_STM32F4xx.a(stm32f4xx_gpio.o)
                0x08005474                GPIO_PinAFConfig
 .text.RCC_GetClocksFreq
                0x08005524      0x1d4 /home/owen/workspace-redsuite/StdPeriphLib_v100_STM32F4xx/Debug/libStdPeriphLib_v100_STM32F4xx.a(stm32f4xx_rcc.o)
                0x08005524                RCC_GetClocksFreq
 .text.RCC_AHB1PeriphClockCmd
                0x080056f8       0x5c /home/owen/workspace-redsuite/StdPeriphLib_v100_STM32F4xx/Debug/libStdPeriphLib_v100_STM32F4xx.a(stm32f4xx_rcc.o)
                0x080056f8                RCC_AHB1PeriphClockCmd
 .text.RCC_AHB2PeriphClockCmd
                0x08005754       0x5c /home/owen/workspace-redsuite/StdPeriphLib_v100_STM32F4xx/Debug/libStdPeriphLib_v100_STM32F4xx.a(stm32f4xx_rcc.o)
                0x08005754                RCC_AHB2PeriphClockCmd
 .text.RCC_APB1PeriphClockCmd
                0x080057b0       0x5c /home/owen/workspace-redsuite/StdPeriphLib_v100_STM32F4xx/Debug/libStdPeriphLib_v100_STM32F4xx.a(stm32f4xx_rcc.o)
                0x080057b0                RCC_APB1PeriphClockCmd
 .text.RCC_APB2PeriphClockCmd
                0x0800580c       0x5c /home/owen/workspace-redsuite/StdPeriphLib_v100_STM32F4xx/Debug/libStdPeriphLib_v100_STM32F4xx.a(stm32f4xx_rcc.o)
                0x0800580c                RCC_APB2PeriphClockCmd
 .text.RCC_APB1PeriphResetCmd
                0x08005868       0x5c /home/owen/workspace-redsuite/StdPeriphLib_v100_STM32F4xx/Debug/libStdPeriphLib_v100_STM32F4xx.a(stm32f4xx_rcc.o)
                0x08005868                RCC_APB1PeriphResetCmd
 .text.RCC_APB2PeriphResetCmd
                0x080058c4       0x5c /home/owen/workspace-redsuite/StdPeriphLib_v100_STM32F4xx/Debug/libStdPeriphLib_v100_STM32F4xx.a(stm32f4xx_rcc.o)
                0x080058c4                RCC_APB2PeriphResetCmd
 .text.RNG_Cmd  0x08005920       0x4c /home/owen/workspace-redsuite/StdPeriphLib_v100_STM32F4xx/Debug/libStdPeriphLib_v100_STM32F4xx.a(stm32f4xx_rng.o)
                0x08005920                RNG_Cmd
 .text.SPI_I2S_DeInit
                0x0800596c       0x88 /home/owen/workspace-redsuite/StdPeriphLib_v100_STM32F4xx/Debug/libStdPeriphLib_v100_STM32F4xx.a(stm32f4xx_spi.o)
                0x0800596c                SPI_I2S_DeInit
 .text.I2S_Init
                0x080059f4      0x224 /home/owen/workspace-redsuite/StdPeriphLib_v100_STM32F4xx/Debug/libStdPeriphLib_v100_STM32F4xx.a(stm32f4xx_spi.o)
                0x080059f4                I2S_Init
 .text.I2S_Cmd  0x08005c18       0x40 /home/owen/workspace-redsuite/StdPeriphLib_v100_STM32F4xx/Debug/libStdPeriphLib_v100_STM32F4xx.a(stm32f4xx_spi.o)
                0x08005c18                I2S_Cmd
 .text.SPI_I2S_SendData
                0x08005c58       0x1c /home/owen/workspace-redsuite/StdPeriphLib_v100_STM32F4xx/Debug/libStdPeriphLib_v100_STM32F4xx.a(stm32f4xx_spi.o)
                0x08005c58                SPI_I2S_SendData
 .text.SPI_I2S_ITConfig
                0x08005c74       0x70 /home/owen/workspace-redsuite/StdPeriphLib_v100_STM32F4xx/Debug/libStdPeriphLib_v100_STM32F4xx.a(stm32f4xx_spi.o)
                0x08005c74                SPI_I2S_ITConfig
 .text.SPI_I2S_GetFlagStatus
                0x08005ce4       0x40 /home/owen/workspace-redsuite/StdPeriphLib_v100_STM32F4xx/Debug/libStdPeriphLib_v100_STM32F4xx.a(stm32f4xx_spi.o)
                0x08005ce4                SPI_I2S_GetFlagStatus
 .text.TIM_TimeBaseInit
                0x08005d24       0xf8 /home/owen/workspace-redsuite/StdPeriphLib_v100_STM32F4xx/Debug/libStdPeriphLib_v100_STM32F4xx.a(stm32f4xx_tim.o)
                0x08005d24                TIM_TimeBaseInit
 .text.TIM_GetCounter
                0x08005e1c       0x18 /home/owen/workspace-redsuite/StdPeriphLib_v100_STM32F4xx/Debug/libStdPeriphLib_v100_STM32F4xx.a(stm32f4xx_tim.o)
                0x08005e1c                TIM_GetCounter
 .text.TIM_Cmd  0x08005e34       0x40 /home/owen/workspace-redsuite/StdPeriphLib_v100_STM32F4xx/Debug/libStdPeriphLib_v100_STM32F4xx.a(stm32f4xx_tim.o)
                0x08005e34                TIM_Cmd
 .text.USART_Init
                0x08005e74      0x1bc /home/owen/workspace-redsuite/StdPeriphLib_v100_STM32F4xx/Debug/libStdPeriphLib_v100_STM32F4xx.a(stm32f4xx_usart.o)
                0x08005e74                USART_Init
 .text.USART_Cmd
                0x08006030       0x40 /home/owen/workspace-redsuite/StdPeriphLib_v100_STM32F4xx/Debug/libStdPeriphLib_v100_STM32F4xx.a(stm32f4xx_usart.o)
                0x08006030                USART_Cmd
 .text.USART_ReceiveData
                0x08006070       0x24 /home/owen/workspace-redsuite/StdPeriphLib_v100_STM32F4xx/Debug/libStdPeriphLib_v100_STM32F4xx.a(stm32f4xx_usart.o)
                0x08006070                USART_ReceiveData
 .text.USART_GetFlagStatus
                0x08006094       0x40 /home/owen/workspace-redsuite/StdPeriphLib_v100_STM32F4xx/Debug/libStdPeriphLib_v100_STM32F4xx.a(stm32f4xx_usart.o)
                0x08006094                USART_GetFlagStatus
 .text.WWDG_SetPrescaler
                0x080060d4       0x40 /home/owen/workspace-redsuite/StdPeriphLib_v100_STM32F4xx/Debug/libStdPeriphLib_v100_STM32F4xx.a(stm32f4xx_wwdg.o)
                0x080060d4                WWDG_SetPrescaler
 .text.WWDG_SetWindowValue
                0x08006114       0x44 /home/owen/workspace-redsuite/StdPeriphLib_v100_STM32F4xx/Debug/libStdPeriphLib_v100_STM32F4xx.a(stm32f4xx_wwdg.o)
                0x08006114                WWDG_SetWindowValue
 .text.arm_float_to_q15
                0x08006158      0x2bc /home/owen/workspace-redsuite/CMSISv2p10_DSPLIB_CM4/lib/libCMSISv2p10_DSPLIB_CM4.a(arm_float_to_q15.o)
                0x08006158                arm_float_to_q15
 .text.arm_sin_f32
                0x08006414       0xd8 /home/owen/workspace-redsuite/CMSISv2p10_DSPLIB_CM4/lib/libCMSISv2p10_DSPLIB_CM4.a(arm_sin_f32.o)
                0x08006414                arm_sin_f32
 .text.__weak_main
                0x080064ec        0x4 /usr/local/redsuite_4.2.3_255/redsuite/tools/bin/../lib/gcc/arm-none-eabi/4.5.1/../../../../arm-none-eabi/lib/thumb2/libcr_c.a(__weak__main.o)
                0x080064ec                __main
                0x080064ec                __weak_main
 .text.sinf     0x080064f0       0x28 /usr/local/redsuite_4.2.3_255/redsuite/tools/bin/../lib/gcc/arm-none-eabi/4.5.1/../../../../arm-none-eabi/lib/thumb2/libcr_c.a(sinf.o)
                0x080064f0                sinf
 .text.memset   0x08006518        0x4 /usr/local/redsuite_4.2.3_255/redsuite/tools/bin/../lib/gcc/arm-none-eabi/4.5.1/../../../../arm-none-eabi/lib/thumb2/libcr_c.a(memset.o)
                0x08006518                memset
 *fill*         0x0800651c        0x4 00
 .text._sincosf
                0x08006520      0x158 /usr/local/redsuite_4.2.3_255/redsuite/tools/bin/../lib/gcc/arm-none-eabi/4.5.1/../../../../arm-none-eabi/lib/thumb2/libcr_c.a(_sincosf.o)
                0x08006520                _sincosf
 .text.fabsf    0x08006678       0x14 /usr/local/redsuite_4.2.3_255/redsuite/tools/bin/../lib/gcc/arm-none-eabi/4.5.1/../../../../arm-none-eabi/lib/thumb2/libcr_c.a(fabsf.o)
                0x08006678                fabsf
 .text.__aeabi_dmul
                0x0800668c      0x128 /usr/local/redsuite_4.2.3_255/redsuite/tools/bin/../lib/gcc/arm-none-eabi/4.5.1/thumb2/libcr_eabihelpers.a(double.o)
                0x0800668c                __aeabi_dmul
 .text.__aeabi_dsub
                0x080067b4      0x1d8 /usr/local/redsuite_4.2.3_255/redsuite/tools/bin/../lib/gcc/arm-none-eabi/4.5.1/thumb2/libcr_eabihelpers.a(double.o)
                0x080067b4                __aeabi_dsub
 .text.__aeabi_dadd
                0x0800698c      0x13c /usr/local/redsuite_4.2.3_255/redsuite/tools/bin/../lib/gcc/arm-none-eabi/4.5.1/thumb2/libcr_eabihelpers.a(double.o)
                0x0800698c                __aeabi_dadd
 .text.__aeabi_d2f
                0x08006ac8       0x54 /usr/local/redsuite_4.2.3_255/redsuite/tools/bin/../lib/gcc/arm-none-eabi/4.5.1/thumb2/libcr_eabihelpers.a(double.o)
                0x08006ac8                __aeabi_d2f
 .text.__aeabi_fmul
                0x08006b1c       0xbc /usr/local/redsuite_4.2.3_255/redsuite/tools/bin/../lib/gcc/arm-none-eabi/4.5.1/thumb2/libcr_eabihelpers.a(float.o)
                0x08006b1c                __aeabi_fmul
 .text.__aeabi_fdiv
                0x08006bd8       0xe8 /usr/local/redsuite_4.2.3_255/redsuite/tools/bin/../lib/gcc/arm-none-eabi/4.5.1/thumb2/libcr_eabihelpers.a(float.o)
                0x08006bd8                __aeabi_fdiv
 .text.__aeabi_fsub
                0x08006cc0       0xe0 /usr/local/redsuite_4.2.3_255/redsuite/tools/bin/../lib/gcc/arm-none-eabi/4.5.1/thumb2/libcr_eabihelpers.a(float.o)
                0x08006cc0                __aeabi_fsub
 .text.__aeabi_fadd
                0x08006da0       0xa4 /usr/local/redsuite_4.2.3_255/redsuite/tools/bin/../lib/gcc/arm-none-eabi/4.5.1/thumb2/libcr_eabihelpers.a(float.o)
                0x08006da0                __aeabi_fadd
 .text.__aeabi_f2iz
                0x08006e44       0x34 /usr/local/redsuite_4.2.3_255/redsuite/tools/bin/../lib/gcc/arm-none-eabi/4.5.1/thumb2/libcr_eabihelpers.a(float.o)
                0x08006e44                __aeabi_f2iz
 .text.__bhs_ui2f
                0x08006e78       0x26 /usr/local/redsuite_4.2.3_255/redsuite/tools/bin/../lib/gcc/arm-none-eabi/4.5.1/thumb2/libcr_eabihelpers.a(float.o)
                0x08006e78                __bhs_ui2f
 .text.__aeabi_i2f
                0x08006e9e       0x10 /usr/local/redsuite_4.2.3_255/redsuite/tools/bin/../lib/gcc/arm-none-eabi/4.5.1/thumb2/libcr_eabihelpers.a(float.o)
                0x08006e9e                __aeabi_i2f
 *fill*         0x08006eae        0x2 00
 .text.__aeabi_f2d
                0x08006eb0       0x38 /usr/local/redsuite_4.2.3_255/redsuite/tools/bin/../lib/gcc/arm-none-eabi/4.5.1/thumb2/libcr_eabihelpers.a(float.o)
                0x08006eb0                __aeabi_f2d
 .text.__aeabi_fcmplt
                0x08006ee8       0x3a /usr/local/redsuite_4.2.3_255/redsuite/tools/bin/../lib/gcc/arm-none-eabi/4.5.1/thumb2/libcr_eabihelpers.a(float.o)
                0x08006ee8                __aeabi_fcmplt
 .text.__aeabi_fcmpge
                0x08006f22       0x40 /usr/local/redsuite_4.2.3_255/redsuite/tools/bin/../lib/gcc/arm-none-eabi/4.5.1/thumb2/libcr_eabihelpers.a(float.o)
                0x08006f22                __aeabi_fcmpge
 .text.__aeabi_memset_lowlevel
                0x08006f62       0x24 /usr/local/redsuite_4.2.3_255/redsuite/tools/bin/../lib/gcc/arm-none-eabi/4.5.1/thumb2/libcr_eabihelpers.a(memcpy.o)
                0x08006f62                __aeabi_lowlevel_memset
 *(.rodata .rodata.*)
 *fill*         0x08006f86        0x2 00
 .rodata.transition_table
                0x08006f88      0xfac ./src/oscillator.o
 .rodata.sin_table
                0x08007f34      0x40c ./src/oscillator.o
 .rodata.sinTable
                0x08008340      0x40c /home/owen/workspace-redsuite/CMSISv2p10_DSPLIB_CM4/lib/libCMSISv2p10_DSPLIB_CM4.a(arm_sin_f32.o)
                0x0800874c                . = ALIGN (0x4)

.glue_7         0x0800874c        0x0
 .glue_7        0x00000000        0x0 linker stubs

.glue_7t        0x0800874c        0x0
 .glue_7t       0x00000000        0x0 linker stubs

.vfp11_veneer   0x0800874c        0x0
 .vfp11_veneer  0x00000000        0x0 linker stubs

.v4_bx          0x0800874c        0x0
 .v4_bx         0x00000000        0x0 linker stubs

.ARM.extab
 *(.ARM.extab* .gnu.linkonce.armextab.*)
                0x0800874c                __exidx_start = .

.ARM.exidx
 *(.ARM.exidx* .gnu.linkonce.armexidx.*)
                0x0800874c                __exidx_end = .
                0x0800874c                _etext = .

.data_RAM2      0x2001c000        0x0 load address 0x0800874c
 FILL mask 0xff
 *(.data.$RAM2*)
 *(.data.$PeriphRam16*)
                0x2001c000                . = ALIGN (0x4)

.data_RAM3      0x10000000        0x0 load address 0x0800874c
 FILL mask 0xff
 *(.data.$RAM3*)
 *(.data.$Ram64*)
                0x10000000                . = ALIGN (0x4)

.data_RAM4      0x20000000        0x0 load address 0x0800874c
 FILL mask 0xff
 *(.data.$RAM4*)
 *(.data.$Ram128*)
                0x20000000                . = ALIGN (0x4)

.uninit_RESERVED
 *(.bss.$RESERVED*)

.data           0x20000000      0x250 load address 0x0800874c
 FILL mask 0xff
                0x20000000                _data = .
 *(vtable)
 *(.data*)
 .data.hardware_index
                0x20000000        0x4 ./src/CS4344.o
                0x20000000                hardware_index
 .data.pitch_class
                0x20000004       0x30 ./src/audio.o
                0x20000004                pitch_class
 .data.semitone
                0x20000034      0x190 ./src/audio.o
                0x20000034                semitone
 .data.vsa      0x200001c4        0x4 ./src/eq.o
 .data.miditof  0x200001c8       0x54 ./src/main.o
                0x200001c8                miditof
 .data.keys_history
                0x2000021c       0x20 ./src/pp6.o
                0x2000021c                keys_history
 .data.seq_playback_knobs_enabled
                0x2000023c        0x1 ./src/sequencer.o
                0x2000023c                seq_playback_knobs_enabled
 *fill*         0x2000023d        0x3 00
 .data.APBAHBPrescTable
                0x20000240       0x10 /home/owen/workspace-redsuite/StdPeriphLib_v100_STM32F4xx/Debug/libStdPeriphLib_v100_STM32F4xx.a(stm32f4xx_rcc.o)
                0x20000250                . = ALIGN (0x4)
                0x20000250                _edata = .

.bss_RAM2       0x2001c000        0x0
 *(.bss.$RAM2*)
 *(.bss.$PeriphRam16*)
                0x2001c000                . = ALIGN (0x4)

.bss_RAM3       0x10000000        0x0
 *(.bss.$RAM3*)
 *(.bss.$Ram64*)
                0x10000000                . = ALIGN (0x4)

.bss_RAM4       0x20000000        0x0
 *(.bss.$RAM4*)
 *(.bss.$Ram128*)
                0x20000000                . = ALIGN (0x4)

.bss            0x20000250     0xd540
                0x20000250                _bss = .
 *(.bss*)
 .bss.software_index
                0x20000250        0x4 ./src/CS4344.o
                0x20000250                software_index
 .bss.sample_clock
                0x20000254        0x4 ./src/CS4344.o
                0x20000254                sample_clock
 .bss.led_counter
                0x20000258        0x4 ./src/main.o
                0x20000258                led_counter
 .bss.aux_led_color
                0x2000025c        0x1 ./src/main.o
                0x2000025c                aux_led_color
 .bss.uart_recv_buf_write
                0x2000025d        0x1 ./src/main.o
                0x2000025d                uart_recv_buf_write
 .bss.uart_recv_buf_read
                0x2000025e        0x1 ./src/main.o
                0x2000025e                uart_recv_buf_read
 *fill*         0x2000025f        0x1 00
 .bss.sig       0x20000260        0x4 ./src/mode_analog_style.o
 .bss.f         0x20000264        0x4 ./src/mode_analog_style.o
 .bss.filter_cutoff
                0x20000268        0x4 ./src/mode_analog_style.o
 .bss.saw       0x2000026c        0xc ./src/mode_analog_style.o
 .bss.filter    0x20000278       0x34 ./src/mode_analog_style.o
 .bss.amp       0x200002ac        0x4 ./src/mode_analog_style.o
 .bss.amp_env   0x200002b0       0x1c ./src/mode_analog_style.o
 .bss.framp     0x200002cc       0x14 ./src/mode_analog_style.o
 .bss.note_dur.6967
                0x200002e0        0x4 ./src/mode_analog_style.o
 .bss.target_f.6966
                0x200002e4        0x4 ./src/mode_analog_style.o
 .bss.sig       0x200002e8        0x4 ./src/mode_filter_envelope.o
 .bss.f         0x200002ec        0x4 ./src/mode_filter_envelope.o
 .bss.amp       0x200002f0        0x4 ./src/mode_filter_envelope.o
 .bss.cutoff    0x200002f4        0x4 ./src/mode_filter_envelope.o
 .bss.cutoff_scale
                0x200002f8        0x4 ./src/mode_filter_envelope.o
 .bss.saw       0x200002fc        0xc ./src/mode_filter_envelope.o
 .bss.filter    0x20000308       0x34 ./src/mode_filter_envelope.o
 .bss.amp_env   0x2000033c       0x1c ./src/mode_filter_envelope.o
 .bss.filter_env
                0x20000358       0x1c ./src/mode_filter_envelope.o
 .bss.note_dur.4168
                0x20000374        0x4 ./src/mode_filter_envelope.o
 .bss.f         0x20000378        0x4 ./src/mode_filter_man.o
 .bss.filter    0x2000037c       0x34 ./src/mode_filter_man.o
 .bss.amp_env   0x200003b0       0x1c ./src/mode_filter_man.o
 .bss.f         0x200003cc        0x4 ./src/mode_nazareth.o
 .bss.new_note  0x200003d0        0x4 ./src/mode_nazareth.o
 .bss.amp_env   0x200003d4       0x1c ./src/mode_nazareth.o
 .bss.h         0x200003f0       0xe0 ./src/mode_nazareth.o
 .bss.f         0x200004d0        0x4 ./src/mode_octave_mirror.o
 .bss.filter    0x200004d4       0x34 ./src/mode_octave_mirror.o
 .bss.amp_env   0x20000508       0x1c ./src/mode_octave_mirror.o
 .bss.sig       0x20000524        0x4 ./src/mode_simple_fm.o
 .bss.f         0x20000528        0x4 ./src/mode_simple_fm.o
 .bss.target_f  0x2000052c        0x4 ./src/mode_simple_fm.o
 .bss.new_note  0x20000530        0x4 ./src/mode_simple_fm.o
 .bss.amp       0x20000534        0x4 ./src/mode_simple_fm.o
 .bss.framp     0x20000538       0x14 ./src/mode_simple_fm.o
 .bss.amp_env   0x2000054c       0x1c ./src/mode_simple_fm.o
 .bss.index_env
                0x20000568       0x1c ./src/mode_simple_fm.o
 .bss.fm        0x20000584       0x18 ./src/mode_simple_fm.o
 .bss.fm2       0x2000059c       0x18 ./src/mode_simple_fm.o
 .bss.note_dur.4177
                0x200005b4        0x4 ./src/mode_simple_fm.o
 .bss.sig       0x200005b8        0x4 ./src/mode_simple_sin.o
 .bss.f         0x200005bc        0x4 ./src/mode_simple_sin.o
 .bss.sin1      0x200005c0       0x14 ./src/mode_simple_sin.o
 .bss.new_note  0x200005d4        0x4 ./src/mode_simple_sin.o
 .bss.amp       0x200005d8        0x4 ./src/mode_simple_sin.o
 .bss.framp     0x200005dc       0x14 ./src/mode_simple_sin.o
 .bss.amp_env   0x200005f0       0x1c ./src/mode_simple_sin.o
 .bss.saw       0x2000060c        0xc ./src/mode_simple_sin.o
 .bss.square    0x20000618       0x10 ./src/mode_simple_sin.o
 .bss.cents     0x20000628        0x4 ./src/mode_simple_sin.o
                0x20000628                cents
 .bss.note_dur.4168
                0x2000062c        0x4 ./src/mode_simple_sin.o
 .bss.sig       0x20000630        0x4 ./src/mode_wave_adder.o
 .bss.f         0x20000634        0x4 ./src/mode_wave_adder.o
 .bss.sin1      0x20000638       0x14 ./src/mode_wave_adder.o
 .bss.new_note  0x2000064c        0x4 ./src/mode_wave_adder.o
 .bss.amp       0x20000650        0x4 ./src/mode_wave_adder.o
 .bss.framp     0x20000654       0x14 ./src/mode_wave_adder.o
 .bss.amp_env   0x20000668       0x1c ./src/mode_wave_adder.o
 .bss.saw       0x20000684        0xc ./src/mode_wave_adder.o
 .bss.square    0x20000690       0x10 ./src/mode_wave_adder.o
 .bss.cents     0x200006a0        0x4 ./src/mode_wave_adder.o
 .bss.note_dur.4168
                0x200006a4        0x4 ./src/mode_wave_adder.o
 .bss.history_index.6906
                0x200006a8        0x1 ./src/pp6.o
 *fill*         0x200006a9        0x3 00
 .bss.knob1.6891
                0x200006ac        0x4 ./src/pp6.o
 .bss.knob2.6892
                0x200006b0        0x4 ./src/pp6.o
 .bss.knob3.6893
                0x200006b4        0x4 ./src/pp6.o
 .bss.knobs_last.6884
                0x200006b8        0xc ./src/pp6.o
 .bss.channel.6879
                0x200006c4        0x1 ./src/pp6.o
 *fill*         0x200006c5        0x3 00
 .bss.knobs.6880
                0x200006c8        0xc ./src/pp6.o
 .bss.seq_index
                0x200006d4        0x4 ./src/sequencer.o
                0x200006d4                seq_index
 .bss.seq_time  0x200006d8        0x4 ./src/sequencer.o
                0x200006d8                seq_time
 .bss.seq_length
                0x200006dc        0x4 ./src/sequencer.o
                0x200006dc                seq_length
 .bss.seq_last_note_start
                0x200006e0        0x4 ./src/sequencer.o
                0x200006e0                seq_last_note_start
 .bss.seq_last_note_start_index
                0x200006e4        0x4 ./src/sequencer.o
                0x200006e4                seq_last_note_start_index
 .bss.seq_status
                0x200006e8        0x1 ./src/sequencer.o
                0x200006e8                seq_status
 .bss.seq_auto_stop
                0x200006e9        0x1 ./src/sequencer.o
                0x200006e9                seq_auto_stop
 *fill*         0x200006ea        0x2 00
 .bss.co.3904   0x200006ec        0x4 ./src/vcf.o
 .bss.errno     0x200006f0        0x4 /usr/local/redsuite_4.2.3_255/redsuite/tools/bin/../lib/gcc/arm-none-eabi/4.5.1/../../../../arm-none-eabi/lib/thumb2/libcr_c.a(errno.o)
                0x200006f0                errno
 *(COMMON)
 COMMON         0x200006f4      0x400 ./src/CS4344.o
                0x200006f4                play_buf
 COMMON         0x20000af4       0x84 ./src/main.o
                0x20000af4                recvArg0_
                0x20000af8                eq
                0x20000b38                channelIn_
                0x20000b3c                uart_recv_buf
                0x20000b5c                recvEvent_
                0x20000b60                tmp8
                0x20000b64                recvMode_
                0x20000b68                recvByteCount_
                0x20000b6c                sendFullCommands_
                0x20000b70                recvBytesNeeded_
                0x20000b74                lastStatusSent_
 COMMON         0x20000b78       0x24 ./src/pp6.o
                0x20000b78                pp6
 COMMON         0x20000b9c     0xcbf4 ./src/sequencer.o
                0x20000b9c                seq_notes
                0x20000f98                seq_deltas
                0x20001394                seq_events
                0x20001790                knob_log
                0x2000d790                . = ALIGN (0x4)
                0x2000d790                _ebss = .
                0x2000d790                PROVIDE (end, .)
                0x2000d790                PROVIDE (_pvHeapStart, .)
                0x2001c000                PROVIDE (_vStackTop, (__top_Ram112 - 0x0))
OUTPUT(BolsaBass.axf elf32-littlearm)

.debug_abbrev   0x00000000     0x2b9c
 .debug_abbrev  0x00000000      0x17e ./src/CS4344.o
 .debug_abbrev  0x0000017e       0xc2 ./src/audio.o
 .debug_abbrev  0x00000240       0xd9 ./src/comb.o
 .debug_abbrev  0x00000319      0x167 ./src/cr_startup_stm32f4xx.o
 .debug_abbrev  0x00000480       0xd9 ./src/eq.o
 .debug_abbrev  0x00000559       0xd2 ./src/line.o
 .debug_abbrev  0x0000062b      0x1b4 ./src/main.o
 .debug_abbrev  0x000007df      0x132 ./src/midi.o
 .debug_abbrev  0x00000911       0xec ./src/mode_analog_style.o
 .debug_abbrev  0x000009fd      0x123 ./src/mode_drum.o
 .debug_abbrev  0x00000b20       0xf4 ./src/mode_drum_synth.o
 .debug_abbrev  0x00000c14       0xd4 ./src/mode_filter_envelope.o
 .debug_abbrev  0x00000ce8       0xec ./src/mode_filter_man.o
 .debug_abbrev  0x00000dd4       0xe3 ./src/mode_mono_glider.o
 .debug_abbrev  0x00000eb7       0xe5 ./src/mode_nazareth.o
 .debug_abbrev  0x00000f9c      0x102 ./src/mode_octave_mirror.o
 .debug_abbrev  0x0000109e       0xe3 ./src/mode_simple_fm.o
 .debug_abbrev  0x00001181       0xf6 ./src/mode_simple_sin.o
 .debug_abbrev  0x00001277       0xd4 ./src/mode_wave_adder.o
 .debug_abbrev  0x0000134b      0x14f ./src/oscillator.o
 .debug_abbrev  0x0000149a      0x1d6 ./src/pp6.o
 .debug_abbrev  0x00001670       0xdd ./src/sad.o
 .debug_abbrev  0x0000174d       0xe1 ./src/sadsr.o
 .debug_abbrev  0x0000182e      0x108 ./src/sequencer.o
 .debug_abbrev  0x00001936      0x144 ./src/system_stm32f4xx.o
 .debug_abbrev  0x00001a7a      0x109 ./src/timer.o
 .debug_abbrev  0x00001b83      0x11a ./src/uart.o
 .debug_abbrev  0x00001c9d       0xe6 ./src/vcf.o
 .debug_abbrev  0x00001d83      0x12a /home/owen/workspace-redsuite/StdPeriphLib_v100_STM32F4xx/Debug/libStdPeriphLib_v100_STM32F4xx.a(misc.o)
 .debug_abbrev  0x00001ead      0x18d /home/owen/workspace-redsuite/StdPeriphLib_v100_STM32F4xx/Debug/libStdPeriphLib_v100_STM32F4xx.a(stm32f4xx_adc.o)
 .debug_abbrev  0x0000203a      0x186 /home/owen/workspace-redsuite/StdPeriphLib_v100_STM32F4xx/Debug/libStdPeriphLib_v100_STM32F4xx.a(stm32f4xx_gpio.o)
 .debug_abbrev  0x000021c0      0x1bb /home/owen/workspace-redsuite/StdPeriphLib_v100_STM32F4xx/Debug/libStdPeriphLib_v100_STM32F4xx.a(stm32f4xx_rcc.o)
 .debug_abbrev  0x0000237b      0x13b /home/owen/workspace-redsuite/StdPeriphLib_v100_STM32F4xx/Debug/libStdPeriphLib_v100_STM32F4xx.a(stm32f4xx_rng.o)
 .debug_abbrev  0x000024b6      0x164 /home/owen/workspace-redsuite/StdPeriphLib_v100_STM32F4xx/Debug/libStdPeriphLib_v100_STM32F4xx.a(stm32f4xx_spi.o)
 .debug_abbrev  0x0000261a      0x167 /home/owen/workspace-redsuite/StdPeriphLib_v100_STM32F4xx/Debug/libStdPeriphLib_v100_STM32F4xx.a(stm32f4xx_tim.o)
 .debug_abbrev  0x00002781      0x152 /home/owen/workspace-redsuite/StdPeriphLib_v100_STM32F4xx/Debug/libStdPeriphLib_v100_STM32F4xx.a(stm32f4xx_usart.o)
 .debug_abbrev  0x000028d3      0x122 /home/owen/workspace-redsuite/StdPeriphLib_v100_STM32F4xx/Debug/libStdPeriphLib_v100_STM32F4xx.a(stm32f4xx_wwdg.o)
 .debug_abbrev  0x000029f5       0xb0 /home/owen/workspace-redsuite/CMSISv2p10_DSPLIB_CM4/lib/libCMSISv2p10_DSPLIB_CM4.a(arm_float_to_q15.o)
 .debug_abbrev  0x00002aa5       0xf7 /home/owen/workspace-redsuite/CMSISv2p10_DSPLIB_CM4/lib/libCMSISv2p10_DSPLIB_CM4.a(arm_sin_f32.o)

.debug_info     0x00000000     0xdb3d
 .debug_info    0x00000000      0x7cb ./src/CS4344.o
 .debug_info    0x000007cb      0x196 ./src/audio.o
 .debug_info    0x00000961      0x191 ./src/comb.o
 .debug_info    0x00000af2      0x58f ./src/cr_startup_stm32f4xx.o
 .debug_info    0x00001081      0x246 ./src/eq.o
 .debug_info    0x000012c7      0x1b8 ./src/line.o
 .debug_info    0x0000147f      0x83b ./src/main.o
 .debug_info    0x00001cba      0x833 ./src/midi.o
 .debug_info    0x000024ed      0x3ef ./src/mode_analog_style.o
 .debug_info    0x000028dc      0x4c1 ./src/mode_drum.o
 .debug_info    0x00002d9d      0x31d ./src/mode_drum_synth.o
 .debug_info    0x000030ba      0x320 ./src/mode_filter_envelope.o
 .debug_info    0x000033da      0x3ef ./src/mode_filter_man.o
 .debug_info    0x000037c9      0x2c0 ./src/mode_mono_glider.o
 .debug_info    0x00003a89      0x2b1 ./src/mode_nazareth.o
 .debug_info    0x00003d3a      0x371 ./src/mode_octave_mirror.o
 .debug_info    0x000040ab      0x32b ./src/mode_simple_fm.o
 .debug_info    0x000043d6      0x379 ./src/mode_simple_sin.o
 .debug_info    0x0000474f      0x36b ./src/mode_wave_adder.o
 .debug_info    0x00004aba      0x956 ./src/oscillator.o
 .debug_info    0x00005410      0xb45 ./src/pp6.o
 .debug_info    0x00005f55      0x1c6 ./src/sad.o
 .debug_info    0x0000611b      0x242 ./src/sadsr.o
 .debug_info    0x0000635d      0x4b4 ./src/sequencer.o
 .debug_info    0x00006811      0x625 ./src/system_stm32f4xx.o
 .debug_info    0x00006e36      0x3be ./src/timer.o
 .debug_info    0x000071f4      0x45c ./src/uart.o
 .debug_info    0x00007650      0x212 ./src/vcf.o
 .debug_info    0x00007862      0x59c /home/owen/workspace-redsuite/StdPeriphLib_v100_STM32F4xx/Debug/libStdPeriphLib_v100_STM32F4xx.a(misc.o)
 .debug_info    0x00007dfe      0xcfd /home/owen/workspace-redsuite/StdPeriphLib_v100_STM32F4xx/Debug/libStdPeriphLib_v100_STM32F4xx.a(stm32f4xx_adc.o)
 .debug_info    0x00008afb      0x641 /home/owen/workspace-redsuite/StdPeriphLib_v100_STM32F4xx/Debug/libStdPeriphLib_v100_STM32F4xx.a(stm32f4xx_gpio.o)
 .debug_info    0x0000913c      0xd2c /home/owen/workspace-redsuite/StdPeriphLib_v100_STM32F4xx/Debug/libStdPeriphLib_v100_STM32F4xx.a(stm32f4xx_rcc.o)
 .debug_info    0x00009e68      0x299 /home/owen/workspace-redsuite/StdPeriphLib_v100_STM32F4xx/Debug/libStdPeriphLib_v100_STM32F4xx.a(stm32f4xx_rng.o)
 .debug_info    0x0000a101      0xbd4 /home/owen/workspace-redsuite/StdPeriphLib_v100_STM32F4xx/Debug/libStdPeriphLib_v100_STM32F4xx.a(stm32f4xx_spi.o)
 .debug_info    0x0000acd5     0x1e30 /home/owen/workspace-redsuite/StdPeriphLib_v100_STM32F4xx/Debug/libStdPeriphLib_v100_STM32F4xx.a(stm32f4xx_tim.o)
 .debug_info    0x0000cb05      0xa57 /home/owen/workspace-redsuite/StdPeriphLib_v100_STM32F4xx/Debug/libStdPeriphLib_v100_STM32F4xx.a(stm32f4xx_usart.o)
 .debug_info    0x0000d55c      0x25e /home/owen/workspace-redsuite/StdPeriphLib_v100_STM32F4xx/Debug/libStdPeriphLib_v100_STM32F4xx.a(stm32f4xx_wwdg.o)
 .debug_info    0x0000d7ba      0x1dd /home/owen/workspace-redsuite/CMSISv2p10_DSPLIB_CM4/lib/libCMSISv2p10_DSPLIB_CM4.a(arm_float_to_q15.o)
 .debug_info    0x0000d997      0x1a6 /home/owen/workspace-redsuite/CMSISv2p10_DSPLIB_CM4/lib/libCMSISv2p10_DSPLIB_CM4.a(arm_sin_f32.o)

.debug_line     0x00000000    0x10aa8
 .debug_line    0x00000000      0x637 ./src/CS4344.o
 .debug_line    0x00000637      0x4ca ./src/audio.o
 .debug_line    0x00000b01      0x4d4 ./src/comb.o
 .debug_line    0x00000fd5      0x6c1 ./src/cr_startup_stm32f4xx.o
 .debug_line    0x00001696      0x4d1 ./src/eq.o
 .debug_line    0x00001b67      0x4ea ./src/line.o
 .debug_line    0x00002051      0x9b9 ./src/main.o
 .debug_line    0x00002a0a      0xa38 ./src/midi.o
 .debug_line    0x00003442      0x7b0 ./src/mode_analog_style.o
 .debug_line    0x00003bf2      0x7af ./src/mode_drum.o
 .debug_line    0x000043a1      0x79e ./src/mode_drum_synth.o
 .debug_line    0x00004b3f      0x551 ./src/mode_filter_envelope.o
 .debug_line    0x00005090      0x7b8 ./src/mode_filter_man.o
 .debug_line    0x00005848      0x538 ./src/mode_mono_glider.o
 .debug_line    0x00005d80      0x579 ./src/mode_nazareth.o
 .debug_line    0x000062f9      0x7b3 ./src/mode_octave_mirror.o
 .debug_line    0x00006aac      0x543 ./src/mode_simple_fm.o
 .debug_line    0x00006fef      0x53e ./src/mode_simple_sin.o
 .debug_line    0x0000752d      0x540 ./src/mode_wave_adder.o
 .debug_line    0x00007a6d      0x6af ./src/oscillator.o
 .debug_line    0x0000811c      0xb72 ./src/pp6.o
 .debug_line    0x00008c8e      0x4f6 ./src/sad.o
 .debug_line    0x00009184      0x524 ./src/sadsr.o
 .debug_line    0x000096a8      0x642 ./src/sequencer.o
 .debug_line    0x00009cea      0x679 ./src/system_stm32f4xx.o
 .debug_line    0x0000a363      0x623 ./src/timer.o
 .debug_line    0x0000a986      0x623 ./src/uart.o
 .debug_line    0x0000afa9      0x4e9 ./src/vcf.o
 .debug_line    0x0000b492      0x64a /home/owen/workspace-redsuite/StdPeriphLib_v100_STM32F4xx/Debug/libStdPeriphLib_v100_STM32F4xx.a(misc.o)
 .debug_line    0x0000badc      0x950 /home/owen/workspace-redsuite/StdPeriphLib_v100_STM32F4xx/Debug/libStdPeriphLib_v100_STM32F4xx.a(stm32f4xx_adc.o)
 .debug_line    0x0000c42c      0x73a /home/owen/workspace-redsuite/StdPeriphLib_v100_STM32F4xx/Debug/libStdPeriphLib_v100_STM32F4xx.a(stm32f4xx_gpio.o)
 .debug_line    0x0000cb66      0x99c /home/owen/workspace-redsuite/StdPeriphLib_v100_STM32F4xx/Debug/libStdPeriphLib_v100_STM32F4xx.a(stm32f4xx_rcc.o)
 .debug_line    0x0000d502      0x684 /home/owen/workspace-redsuite/StdPeriphLib_v100_STM32F4xx/Debug/libStdPeriphLib_v100_STM32F4xx.a(stm32f4xx_rng.o)
 .debug_line    0x0000db86      0x850 /home/owen/workspace-redsuite/StdPeriphLib_v100_STM32F4xx/Debug/libStdPeriphLib_v100_STM32F4xx.a(stm32f4xx_spi.o)
 .debug_line    0x0000e3d6      0xe75 /home/owen/workspace-redsuite/StdPeriphLib_v100_STM32F4xx/Debug/libStdPeriphLib_v100_STM32F4xx.a(stm32f4xx_tim.o)
 .debug_line    0x0000f24b      0x88b /home/owen/workspace-redsuite/StdPeriphLib_v100_STM32F4xx/Debug/libStdPeriphLib_v100_STM32F4xx.a(stm32f4xx_usart.o)
 .debug_line    0x0000fad6      0x683 /home/owen/workspace-redsuite/StdPeriphLib_v100_STM32F4xx/Debug/libStdPeriphLib_v100_STM32F4xx.a(stm32f4xx_wwdg.o)
 .debug_line    0x00010159      0x4c8 /home/owen/workspace-redsuite/CMSISv2p10_DSPLIB_CM4/lib/libCMSISv2p10_DSPLIB_CM4.a(arm_float_to_q15.o)
 .debug_line    0x00010621      0x487 /home/owen/workspace-redsuite/CMSISv2p10_DSPLIB_CM4/lib/libCMSISv2p10_DSPLIB_CM4.a(arm_sin_f32.o)

.debug_macinfo  0x00000000   0x820741
 .debug_macinfo
                0x00000000    0x5b0df ./src/CS4344.o
 .debug_macinfo
                0x0005b0df     0x441f ./src/audio.o
 .debug_macinfo
                0x0005f4fe     0x442e ./src/comb.o
 .debug_macinfo
                0x0006392c    0x5aeb9 ./src/cr_startup_stm32f4xx.o
 .debug_macinfo
                0x000be7e5     0x43d9 ./src/eq.o
 .debug_macinfo
                0x000c2bbe     0x442e ./src/line.o
 .debug_macinfo
                0x000c6fec    0x5bfbf ./src/main.o
 .debug_macinfo
                0x00122fab    0x5bb25 ./src/midi.o
 .debug_macinfo
                0x0017ead0    0x5b9ce ./src/mode_analog_style.o
 .debug_macinfo
                0x001da49e    0x5b9c6 ./src/mode_drum.o
 .debug_macinfo
                0x00235e64    0x5b9cc ./src/mode_drum_synth.o
 .debug_macinfo
                0x00291830     0x4767 ./src/mode_filter_envelope.o
 .debug_macinfo
                0x00295f97    0x5b9cc ./src/mode_filter_man.o
 .debug_macinfo
                0x002f1963     0x4763 ./src/mode_mono_glider.o
 .debug_macinfo
                0x002f60c6     0x4760 ./src/mode_nazareth.o
 .debug_macinfo
                0x002fa826    0x5b9cf ./src/mode_octave_mirror.o
 .debug_macinfo
                0x003561f5     0x4771 ./src/mode_simple_fm.o
 .debug_macinfo
                0x0035a966     0x4762 ./src/mode_simple_sin.o
 .debug_macinfo
                0x0035f0c8     0x4762 ./src/mode_wave_adder.o
 .debug_macinfo
                0x0036382a     0x4444 ./src/oscillator.o
 .debug_macinfo
                0x00367c6e    0x5b92a ./src/pp6.o
 .debug_macinfo
                0x003c3598     0x442d ./src/sad.o
 .debug_macinfo
                0x003c79c5     0x442f ./src/sadsr.o
 .debug_macinfo
                0x003cbdf4     0x471f ./src/sequencer.o
 .debug_macinfo
                0x003d0513    0x5aed1 ./src/system_stm32f4xx.o
 .debug_macinfo
                0x0042b3e4    0x5ae7d ./src/timer.o
 .debug_macinfo
                0x00486261    0x5ae7c ./src/uart.o
 .debug_macinfo
                0x004e10dd     0x442d ./src/vcf.o
 .debug_macinfo
                0x004e550a    0x5ae5f /home/owen/workspace-redsuite/StdPeriphLib_v100_STM32F4xx/Debug/libStdPeriphLib_v100_STM32F4xx.a(misc.o)
 .debug_macinfo
                0x00540369    0x5b14d /home/owen/workspace-redsuite/StdPeriphLib_v100_STM32F4xx/Debug/libStdPeriphLib_v100_STM32F4xx.a(stm32f4xx_adc.o)
 .debug_macinfo
                0x0059b4b6    0x5ae33 /home/owen/workspace-redsuite/StdPeriphLib_v100_STM32F4xx/Debug/libStdPeriphLib_v100_STM32F4xx.a(stm32f4xx_gpio.o)
 .debug_macinfo
                0x005f62e9    0x5b33f /home/owen/workspace-redsuite/StdPeriphLib_v100_STM32F4xx/Debug/libStdPeriphLib_v100_STM32F4xx.a(stm32f4xx_rcc.o)
 .debug_macinfo
                0x00651628    0x5ae33 /home/owen/workspace-redsuite/StdPeriphLib_v100_STM32F4xx/Debug/libStdPeriphLib_v100_STM32F4xx.a(stm32f4xx_rng.o)
 .debug_macinfo
                0x006ac45b    0x5af20 /home/owen/workspace-redsuite/StdPeriphLib_v100_STM32F4xx/Debug/libStdPeriphLib_v100_STM32F4xx.a(stm32f4xx_spi.o)
 .debug_macinfo
                0x0070737b    0x5af0c /home/owen/workspace-redsuite/StdPeriphLib_v100_STM32F4xx/Debug/libStdPeriphLib_v100_STM32F4xx.a(stm32f4xx_tim.o)
 .debug_macinfo
                0x00762287    0x5af5f /home/owen/workspace-redsuite/StdPeriphLib_v100_STM32F4xx/Debug/libStdPeriphLib_v100_STM32F4xx.a(stm32f4xx_usart.o)
 .debug_macinfo
                0x007bd1e6    0x5af41 /home/owen/workspace-redsuite/StdPeriphLib_v100_STM32F4xx/Debug/libStdPeriphLib_v100_STM32F4xx.a(stm32f4xx_wwdg.o)
 .debug_macinfo
                0x00818127     0x430d /home/owen/workspace-redsuite/CMSISv2p10_DSPLIB_CM4/lib/libCMSISv2p10_DSPLIB_CM4.a(arm_float_to_q15.o)
 .debug_macinfo
                0x0081c434     0x430d /home/owen/workspace-redsuite/CMSISv2p10_DSPLIB_CM4/lib/libCMSISv2p10_DSPLIB_CM4.a(arm_sin_f32.o)

.debug_loc      0x00000000     0x62c6
 .debug_loc     0x00000000       0x70 ./src/CS4344.o
 .debug_loc     0x00000070       0x70 ./src/audio.o
 .debug_loc     0x000000e0       0x70 ./src/comb.o
 .debug_loc     0x00000150      0x28c ./src/cr_startup_stm32f4xx.o
 .debug_loc     0x000003dc       0x70 ./src/eq.o
 .debug_loc     0x0000044c       0xe0 ./src/line.o
 .debug_loc     0x0000052c       0x9e ./src/main.o
 .debug_loc     0x000005ca      0x72c ./src/midi.o
 .debug_loc     0x00000cf6       0x9c ./src/mode_analog_style.o
 .debug_loc     0x00000d92       0xb4 ./src/mode_drum.o
 .debug_loc     0x00000e46       0x9c ./src/mode_drum_synth.o
 .debug_loc     0x00000ee2       0x90 ./src/mode_filter_envelope.o
 .debug_loc     0x00000f72       0xa8 ./src/mode_filter_man.o
 .debug_loc     0x0000101a       0x9c ./src/mode_mono_glider.o
 .debug_loc     0x000010b6       0x90 ./src/mode_nazareth.o
 .debug_loc     0x00001146       0xa8 ./src/mode_octave_mirror.o
 .debug_loc     0x000011ee       0x9c ./src/mode_simple_fm.o
 .debug_loc     0x0000128a       0x90 ./src/mode_simple_sin.o
 .debug_loc     0x0000131a       0x90 ./src/mode_wave_adder.o
 .debug_loc     0x000013aa      0x462 ./src/oscillator.o
 .debug_loc     0x0000180c      0x778 ./src/pp6.o
 .debug_loc     0x00001f84       0xe0 ./src/sad.o
 .debug_loc     0x00002064      0x150 ./src/sadsr.o
 .debug_loc     0x000021b4      0x3b8 ./src/sequencer.o
 .debug_loc     0x0000256c       0x9c ./src/system_stm32f4xx.o
 .debug_loc     0x00002608       0x90 ./src/timer.o
 .debug_loc     0x00002698       0x70 ./src/uart.o
 .debug_loc     0x00002708       0xa8 ./src/vcf.o
 .debug_loc     0x000027b0      0x118 /home/owen/workspace-redsuite/StdPeriphLib_v100_STM32F4xx/Debug/libStdPeriphLib_v100_STM32F4xx.a(misc.o)
 .debug_loc     0x000028c8      0x838 /home/owen/workspace-redsuite/StdPeriphLib_v100_STM32F4xx/Debug/libStdPeriphLib_v100_STM32F4xx.a(stm32f4xx_adc.o)
 .debug_loc     0x00003100      0x310 /home/owen/workspace-redsuite/StdPeriphLib_v100_STM32F4xx/Debug/libStdPeriphLib_v100_STM32F4xx.a(stm32f4xx_gpio.o)
 .debug_loc     0x00003410      0x97c /home/owen/workspace-redsuite/StdPeriphLib_v100_STM32F4xx/Debug/libStdPeriphLib_v100_STM32F4xx.a(stm32f4xx_rcc.o)
 .debug_loc     0x00003d8c      0x1a8 /home/owen/workspace-redsuite/StdPeriphLib_v100_STM32F4xx/Debug/libStdPeriphLib_v100_STM32F4xx.a(stm32f4xx_rng.o)
 .debug_loc     0x00003f34      0x578 /home/owen/workspace-redsuite/StdPeriphLib_v100_STM32F4xx/Debug/libStdPeriphLib_v100_STM32F4xx.a(stm32f4xx_spi.o)
 .debug_loc     0x000044ac     0x1420 /home/owen/workspace-redsuite/StdPeriphLib_v100_STM32F4xx/Debug/libStdPeriphLib_v100_STM32F4xx.a(stm32f4xx_tim.o)
 .debug_loc     0x000058cc      0x658 /home/owen/workspace-redsuite/StdPeriphLib_v100_STM32F4xx/Debug/libStdPeriphLib_v100_STM32F4xx.a(stm32f4xx_usart.o)
 .debug_loc     0x00005f24      0x19c /home/owen/workspace-redsuite/StdPeriphLib_v100_STM32F4xx/Debug/libStdPeriphLib_v100_STM32F4xx.a(stm32f4xx_wwdg.o)
 .debug_loc     0x000060c0      0x178 /home/owen/workspace-redsuite/CMSISv2p10_DSPLIB_CM4/lib/libCMSISv2p10_DSPLIB_CM4.a(arm_float_to_q15.o)
 .debug_loc     0x00006238       0x8e /home/owen/workspace-redsuite/CMSISv2p10_DSPLIB_CM4/lib/libCMSISv2p10_DSPLIB_CM4.a(arm_sin_f32.o)

.debug_pubnames
                0x00000000     0x2ed7
 .debug_pubnames
                0x00000000       0x80 ./src/CS4344.o
 .debug_pubnames
                0x00000080       0x4b ./src/audio.o
 .debug_pubnames
                0x000000cb       0x89 ./src/comb.o
 .debug_pubnames
                0x00000154      0x115 ./src/cr_startup_stm32f4xx.o
 .debug_pubnames
                0x00000269       0x34 ./src/eq.o
 .debug_pubnames
                0x0000029d       0x53 ./src/line.o
 .debug_pubnames
                0x000002f0      0x130 ./src/main.o
 .debug_pubnames
                0x00000420      0x333 ./src/midi.o
 .debug_pubnames
                0x00000753       0x78 ./src/mode_analog_style.o
 .debug_pubnames
                0x000007cb       0x60 ./src/mode_drum.o
 .debug_pubnames
                0x0000082b       0x72 ./src/mode_drum_synth.o
 .debug_pubnames
                0x0000089d       0x81 ./src/mode_filter_envelope.o
 .debug_pubnames
                0x0000091e       0x72 ./src/mode_filter_man.o
 .debug_pubnames
                0x00000990       0xc5 ./src/mode_mono_glider.o
 .debug_pubnames
                0x00000a55       0x6c ./src/mode_nazareth.o
 .debug_pubnames
                0x00000ac1       0x7b ./src/mode_octave_mirror.o
 .debug_pubnames
                0x00000b3c       0x6f ./src/mode_simple_fm.o
 .debug_pubnames
                0x00000bab       0x7c ./src/mode_simple_sin.o
 .debug_pubnames
                0x00000c27       0x72 ./src/mode_wave_adder.o
 .debug_pubnames
                0x00000c99      0x177 ./src/oscillator.o
 .debug_pubnames
                0x00000e10      0x3e0 ./src/pp6.o
 .debug_pubnames
                0x000011f0       0x46 ./src/sad.o
 .debug_pubnames
                0x00001236       0x74 ./src/sadsr.o
 .debug_pubnames
                0x000012aa      0x2da ./src/sequencer.o
 .debug_pubnames
                0x00001584       0x61 ./src/system_stm32f4xx.o
 .debug_pubnames
                0x000015e5       0x44 ./src/timer.o
 .debug_pubnames
                0x00001629       0x2d ./src/uart.o
 .debug_pubnames
                0x00001656       0x50 ./src/vcf.o
 .debug_pubnames
                0x000016a6       0x89 /home/owen/workspace-redsuite/StdPeriphLib_v100_STM32F4xx/Debug/libStdPeriphLib_v100_STM32F4xx.a(misc.o)
 .debug_pubnames
                0x0000172f      0x446 /home/owen/workspace-redsuite/StdPeriphLib_v100_STM32F4xx/Debug/libStdPeriphLib_v100_STM32F4xx.a(stm32f4xx_adc.o)
 .debug_pubnames
                0x00001b75      0x12d /home/owen/workspace-redsuite/StdPeriphLib_v100_STM32F4xx/Debug/libStdPeriphLib_v100_STM32F4xx.a(stm32f4xx_gpio.o)
 .debug_pubnames
                0x00001ca2      0x417 /home/owen/workspace-redsuite/StdPeriphLib_v100_STM32F4xx/Debug/libStdPeriphLib_v100_STM32F4xx.a(stm32f4xx_rcc.o)
 .debug_pubnames
                0x000020b9       0xac /home/owen/workspace-redsuite/StdPeriphLib_v100_STM32F4xx/Debug/libStdPeriphLib_v100_STM32F4xx.a(stm32f4xx_rng.o)
 .debug_pubnames
                0x00002165      0x221 /home/owen/workspace-redsuite/StdPeriphLib_v100_STM32F4xx/Debug/libStdPeriphLib_v100_STM32F4xx.a(stm32f4xx_spi.o)
 .debug_pubnames
                0x00002386      0x7c4 /home/owen/workspace-redsuite/StdPeriphLib_v100_STM32F4xx/Debug/libStdPeriphLib_v100_STM32F4xx.a(stm32f4xx_tim.o)
 .debug_pubnames
                0x00002b4a      0x294 /home/owen/workspace-redsuite/StdPeriphLib_v100_STM32F4xx/Debug/libStdPeriphLib_v100_STM32F4xx.a(stm32f4xx_usart.o)
 .debug_pubnames
                0x00002dde       0xb0 /home/owen/workspace-redsuite/StdPeriphLib_v100_STM32F4xx/Debug/libStdPeriphLib_v100_STM32F4xx.a(stm32f4xx_wwdg.o)
 .debug_pubnames
                0x00002e8e       0x27 /home/owen/workspace-redsuite/CMSISv2p10_DSPLIB_CM4/lib/libCMSISv2p10_DSPLIB_CM4.a(arm_float_to_q15.o)
 .debug_pubnames
                0x00002eb5       0x22 /home/owen/workspace-redsuite/CMSISv2p10_DSPLIB_CM4/lib/libCMSISv2p10_DSPLIB_CM4.a(arm_sin_f32.o)

.debug_pubtypes
                0x00000000     0x12ee
 .debug_pubtypes
                0x00000000      0x116 ./src/CS4344.o
 .debug_pubtypes
                0x00000116       0x2d ./src/audio.o
 .debug_pubtypes
                0x00000143       0x2d ./src/comb.o
 .debug_pubtypes
                0x00000170       0x44 ./src/cr_startup_stm32f4xx.o
 .debug_pubtypes
                0x000001b4       0x38 ./src/eq.o
 .debug_pubtypes
                0x000001ec       0x36 ./src/line.o
 .debug_pubtypes
                0x00000222       0xa8 ./src/main.o
 .debug_pubtypes
                0x000002ca       0x2a ./src/midi.o
 .debug_pubtypes
                0x000002f4       0x72 ./src/mode_analog_style.o
 .debug_pubtypes
                0x00000366       0x85 ./src/mode_drum.o
 .debug_pubtypes
                0x000003eb       0x69 ./src/mode_drum_synth.o
 .debug_pubtypes
                0x00000454       0x69 ./src/mode_filter_envelope.o
 .debug_pubtypes
                0x000004bd       0x72 ./src/mode_filter_man.o
 .debug_pubtypes
                0x0000052f       0x5a ./src/mode_mono_glider.o
 .debug_pubtypes
                0x00000589       0x62 ./src/mode_nazareth.o
 .debug_pubtypes
                0x000005eb       0x69 ./src/mode_octave_mirror.o
 .debug_pubtypes
                0x00000654       0x6a ./src/mode_simple_fm.o
 .debug_pubtypes
                0x000006be       0x84 ./src/mode_simple_sin.o
 .debug_pubtypes
                0x00000742       0x84 ./src/mode_wave_adder.o
 .debug_pubtypes
                0x000007c6       0xb0 ./src/oscillator.o
 .debug_pubtypes
                0x00000876      0x131 ./src/pp6.o
 .debug_pubtypes
                0x000009a7       0x34 ./src/sad.o
 .debug_pubtypes
                0x000009db       0x36 ./src/sadsr.o
 .debug_pubtypes
                0x00000a11       0x39 ./src/sequencer.o
 .debug_pubtypes
                0x00000a4a       0x83 ./src/system_stm32f4xx.o
 .debug_pubtypes
                0x00000acd       0x70 ./src/timer.o
 .debug_pubtypes
                0x00000b3d       0xe8 ./src/uart.o
 .debug_pubtypes
                0x00000c25       0x2f ./src/vcf.o
 .debug_pubtypes
                0x00000c54       0x8c /home/owen/workspace-redsuite/StdPeriphLib_v100_STM32F4xx/Debug/libStdPeriphLib_v100_STM32F4xx.a(misc.o)
 .debug_pubtypes
                0x00000ce0       0xc9 /home/owen/workspace-redsuite/StdPeriphLib_v100_STM32F4xx/Debug/libStdPeriphLib_v100_STM32F4xx.a(stm32f4xx_adc.o)
 .debug_pubtypes
                0x00000da9       0xce /home/owen/workspace-redsuite/StdPeriphLib_v100_STM32F4xx/Debug/libStdPeriphLib_v100_STM32F4xx.a(stm32f4xx_gpio.o)
 .debug_pubtypes
                0x00000e77       0xaa /home/owen/workspace-redsuite/StdPeriphLib_v100_STM32F4xx/Debug/libStdPeriphLib_v100_STM32F4xx.a(stm32f4xx_rcc.o)
 .debug_pubtypes
                0x00000f21       0x77 /home/owen/workspace-redsuite/StdPeriphLib_v100_STM32F4xx/Debug/libStdPeriphLib_v100_STM32F4xx.a(stm32f4xx_rng.o)
 .debug_pubtypes
                0x00000f98       0xbc /home/owen/workspace-redsuite/StdPeriphLib_v100_STM32F4xx/Debug/libStdPeriphLib_v100_STM32F4xx.a(stm32f4xx_spi.o)
 .debug_pubtypes
                0x00001054       0xe4 /home/owen/workspace-redsuite/StdPeriphLib_v100_STM32F4xx/Debug/libStdPeriphLib_v100_STM32F4xx.a(stm32f4xx_tim.o)
 .debug_pubtypes
                0x00001138       0xcd /home/owen/workspace-redsuite/StdPeriphLib_v100_STM32F4xx/Debug/libStdPeriphLib_v100_STM32F4xx.a(stm32f4xx_usart.o)
 .debug_pubtypes
                0x00001205       0x57 /home/owen/workspace-redsuite/StdPeriphLib_v100_STM32F4xx/Debug/libStdPeriphLib_v100_STM32F4xx.a(stm32f4xx_wwdg.o)
 .debug_pubtypes
                0x0000125c       0x59 /home/owen/workspace-redsuite/CMSISv2p10_DSPLIB_CM4/lib/libCMSISv2p10_DSPLIB_CM4.a(arm_float_to_q15.o)
 .debug_pubtypes
                0x000012b5       0x39 /home/owen/workspace-redsuite/CMSISv2p10_DSPLIB_CM4/lib/libCMSISv2p10_DSPLIB_CM4.a(arm_sin_f32.o)

.debug_aranges  0x00000000     0x1230
 .debug_aranges
                0x00000000       0x28 ./src/CS4344.o
 .debug_aranges
                0x00000028       0x28 ./src/audio.o
 .debug_aranges
                0x00000050       0x28 ./src/comb.o
 .debug_aranges
                0x00000078       0x88 ./src/cr_startup_stm32f4xx.o
 .debug_aranges
                0x00000100       0x28 ./src/eq.o
 .debug_aranges
                0x00000128       0x38 ./src/line.o
 .debug_aranges
                0x00000160       0x30 ./src/main.o
 .debug_aranges
                0x00000190      0x138 ./src/midi.o
 .debug_aranges
                0x000002c8       0x30 ./src/mode_analog_style.o
 .debug_aranges
                0x000002f8       0x30 ./src/mode_drum.o
 .debug_aranges
                0x00000328       0x30 ./src/mode_drum_synth.o
 .debug_aranges
                0x00000358       0x30 ./src/mode_filter_envelope.o
 .debug_aranges
                0x00000388       0x30 ./src/mode_filter_man.o
 .debug_aranges
                0x000003b8       0x30 ./src/mode_mono_glider.o
 .debug_aranges
                0x000003e8       0x30 ./src/mode_nazareth.o
 .debug_aranges
                0x00000418       0x30 ./src/mode_octave_mirror.o
 .debug_aranges
                0x00000448       0x30 ./src/mode_simple_fm.o
 .debug_aranges
                0x00000478       0x30 ./src/mode_simple_sin.o
 .debug_aranges
                0x000004a8       0x30 ./src/mode_wave_adder.o
 .debug_aranges
                0x000004d8       0xb8 ./src/oscillator.o
 .debug_aranges
                0x00000590      0x160 ./src/pp6.o
 .debug_aranges
                0x000006f0       0x38 ./src/sad.o
 .debug_aranges
                0x00000728       0x48 ./src/sadsr.o
 .debug_aranges
                0x00000770       0xb8 ./src/sequencer.o
 .debug_aranges
                0x00000828       0x30 ./src/system_stm32f4xx.o
 .debug_aranges
                0x00000858       0x30 ./src/timer.o
 .debug_aranges
                0x00000888       0x28 ./src/uart.o
 .debug_aranges
                0x000008b0       0x30 ./src/vcf.o
 .debug_aranges
                0x000008e0       0x40 /home/owen/workspace-redsuite/StdPeriphLib_v100_STM32F4xx/Debug/libStdPeriphLib_v100_STM32F4xx.a(misc.o)
 .debug_aranges
                0x00000920      0x148 /home/owen/workspace-redsuite/StdPeriphLib_v100_STM32F4xx/Debug/libStdPeriphLib_v100_STM32F4xx.a(stm32f4xx_adc.o)
 .debug_aranges
                0x00000a68       0x88 /home/owen/workspace-redsuite/StdPeriphLib_v100_STM32F4xx/Debug/libStdPeriphLib_v100_STM32F4xx.a(stm32f4xx_gpio.o)
 .debug_aranges
                0x00000af0      0x178 /home/owen/workspace-redsuite/StdPeriphLib_v100_STM32F4xx/Debug/libStdPeriphLib_v100_STM32F4xx.a(stm32f4xx_rcc.o)
 .debug_aranges
                0x00000c68       0x58 /home/owen/workspace-redsuite/StdPeriphLib_v100_STM32F4xx/Debug/libStdPeriphLib_v100_STM32F4xx.a(stm32f4xx_rng.o)
 .debug_aranges
                0x00000cc0       0xe0 /home/owen/workspace-redsuite/StdPeriphLib_v100_STM32F4xx/Debug/libStdPeriphLib_v100_STM32F4xx.a(stm32f4xx_spi.o)
 .debug_aranges
                0x00000da0      0x2f8 /home/owen/workspace-redsuite/StdPeriphLib_v100_STM32F4xx/Debug/libStdPeriphLib_v100_STM32F4xx.a(stm32f4xx_tim.o)
 .debug_aranges
                0x00001098      0x100 /home/owen/workspace-redsuite/StdPeriphLib_v100_STM32F4xx/Debug/libStdPeriphLib_v100_STM32F4xx.a(stm32f4xx_usart.o)
 .debug_aranges
                0x00001198       0x58 /home/owen/workspace-redsuite/StdPeriphLib_v100_STM32F4xx/Debug/libStdPeriphLib_v100_STM32F4xx.a(stm32f4xx_wwdg.o)
 .debug_aranges
                0x000011f0       0x20 /home/owen/workspace-redsuite/CMSISv2p10_DSPLIB_CM4/lib/libCMSISv2p10_DSPLIB_CM4.a(arm_float_to_q15.o)
 .debug_aranges
                0x00001210       0x20 /home/owen/workspace-redsuite/CMSISv2p10_DSPLIB_CM4/lib/libCMSISv2p10_DSPLIB_CM4.a(arm_sin_f32.o)

.debug_ranges   0x00000000     0x1118
 .debug_ranges  0x00000000       0x18 ./src/CS4344.o
 .debug_ranges  0x00000018       0x18 ./src/audio.o
 .debug_ranges  0x00000030       0x18 ./src/comb.o
 .debug_ranges  0x00000048       0x78 ./src/cr_startup_stm32f4xx.o
 .debug_ranges  0x000000c0       0x18 ./src/eq.o
 .debug_ranges  0x000000d8       0x28 ./src/line.o
 .debug_ranges  0x00000100       0x20 ./src/main.o
 .debug_ranges  0x00000120      0x128 ./src/midi.o
 .debug_ranges  0x00000248       0x20 ./src/mode_analog_style.o
 .debug_ranges  0x00000268       0x20 ./src/mode_drum.o
 .debug_ranges  0x00000288       0x20 ./src/mode_drum_synth.o
 .debug_ranges  0x000002a8       0x20 ./src/mode_filter_envelope.o
 .debug_ranges  0x000002c8       0x20 ./src/mode_filter_man.o
 .debug_ranges  0x000002e8       0x20 ./src/mode_mono_glider.o
 .debug_ranges  0x00000308       0x20 ./src/mode_nazareth.o
 .debug_ranges  0x00000328       0x20 ./src/mode_octave_mirror.o
 .debug_ranges  0x00000348       0x20 ./src/mode_simple_fm.o
 .debug_ranges  0x00000368       0x20 ./src/mode_simple_sin.o
 .debug_ranges  0x00000388       0x20 ./src/mode_wave_adder.o
 .debug_ranges  0x000003a8       0xa8 ./src/oscillator.o
 .debug_ranges  0x00000450      0x150 ./src/pp6.o
 .debug_ranges  0x000005a0       0x28 ./src/sad.o
 .debug_ranges  0x000005c8       0x38 ./src/sadsr.o
 .debug_ranges  0x00000600       0xa8 ./src/sequencer.o
 .debug_ranges  0x000006a8       0x20 ./src/system_stm32f4xx.o
 .debug_ranges  0x000006c8       0x20 ./src/timer.o
 .debug_ranges  0x000006e8       0x18 ./src/uart.o
 .debug_ranges  0x00000700       0x20 ./src/vcf.o
 .debug_ranges  0x00000720       0x30 /home/owen/workspace-redsuite/StdPeriphLib_v100_STM32F4xx/Debug/libStdPeriphLib_v100_STM32F4xx.a(misc.o)
 .debug_ranges  0x00000750      0x138 /home/owen/workspace-redsuite/StdPeriphLib_v100_STM32F4xx/Debug/libStdPeriphLib_v100_STM32F4xx.a(stm32f4xx_adc.o)
 .debug_ranges  0x00000888       0x78 /home/owen/workspace-redsuite/StdPeriphLib_v100_STM32F4xx/Debug/libStdPeriphLib_v100_STM32F4xx.a(stm32f4xx_gpio.o)
 .debug_ranges  0x00000900      0x168 /home/owen/workspace-redsuite/StdPeriphLib_v100_STM32F4xx/Debug/libStdPeriphLib_v100_STM32F4xx.a(stm32f4xx_rcc.o)
 .debug_ranges  0x00000a68       0x48 /home/owen/workspace-redsuite/StdPeriphLib_v100_STM32F4xx/Debug/libStdPeriphLib_v100_STM32F4xx.a(stm32f4xx_rng.o)
 .debug_ranges  0x00000ab0       0xd0 /home/owen/workspace-redsuite/StdPeriphLib_v100_STM32F4xx/Debug/libStdPeriphLib_v100_STM32F4xx.a(stm32f4xx_spi.o)
 .debug_ranges  0x00000b80      0x2e8 /home/owen/workspace-redsuite/StdPeriphLib_v100_STM32F4xx/Debug/libStdPeriphLib_v100_STM32F4xx.a(stm32f4xx_tim.o)
 .debug_ranges  0x00000e68       0xf0 /home/owen/workspace-redsuite/StdPeriphLib_v100_STM32F4xx/Debug/libStdPeriphLib_v100_STM32F4xx.a(stm32f4xx_usart.o)
 .debug_ranges  0x00000f58       0x48 /home/owen/workspace-redsuite/StdPeriphLib_v100_STM32F4xx/Debug/libStdPeriphLib_v100_STM32F4xx.a(stm32f4xx_wwdg.o)
 .debug_ranges  0x00000fa0      0x168 /home/owen/workspace-redsuite/CMSISv2p10_DSPLIB_CM4/lib/libCMSISv2p10_DSPLIB_CM4.a(arm_float_to_q15.o)
 .debug_ranges  0x00001108       0x10 /home/owen/workspace-redsuite/CMSISv2p10_DSPLIB_CM4/lib/libCMSISv2p10_DSPLIB_CM4.a(arm_sin_f32.o)

.debug_str      0x00000000     0x44be
 .debug_str     0x00000000      0x93d ./src/CS4344.o
                                0x97a (size before relaxing)
 .debug_str     0x0000093d       0x54 ./src/audio.o
                                0x110 (size before relaxing)
 .debug_str     0x00000991       0x7c ./src/comb.o
                                0x148 (size before relaxing)
 .debug_str     0x00000a0d      0x1b4 ./src/cr_startup_stm32f4xx.o
                                0x2ac (size before relaxing)
 .debug_str     0x00000bc1       0x85 ./src/eq.o
                                0x150 (size before relaxing)
 .debug_str     0x00000c46       0x6c ./src/line.o
                                0x13f (size before relaxing)
 .debug_str     0x00000cb2      0x186 ./src/main.o
                                0x444 (size before relaxing)
 .debug_str     0x00000e38      0x25d ./src/midi.o
                                0x3db (size before relaxing)
 .debug_str     0x00001095      0x136 ./src/mode_analog_style.o
                                0x282 (size before relaxing)
 .debug_str     0x000011cb       0xde ./src/mode_drum.o
                                0x2bf (size before relaxing)
 .debug_str     0x000012a9       0x6d ./src/mode_drum_synth.o
                                0x207 (size before relaxing)
 .debug_str     0x00001316       0x8e ./src/mode_filter_envelope.o
                                0x22e (size before relaxing)
 .debug_str     0x000013a4       0x6d ./src/mode_filter_man.o
                                0x27a (size before relaxing)
 .debug_str     0x00001411       0x86 ./src/mode_mono_glider.o
                                0x1e4 (size before relaxing)
 .debug_str     0x00001497       0x83 ./src/mode_nazareth.o
                                0x207 (size before relaxing)
 .debug_str     0x0000151a       0x79 ./src/mode_octave_mirror.o
                                0x246 (size before relaxing)
 .debug_str     0x00001593       0xf1 ./src/mode_simple_fm.o
                                0x282 (size before relaxing)
 .debug_str     0x00001684       0x87 ./src/mode_simple_sin.o
                                0x268 (size before relaxing)
 .debug_str     0x0000170b       0x6d ./src/mode_wave_adder.o
                                0x268 (size before relaxing)
 .debug_str     0x00001778      0x1cb ./src/oscillator.o
                                0x3b1 (size before relaxing)
 .debug_str     0x00001943      0x4cb ./src/pp6.o
                                0x84e (size before relaxing)
 .debug_str     0x00001e0e       0x48 ./src/sad.o
                                0x13f (size before relaxing)
 .debug_str     0x00001e56       0x63 ./src/sadsr.o
                                0x186 (size before relaxing)
 .debug_str     0x00001eb9      0x262 ./src/sequencer.o
                                0x340 (size before relaxing)
 .debug_str     0x0000211b      0x164 ./src/system_stm32f4xx.o
                                0x2fe (size before relaxing)
 .debug_str     0x0000227f      0x13a ./src/timer.o
                                0x285 (size before relaxing)
 .debug_str     0x000023b9       0xa8 ./src/uart.o
                                0x395 (size before relaxing)
 .debug_str     0x00002461       0x49 ./src/vcf.o
                                0x149 (size before relaxing)
 .debug_str     0x000024aa      0x171 /home/owen/workspace-redsuite/StdPeriphLib_v100_STM32F4xx/Debug/libStdPeriphLib_v100_STM32F4xx.a(misc.o)
                                0x339 (size before relaxing)
 .debug_str     0x0000261b      0x4d6 /home/owen/workspace-redsuite/StdPeriphLib_v100_STM32F4xx/Debug/libStdPeriphLib_v100_STM32F4xx.a(stm32f4xx_adc.o)
                                0x764 (size before relaxing)
 .debug_str     0x00002af1      0x171 /home/owen/workspace-redsuite/StdPeriphLib_v100_STM32F4xx/Debug/libStdPeriphLib_v100_STM32F4xx.a(stm32f4xx_gpio.o)
                                0x403 (size before relaxing)
 .debug_str     0x00002c62      0x537 /home/owen/workspace-redsuite/StdPeriphLib_v100_STM32F4xx/Debug/libStdPeriphLib_v100_STM32F4xx.a(stm32f4xx_rcc.o)
                                0x7b0 (size before relaxing)
 .debug_str     0x00003199       0xad /home/owen/workspace-redsuite/StdPeriphLib_v100_STM32F4xx/Debug/libStdPeriphLib_v100_STM32F4xx.a(stm32f4xx_rng.o)
                                0x1e4 (size before relaxing)
 .debug_str     0x00003246      0x2e6 /home/owen/workspace-redsuite/StdPeriphLib_v100_STM32F4xx/Debug/libStdPeriphLib_v100_STM32F4xx.a(stm32f4xx_spi.o)
                                0x5ea (size before relaxing)
 .debug_str     0x0000352c      0xa54 /home/owen/workspace-redsuite/StdPeriphLib_v100_STM32F4xx/Debug/libStdPeriphLib_v100_STM32F4xx.a(stm32f4xx_tim.o)
                                0xd30 (size before relaxing)
 .debug_str     0x00003f80      0x378 /home/owen/workspace-redsuite/StdPeriphLib_v100_STM32F4xx/Debug/libStdPeriphLib_v100_STM32F4xx.a(stm32f4xx_usart.o)
                                0x5ef (size before relaxing)
 .debug_str     0x000042f8       0xb2 /home/owen/workspace-redsuite/StdPeriphLib_v100_STM32F4xx/Debug/libStdPeriphLib_v100_STM32F4xx.a(stm32f4xx_wwdg.o)
                                0x1e2 (size before relaxing)
 .debug_str     0x000043aa       0xb0 /home/owen/workspace-redsuite/CMSISv2p10_DSPLIB_CM4/lib/libCMSISv2p10_DSPLIB_CM4.a(arm_float_to_q15.o)
                                0x164 (size before relaxing)
 .debug_str     0x0000445a       0x64 /home/owen/workspace-redsuite/CMSISv2p10_DSPLIB_CM4/lib/libCMSISv2p10_DSPLIB_CM4.a(arm_sin_f32.o)
                                0x14e (size before relaxing)

.comment        0x00000000       0x2a
 .comment       0x00000000       0x2a ./src/CS4344.o
                                 0x2b (size before relaxing)
 .comment       0x00000000       0x2b ./src/audio.o
 .comment       0x00000000       0x2b ./src/comb.o
 .comment       0x00000000       0x2b ./src/cr_startup_stm32f4xx.o
 .comment       0x00000000       0x2b ./src/eq.o
 .comment       0x00000000       0x2b ./src/line.o
 .comment       0x00000000       0x2b ./src/main.o
 .comment       0x00000000       0x2b ./src/midi.o
 .comment       0x00000000       0x2b ./src/mode_analog_style.o
 .comment       0x00000000       0x2b ./src/mode_drum.o
 .comment       0x00000000       0x2b ./src/mode_drum_synth.o
 .comment       0x00000000       0x2b ./src/mode_filter_envelope.o
 .comment       0x00000000       0x2b ./src/mode_filter_man.o
 .comment       0x00000000       0x2b ./src/mode_mono_glider.o
 .comment       0x00000000       0x2b ./src/mode_nazareth.o
 .comment       0x00000000       0x2b ./src/mode_octave_mirror.o
 .comment       0x00000000       0x2b ./src/mode_simple_fm.o
 .comment       0x00000000       0x2b ./src/mode_simple_sin.o
 .comment       0x00000000       0x2b ./src/mode_wave_adder.o
 .comment       0x00000000       0x2b ./src/oscillator.o
 .comment       0x00000000       0x2b ./src/pp6.o
 .comment       0x00000000       0x2b ./src/sad.o
 .comment       0x00000000       0x2b ./src/sadsr.o
 .comment       0x00000000       0x2b ./src/sequencer.o
 .comment       0x00000000       0x2b ./src/system_stm32f4xx.o
 .comment       0x00000000       0x2b ./src/timer.o
 .comment       0x00000000       0x2b ./src/uart.o
 .comment       0x00000000       0x2b ./src/vcf.o
 .comment       0x00000000       0x2b /home/owen/workspace-redsuite/StdPeriphLib_v100_STM32F4xx/Debug/libStdPeriphLib_v100_STM32F4xx.a(misc.o)
 .comment       0x00000000       0x2b /home/owen/workspace-redsuite/StdPeriphLib_v100_STM32F4xx/Debug/libStdPeriphLib_v100_STM32F4xx.a(stm32f4xx_adc.o)
 .comment       0x00000000       0x2b /home/owen/workspace-redsuite/StdPeriphLib_v100_STM32F4xx/Debug/libStdPeriphLib_v100_STM32F4xx.a(stm32f4xx_gpio.o)
 .comment       0x00000000       0x2b /home/owen/workspace-redsuite/StdPeriphLib_v100_STM32F4xx/Debug/libStdPeriphLib_v100_STM32F4xx.a(stm32f4xx_rcc.o)
 .comment       0x00000000       0x2b /home/owen/workspace-redsuite/StdPeriphLib_v100_STM32F4xx/Debug/libStdPeriphLib_v100_STM32F4xx.a(stm32f4xx_rng.o)
 .comment       0x00000000       0x2b /home/owen/workspace-redsuite/StdPeriphLib_v100_STM32F4xx/Debug/libStdPeriphLib_v100_STM32F4xx.a(stm32f4xx_spi.o)
 .comment       0x00000000       0x2b /home/owen/workspace-redsuite/StdPeriphLib_v100_STM32F4xx/Debug/libStdPeriphLib_v100_STM32F4xx.a(stm32f4xx_tim.o)
 .comment       0x00000000       0x2b /home/owen/workspace-redsuite/StdPeriphLib_v100_STM32F4xx/Debug/libStdPeriphLib_v100_STM32F4xx.a(stm32f4xx_usart.o)
 .comment       0x00000000       0x2b /home/owen/workspace-redsuite/StdPeriphLib_v100_STM32F4xx/Debug/libStdPeriphLib_v100_STM32F4xx.a(stm32f4xx_wwdg.o)
 .comment       0x00000000       0x2b /home/owen/workspace-redsuite/CMSISv2p10_DSPLIB_CM4/lib/libCMSISv2p10_DSPLIB_CM4.a(arm_float_to_q15.o)
 .comment       0x00000000       0x2b /home/owen/workspace-redsuite/CMSISv2p10_DSPLIB_CM4/lib/libCMSISv2p10_DSPLIB_CM4.a(arm_sin_f32.o)
 .comment       0x00000000       0x2b /usr/local/redsuite_4.2.3_255/redsuite/tools/bin/../lib/gcc/arm-none-eabi/4.5.1/../../../../arm-none-eabi/lib/thumb2/libcr_c.a(__weak__main.o)
 .comment       0x00000000       0x2b /usr/local/redsuite_4.2.3_255/redsuite/tools/bin/../lib/gcc/arm-none-eabi/4.5.1/../../../../arm-none-eabi/lib/thumb2/libcr_c.a(sinf.o)
 .comment       0x00000000       0x2b /usr/local/redsuite_4.2.3_255/redsuite/tools/bin/../lib/gcc/arm-none-eabi/4.5.1/../../../../arm-none-eabi/lib/thumb2/libcr_c.a(memset.o)
 .comment       0x00000000       0x2b /usr/local/redsuite_4.2.3_255/redsuite/tools/bin/../lib/gcc/arm-none-eabi/4.5.1/../../../../arm-none-eabi/lib/thumb2/libcr_c.a(_sincosf.o)
 .comment       0x00000000       0x2b /usr/local/redsuite_4.2.3_255/redsuite/tools/bin/../lib/gcc/arm-none-eabi/4.5.1/../../../../arm-none-eabi/lib/thumb2/libcr_c.a(fabsf.o)
 .comment       0x00000000       0x2b /usr/local/redsuite_4.2.3_255/redsuite/tools/bin/../lib/gcc/arm-none-eabi/4.5.1/../../../../arm-none-eabi/lib/thumb2/libcr_c.a(errno.o)
 .comment       0x00000000       0x2b /usr/local/redsuite_4.2.3_255/redsuite/tools/bin/../lib/gcc/arm-none-eabi/4.5.1/thumb2/libcr_eabihelpers.a(double.o)
 .comment       0x00000000       0x2b /usr/local/redsuite_4.2.3_255/redsuite/tools/bin/../lib/gcc/arm-none-eabi/4.5.1/thumb2/libcr_eabihelpers.a(float.o)

.ARM.attributes
                0x00000000       0x35
 .ARM.attributes
                0x00000000       0x37 ./src/CS4344.o
 .ARM.attributes
                0x00000037       0x37 ./src/audio.o
 .ARM.attributes
                0x0000006e       0x37 ./src/comb.o
 .ARM.attributes
                0x000000a5       0x37 ./src/cr_startup_stm32f4xx.o
 .ARM.attributes
                0x000000dc       0x37 ./src/eq.o
 .ARM.attributes
                0x00000113       0x37 ./src/line.o
 .ARM.attributes
                0x0000014a       0x37 ./src/main.o
 .ARM.attributes
                0x00000181       0x37 ./src/midi.o
 .ARM.attributes
                0x000001b8       0x37 ./src/mode_analog_style.o
 .ARM.attributes