Archive member included because of file (symbol)

/home/owen/workspace-redsuite/StdPeriphLib_v100_STM32F4xx/Debug/libStdPeriphLib_v100_STM32F4xx.a(misc.o)
                              ./src/CS4344.o (NVIC_Init)
/home/owen/workspace-redsuite/StdPeriphLib_v100_STM32F4xx/Debug/libStdPeriphLib_v100_STM32F4xx.a(stm32f4xx_adc.o)
                              ./src/pp6.o (ADC_Init)
/home/owen/workspace-redsuite/StdPeriphLib_v100_STM32F4xx/Debug/libStdPeriphLib_v100_STM32F4xx.a(stm32f4xx_gpio.o)
                              ./src/CS4344.o (GPIO_Init)
/home/owen/workspace-redsuite/StdPeriphLib_v100_STM32F4xx/Debug/libStdPeriphLib_v100_STM32F4xx.a(stm32f4xx_rcc.o)
                              ./src/CS4344.o (RCC_AHB1PeriphClockCmd)
/home/owen/workspace-redsuite/StdPeriphLib_v100_STM32F4xx/Debug/libStdPeriphLib_v100_STM32F4xx.a(stm32f4xx_rng.o)
                              ./src/main.o (RNG_Cmd)
/home/owen/workspace-redsuite/StdPeriphLib_v100_STM32F4xx/Debug/libStdPeriphLib_v100_STM32F4xx.a(stm32f4xx_spi.o)
                              ./src/CS4344.o (SPI_I2S_DeInit)
/home/owen/workspace-redsuite/StdPeriphLib_v100_STM32F4xx/Debug/libStdPeriphLib_v100_STM32F4xx.a(stm32f4xx_tim.o)
                              ./src/timer.o (TIM_TimeBaseInit)
/home/owen/workspace-redsuite/StdPeriphLib_v100_STM32F4xx/Debug/libStdPeriphLib_v100_STM32F4xx.a(stm32f4xx_usart.o)
                              ./src/uart.o (USART_Init)
/home/owen/workspace-redsuite/StdPeriphLib_v100_STM32F4xx/Debug/libStdPeriphLib_v100_STM32F4xx.a(stm32f4xx_wwdg.o)
                              ./src/cr_startup_stm32f4xx.o (WWDG_SetPrescaler)
/home/owen/workspace-redsuite/CMSISv2p10_DSPLIB_CM4/lib/libCMSISv2p10_DSPLIB_CM4.a(arm_float_to_q15.o)
                              ./src/main.o (arm_float_to_q15)
/home/owen/workspace-redsuite/CMSISv2p10_DSPLIB_CM4/lib/libCMSISv2p10_DSPLIB_CM4.a(arm_sin_f32.o)
                              ./src/oscillator.o (arm_sin_f32)
/usr/local/redsuite_4.2.3_255/redsuite/tools/bin/../lib/gcc/arm-none-eabi/4.5.1/../../../../arm-none-eabi/lib/thumb2/libcr_c.a(__weak__main.o)
                              ./src/cr_startup_stm32f4xx.o (__main)

Allocating common symbols
Common symbol       size              file

sq2                 0xc               ./src/mode_mono_glider.o
f                   0x4               ./src/mode_mono_glider.o
recvArg0_           0x4               ./src/main.o
channelIn_          0x4               ./src/main.o
sq1                 0xc               ./src/mode_mono_glider.o
amp                 0x4               ./src/mode_mono_glider.o
uart_recv_buf       0x20              ./src/main.o
amp_env             0x1c              ./src/mode_mono_glider.o
recvEvent_          0x4               ./src/main.o
tmp8                0x1               ./src/main.o
recvMode_           0x4               ./src/main.o
recvByteCount_      0x4               ./src/main.o
sendFullCommands_   0x1               ./src/main.o
pp6                 0x20              ./src/pp6.o
recvBytesNeeded_    0x4               ./src/main.o
delay_buffer        0x4000            ./src/comb.o
sig                 0x4               ./src/mode_mono_glider.o
play_buf            0x400             ./src/CS4344.o
lastStatusSent_     0x4               ./src/main.o

Discarded input sections

 .text          0x00000000        0x0 ./src/CS4344.o
 .data          0x00000000        0x0 ./src/CS4344.o
 .bss           0x00000000        0x0 ./src/CS4344.o
 .bss.o         0x00000000        0x2 ./src/CS4344.o
 .text          0x00000000        0x0 ./src/audio.o
 .data          0x00000000        0x0 ./src/audio.o
 .bss           0x00000000        0x0 ./src/audio.o
 .text          0x00000000        0x0 ./src/comb.o
 .data          0x00000000        0x0 ./src/comb.o
 .bss           0x00000000        0x0 ./src/comb.o
 .data.delay_time
                0x00000000        0x4 ./src/comb.o
 .data.delay_fb
                0x00000000        0x4 ./src/comb.o
 .bss.delay_read_index
                0x00000000        0x4 ./src/comb.o
 .bss.delay_write_index
                0x00000000        0x4 ./src/comb.o
 .text.comb_init
                0x00000000       0x40 ./src/comb.o
 .text.comb_process
                0x00000000       0xac ./src/comb.o
 COMMON         0x00000000     0x4000 ./src/comb.o
 .text          0x00000000        0x0 ./src/cr_startup_stm32f4xx.o
 .data          0x00000000        0x0 ./src/cr_startup_stm32f4xx.o
 .bss           0x00000000        0x0 ./src/cr_startup_stm32f4xx.o
 .text          0x00000000        0x0 ./src/line.o
 .data          0x00000000        0x0 ./src/line.o
 .bss           0x00000000        0x0 ./src/line.o
 .text.line_is_processing
                0x00000000       0x14 ./src/line.o
 .text          0x00000000        0x0 ./src/main.o
 .data          0x00000000        0x0 ./src/main.o
 .bss           0x00000000        0x0 ./src/main.o
 .rodata.PARAM_SEND_FULL_COMMANDS
                0x00000000        0x4 ./src/main.o
 .rodata.PARAM_CHANNEL_IN
[...]
Memory Configuration

Name             Origin             Length             Attributes
MFlash1024       0x08000000         0x00100000         xr
Ram112           0x20000000         0x0001c000         xrw
PeriphRam16      0x2001c000         0x00004000         xrw
Ram64            0x10000000         0x00010000         xrw
*default*        0x00000000         0xffffffff

Linker script and memory map

LOAD ./src/CS4344.o
LOAD ./src/audio.o
LOAD ./src/comb.o
LOAD ./src/cr_startup_stm32f4xx.o
LOAD ./src/line.o
LOAD ./src/main.o
LOAD ./src/midi.o
LOAD ./src/mode_drum.o
LOAD ./src/mode_drum_synth.o
LOAD ./src/mode_filter_envelope.o
LOAD ./src/mode_filter_man.o
LOAD ./src/mode_mono_glider.o
LOAD ./src/mode_nazareth.o
LOAD ./src/mode_simple_fm.o
LOAD ./src/mode_simple_sin.o
LOAD ./src/oscillator.o
LOAD ./src/pp6.o
LOAD ./src/sad.o
LOAD ./src/sadsr.o
LOAD ./src/sequencer.o
LOAD ./src/system_stm32f4xx.o
LOAD ./src/timer.o
LOAD ./src/uart.o
LOAD ./src/vcf.o
LOAD /home/owen/workspace-redsuite/StdPeriphLib_v100_STM32F4xx/Debug/libStdPeriphLib_v100_STM32F4xx.a
LOAD /home/owen/workspace-redsuite/CMSISv2p10_STM32F4xx/Debug/libCMSISv2p10_STM32F4xx.a
LOAD /home/owen/workspace-redsuite/CMSISv2p10_DSPLIB_CM4/lib/libCMSISv2p10_DSPLIB_CM4.a
START GROUP
LOAD /usr/local/redsuite_4.2.3_255/redsuite/tools/bin/../lib/gcc/arm-none-eabi/4.5.1/../../../../arm-none-eabi/lib/thumb2/libcr_c.a
LOAD /usr/local/redsuite_4.2.3_255/redsuite/tools/bin/../lib/gcc/arm-none-eabi/4.5.1/thumb2/libcr_eabihelpers.a
END GROUP
                0x08100000                __top_MFlash1024 = 0x8100000
                0x2001c000                __top_Ram112 = 0x2001c000
                0x20020000                __top_PeriphRam16 = 0x20020000
                0x10010000                __top_Ram64 = 0x10010000

.text           0x08000000     0x65e8
 FILL mask 0xff
 *(.isr_vector)
 .isr_vector    0x08000000      0x188 ./src/cr_startup_stm32f4xx.o
                0x08000000                g_pfnVectors
                0x08000188                . = ALIGN (0x4)
                0x08000188                __section_table_start = .
                0x08000188                __data_section_table = .
                0x08000188        0x4 LONG 0x80065e8 LOADADDR (.data)
                0x0800018c        0x4 LONG 0x20000000 ADDR (.data)
                0x08000190        0x4 LONG 0x268 SIZEOF (.data)
                0x08000194        0x4 LONG 0x80065e8 LOADADDR (.data_RAM2)
                0x08000198        0x4 LONG 0x2001c000 ADDR (.data_RAM2)
                0x0800019c        0x4 LONG 0x0 SIZEOF (.data_RAM2)
                0x080001a0        0x4 LONG 0x80065e8 LOADADDR (.data_RAM3)
                0x080001a4        0x4 LONG 0x10000000 ADDR (.data_RAM3)
                0x080001a8        0x4 LONG 0x0 SIZEOF (.data_RAM3)
                0x080001ac                __data_section_table_end = .
                0x080001ac                __bss_section_table = .
                0x080001ac        0x4 LONG 0x20000268 ADDR (.bss)
                0x080001b0        0x4 LONG 0x834 SIZEOF (.bss)
                0x080001b4        0x4 LONG 0x2001c000 ADDR (.bss_RAM2)
                0x080001b8        0x4 LONG 0x0 SIZEOF (.bss_RAM2)
                0x080001bc        0x4 LONG 0x10000000 ADDR (.bss_RAM3)
                0x080001c0        0x4 LONG 0x0 SIZEOF (.bss_RAM3)
                0x080001c4                __bss_section_table_end = .
                0x080001c4                __section_table_end = .
 *(.after_vectors*)
 .after_vectors
                0x080001c4      0x17c ./src/cr_startup_stm32f4xx.o
                0x080001c4                data_init
                0x08000214                bss_init
                0x08000254                ResetISR
                0x080002e8                NMI_Handler
                0x080002f0                HardFault_Handler
                0x080002fc                MemManage_Handler
                0x08000304                BusFault_Handler
                0x0800030c                UsageFault_Handler
                0x08000314                SVC_Handler
                0x0800031c                DebugMon_Handler
                0x08000324                PendSV_Handler
                0x0800032c                SysTick_Handler
                0x08000334                RTC_Alarm_IRQHandler
                0x08000334                HASH_RNG_IRQHandler
                0x08000334                EXTI2_IRQHandler
                0x08000334                TIM8_CC_IRQHandler
                0x08000334                TIM1_CC_IRQHandler
                0x08000334                DMA2_Stream5_IRQHandler
                0x08000334                DMA1_Stream5_IRQHandler
                0x08000334                PVD_IRQHandler
                0x08000334                SDIO_IRQHandler
                0x08000334                TAMP_STAMP_IRQHandler
                0x08000334                CAN2_RX1_IRQHandler
                0x08000334                EXTI3_IRQHandler
                0x08000334                TIM8_TRG_COM_TIM14_IRQHandler
                0x08000334                TIM1_UP_TIM10_IRQHandler
                0x08000334                TIM8_UP_TIM13_IRQHandler
                0x08000334                I2C3_ER_IRQHandler
                0x08000334                EXTI0_IRQHandler
                0x08000334                I2C2_EV_IRQHandler
                0x08000334                DMA1_Stream2_IRQHandler
                0x08000334                CAN1_RX0_IRQHandler
                0x08000334                FPU_IRQHandler
                0x08000334                OTG_HS_WKUP_IRQHandler
                0x08000334                CAN2_SCE_IRQHandler
                0x08000334                DMA2_Stream2_IRQHandler
                0x08000334                SPI1_IRQHandler
                0x08000334                IntDefaultHandler
                0x08000334                TIM6_DAC_IRQHandler
                0x08000334                TIM1_BRK_TIM9_IRQHandler
                0x08000334                DCMI_IRQHandler
                0x08000334                CAN2_RX0_IRQHandler
                0x08000334                DMA2_Stream3_IRQHandler
                0x08000334                USART6_IRQHandler
                0x08000334                USART3_IRQHandler
                0x08000334                CRYP_IRQHandler
                0x08000334                CAN1_RX1_IRQHandler
                0x08000334                UART5_IRQHandler
                0x08000334                DMA2_Stream0_IRQHandler
                0x08000334                TIM4_IRQHandler
                0x08000334                I2C1_EV_IRQHandler
                0x08000334                DMA1_Stream6_IRQHandler
                0x08000334                DMA1_Stream1_IRQHandler
                0x08000334                UART4_IRQHandler
                0x08000334                TIM3_IRQHandler
                0x08000334                RCC_IRQHandler
                0x08000334                TIM8_BRK_TIM12_IRQHandler
                0x08000334                EXTI15_10_IRQHandler
                0x08000334                ADC_IRQHandler
                0x08000334                DMA1_Stream7_IRQHandler
                0x08000334                TIM7_IRQHandler
                0x08000334                CAN2_TX_IRQHandler
                0x08000334                TIM5_IRQHandler
                0x08000334                DMA2_Stream7_IRQHandler
                0x08000334                I2C3_EV_IRQHandler
                0x08000334                EXTI9_5_IRQHandler
                0x08000334                RTC_WKUP_IRQHandler
                0x08000334                ETH_WKUP_IRQHandler
                0x08000334                SPI2_IRQHandler
                0x08000334                OTG_HS_EP1_IN_IRQHandler
                0x08000334                DMA1_Stream0_IRQHandler
                0x08000334                CAN1_TX_IRQHandler
                0x08000334                EXTI4_IRQHandler
                0x08000334                FSMC_IRQHandler
                0x08000334                ETH_IRQHandler
                0x08000334                OTG_HS_EP1_OUT_IRQHandler
                0x08000334                WWDG_IRQHandler
                0x08000334                TIM2_IRQHandler
                0x08000334                OTG_FS_WKUP_IRQHandler
                0x08000334                TIM1_TRG_COM_TIM11_IRQHandler
                0x08000334                OTG_HS_IRQHandler
                0x08000334                EXTI1_IRQHandler
                0x08000334                USART2_IRQHandler
                0x08000334                I2C2_ER_IRQHandler
                0x08000334                DMA2_Stream1_IRQHandler
                0x08000334                CAN1_SCE_IRQHandler
                0x08000334                FLASH_IRQHandler
                0x08000334                DMA2_Stream4_IRQHandler
                0x08000334                USART1_IRQHandler
                0x08000334                OTG_FS_IRQHandler
                0x08000334                DMA1_Stream4_IRQHandler
                0x08000334                I2C1_ER_IRQHandler
                0x08000334                DMA2_Stream6_IRQHandler
                0x08000334                DMA1_Stream3_IRQHandler
 *(.text*)
 .text.CS4344_init
                0x08000340      0x17c ./src/CS4344.o
                0x08000340                CS4344_init
 .text.SPI3_IRQHandler
                0x080004bc       0x94 ./src/CS4344.o
                0x080004bc                SPI3_IRQHandler
 .text.c_to_f   0x08000550       0xf0 ./src/audio.o
                0x08000550                c_to_f
 .text.c_to_f_ratio
                0x08000640       0xe4 ./src/audio.o
                0x08000640                c_to_f_ratio
 .text.NVIC_SystemReset
                0x08000724       0x34 ./src/cr_startup_stm32f4xx.o
 .text.line_set
                0x08000758       0x1c ./src/line.o
                0x08000758                line_set
 .text.line_go  0x08000774       0x74 ./src/line.o
                0x08000774                line_go
 .text.line_process
                0x080007e8       0x54 ./src/line.o
                0x080007e8                line_process
 .text.main     0x0800083c      0x69c ./src/main.o
                0x0800083c                main
 .text.Delay    0x08000ed8       0x2c ./src/main.o
                0x08000ed8                Delay
 .text.midi_init
                0x08000f04       0x7c ./src/midi.o
                0x08000f04                midi_init
 .text.mode_filter_envelope_init
                0x08000f80       0x64 ./src/mode_filter_envelope.o
                0x08000f80                mode_filter_envelope_init
 .text.mode_filter_envelope_sample_process
                0x08000fe4      0x1c8 ./src/mode_filter_envelope.o
                0x08000fe4                mode_filter_envelope_sample_process
 .text.mode_filter_envelope_control_process
                0x080011ac       0xd4 ./src/mode_filter_envelope.o
                0x080011ac                mode_filter_envelope_control_process
 .text.mode_filter_man_init
                0x08001280       0x30 ./src/mode_filter_man.o
                0x08001280                mode_filter_man_init
 .text.mode_filter_man_sample_process
                0x080012b0       0xc4 ./src/mode_filter_man.o
                0x080012b0                mode_filter_man_sample_process
 .text.mode_filter_man_control_process
                0x08001374       0xe4 ./src/mode_filter_man.o
                0x08001374                mode_filter_man_control_process
 .text.mode_mono_glider_sample_process
                0x08001458      0x134 ./src/mode_mono_glider.o
                0x08001458                mode_mono_glider_sample_process
 .text.mode_mono_glider_control_process
                0x0800158c       0x88 ./src/mode_mono_glider.o
                0x0800158c                mode_mono_glider_control_process
 .text.mode_nazareth_sample_process
                0x08001614      0x208 ./src/mode_nazareth.o
                0x08001614                mode_nazareth_sample_process
 .text.mode_nazareth_control_process
                0x0800181c      0x1e8 ./src/mode_nazareth.o
                0x0800181c                mode_nazareth_control_process
 .text.mode_simple_fm_init
                0x08001a04       0x30 ./src/mode_simple_fm.o
                0x08001a04                mode_simple_fm_init
 .text.mode_simple_fm_sample_process
                0x08001a34       0xb0 ./src/mode_simple_fm.o
                0x08001a34                mode_simple_fm_sample_process
 .text.mode_simple_fm_control_process
                0x08001ae4      0x118 ./src/mode_simple_fm.o
                0x08001ae4                mode_simple_fm_control_process
 .text.mode_simple_sin_init
                0x08001bfc       0x40 ./src/mode_simple_sin.o
                0x08001bfc                mode_simple_sin_init
 .text.mode_simple_sin_sample_process
                0x08001c3c      0x1dc ./src/mode_simple_sin.o
                0x08001c3c                mode_simple_sin_sample_process
 .text.mode_simple_sin_control_process
                0x08001e18       0xf8 ./src/mode_simple_sin.o
                0x08001e18                mode_simple_sin_control_process
 .text.sin_set  0x08001f10       0x5c ./src/oscillator.o
                0x08001f10                sin_set
 .text.sin_process
                0x08001f6c       0x74 ./src/oscillator.o
                0x08001f6c                sin_process
 .text.simple_FM
                0x08001fe0      0x1c0 ./src/oscillator.o
                0x08001fe0                simple_FM
 .text.bl_step_table_read
                0x080021a0       0x7c ./src/oscillator.o
                0x080021a0                bl_step_table_read
 .text.bl_saw_set
                0x0800221c       0x38 ./src/oscillator.o
                0x0800221c                bl_saw_set
 .text.bl_saw_process
                0x08002254       0xfc ./src/oscillator.o
                0x08002254                bl_saw_process
 .text.bl_square_set
                0x08002350       0x38 ./src/oscillator.o
                0x08002350                bl_square_set
 .text.bl_square_init
                0x08002388       0x24 ./src/oscillator.o
                0x08002388                bl_square_init
 .text.bl_square_process
                0x080023ac      0x1e0 ./src/oscillator.o
                0x080023ac                bl_square_process
 .text.pp6_get_knob_1
                0x0800258c       0x18 ./src/pp6.o
                0x0800258c                pp6_get_knob_1
 .text.pp6_get_knob_2
                0x080025a4       0x18 ./src/pp6.o
                0x080025a4                pp6_get_knob_2
 .text.pp6_get_knob_3
                0x080025bc       0x18 ./src/pp6.o
                0x080025bc                pp6_get_knob_3
 .text.pp6_change_mode
                0x080025d4       0x54 ./src/pp6.o
                0x080025d4                pp6_change_mode
 .text.pp6_set_mode
                0x08002628       0x34 ./src/pp6.o
                0x08002628                pp6_set_mode
 .text.pp6_get_mode
                0x0800265c       0x18 ./src/pp6.o
                0x0800265c                pp6_get_mode
 .text.pp6_change_aux
                0x08002674       0x40 ./src/pp6.o
                0x08002674                pp6_change_aux
 .text.pp6_set_aux
                0x080026b4       0x20 ./src/pp6.o
                0x080026b4                pp6_set_aux
 .text.pp6_get_aux
                0x080026d4       0x18 ./src/pp6.o
                0x080026d4                pp6_get_aux
 .text.pp6_get_keys
                0x080026ec       0x18 ./src/pp6.o
                0x080026ec                pp6_get_keys
 .text.pp6_set_note
                0x08002704       0x20 ./src/pp6.o
                0x08002704                pp6_set_note
 .text.pp6_get_note
                0x08002724       0x18 ./src/pp6.o
                0x08002724                pp6_get_note
 .text.pp6_set_note_start
                0x0800273c       0x34 ./src/pp6.o
                0x0800273c                pp6_set_note_start
 .text.pp6_get_note_start
                0x08002770       0x18 ./src/pp6.o
                0x08002770                pp6_get_note_start
 .text.pp6_set_note_stop
                0x08002788       0x28 ./src/pp6.o
                0x08002788                pp6_set_note_stop
 .text.pp6_get_note_stop
                0x080027b0       0x18 ./src/pp6.o
                0x080027b0                pp6_get_note_stop
 .text.pp6_clear_flags
                0x080027c8       0x28 ./src/pp6.o
                0x080027c8                pp6_clear_flags
 .text.pp6_knobs_init
                0x080027f0       0xd8 ./src/pp6.o
                0x080027f0                pp6_knobs_init
 .text.pp6_knobs_update
                0x080028c8      0x158 ./src/pp6.o
                0x080028c8                pp6_knobs_update
 .text.pp6_leds_init
                0x08002a20       0xa8 ./src/pp6.o
                0x08002a20                pp6_leds_init
 .text.pp6_set_mode_led
                0x08002ac8      0x1a0 ./src/pp6.o
                0x08002ac8                pp6_set_mode_led
 .text.pp6_keys_init
                0x08002c68       0xb0 ./src/pp6.o
                0x08002c68                pp6_keys_init
 .text.pp6_keys_update
                0x08002d18      0x2a0 ./src/pp6.o
                0x08002d18                pp6_keys_update
 .text.sadsr_init
                0x08002fb8       0x34 ./src/sadsr.o
                0x08002fb8                sadsr_init
 .text.sadsr_process
                0x08002fec      0x13c ./src/sadsr.o
                0x08002fec                sadsr_process
 .text.sadsr_set
                0x08003128       0x70 ./src/sadsr.o
                0x08003128                sadsr_set
 .text.sadsr_go
                0x08003198       0x24 ./src/sadsr.o
                0x08003198                sadsr_go
 .text.sadsr_release
                0x080031bc       0x1c ./src/sadsr.o
                0x080031bc                sadsr_release
 .text.SystemInit
                0x080031d8       0xb0 ./src/system_stm32f4xx.o
                0x080031d8                SystemInit
 .text.SetSysClock
                0x08003288      0x1e0 ./src/system_stm32f4xx.o
 .text.timer_init
                0x08003468       0x4c ./src/timer.o
                0x08003468                timer_init
 .text.timer_get_time
                0x080034b4       0x14 ./src/timer.o
                0x080034b4                timer_get_time
 .text.uart_init
                0x080034c8       0xc4 ./src/uart.o
                0x080034c8                uart_init
 .text.vcf_filter_init
                0x0800358c       0x5c ./src/vcf.o
                0x0800358c                vcf_filter_init
 .text.vcf_filter_set
                0x080035e8       0x80 ./src/vcf.o
                0x080035e8                vcf_filter_set
 .text.vcf_filter_process
                0x08003668      0x18c ./src/vcf.o
                0x08003668                vcf_filter_process
 .text.NVIC_Init
                0x080037f4       0xe8 /home/owen/workspace-redsuite/StdPeriphLib_v100_STM32F4xx/Debug/libStdPeriphLib_v100_STM32F4xx.a(misc.o)
                0x080037f4                NVIC_Init
 .text.ADC_Init
                0x080038dc       0xc4 /home/owen/workspace-redsuite/StdPeriphLib_v100_STM32F4xx/Debug/libStdPeriphLib_v100_STM32F4xx.a(stm32f4xx_adc.o)
                0x080038dc                ADC_Init
 .text.ADC_CommonInit
                0x080039a0       0x60 /home/owen/workspace-redsuite/StdPeriphLib_v100_STM32F4xx/Debug/libStdPeriphLib_v100_STM32F4xx.a(stm32f4xx_adc.o)
                0x080039a0                ADC_CommonInit
 .text.ADC_Cmd  0x08003a00       0x38 /home/owen/workspace-redsuite/StdPeriphLib_v100_STM32F4xx/Debug/libStdPeriphLib_v100_STM32F4xx.a(stm32f4xx_adc.o)
                0x08003a00                ADC_Cmd
 .text.ADC_RegularChannelConfig
                0x08003a38      0x1d0 /home/owen/workspace-redsuite/StdPeriphLib_v100_STM32F4xx/Debug/libStdPeriphLib_v100_STM32F4xx.a(stm32f4xx_adc.o)
                0x08003a38                ADC_RegularChannelConfig
 .text.ADC_SoftwareStartConv
                0x08003c08       0x20 /home/owen/workspace-redsuite/StdPeriphLib_v100_STM32F4xx/Debug/libStdPeriphLib_v100_STM32F4xx.a(stm32f4xx_adc.o)
                0x08003c08                ADC_SoftwareStartConv
 .text.ADC_GetConversionValue
                0x08003c28       0x1c /home/owen/workspace-redsuite/StdPeriphLib_v100_STM32F4xx/Debug/libStdPeriphLib_v100_STM32F4xx.a(stm32f4xx_adc.o)
                0x08003c28                ADC_GetConversionValue
 .text.GPIO_Init
                0x08003c44      0x158 /home/owen/workspace-redsuite/StdPeriphLib_v100_STM32F4xx/Debug/libStdPeriphLib_v100_STM32F4xx.a(stm32f4xx_gpio.o)
                0x08003c44                GPIO_Init
 .text.GPIO_ReadInputDataBit
                0x08003d9c       0x40 /home/owen/workspace-redsuite/StdPeriphLib_v100_STM32F4xx/Debug/libStdPeriphLib_v100_STM32F4xx.a(stm32f4xx_gpio.o)
                0x08003d9c                GPIO_ReadInputDataBit
 .text.GPIO_WriteBit
                0x08003ddc       0x30 /home/owen/workspace-redsuite/StdPeriphLib_v100_STM32F4xx/Debug/libStdPeriphLib_v100_STM32F4xx.a(stm32f4xx_gpio.o)
                0x08003ddc                GPIO_WriteBit
 .text.GPIO_PinAFConfig
                0x08003e0c       0xb0 /home/owen/workspace-redsuite/StdPeriphLib_v100_STM32F4xx/Debug/libStdPeriphLib_v100_STM32F4xx.a(stm32f4xx_gpio.o)
                0x08003e0c                GPIO_PinAFConfig
 .text.RCC_GetClocksFreq
                0x08003ebc      0x1d4 /home/owen/workspace-redsuite/StdPeriphLib_v100_STM32F4xx/Debug/libStdPeriphLib_v100_STM32F4xx.a(stm32f4xx_rcc.o)
                0x08003ebc                RCC_GetClocksFreq
 .text.RCC_AHB1PeriphClockCmd
                0x08004090       0x5c /home/owen/workspace-redsuite/StdPeriphLib_v100_STM32F4xx/Debug/libStdPeriphLib_v100_STM32F4xx.a(stm32f4xx_rcc.o)
                0x08004090                RCC_AHB1PeriphClockCmd
 .text.RCC_AHB2PeriphClockCmd
                0x080040ec       0x5c /home/owen/workspace-redsuite/StdPeriphLib_v100_STM32F4xx/Debug/libStdPeriphLib_v100_STM32F4xx.a(stm32f4xx_rcc.o)
                0x080040ec                RCC_AHB2PeriphClockCmd
 .text.RCC_APB1PeriphClockCmd
                0x08004148       0x5c /home/owen/workspace-redsuite/StdPeriphLib_v100_STM32F4xx/Debug/libStdPeriphLib_v100_STM32F4xx.a(stm32f4xx_rcc.o)
                0x08004148                RCC_APB1PeriphClockCmd
 .text.RCC_APB2PeriphClockCmd
                0x080041a4       0x5c /home/owen/workspace-redsuite/StdPeriphLib_v100_STM32F4xx/Debug/libStdPeriphLib_v100_STM32F4xx.a(stm32f4xx_rcc.o)
                0x080041a4                RCC_APB2PeriphClockCmd
 .text.RCC_APB1PeriphResetCmd
                0x08004200       0x5c /home/owen/workspace-redsuite/StdPeriphLib_v100_STM32F4xx/Debug/libStdPeriphLib_v100_STM32F4xx.a(stm32f4xx_rcc.o)
                0x08004200                RCC_APB1PeriphResetCmd
 .text.RCC_APB2PeriphResetCmd
                0x0800425c       0x5c /home/owen/workspace-redsuite/StdPeriphLib_v100_STM32F4xx/Debug/libStdPeriphLib_v100_STM32F4xx.a(stm32f4xx_rcc.o)
                0x0800425c                RCC_APB2PeriphResetCmd
 .text.RNG_Cmd  0x080042b8       0x4c /home/owen/workspace-redsuite/StdPeriphLib_v100_STM32F4xx/Debug/libStdPeriphLib_v100_STM32F4xx.a(stm32f4xx_rng.o)
                0x080042b8                RNG_Cmd
 .text.SPI_I2S_DeInit
                0x08004304       0x88 /home/owen/workspace-redsuite/StdPeriphLib_v100_STM32F4xx/Debug/libStdPeriphLib_v100_STM32F4xx.a(stm32f4xx_spi.o)
                0x08004304                SPI_I2S_DeInit
 .text.I2S_Init
                0x0800438c      0x224 /home/owen/workspace-redsuite/StdPeriphLib_v100_STM32F4xx/Debug/libStdPeriphLib_v100_STM32F4xx.a(stm32f4xx_spi.o)
                0x0800438c                I2S_Init
 .text.I2S_Cmd  0x080045b0       0x40 /home/owen/workspace-redsuite/StdPeriphLib_v100_STM32F4xx/Debug/libStdPeriphLib_v100_STM32F4xx.a(stm32f4xx_spi.o)
                0x080045b0                I2S_Cmd
 .text.SPI_I2S_SendData
                0x080045f0       0x1c /home/owen/workspace-redsuite/StdPeriphLib_v100_STM32F4xx/Debug/libStdPeriphLib_v100_STM32F4xx.a(stm32f4xx_spi.o)
                0x080045f0                SPI_I2S_SendData
 .text.SPI_I2S_ITConfig
                0x0800460c       0x70 /home/owen/workspace-redsuite/StdPeriphLib_v100_STM32F4xx/Debug/libStdPeriphLib_v100_STM32F4xx.a(stm32f4xx_spi.o)
                0x0800460c                SPI_I2S_ITConfig
 .text.SPI_I2S_GetFlagStatus
                0x0800467c       0x40 /home/owen/workspace-redsuite/StdPeriphLib_v100_STM32F4xx/Debug/libStdPeriphLib_v100_STM32F4xx.a(stm32f4xx_spi.o)
                0x0800467c                SPI_I2S_GetFlagStatus
 .text.TIM_TimeBaseInit
                0x080046bc       0xf8 /home/owen/workspace-redsuite/StdPeriphLib_v100_STM32F4xx/Debug/libStdPeriphLib_v100_STM32F4xx.a(stm32f4xx_tim.o)
                0x080046bc                TIM_TimeBaseInit
 .text.TIM_GetCounter
                0x080047b4       0x18 /home/owen/workspace-redsuite/StdPeriphLib_v100_STM32F4xx/Debug/libStdPeriphLib_v100_STM32F4xx.a(stm32f4xx_tim.o)
                0x080047b4                TIM_GetCounter
 .text.TIM_Cmd  0x080047cc       0x40 /home/owen/workspace-redsuite/StdPeriphLib_v100_STM32F4xx/Debug/libStdPeriphLib_v100_STM32F4xx.a(stm32f4xx_tim.o)
                0x080047cc                TIM_Cmd
 .text.USART_Init
                0x0800480c      0x1bc /home/owen/workspace-redsuite/StdPeriphLib_v100_STM32F4xx/Debug/libStdPeriphLib_v100_STM32F4xx.a(stm32f4xx_usart.o)
                0x0800480c                USART_Init
 .text.USART_Cmd
                0x080049c8       0x40 /home/owen/workspace-redsuite/StdPeriphLib_v100_STM32F4xx/Debug/libStdPeriphLib_v100_STM32F4xx.a(stm32f4xx_usart.o)
                0x080049c8                USART_Cmd
 .text.WWDG_SetPrescaler
                0x08004a08       0x40 /home/owen/workspace-redsuite/StdPeriphLib_v100_STM32F4xx/Debug/libStdPeriphLib_v100_STM32F4xx.a(stm32f4xx_wwdg.o)
                0x08004a08                WWDG_SetPrescaler
 .text.WWDG_SetWindowValue
                0x08004a48       0x44 /home/owen/workspace-redsuite/StdPeriphLib_v100_STM32F4xx/Debug/libStdPeriphLib_v100_STM32F4xx.a(stm32f4xx_wwdg.o)
                0x08004a48                WWDG_SetWindowValue
 .text.arm_float_to_q15
                0x08004a8c      0x2bc /home/owen/workspace-redsuite/CMSISv2p10_DSPLIB_CM4/lib/libCMSISv2p10_DSPLIB_CM4.a(arm_float_to_q15.o)
                0x08004a8c                arm_float_to_q15
 .text.arm_sin_f32
                0x08004d48       0xd8 /home/owen/workspace-redsuite/CMSISv2p10_DSPLIB_CM4/lib/libCMSISv2p10_DSPLIB_CM4.a(arm_sin_f32.o)
                0x08004d48                arm_sin_f32
 .text.__weak_main
                0x08004e20        0x4 /usr/local/redsuite_4.2.3_255/redsuite/tools/bin/../lib/gcc/arm-none-eabi/4.5.1/../../../../arm-none-eabi/lib/thumb2/libcr_c.a(__weak__main.o)
                0x08004e20                __main
                0x08004e20                __weak_main
 *(.rodata .rodata.*)
 .rodata.transition_table
                0x08004e24      0xfac ./src/oscillator.o
 .rodata.sin_table
                0x08005dd0      0x40c ./src/oscillator.o
 .rodata.sinTable
                0x080061dc      0x40c /home/owen/workspace-redsuite/CMSISv2p10_DSPLIB_CM4/lib/libCMSISv2p10_DSPLIB_CM4.a(arm_sin_f32.o)
                0x080065e8                . = ALIGN (0x4)

.glue_7         0x080065e8        0x0
 .glue_7        0x00000000        0x0 linker stubs

.glue_7t        0x080065e8        0x0
 .glue_7t       0x00000000        0x0 linker stubs

.vfp11_veneer   0x080065e8        0x0
 .vfp11_veneer  0x00000000        0x0 linker stubs

.v4_bx          0x080065e8        0x0
 .v4_bx         0x00000000        0x0 linker stubs

.ARM.extab
 *(.ARM.extab* .gnu.linkonce.armextab.*)
                0x080065e8                __exidx_start = .

.ARM.exidx
 *(.ARM.exidx* .gnu.linkonce.armexidx.*)
                0x080065e8                __exidx_end = .
                0x080065e8                _etext = .

.data_RAM2      0x2001c000        0x0 load address 0x080065e8
 FILL mask 0xff
 *(.data.$RAM2*)
 *(.data.$PeriphRam16*)
                0x2001c000                . = ALIGN (0x4)

.data_RAM3      0x10000000        0x0 load address 0x080065e8
 FILL mask 0xff
 *(.data.$RAM3*)
 *(.data.$Ram64*)
                0x10000000                . = ALIGN (0x4)

.uninit_RESERVED
 *(.bss.$RESERVED*)

.data           0x20000000      0x268 load address 0x080065e8
 FILL mask 0xff
                0x20000000                _data = .
 *(vtable)
 *(.data*)
 .data.hardware_index
                0x20000000        0x4 ./src/CS4344.o
                0x20000000                hardware_index
 .data.pitch_class
                0x20000004       0x30 ./src/audio.o
                0x20000004                pitch_class
 .data.semitone
                0x20000034      0x190 ./src/audio.o
                0x20000034                semitone
 .data.miditof  0x200001c4       0x54 ./src/main.o
                0x200001c4                miditof
 .data.harmonic_levels
                0x20000218       0x20 ./src/mode_nazareth.o
 .data.keys_history
                0x20000238       0x20 ./src/pp6.o
                0x20000238                keys_history
 .data.APBAHBPrescTable
                0x20000258       0x10 /home/owen/workspace-redsuite/StdPeriphLib_v100_STM32F4xx/Debug/libStdPeriphLib_v100_STM32F4xx.a(stm32f4xx_rcc.o)
                0x20000268                . = ALIGN (0x4)
                0x20000268                _edata = .

.bss_RAM2       0x2001c000        0x0
 *(.bss.$RAM2*)
 *(.bss.$PeriphRam16*)
                0x2001c000                . = ALIGN (0x4)

.bss_RAM3       0x10000000        0x0
 *(.bss.$RAM3*)
 *(.bss.$Ram64*)
                0x10000000                . = ALIGN (0x4)

.bss            0x20000268      0x834
                0x20000268                _bss = .
 *(.bss*)
 .bss.software_index
                0x20000268        0x4 ./src/CS4344.o
                0x20000268                software_index
 .bss.sample_clock
                0x2000026c        0x4 ./src/CS4344.o
                0x2000026c                sample_clock
 .bss.sig       0x20000270        0x4 ./src/mode_filter_envelope.o
 .bss.f         0x20000274        0x4 ./src/mode_filter_envelope.o
 .bss.amp       0x20000278        0x4 ./src/mode_filter_envelope.o
 .bss.cutoff    0x2000027c        0x4 ./src/mode_filter_envelope.o
 .bss.saw       0x20000280        0xc ./src/mode_filter_envelope.o
 .bss.filter    0x2000028c       0x34 ./src/mode_filter_envelope.o
 .bss.amp_env   0x200002c0       0x1c ./src/mode_filter_envelope.o
 .bss.filter_env
                0x200002dc       0x1c ./src/mode_filter_envelope.o
 .bss.sig       0x200002f8        0x4 ./src/mode_filter_man.o
 .bss.f         0x200002fc        0x4 ./src/mode_filter_man.o
 .bss.saw       0x20000300        0xc ./src/mode_filter_man.o
 .bss.filter    0x2000030c       0x34 ./src/mode_filter_man.o
 .bss.amp       0x20000340        0x4 ./src/mode_filter_man.o
 .bss.amp_env   0x20000344       0x1c ./src/mode_filter_man.o
 .bss.sig       0x20000360        0x4 ./src/mode_nazareth.o
 .bss.f         0x20000364        0x4 ./src/mode_nazareth.o
 .bss.sins      0x20000368       0xa0 ./src/mode_nazareth.o
 .bss.new_note  0x20000408        0x4 ./src/mode_nazareth.o
 .bss.i         0x2000040c        0x4 ./src/mode_nazareth.o
 .bss.amp       0x20000410        0x4 ./src/mode_nazareth.o
 .bss.amp_env   0x20000414       0x1c ./src/mode_nazareth.o
 .bss.h         0x20000430       0xe0 ./src/mode_nazareth.o
 .bss.sig       0x20000510        0x4 ./src/mode_simple_fm.o
 .bss.f         0x20000514        0x4 ./src/mode_simple_fm.o
 .bss.new_note  0x20000518        0x4 ./src/mode_simple_fm.o
 .bss.amp       0x2000051c        0x4 ./src/mode_simple_fm.o
 .bss.framp     0x20000520       0x14 ./src/mode_simple_fm.o
 .bss.amp_env   0x20000534       0x1c ./src/mode_simple_fm.o
 .bss.index_env
                0x20000550       0x1c ./src/mode_simple_fm.o
 .bss.sig       0x2000056c        0x4 ./src/mode_simple_sin.o
 .bss.f         0x20000570        0x4 ./src/mode_simple_sin.o
 .bss.sin1      0x20000574       0x14 ./src/mode_simple_sin.o
 .bss.new_note  0x20000588        0x4 ./src/mode_simple_sin.o
 .bss.amp       0x2000058c        0x4 ./src/mode_simple_sin.o
 .bss.framp     0x20000590       0x14 ./src/mode_simple_sin.o
 .bss.amp_env   0x200005a4       0x1c ./src/mode_simple_sin.o
 .bss.saw       0x200005c0        0xc ./src/mode_simple_sin.o
 .bss.square    0x200005cc       0x10 ./src/mode_simple_sin.o
 .bss.cents     0x200005dc        0x4 ./src/mode_simple_sin.o
                0x200005dc                cents
 .bss.modulator_phase_accum.4019
                0x200005e0        0x4 ./src/oscillator.o
 .bss.carrier_phase_accum.4020
                0x200005e4        0x4 ./src/oscillator.o
 .bss.history_index.6817
                0x200005e8        0x1 ./src/pp6.o
 .bss.channel.6801
                0x200005e9        0x1 ./src/pp6.o
 *fill*         0x200005ea        0x2 00
 .bss.knobs.6802
                0x200005ec        0xc ./src/pp6.o
 *(COMMON)
 COMMON         0x200005f8      0x400 ./src/CS4344.o
                0x200005f8                play_buf
 COMMON         0x200009f8       0x44 ./src/main.o
                0x200009f8                recvArg0_
                0x200009fc                channelIn_
                0x20000a00                uart_recv_buf
                0x20000a20                recvEvent_
                0x20000a24                tmp8
                0x20000a28                recvMode_
                0x20000a2c                recvByteCount_
                0x20000a30                sendFullCommands_
                0x20000a34                recvBytesNeeded_
                0x20000a38                lastStatusSent_
 COMMON         0x20000a3c       0x40 ./src/mode_mono_glider.o
                0x20000a3c                sq2
                0x20000a48                f
                0x20000a4c                sq1
                0x20000a58                amp
                0x20000a5c                amp_env
                0x20000a78                sig
 COMMON         0x20000a7c       0x20 ./src/pp6.o
                0x20000a7c                pp6
                0x20000a9c                . = ALIGN (0x4)
                0x20000a9c                _ebss = .
                0x20000a9c                PROVIDE (end, .)
                0x20000a9c                PROVIDE (_pvHeapStart, .)
                0x2001c000                PROVIDE (_vStackTop, (__top_Ram112 - 0x0))
OUTPUT(BolsaBass.axf elf32-littlearm)

.debug_abbrev   0x00000000     0x2643
 .debug_abbrev  0x00000000      0x17e ./src/CS4344.o
 .debug_abbrev  0x0000017e       0xc2 ./src/audio.o
 .debug_abbrev  0x00000240       0xd9 ./src/comb.o
 .debug_abbrev  0x00000319      0x167 ./src/cr_startup_stm32f4xx.o
 .debug_abbrev  0x00000480       0xd2 ./src/line.o
 .debug_abbrev  0x00000552      0x194 ./src/main.o
 .debug_abbrev  0x000006e6      0x162 ./src/midi.o
 .debug_abbrev  0x00000848      0x10d ./src/mode_drum.o
 .debug_abbrev  0x00000955       0xf4 ./src/mode_drum_synth.o
 .debug_abbrev  0x00000a49       0xdc ./src/mode_filter_envelope.o
 .debug_abbrev  0x00000b25       0xdc ./src/mode_filter_man.o
 .debug_abbrev  0x00000c01       0xf1 ./src/mode_mono_glider.o
 .debug_abbrev  0x00000cf2       0xe5 ./src/mode_nazareth.o
 .debug_abbrev  0x00000dd7       0xeb ./src/mode_simple_fm.o
 .debug_abbrev  0x00000ec2       0xdf ./src/mode_simple_sin.o
 .debug_abbrev  0x00000fa1       0xf2 ./src/oscillator.o
 .debug_abbrev  0x00001093      0x1ae ./src/pp6.o
 .debug_abbrev  0x00001241       0xdd ./src/sad.o
 .debug_abbrev  0x0000131e       0xdf ./src/sadsr.o
 .debug_abbrev  0x000013fd       0x16 ./src/sequencer.o
 .debug_abbrev  0x00001413      0x144 ./src/system_stm32f4xx.o
 .debug_abbrev  0x00001557      0x109 ./src/timer.o
 .debug_abbrev  0x00001660      0x102 ./src/uart.o
 .debug_abbrev  0x00001762       0xc8 ./src/vcf.o
 .debug_abbrev  0x0000182a      0x12a /home/owen/workspace-redsuite/StdPeriphLib_v100_STM32F4xx/Debug/libStdPeriphLib_v100_STM32F4xx.a(misc.o)
 .debug_abbrev  0x00001954      0x18d /home/owen/workspace-redsuite/StdPeriphLib_v100_STM32F4xx/Debug/libStdPeriphLib_v100_STM32F4xx.a(stm32f4xx_adc.o)
 .debug_abbrev  0x00001ae1      0x186 /home/owen/workspace-redsuite/StdPeriphLib_v100_STM32F4xx/Debug/libStdPeriphLib_v100_STM32F4xx.a(stm32f4xx_gpio.o)
 .debug_abbrev  0x00001c67      0x1bb /home/owen/workspace-redsuite/StdPeriphLib_v100_STM32F4xx/Debug/libStdPeriphLib_v100_STM32F4xx.a(stm32f4xx_rcc.o)
 .debug_abbrev  0x00001e22      0x13b /home/owen/workspace-redsuite/StdPeriphLib_v100_STM32F4xx/Debug/libStdPeriphLib_v100_STM32F4xx.a(stm32f4xx_rng.o)
 .debug_abbrev  0x00001f5d      0x164 /home/owen/workspace-redsuite/StdPeriphLib_v100_STM32F4xx/Debug/libStdPeriphLib_v100_STM32F4xx.a(stm32f4xx_spi.o)
 .debug_abbrev  0x000020c1      0x167 /home/owen/workspace-redsuite/StdPeriphLib_v100_STM32F4xx/Debug/libStdPeriphLib_v100_STM32F4xx.a(stm32f4xx_tim.o)
 .debug_abbrev  0x00002228      0x152 /home/owen/workspace-redsuite/StdPeriphLib_v100_STM32F4xx/Debug/libStdPeriphLib_v100_STM32F4xx.a(stm32f4xx_usart.o)
 .debug_abbrev  0x0000237a      0x122 /home/owen/workspace-redsuite/StdPeriphLib_v100_STM32F4xx/Debug/libStdPeriphLib_v100_STM32F4xx.a(stm32f4xx_wwdg.o)
 .debug_abbrev  0x0000249c       0xb0 /home/owen/workspace-redsuite/CMSISv2p10_DSPLIB_CM4/lib/libCMSISv2p10_DSPLIB_CM4.a(arm_float_to_q15.o)
 .debug_abbrev  0x0000254c       0xf7 /home/owen/workspace-redsuite/CMSISv2p10_DSPLIB_CM4/lib/libCMSISv2p10_DSPLIB_CM4.a(arm_sin_f32.o)

.debug_info     0x00000000     0xc179
 .debug_info    0x00000000      0x7cb ./src/CS4344.o
 .debug_info    0x000007cb      0x196 ./src/audio.o
 .debug_info    0x00000961      0x191 ./src/comb.o
 .debug_info    0x00000af2      0x58f ./src/cr_startup_stm32f4xx.o
 .debug_info    0x00001081      0x1b8 ./src/line.o
 .debug_info    0x00001239      0x647 ./src/main.o
 .debug_info    0x00001880      0x870 ./src/midi.o
 .debug_info    0x000020f0      0x4a4 ./src/mode_drum.o
 .debug_info    0x00002594      0x30f ./src/mode_drum_synth.o
 .debug_info    0x000028a3      0x321 ./src/mode_filter_envelope.o
 .debug_info    0x00002bc4      0x2ff ./src/mode_filter_man.o
 .debug_info    0x00002ec3      0x27a ./src/mode_mono_glider.o
 .debug_info    0x0000313d      0x2a3 ./src/mode_nazareth.o
 .debug_info    0x000033e0      0x287 ./src/mode_simple_fm.o
 .debug_info    0x00003667      0x355 ./src/mode_simple_sin.o
 .debug_info    0x000039bc      0x81e ./src/oscillator.o
 .debug_info    0x000041da      0x8d8 ./src/pp6.o
 .debug_info    0x00004ab2      0x1c6 ./src/sad.o
 .debug_info    0x00004c78      0x208 ./src/sadsr.o
 .debug_info    0x00004e80       0x29 ./src/sequencer.o
 .debug_info    0x00004ea9      0x625 ./src/system_stm32f4xx.o
 .debug_info    0x000054ce      0x3be ./src/timer.o
 .debug_info    0x0000588c      0x41e ./src/uart.o
 .debug_info    0x00005caa      0x1f4 ./src/vcf.o
 .debug_info    0x00005e9e      0x59c /home/owen/workspace-redsuite/StdPeriphLib_v100_STM32F4xx/Debug/libStdPeriphLib_v100_STM32F4xx.a(misc.o)
 .debug_info    0x0000643a      0xcfd /home/owen/workspace-redsuite/StdPeriphLib_v100_STM32F4xx/Debug/libStdPeriphLib_v100_STM32F4xx.a(stm32f4xx_adc.o)
 .debug_info    0x00007137      0x641 /home/owen/workspace-redsuite/StdPeriphLib_v100_STM32F4xx/Debug/libStdPeriphLib_v100_STM32F4xx.a(stm32f4xx_gpio.o)
 .debug_info    0x00007778      0xd2c /home/owen/workspace-redsuite/StdPeriphLib_v100_STM32F4xx/Debug/libStdPeriphLib_v100_STM32F4xx.a(stm32f4xx_rcc.o)
 .debug_info    0x000084a4      0x299 /home/owen/workspace-redsuite/StdPeriphLib_v100_STM32F4xx/Debug/libStdPeriphLib_v100_STM32F4xx.a(stm32f4xx_rng.o)
 .debug_info    0x0000873d      0xbd4 /home/owen/workspace-redsuite/StdPeriphLib_v100_STM32F4xx/Debug/libStdPeriphLib_v100_STM32F4xx.a(stm32f4xx_spi.o)
 .debug_info    0x00009311     0x1e30 /home/owen/workspace-redsuite/StdPeriphLib_v100_STM32F4xx/Debug/libStdPeriphLib_v100_STM32F4xx.a(stm32f4xx_tim.o)
 .debug_info    0x0000b141      0xa57 /home/owen/workspace-redsuite/StdPeriphLib_v100_STM32F4xx/Debug/libStdPeriphLib_v100_STM32F4xx.a(stm32f4xx_usart.o)
 .debug_info    0x0000bb98      0x25e /home/owen/workspace-redsuite/StdPeriphLib_v100_STM32F4xx/Debug/libStdPeriphLib_v100_STM32F4xx.a(stm32f4xx_wwdg.o)
 .debug_info    0x0000bdf6      0x1dd /home/owen/workspace-redsuite/CMSISv2p10_DSPLIB_CM4/lib/libCMSISv2p10_DSPLIB_CM4.a(arm_float_to_q15.o)
 .debug_info    0x0000bfd3      0x1a6 /home/owen/workspace-redsuite/CMSISv2p10_DSPLIB_CM4/lib/libCMSISv2p10_DSPLIB_CM4.a(arm_sin_f32.o)

.debug_line     0x00000000     0xe59e
 .debug_line    0x00000000      0x637 ./src/CS4344.o
 .debug_line    0x00000637      0x4ca ./src/audio.o
 .debug_line    0x00000b01      0x4d4 ./src/comb.o
 .debug_line    0x00000fd5      0x6c1 ./src/cr_startup_stm32f4xx.o
 .debug_line    0x00001696      0x4ea ./src/line.o
 .debug_line    0x00001b80      0x920 ./src/main.o
 .debug_line    0x000024a0      0xa32 ./src/midi.o
 .debug_line    0x00002ed2      0x7af ./src/mode_drum.o
 .debug_line    0x00003681      0x79e ./src/mode_drum_synth.o
 .debug_line    0x00003e1f      0x54c ./src/mode_filter_envelope.o
 .debug_line    0x0000436b      0x530 ./src/mode_filter_man.o
 .debug_line    0x0000489b      0x532 ./src/mode_mono_glider.o
 .debug_line    0x00004dcd      0x579 ./src/mode_nazareth.o
 .debug_line    0x00005346      0x53a ./src/mode_simple_fm.o
 .debug_line    0x00005880      0x542 ./src/mode_simple_sin.o
 .debug_line    0x00005dc2      0x67a ./src/oscillator.o
 .debug_line    0x0000643c      0x989 ./src/pp6.o
 .debug_line    0x00006dc5      0x4f6 ./src/sad.o
 .debug_line    0x000072bb      0x50f ./src/sadsr.o
 .debug_line    0x000077ca       0x33 ./src/sequencer.o
 .debug_line    0x000077fd      0x679 ./src/system_stm32f4xx.o
 .debug_line    0x00007e76      0x623 ./src/timer.o
 .debug_line    0x00008499      0x60a ./src/uart.o
 .debug_line    0x00008aa3      0x4e5 ./src/vcf.o
 .debug_line    0x00008f88      0x64a /home/owen/workspace-redsuite/StdPeriphLib_v100_STM32F4xx/Debug/libStdPeriphLib_v100_STM32F4xx.a(misc.o)
 .debug_line    0x000095d2      0x950 /home/owen/workspace-redsuite/StdPeriphLib_v100_STM32F4xx/Debug/libStdPeriphLib_v100_STM32F4xx.a(stm32f4xx_adc.o)
 .debug_line    0x00009f22      0x73a /home/owen/workspace-redsuite/StdPeriphLib_v100_STM32F4xx/Debug/libStdPeriphLib_v100_STM32F4xx.a(stm32f4xx_gpio.o)
 .debug_line    0x0000a65c      0x99c /home/owen/workspace-redsuite/StdPeriphLib_v100_STM32F4xx/Debug/libStdPeriphLib_v100_STM32F4xx.a(stm32f4xx_rcc.o)
 .debug_line    0x0000aff8      0x684 /home/owen/workspace-redsuite/StdPeriphLib_v100_STM32F4xx/Debug/libStdPeriphLib_v100_STM32F4xx.a(stm32f4xx_rng.o)
 .debug_line    0x0000b67c      0x850 /home/owen/workspace-redsuite/StdPeriphLib_v100_STM32F4xx/Debug/libStdPeriphLib_v100_STM32F4xx.a(stm32f4xx_spi.o)
 .debug_line    0x0000becc      0xe75 /home/owen/workspace-redsuite/StdPeriphLib_v100_STM32F4xx/Debug/libStdPeriphLib_v100_STM32F4xx.a(stm32f4xx_tim.o)
 .debug_line    0x0000cd41      0x88b /home/owen/workspace-redsuite/StdPeriphLib_v100_STM32F4xx/Debug/libStdPeriphLib_v100_STM32F4xx.a(stm32f4xx_usart.o)
 .debug_line    0x0000d5cc      0x683 /home/owen/workspace-redsuite/StdPeriphLib_v100_STM32F4xx/Debug/libStdPeriphLib_v100_STM32F4xx.a(stm32f4xx_wwdg.o)
 .debug_line    0x0000dc4f      0x4c8 /home/owen/workspace-redsuite/CMSISv2p10_DSPLIB_CM4/lib/libCMSISv2p10_DSPLIB_CM4.a(arm_float_to_q15.o)
 .debug_line    0x0000e117      0x487 /home/owen/workspace-redsuite/CMSISv2p10_DSPLIB_CM4/lib/libCMSISv2p10_DSPLIB_CM4.a(arm_sin_f32.o)

.debug_macinfo  0x00000000   0x7060d4
 .debug_macinfo
                0x00000000    0x5b0df ./src/CS4344.o
 .debug_macinfo
                0x0005b0df     0x440c ./src/audio.o
 .debug_macinfo
                0x0005f4eb     0x441b ./src/comb.o
 .debug_macinfo
                0x00063906    0x5aeb9 ./src/cr_startup_stm32f4xx.o
 .debug_macinfo
                0x000be7bf     0x441b ./src/line.o
 .debug_macinfo
                0x000c2bda    0x5be6e ./src/main.o
 .debug_macinfo
                0x0011ea48    0x5bad7 ./src/midi.o
 .debug_macinfo
                0x0017a51f    0x5b974 ./src/mode_drum.o
 .debug_macinfo
                0x001d5e93    0x5b97a ./src/mode_drum_synth.o
 .debug_macinfo
                0x0023180d     0x4715 ./src/mode_filter_envelope.o
 .debug_macinfo
                0x00235f22     0x4710 ./src/mode_filter_man.o
 .debug_macinfo
                0x0023a632     0x4711 ./src/mode_mono_glider.o
 .debug_macinfo
                0x0023ed43     0x470e ./src/mode_nazareth.o
 .debug_macinfo
                0x00243451     0x471f ./src/mode_simple_fm.o
 .debug_macinfo
                0x00247b70     0x4710 ./src/mode_simple_sin.o
 .debug_macinfo
                0x0024c280     0x4431 ./src/oscillator.o
 .debug_macinfo
                0x002506b1    0x5b8c9 ./src/pp6.o
 .debug_macinfo
                0x002abf7a     0x441a ./src/sad.o
 .debug_macinfo
                0x002b0394     0x441c ./src/sadsr.o
 .debug_macinfo
                0x002b47b0     0x1709 ./src/sequencer.o
 .debug_macinfo
                0x002b5eb9    0x5aed1 ./src/system_stm32f4xx.o
 .debug_macinfo
                0x00310d8a    0x5ae7d ./src/timer.o
 .debug_macinfo
                0x0036bc07    0x5ae7c ./src/uart.o
 .debug_macinfo
                0x003c6a83     0x441a ./src/vcf.o
 .debug_macinfo
                0x003cae9d    0x5ae5f /home/owen/workspace-redsuite/StdPeriphLib_v100_STM32F4xx/Debug/libStdPeriphLib_v100_STM32F4xx.a(misc.o)
 .debug_macinfo
                0x00425cfc    0x5b14d /home/owen/workspace-redsuite/StdPeriphLib_v100_STM32F4xx/Debug/libStdPeriphLib_v100_STM32F4xx.a(stm32f4xx_adc.o)
 .debug_macinfo
                0x00480e49    0x5ae33 /home/owen/workspace-redsuite/StdPeriphLib_v100_STM32F4xx/Debug/libStdPeriphLib_v100_STM32F4xx.a(stm32f4xx_gpio.o)
 .debug_macinfo
                0x004dbc7c    0x5b33f /home/owen/workspace-redsuite/StdPeriphLib_v100_STM32F4xx/Debug/libStdPeriphLib_v100_STM32F4xx.a(stm32f4xx_rcc.o)
 .debug_macinfo
                0x00536fbb    0x5ae33 /home/owen/workspace-redsuite/StdPeriphLib_v100_STM32F4xx/Debug/libStdPeriphLib_v100_STM32F4xx.a(stm32f4xx_rng.o)
 .debug_macinfo
                0x00591dee    0x5af20 /home/owen/workspace-redsuite/StdPeriphLib_v100_STM32F4xx/Debug/libStdPeriphLib_v100_STM32F4xx.a(stm32f4xx_spi.o)
 .debug_macinfo
                0x005ecd0e    0x5af0c /home/owen/workspace-redsuite/StdPeriphLib_v100_STM32F4xx/Debug/libStdPeriphLib_v100_STM32F4xx.a(stm32f4xx_tim.o)
 .debug_macinfo
                0x00647c1a    0x5af5f /home/owen/workspace-redsuite/StdPeriphLib_v100_STM32F4xx/Debug/libStdPeriphLib_v100_STM32F4xx.a(stm32f4xx_usart.o)
 .debug_macinfo
                0x006a2b79    0x5af41 /home/owen/workspace-redsuite/StdPeriphLib_v100_STM32F4xx/Debug/libStdPeriphLib_v100_STM32F4xx.a(stm32f4xx_wwdg.o)
 .debug_macinfo
                0x006fdaba     0x430d /home/owen/workspace-redsuite/CMSISv2p10_DSPLIB_CM4/lib/libCMSISv2p10_DSPLIB_CM4.a(arm_float_to_q15.o)
 .debug_macinfo
                0x00701dc7     0x430d /home/owen/workspace-redsuite/CMSISv2p10_DSPLIB_CM4/lib/libCMSISv2p10_DSPLIB_CM4.a(arm_sin_f32.o)

.debug_loc      0x00000000     0x58c6
 .debug_loc     0x00000000       0x70 ./src/CS4344.o
 .debug_loc     0x00000070       0x70 ./src/audio.o
 .debug_loc     0x000000e0       0x70 ./src/comb.o
 .debug_loc     0x00000150      0x28c ./src/cr_startup_stm32f4xx.o
 .debug_loc     0x000003dc       0xe0 ./src/line.o
 .debug_loc     0x000004bc       0x72 ./src/main.o
 .debug_loc     0x0000052e      0x72c ./src/midi.o
 .debug_loc     0x00000c5a       0xb4 ./src/mode_drum.o
 .debug_loc     0x00000d0e       0x9c ./src/mode_drum_synth.o
 .debug_loc     0x00000daa       0x9c ./src/mode_filter_envelope.o
 .debug_loc     0x00000e46       0x9c ./src/mode_filter_man.o
 .debug_loc     0x00000ee2       0x9c ./src/mode_mono_glider.o
 .debug_loc     0x00000f7e       0x90 ./src/mode_nazareth.o
 .debug_loc     0x0000100e       0xa8 ./src/mode_simple_fm.o
 .debug_loc     0x000010b6       0x90 ./src/mode_simple_sin.o
 .debug_loc     0x00001146      0x3f2 ./src/oscillator.o
 .debug_loc     0x00001538      0x474 ./src/pp6.o
 .debug_loc     0x000019ac       0xe0 ./src/sad.o
 .debug_loc     0x00001a8c      0x118 ./src/sadsr.o
 .debug_loc     0x00001ba4       0x9c ./src/system_stm32f4xx.o
 .debug_loc     0x00001c40       0x90 ./src/timer.o
 .debug_loc     0x00001cd0       0x38 ./src/uart.o
 .debug_loc     0x00001d08       0xa8 ./src/vcf.o
 .debug_loc     0x00001db0      0x118 /home/owen/workspace-redsuite/StdPeriphLib_v100_STM32F4xx/Debug/libStdPeriphLib_v100_STM32F4xx.a(misc.o)
 .debug_loc     0x00001ec8      0x838 /home/owen/workspace-redsuite/StdPeriphLib_v100_STM32F4xx/Debug/libStdPeriphLib_v100_STM32F4xx.a(stm32f4xx_adc.o)
 .debug_loc     0x00002700      0x310 /home/owen/workspace-redsuite/StdPeriphLib_v100_STM32F4xx/Debug/libStdPeriphLib_v100_STM32F4xx.a(stm32f4xx_gpio.o)
 .debug_loc     0x00002a10      0x97c /home/owen/workspace-redsuite/StdPeriphLib_v100_STM32F4xx/Debug/libStdPeriphLib_v100_STM32F4xx.a(stm32f4xx_rcc.o)
 .debug_loc     0x0000338c      0x1a8 /home/owen/workspace-redsuite/StdPeriphLib_v100_STM32F4xx/Debug/libStdPeriphLib_v100_STM32F4xx.a(stm32f4xx_rng.o)
 .debug_loc     0x00003534      0x578 /home/owen/workspace-redsuite/StdPeriphLib_v100_STM32F4xx/Debug/libStdPeriphLib_v100_STM32F4xx.a(stm32f4xx_spi.o)
 .debug_loc     0x00003aac     0x1420 /home/owen/workspace-redsuite/StdPeriphLib_v100_STM32F4xx/Debug/libStdPeriphLib_v100_STM32F4xx.a(stm32f4xx_tim.o)
 .debug_loc     0x00004ecc      0x658 /home/owen/workspace-redsuite/StdPeriphLib_v100_STM32F4xx/Debug/libStdPeriphLib_v100_STM32F4xx.a(stm32f4xx_usart.o)
 .debug_loc     0x00005524      0x19c /home/owen/workspace-redsuite/StdPeriphLib_v100_STM32F4xx/Debug/libStdPeriphLib_v100_STM32F4xx.a(stm32f4xx_wwdg.o)
 .debug_loc     0x000056c0      0x178 /home/owen/workspace-redsuite/CMSISv2p10_DSPLIB_CM4/lib/libCMSISv2p10_DSPLIB_CM4.a(arm_float_to_q15.o)
 .debug_loc     0x00005838       0x8e /home/owen/workspace-redsuite/CMSISv2p10_DSPLIB_CM4/lib/libCMSISv2p10_DSPLIB_CM4.a(arm_sin_f32.o)

.debug_pubnames
                0x00000000     0x2803
 .debug_pubnames
                0x00000000       0x80 ./src/CS4344.o
 .debug_pubnames
                0x00000080       0x4b ./src/audio.o
 .debug_pubnames
                0x000000cb       0x89 ./src/comb.o
 .debug_pubnames
                0x00000154      0x115 ./src/cr_startup_stm32f4xx.o
 .debug_pubnames
                0x00000269       0x53 ./src/line.o
 .debug_pubnames
                0x000002bc      0x107 ./src/main.o
 .debug_pubnames
                0x000003c3      0x33f ./src/midi.o
 .debug_pubnames
                0x00000702       0x60 ./src/mode_drum.o
 .debug_pubnames
                0x00000762       0x72 ./src/mode_drum_synth.o
 .debug_pubnames
                0x000007d4       0x81 ./src/mode_filter_envelope.o
 .debug_pubnames
                0x00000855       0x72 ./src/mode_filter_man.o
 .debug_pubnames
                0x000008c7       0xa7 ./src/mode_mono_glider.o
 .debug_pubnames
                0x0000096e       0x6c ./src/mode_nazareth.o
 .debug_pubnames
                0x000009da       0x6f ./src/mode_simple_fm.o
 .debug_pubnames
                0x00000a49       0x7c ./src/mode_simple_sin.o
 .debug_pubnames
                0x00000ac5      0x14c ./src/oscillator.o
 .debug_pubnames
                0x00000c11      0x206 ./src/pp6.o
 .debug_pubnames
                0x00000e17       0x46 ./src/sad.o
 .debug_pubnames
                0x00000e5d       0x60 ./src/sadsr.o
 .debug_pubnames
                0x00000ebd       0x61 ./src/system_stm32f4xx.o
 .debug_pubnames
                0x00000f1e       0x44 ./src/timer.o
 .debug_pubnames
                0x00000f62       0x20 ./src/uart.o
 .debug_pubnames
                0x00000f82       0x50 ./src/vcf.o
 .debug_pubnames
                0x00000fd2       0x89 /home/owen/workspace-redsuite/StdPeriphLib_v100_STM32F4xx/Debug/libStdPeriphLib_v100_STM32F4xx.a(misc.o)
 .debug_pubnames
                0x0000105b      0x446 /home/owen/workspace-redsuite/StdPeriphLib_v100_STM32F4xx/Debug/libStdPeriphLib_v100_STM32F4xx.a(stm32f4xx_adc.o)
 .debug_pubnames
                0x000014a1      0x12d /home/owen/workspace-redsuite/StdPeriphLib_v100_STM32F4xx/Debug/libStdPeriphLib_v100_STM32F4xx.a(stm32f4xx_gpio.o)
 .debug_pubnames
                0x000015ce      0x417 /home/owen/workspace-redsuite/StdPeriphLib_v100_STM32F4xx/Debug/libStdPeriphLib_v100_STM32F4xx.a(stm32f4xx_rcc.o)
 .debug_pubnames
                0x000019e5       0xac /home/owen/workspace-redsuite/StdPeriphLib_v100_STM32F4xx/Debug/libStdPeriphLib_v100_STM32F4xx.a(stm32f4xx_rng.o)
 .debug_pubnames
                0x00001a91      0x221 /home/owen/workspace-redsuite/StdPeriphLib_v100_STM32F4xx/Debug/libStdPeriphLib_v100_STM32F4xx.a(stm32f4xx_spi.o)
 .debug_pubnames
                0x00001cb2      0x7c4 /home/owen/workspace-redsuite/StdPeriphLib_v100_STM32F4xx/Debug/libStdPeriphLib_v100_STM32F4xx.a(stm32f4xx_tim.o)
 .debug_pubnames
                0x00002476      0x294 /home/owen/workspace-redsuite/StdPeriphLib_v100_STM32F4xx/Debug/libStdPeriphLib_v100_STM32F4xx.a(stm32f4xx_usart.o)
 .debug_pubnames
                0x0000270a       0xb0 /home/owen/workspace-redsuite/StdPeriphLib_v100_STM32F4xx/Debug/libStdPeriphLib_v100_STM32F4xx.a(stm32f4xx_wwdg.o)
 .debug_pubnames
                0x000027ba       0x27 /home/owen/workspace-redsuite/CMSISv2p10_DSPLIB_CM4/lib/libCMSISv2p10_DSPLIB_CM4.a(arm_float_to_q15.o)
 .debug_pubnames
                0x000027e1       0x22 /home/owen/workspace-redsuite/CMSISv2p10_DSPLIB_CM4/lib/libCMSISv2p10_DSPLIB_CM4.a(arm_sin_f32.o)

.debug_pubtypes
                0x00000000     0x10d5
 .debug_pubtypes
                0x00000000      0x116 ./src/CS4344.o
 .debug_pubtypes
                0x00000116       0x2d ./src/audio.o
 .debug_pubtypes
                0x00000143       0x2d ./src/comb.o
 .debug_pubtypes
                0x00000170       0x44 ./src/cr_startup_stm32f4xx.o
 .debug_pubtypes
                0x000001b4       0x36 ./src/line.o
 .debug_pubtypes
                0x000001ea       0x8a ./src/main.o
 .debug_pubtypes
                0x00000274       0x38 ./src/midi.o
 .debug_pubtypes
                0x000002ac       0x85 ./src/mode_drum.o
 .debug_pubtypes
                0x00000331       0x69 ./src/mode_drum_synth.o
 .debug_pubtypes
                0x0000039a       0x69 ./src/mode_filter_envelope.o
 .debug_pubtypes
                0x00000403       0x69 ./src/mode_filter_man.o
 .debug_pubtypes
                0x0000046c       0x5a ./src/mode_mono_glider.o
 .debug_pubtypes
                0x000004c6       0x62 ./src/mode_nazareth.o
 .debug_pubtypes
                0x00000528       0x4c ./src/mode_simple_fm.o
 .debug_pubtypes
                0x00000574       0x84 ./src/mode_simple_sin.o
 .debug_pubtypes
                0x000005f8       0x9e ./src/oscillator.o
 .debug_pubtypes
                0x00000696      0x131 ./src/pp6.o
 .debug_pubtypes
                0x000007c7       0x34 ./src/sad.o
 .debug_pubtypes
                0x000007fb       0x36 ./src/sadsr.o
 .debug_pubtypes
                0x00000831       0x83 ./src/system_stm32f4xx.o
 .debug_pubtypes
                0x000008b4       0x70 ./src/timer.o
 .debug_pubtypes
                0x00000924       0xe8 ./src/uart.o
 .debug_pubtypes
                0x00000a0c       0x2f ./src/vcf.o
 .debug_pubtypes
                0x00000a3b       0x8c /home/owen/workspace-redsuite/StdPeriphLib_v100_STM32F4xx/Debug/libStdPeriphLib_v100_STM32F4xx.a(misc.o)
 .debug_pubtypes
                0x00000ac7       0xc9 /home/owen/workspace-redsuite/StdPeriphLib_v100_STM32F4xx/Debug/libStdPeriphLib_v100_STM32F4xx.a(stm32f4xx_adc.o)
 .debug_pubtypes
                0x00000b90       0xce /home/owen/workspace-redsuite/StdPeriphLib_v100_STM32F4xx/Debug/libStdPeriphLib_v100_STM32F4xx.a(stm32f4xx_gpio.o)
 .debug_pubtypes
                0x00000c5e       0xaa /home/owen/workspace-redsuite/StdPeriphLib_v100_STM32F4xx/Debug/libStdPeriphLib_v100_STM32F4xx.a(stm32f4xx_rcc.o)
 .debug_pubtypes
                0x00000d08       0x77 /home/owen/workspace-redsuite/StdPeriphLib_v100_STM32F4xx/Debug/libStdPeriphLib_v100_STM32F4xx.a(stm32f4xx_rng.o)
 .debug_pubtypes
                0x00000d7f       0xbc /home/owen/workspace-redsuite/StdPeriphLib_v100_STM32F4xx/Debug/libStdPeriphLib_v100_STM32F4xx.a(stm32f4xx_spi.o)
 .debug_pubtypes
                0x00000e3b       0xe4 /home/owen/workspace-redsuite/StdPeriphLib_v100_STM32F4xx/Debug/libStdPeriphLib_v100_STM32F4xx.a(stm32f4xx_tim.o)
 .debug_pubtypes
                0x00000f1f       0xcd /home/owen/workspace-redsuite/StdPeriphLib_v100_STM32F4xx/Debug/libStdPeriphLib_v100_STM32F4xx.a(stm32f4xx_usart.o)
 .debug_pubtypes
                0x00000fec       0x57 /home/owen/workspace-redsuite/StdPeriphLib_v100_STM32F4xx/Debug/libStdPeriphLib_v100_STM32F4xx.a(stm32f4xx_wwdg.o)
 .debug_pubtypes
                0x00001043       0x59 /home/owen/workspace-redsuite/CMSISv2p10_DSPLIB_CM4/lib/libCMSISv2p10_DSPLIB_CM4.a(arm_float_to_q15.o)
 .debug_pubtypes
                0x0000109c       0x39 /home/owen/workspace-redsuite/CMSISv2p10_DSPLIB_CM4/lib/libCMSISv2p10_DSPLIB_CM4.a(arm_sin_f32.o)

.debug_aranges  0x00000000     0x1010
 .debug_aranges
                0x00000000       0x28 ./src/CS4344.o
 .debug_aranges
                0x00000028       0x28 ./src/audio.o
 .debug_aranges
                0x00000050       0x28 ./src/comb.o
 .debug_aranges
                0x00000078       0x88 ./src/cr_startup_stm32f4xx.o
 .debug_aranges
                0x00000100       0x38 ./src/line.o
 .debug_aranges
                0x00000138       0x28 ./src/main.o
 .debug_aranges
                0x00000160      0x138 ./src/midi.o
 .debug_aranges
                0x00000298       0x30 ./src/mode_drum.o
 .debug_aranges
                0x000002c8       0x30 ./src/mode_drum_synth.o
 .debug_aranges
                0x000002f8       0x30 ./src/mode_filter_envelope.o
 .debug_aranges
                0x00000328       0x30 ./src/mode_filter_man.o
 .debug_aranges
                0x00000358       0x30 ./src/mode_mono_glider.o
 .debug_aranges
                0x00000388       0x30 ./src/mode_nazareth.o
 .debug_aranges
                0x000003b8       0x30 ./src/mode_simple_fm.o
 .debug_aranges
                0x000003e8       0x30 ./src/mode_simple_sin.o
 .debug_aranges
                0x00000418       0xa8 ./src/oscillator.o
 .debug_aranges
                0x000004c0       0xd8 ./src/pp6.o
 .debug_aranges
                0x00000598       0x38 ./src/sad.o
 .debug_aranges
                0x000005d0       0x40 ./src/sadsr.o
 .debug_aranges
                0x00000610       0x30 ./src/system_stm32f4xx.o
 .debug_aranges
                0x00000640       0x30 ./src/timer.o
 .debug_aranges
                0x00000670       0x20 ./src/uart.o
 .debug_aranges
                0x00000690       0x30 ./src/vcf.o
 .debug_aranges
                0x000006c0       0x40 /home/owen/workspace-redsuite/StdPeriphLib_v100_STM32F4xx/Debug/libStdPeriphLib_v100_STM32F4xx.a(misc.o)
 .debug_aranges
                0x00000700      0x148 /home/owen/workspace-redsuite/StdPeriphLib_v100_STM32F4xx/Debug/libStdPeriphLib_v100_STM32F4xx.a(stm32f4xx_adc.o)
 .debug_aranges
                0x00000848       0x88 /home/owen/workspace-redsuite/StdPeriphLib_v100_STM32F4xx/Debug/libStdPeriphLib_v100_STM32F4xx.a(stm32f4xx_gpio.o)
 .debug_aranges
                0x000008d0      0x178 /home/owen/workspace-redsuite/StdPeriphLib_v100_STM32F4xx/Debug/libStdPeriphLib_v100_STM32F4xx.a(stm32f4xx_rcc.o)
 .debug_aranges
                0x00000a48       0x58 /home/owen/workspace-redsuite/StdPeriphLib_v100_STM32F4xx/Debug/libStdPeriphLib_v100_STM32F4xx.a(stm32f4xx_rng.o)
 .debug_aranges
                0x00000aa0       0xe0 /home/owen/workspace-redsuite/StdPeriphLib_v100_STM32F4xx/Debug/libStdPeriphLib_v100_STM32F4xx.a(stm32f4xx_spi.o)
 .debug_aranges
                0x00000b80      0x2f8 /home/owen/workspace-redsuite/StdPeriphLib_v100_STM32F4xx/Debug/libStdPeriphLib_v100_STM32F4xx.a(stm32f4xx_tim.o)
 .debug_aranges
                0x00000e78      0x100 /home/owen/workspace-redsuite/StdPeriphLib_v100_STM32F4xx/Debug/libStdPeriphLib_v100_STM32F4xx.a(stm32f4xx_usart.o)
 .debug_aranges
                0x00000f78       0x58 /home/owen/workspace-redsuite/StdPeriphLib_v100_STM32F4xx/Debug/libStdPeriphLib_v100_STM32F4xx.a(stm32f4xx_wwdg.o)
 .debug_aranges
                0x00000fd0       0x20 /home/owen/workspace-redsuite/CMSISv2p10_DSPLIB_CM4/lib/libCMSISv2p10_DSPLIB_CM4.a(arm_float_to_q15.o)
 .debug_aranges
                0x00000ff0       0x20 /home/owen/workspace-redsuite/CMSISv2p10_DSPLIB_CM4/lib/libCMSISv2p10_DSPLIB_CM4.a(arm_sin_f32.o)

.debug_ranges   0x00000000      0xf48
 .debug_ranges  0x00000000       0x18 ./src/CS4344.o
 .debug_ranges  0x00000018       0x18 ./src/audio.o
 .debug_ranges  0x00000030       0x18 ./src/comb.o
 .debug_ranges  0x00000048       0x78 ./src/cr_startup_stm32f4xx.o
 .debug_ranges  0x000000c0       0x28 ./src/line.o
 .debug_ranges  0x000000e8       0x18 ./src/main.o
 .debug_ranges  0x00000100      0x128 ./src/midi.o
 .debug_ranges  0x00000228       0x20 ./src/mode_drum.o
 .debug_ranges  0x00000248       0x20 ./src/mode_drum_synth.o
 .debug_ranges  0x00000268       0x20 ./src/mode_filter_envelope.o
 .debug_ranges  0x00000288       0x20 ./src/mode_filter_man.o
 .debug_ranges  0x000002a8       0x20 ./src/mode_mono_glider.o
 .debug_ranges  0x000002c8       0x20 ./src/mode_nazareth.o
 .debug_ranges  0x000002e8       0x20 ./src/mode_simple_fm.o
 .debug_ranges  0x00000308       0x20 ./src/mode_simple_sin.o
 .debug_ranges  0x00000328       0x98 ./src/oscillator.o
 .debug_ranges  0x000003c0       0xc8 ./src/pp6.o
 .debug_ranges  0x00000488       0x28 ./src/sad.o
 .debug_ranges  0x000004b0       0x30 ./src/sadsr.o
 .debug_ranges  0x000004e0       0x20 ./src/system_stm32f4xx.o
 .debug_ranges  0x00000500       0x20 ./src/timer.o
 .debug_ranges  0x00000520       0x10 ./src/uart.o
 .debug_ranges  0x00000530       0x20 ./src/vcf.o
 .debug_ranges  0x00000550       0x30 /home/owen/workspace-redsuite/StdPeriphLib_v100_STM32F4xx/Debug/libStdPeriphLib_v100_STM32F4xx.a(misc.o)
 .debug_ranges  0x00000580      0x138 /home/owen/workspace-redsuite/StdPeriphLib_v100_STM32F4xx/Debug/libStdPeriphLib_v100_STM32F4xx.a(stm32f4xx_adc.o)
 .debug_ranges  0x000006b8       0x78 /home/owen/workspace-redsuite/StdPeriphLib_v100_STM32F4xx/Debug/libStdPeriphLib_v100_STM32F4xx.a(stm32f4xx_gpio.o)
 .debug_ranges  0x00000730      0x168 /home/owen/workspace-redsuite/StdPeriphLib_v100_STM32F4xx/Debug/libStdPeriphLib_v100_STM32F4xx.a(stm32f4xx_rcc.o)
 .debug_ranges  0x00000898       0x48 /home/owen/workspace-redsuite/StdPeriphLib_v100_STM32F4xx/Debug/libStdPeriphLib_v100_STM32F4xx.a(stm32f4xx_rng.o)
 .debug_ranges  0x000008e0       0xd0 /home/owen/workspace-redsuite/StdPeriphLib_v100_STM32F4xx/Debug/libStdPeriphLib_v100_STM32F4xx.a(stm32f4xx_spi.o)
 .debug_ranges  0x000009b0      0x2e8 /home/owen/workspace-redsuite/StdPeriphLib_v100_STM32F4xx/Debug/libStdPeriphLib_v100_STM32F4xx.a(stm32f4xx_tim.o)
 .debug_ranges  0x00000c98       0xf0 /home/owen/workspace-redsuite/StdPeriphLib_v100_STM32F4xx/Debug/libStdPeriphLib_v100_STM32F4xx.a(stm32f4xx_usart.o)
 .debug_ranges  0x00000d88       0x48 /home/owen/workspace-redsuite/StdPeriphLib_v100_STM32F4xx/Debug/libStdPeriphLib_v100_STM32F4xx.a(stm32f4xx_wwdg.o)
 .debug_ranges  0x00000dd0      0x168 /home/owen/workspace-redsuite/CMSISv2p10_DSPLIB_CM4/lib/libCMSISv2p10_DSPLIB_CM4.a(arm_float_to_q15.o)
 .debug_ranges  0x00000f38       0x10 /home/owen/workspace-redsuite/CMSISv2p10_DSPLIB_CM4/lib/libCMSISv2p10_DSPLIB_CM4.a(arm_sin_f32.o)

.debug_str      0x00000000     0x3e71
 .debug_str     0x00000000      0x93d ./src/CS4344.o
                                0x97a (size before relaxing)
 .debug_str     0x0000093d       0x54 ./src/audio.o
                                0x110 (size before relaxing)
 .debug_str     0x00000991       0x7c ./src/comb.o
                                0x148 (size before relaxing)
 .debug_str     0x00000a0d      0x1b4 ./src/cr_startup_stm32f4xx.o
                                0x2ac (size before relaxing)
 .debug_str     0x00000bc1       0x6c ./src/line.o
                                0x13f (size before relaxing)
 .debug_str     0x00000c2d      0x1e3 ./src/main.o
                                0x3b8 (size before relaxing)
 .debug_str     0x00000e10      0x265 ./src/midi.o
                                0x3ed (size before relaxing)
 .debug_str     0x00001075      0x12f ./src/mode_drum.o
                                0x2a9 (size before relaxing)
 .debug_str     0x000011a4       0x6d ./src/mode_drum_synth.o
                                0x1fd (size before relaxing)
 .debug_str     0x00001211       0x86 ./src/mode_filter_envelope.o
                                0x21b (size before relaxing)
 .debug_str     0x00001297       0x6d ./src/mode_filter_man.o
                                0x1f5 (size before relaxing)
 .debug_str     0x00001304       0x71 ./src/mode_mono_glider.o
                                0x1c8 (size before relaxing)
 .debug_str     0x00001375       0x83 ./src/mode_nazareth.o
                                0x1fd (size before relaxing)
 .debug_str     0x000013f8       0x73 ./src/mode_simple_fm.o
                                0x1e8 (size before relaxing)
 .debug_str     0x0000146b       0x8d ./src/mode_simple_sin.o
                                0x255 (size before relaxing)
 .debug_str     0x000014f8      0x211 ./src/oscillator.o
                                0x379 (size before relaxing)
 .debug_str     0x00001709      0x30d ./src/pp6.o
                                0x61a (size before relaxing)
 .debug_str     0x00001a16       0x48 ./src/sad.o
                                0x13f (size before relaxing)
 .debug_str     0x00001a5e       0x53 ./src/sadsr.o
                                0x16c (size before relaxing)
 .debug_str     0x00001ab1       0x13 ./src/sequencer.o
                                 0x4d (size before relaxing)
 .debug_str     0x00001ac4      0x164 ./src/system_stm32f4xx.o
                                0x2fe (size before relaxing)
 .debug_str     0x00001c28      0x13a ./src/timer.o
                                0x285 (size before relaxing)
 .debug_str     0x00001d62       0xb2 ./src/uart.o
                                0x381 (size before relaxing)
 .debug_str     0x00001e14       0x49 ./src/vcf.o
                                0x138 (size before relaxing)
 .debug_str     0x00001e5d      0x171 /home/owen/workspace-redsuite/StdPeriphLib_v100_STM32F4xx/Debug/libStdPeriphLib_v100_STM32F4xx.a(misc.o)
                                0x339 (size before relaxing)
 .debug_str     0x00001fce      0x4d6 /home/owen/workspace-redsuite/StdPeriphLib_v100_STM32F4xx/Debug/libStdPeriphLib_v100_STM32F4xx.a(stm32f4xx_adc.o)
                                0x764 (size before relaxing)
 .debug_str     0x000024a4      0x171 /home/owen/workspace-redsuite/StdPeriphLib_v100_STM32F4xx/Debug/libStdPeriphLib_v100_STM32F4xx.a(stm32f4xx_gpio.o)
                                0x403 (size before relaxing)
 .debug_str     0x00002615      0x537 /home/owen/workspace-redsuite/StdPeriphLib_v100_STM32F4xx/Debug/libStdPeriphLib_v100_STM32F4xx.a(stm32f4xx_rcc.o)
                                0x7b0 (size before relaxing)
 .debug_str     0x00002b4c       0xad /home/owen/workspace-redsuite/StdPeriphLib_v100_STM32F4xx/Debug/libStdPeriphLib_v100_STM32F4xx.a(stm32f4xx_rng.o)
                                0x1e4 (size before relaxing)
 .debug_str     0x00002bf9      0x2e6 /home/owen/workspace-redsuite/StdPeriphLib_v100_STM32F4xx/Debug/libStdPeriphLib_v100_STM32F4xx.a(stm32f4xx_spi.o)
                                0x5ea (size before relaxing)
 .debug_str     0x00002edf      0xa54 /home/owen/workspace-redsuite/StdPeriphLib_v100_STM32F4xx/Debug/libStdPeriphLib_v100_STM32F4xx.a(stm32f4xx_tim.o)
                                0xd30 (size before relaxing)
 .debug_str     0x00003933      0x378 /home/owen/workspace-redsuite/StdPeriphLib_v100_STM32F4xx/Debug/libStdPeriphLib_v100_STM32F4xx.a(stm32f4xx_usart.o)
                                0x5ef (size before relaxing)
 .debug_str     0x00003cab       0xb2 /home/owen/workspace-redsuite/StdPeriphLib_v100_STM32F4xx/Debug/libStdPeriphLib_v100_STM32F4xx.a(stm32f4xx_wwdg.o)
                                0x1e2 (size before relaxing)
 .debug_str     0x00003d5d       0xb0 /home/owen/workspace-redsuite/CMSISv2p10_DSPLIB_CM4/lib/libCMSISv2p10_DSPLIB_CM4.a(arm_float_to_q15.o)
                                0x164 (size before relaxing)
 .debug_str     0x00003e0d       0x64 /home/owen/workspace-redsuite/CMSISv2p10_DSPLIB_CM4/lib/libCMSISv2p10_DSPLIB_CM4.a(arm_sin_f32.o)
                                0x14e (size before relaxing)

.comment        0x00000000       0x2a
 .comment       0x00000000       0x2a ./src/CS4344.o
                                 0x2b (size before relaxing)
 .comment       0x00000000       0x2b ./src/audio.o
 .comment       0x00000000       0x2b ./src/comb.o
 .comment       0x00000000       0x2b ./src/cr_startup_stm32f4xx.o
 .comment       0x00000000       0x2b ./src/line.o
 .comment       0x00000000       0x2b ./src/main.o
 .comment       0x00000000       0x2b ./src/midi.o
 .comment       0x00000000       0x2b ./src/mode_drum.o
 .comment       0x00000000       0x2b ./src/mode_drum_synth.o
 .comment       0x00000000       0x2b ./src/mode_filter_envelope.o
 .comment       0x00000000       0x2b ./src/mode_filter_man.o
 .comment       0x00000000       0x2b ./src/mode_mono_glider.o
 .comment       0x00000000       0x2b ./src/mode_nazareth.o
 .comment       0x00000000       0x2b ./src/mode_simple_fm.o
 .comment       0x00000000       0x2b ./src/mode_simple_sin.o
 .comment       0x00000000       0x2b ./src/oscillator.o
 .comment       0x00000000       0x2b ./src/pp6.o
 .comment       0x00000000       0x2b ./src/sad.o
 .comment       0x00000000       0x2b ./src/sadsr.o
 .comment       0x00000000       0x2b ./src/sequencer.o
 .comment       0x00000000       0x2b ./src/system_stm32f4xx.o
 .comment       0x00000000       0x2b ./src/timer.o
 .comment       0x00000000       0x2b ./src/uart.o
 .comment       0x00000000       0x2b ./src/vcf.o
 .comment       0x00000000       0x2b /home/owen/workspace-redsuite/StdPeriphLib_v100_STM32F4xx/Debug/libStdPeriphLib_v100_STM32F4xx.a(misc.o)
 .comment       0x00000000       0x2b /home/owen/workspace-redsuite/StdPeriphLib_v100_STM32F4xx/Debug/libStdPeriphLib_v100_STM32F4xx.a(stm32f4xx_adc.o)
 .comment       0x00000000       0x2b /home/owen/workspace-redsuite/StdPeriphLib_v100_STM32F4xx/Debug/libStdPeriphLib_v100_STM32F4xx.a(stm32f4xx_gpio.o)
 .comment       0x00000000       0x2b /home/owen/workspace-redsuite/StdPeriphLib_v100_STM32F4xx/Debug/libStdPeriphLib_v100_STM32F4xx.a(stm32f4xx_rcc.o)
 .comment       0x00000000       0x2b /home/owen/workspace-redsuite/StdPeriphLib_v100_STM32F4xx/Debug/libStdPeriphLib_v100_STM32F4xx.a(stm32f4xx_rng.o)
 .comment       0x00000000       0x2b /home/owen/workspace-redsuite/StdPeriphLib_v100_STM32F4xx/Debug/libStdPeriphLib_v100_STM32F4xx.a(stm32f4xx_spi.o)
 .comment       0x00000000       0x2b /home/owen/workspace-redsuite/StdPeriphLib_v100_STM32F4xx/Debug/libStdPeriphLib_v100_STM32F4xx.a(stm32f4xx_tim.o)
 .comment       0x00000000       0x2b /home/owen/workspace-redsuite/StdPeriphLib_v100_STM32F4xx/Debug/libStdPeriphLib_v100_STM32F4xx.a(stm32f4xx_usart.o)
 .comment       0x00000000       0x2b /home/owen/workspace-redsuite/StdPeriphLib_v100_STM32F4xx/Debug/libStdPeriphLib_v100_STM32F4xx.a(stm32f4xx_wwdg.o)
 .comment       0x00000000       0x2b /home/owen/workspace-redsuite/CMSISv2p10_DSPLIB_CM4/lib/libCMSISv2p10_DSPLIB_CM4.a(arm_float_to_q15.o)
 .comment       0x00000000       0x2b /home/owen/workspace-redsuite/CMSISv2p10_DSPLIB_CM4/lib/libCMSISv2p10_DSPLIB_CM4.a(arm_sin_f32.o)
 .comment       0x00000000       0x2b /usr/local/redsuite_4.2.3_255/redsuite/tools/bin/../lib/gcc/arm-none-eabi/4.5.1/../../../../arm-none-eabi/lib/thumb2/libcr_c.a(__weak__main.o)

.ARM.attributes
                0x00000000       0x37
 .ARM.attributes
                0x00000000       0x37 ./src/CS4344.o
 .ARM.attributes
                0x00000037       0x37 ./src/audio.o
 .ARM.attributes
                0x0000006e       0x37 ./src/comb.o
 .ARM.attributes
                0x000000a5       0x37 ./src/cr_startup_stm32f4xx.o
 .ARM.attributes
                0x000000dc       0x37 ./src/line.o
 .ARM.attributes
                0x00000113       0x37 ./src/main.o
 .ARM.attributes
                0x0000014a       0x37 ./src/midi.o
 .ARM.attributes
                0x00000181       0x37 ./src/mode_drum.o
 .ARM.attributes
                0x000001b8       0x37 ./src/mode_drum_synth.o
 .ARM.attributes
                0x000001ef       0x37 ./src/mode_filter_envelope.o
 .ARM.attributes
                0x00000226       0x37 ./src/mode_filter_man.o
 .ARM.attributes
                0x0000025d       0x37 ./src/mode_mono_glider.o
 .ARM.attributes
                0x00000294       0x37 ./src/mode_nazareth.o
 .ARM.attributes
                0x000002cb       0x37 ./src/mode_simple_fm.o
 .ARM.attributes
                0x00000302       0x37 ./src/mode_simple_sin.o
 .ARM.attributes
                0x00000339       0x37 ./src/oscillator.o
 .ARM.attributes
                0x00000370       0x37 ./src/pp6.o
 .ARM.attributes
                0x000003a7       0x37 ./src/sad.o
 .ARM.attributes
                0x000003de       0x37 ./src/sadsr.o
 .ARM.attributes
                0x00000415       0x37 ./src/sequencer.o
 .ARM.attributes
                0x0000044c       0x37 ./src/system_stm32f4xx.o
 .ARM.attributes
                0x00000483       0x37 ./src/timer.o
 .ARM.attributes
                0x000004ba       0x37 ./src/uart.o
 .ARM.attributes
                0x000004f1       0x37 ./src/vcf.o
 .ARM.attributes
                0x00000528       0x37 /home/owen/workspace-redsuite/StdPeriphLib_v100_STM32F4xx/Debug/libStdPeriphLib_v100_STM32F4xx.a(misc.o)
 .ARM.attributes
                0x0000055f       0x37 /home/owen/workspace-redsuite/StdPeriphLib_v100_STM32F4xx/Debug/libStdPeriphLib_v100_STM32F4xx.a(stm32f4xx_adc.o)
 .ARM.attributes
                0x00000596       0x37 /home/owen/workspace-redsuite/StdPeriphLib_v100_STM32F4xx/Debug/libStdPeriphLib_v100_STM32F4xx.a(stm32f4xx_gpio.o)
 .ARM.attributes
                0x000005cd       0x37 /home/owen/workspace-redsuite/StdPeriphLib_v100_STM32F4xx/Debug/libStdPeriphLib_v100_STM32F4xx.a(stm32f4xx_rcc.o)
 .ARM.attributes
                0x00000604       0x37 /home/owen/workspace-redsuite/StdPeriphLib_v100_STM32F4xx/Debug/libStdPeriphLib_v100_STM32F4xx.a(stm32f4xx_rng.o)
 .ARM.attributes
                0x0000063b       0x37 /home/owen/workspace-redsuite/StdPeriphLib_v100_STM32F4xx/Debug/libStdPeriphLib_v100_STM32F4xx.a(stm32f4xx_spi.o)
 .ARM.attributes
                0x00000672       0x37 /home/owen/workspace-redsuite/StdPeriphLib_v100_STM32F4xx/Debug/libStdPeriphLib_v100_STM32F4xx.a(stm32f4xx_tim.o)
 .ARM.attributes
                0x000006a9       0x37 /home/owen/workspace-redsuite/StdPeriphLib_v100_STM32F4xx/Debug/libStdPeriphLib_v100_STM32F4xx.a(stm32f4xx_usart.o)
 .ARM.attributes
                0x000006e0       0x37 /home/owen/workspace-redsuite/StdPeriphLib_v100_STM32F4xx/Debug/libStdPeriphLib_v100_STM32F4xx.a(stm32f4xx_wwdg.o)
 .ARM.attributes
                0x00000717       0x37 /home/owen/workspace-redsuite/CMSISv2p10_DSPLIB_CM4/lib/libCMSISv2p10_DSPLIB_CM4.a(arm_float_to_q15.o)
 .ARM.attributes
                0x0000074e       0x37 /home/owen/workspace-redsuite/CMSISv2p10_DSPLIB_CM4/lib/libCMSISv2p10_DSPLIB_CM4.a(arm_sin_f32.o)
 .ARM.attributes
                0x00000785       0x31 /usr/local/redsuite_4.2.3_255/redsuite/tools/bin/../lib/gcc/arm-none-eabi/4.5.1/../../../../arm-none-eabi/lib/thumb2/libcr_c.a(__weak__main.o)

.debug_frame    0x00000000     0x2f80
 .debug_frame   0x00000000       0x50 ./src/CS4344.o
 .debug_frame   0x00000050       0x48 ./src/audio.o
 .debug_frame   0x00000098       0x48 ./src/comb.o
 .debug_frame   0x000000e0      0x174 ./src/cr_startup_stm32f4xx.o
 .debug_frame   0x00000254       0x80 ./src/line.o
 .debug_frame   0x000002d4       0x4c ./src/main.o
 .debug_frame   0x00000320      0x410 ./src/midi.o
 .debug_frame   0x00000730       0x78 ./src/mode_drum.o
 .debug_frame   0x000007a8       0x6c ./src/mode_drum_synth.o
 .debug_frame   0x00000814       0x6c ./src/mode_filter_envelope.o
 .debug_frame   0x00000880       0x6c ./src/mode_filter_man.o
 .debug_frame   0x000008ec       0x6c ./src/mode_mono_glider.o
 .debug_frame   0x00000958       0x6c ./src/mode_nazareth.o
 .debug_frame   0x000009c4       0x74 ./src/mode_simple_fm.o
 .debug_frame   0x00000a38       0x68 ./src/mode_simple_sin.o
 .debug_frame   0x00000aa0      0x214 ./src/oscillator.o
 .debug_frame   0x00000cb4      0x298 ./src/pp6.o
 .debug_frame   0x00000f4c       0x80 ./src/sad.o
 .debug_frame   0x00000fcc       0x9c ./src/sadsr.o
 .debug_frame   0x00001068       0x64 ./src/system_stm32f4xx.o
 .debug_frame   0x000010cc       0x68 ./src/timer.o
 .debug_frame   0x00001134       0x30 ./src/uart.o
 .debug_frame   0x00001164       0x64 ./src/vcf.o
 .debug_frame   0x000011c8       0x9c /home/owen/workspace-redsuite/StdPeriphLib_v100_STM32F4xx/Debug/libStdPeriphLib_v100_STM32F4xx.a(misc.o)
 .debug_frame   0x00001264      0x434 /home/owen/workspace-redsuite/StdPeriphLib_v100_STM32F4xx/Debug/libStdPeriphLib_v100_STM32F4xx.a(stm32f4xx_adc.o)
 .debug_frame   0x00001698      0x19c /home/owen/workspace-redsuite/StdPeriphLib_v100_STM32F4xx/Debug/libStdPeriphLib_v100_STM32F4xx.a(stm32f4xx_gpio.o)
 .debug_frame   0x00001834      0x4d8 /home/owen/workspace-redsuite/StdPeriphLib_v100_STM32F4xx/Debug/libStdPeriphLib_v100_STM32F4xx.a(stm32f4xx_rcc.o)
 .debug_frame   0x00001d0c       0xec /home/owen/workspace-redsuite/StdPeriphLib_v100_STM32F4xx/Debug/libStdPeriphLib_v100_STM32F4xx.a(stm32f4xx_rng.o)
 .debug_frame   0x00001df8      0x2d0 /home/owen/workspace-redsuite/StdPeriphLib_v100_STM32F4xx/Debug/libStdPeriphLib_v100_STM32F4xx.a(stm32f4xx_spi.o)
 .debug_frame   0x000020c8      0xa3c /home/owen/workspace-redsuite/StdPeriphLib_v100_STM32F4xx/Debug/libStdPeriphLib_v100_STM32F4xx.a(stm32f4xx_tim.o)
 .debug_frame   0x00002b04      0x344 /home/owen/workspace-redsuite/StdPeriphLib_v100_STM32F4xx/Debug/libStdPeriphLib_v100_STM32F4xx.a(stm32f4xx_usart.o)
 .debug_frame   0x00002e48       0xe8 /home/owen/workspace-redsuite/StdPeriphLib_v100_STM32F4xx/Debug/libStdPeriphLib_v100_STM32F4xx.a(stm32f4xx_wwdg.o)
 .debug_frame   0x00002f30       0x30 /home/owen/workspace-redsuite/CMSISv2p10_DSPLIB_CM4/lib/libCMSISv2p10_DSPLIB_CM4.a(arm_float_to_q15.o)
 .debug_frame   0x00002f60       0x20 /home/owen/workspace-redsuite/CMSISv2p10_DSPLIB_CM4/lib/libCMSISv2p10_DSPLIB_CM4.a(arm_sin_f32.o)
